C51 COMPILER V9.54   JEMCU_REGX                                                            09/18/2018 01:31:51 PAGE 1   


C51 COMPILER V9.54, COMPILATION OF MODULE JEMCU_REGX
OBJECT MODULE PLACED IN .\OUTPUT\JEMCU_REGX.obj
COMPILER INVOKED BY: C:\Keil_v5\C51\BIN\C51.EXE SRC\JEMCU_REGX.c WARNINGLEVEL(0) OPTIMIZE(8,SPEED) BROWSE INTVECTOR(0X20
                    -00) INCDIR(.\INC) DEBUG OBJECTEXTEND CODE PRINT(.\JEMCU_REGX.lst) TABS(2) OBJECT(.\OUTPUT\JEMCU_REGX.obj)

line level    source

   1          // ePWM top ext Ram =======================================
   2          unsigned char xdata PCLKCR _at_ 0xe000;
   3          unsigned char xdata PSYNCICR _at_ 0xe001;
   4            
   5          // ePWM1 ext Ram ==========================================
   6          unsigned char xdata P1TBCTL_L _at_ 0xe002; 
   7          unsigned char xdata P1TBCTL_H _at_ 0xe003;
   8          unsigned char xdata   P1TBSTS   _at_ 0xe004;
   9          unsigned char xdata   P1TBCTR_L _at_ 0xe005;
  10          unsigned char xdata   P1TBCTR_H   _at_ 0xe006;
  11          unsigned char xdata   P1CMPCTL  _at_ 0xe007;
  12          unsigned char xdata   P1AQCTLA_L  _at_ 0xe008;
  13          unsigned char xdata   P1AQCTLA_H  _at_ 0xe009;
  14          unsigned char xdata   P1AQCTLB_L  _at_ 0xe00a;
  15          unsigned char xdata   P1AQCTLB_H  _at_ 0xe00b;
  16          unsigned char xdata   P1DBCTL   _at_ 0xe00c;
  17          unsigned char xdata   P1DBRED_L _at_ 0xe00d;
  18          unsigned char xdata   P1DBRED_H _at_ 0xe00e;
  19          unsigned char xdata   P1DBFED_L _at_ 0xe00f;
  20          unsigned char xdata   P1DBFED_H _at_ 0xe010;
  21          unsigned char xdata   P1TZSEL   _at_ 0xe011;
  22          unsigned char xdata   P1TZCTL   _at_ 0xe012;
  23          unsigned char xdata   P1TZEINT  _at_ 0xe013;
  24          unsigned char xdata   P1ETSEL_L _at_ 0xe014;
  25          unsigned char xdata   P1ETSEL_H _at_ 0xe015;
  26          unsigned char xdata   P1ETPS_L  _at_ 0xe016;
  27          unsigned char xdata   P1ETPS_H  _at_ 0xe017;
  28          unsigned char xdata   P1TBPHS_L _at_ 0xe0b6; 
  29          unsigned char xdata   P1TBPHS_H _at_ 0xe0b7;
  30            
  31          // ePWM2 ext Ram ==========================================
  32          unsigned char xdata   P2TBCTL_L _at_ 0xe018; 
  33          unsigned char xdata   P2TBCTL_H _at_ 0xe019;
  34          unsigned char xdata   P2TBSTS   _at_ 0xe01a;
  35          unsigned char xdata   P2TBCTR_L _at_ 0xe01b;
  36          unsigned char xdata   P2TBCTR_H   _at_ 0xe01c;
  37          unsigned char xdata   P2CMPCTL  _at_ 0xe01d;
  38          unsigned char xdata   P2AQCTLA_L  _at_ 0xe01e;
  39          unsigned char xdata   P2AQCTLA_H  _at_ 0xe01f;
  40          unsigned char xdata   P2AQCTLB_L  _at_ 0xe020;
  41          unsigned char xdata   P2AQCTLB_H  _at_ 0xe021;
  42          unsigned char xdata   P2DBCTL   _at_ 0xe022;
  43          unsigned char xdata   P2DBRED_L _at_ 0xe023;
  44          unsigned char xdata   P2DBRED_H _at_ 0xe024;
  45          unsigned char xdata   P2DBFED_L _at_ 0xe025;
  46          unsigned char xdata   P2DBFED_H _at_ 0xe026;
  47          unsigned char xdata   P2TZSEL   _at_ 0xe027;
  48          unsigned char xdata   P2TZCTL   _at_ 0xe028;
  49          unsigned char xdata   P2TZEINT  _at_ 0xe029;
  50          unsigned char xdata   P2ETSEL_L _at_ 0xe02a;
  51          unsigned char xdata   P2ETSEL_H _at_ 0xe02b;
  52          unsigned char xdata   P2ETPS_L  _at_ 0xe02c;
  53          unsigned char xdata   P2ETPS_H  _at_ 0xe02d;
  54          unsigned char xdata   P2TBPHS_L _at_ 0xe0b8; 
C51 COMPILER V9.54   JEMCU_REGX                                                            09/18/2018 01:31:51 PAGE 2   

  55          unsigned char xdata   P2TBPHS_H _at_ 0xe0b9;
  56            
  57          // ePWM3 ext Ram ==========================================
  58          unsigned char xdata   P3TBCTL_L _at_ 0xe02e; 
  59          unsigned char xdata   P3TBCTL_H _at_ 0xe02f;
  60          unsigned char xdata   P3TBSTS   _at_ 0xe030;
  61          unsigned char xdata   P3TBCTR_L _at_ 0xe031;
  62          unsigned char xdata   P3TBCTR_H   _at_ 0xe032;
  63          unsigned char xdata   P3CMPCTL  _at_ 0xe033;
  64          unsigned char xdata   P3AQCTLA_L  _at_ 0xe034;
  65          unsigned char xdata   P3AQCTLA_H  _at_ 0xe035;
  66          unsigned char xdata   P3AQCTLB_L  _at_ 0xe036;
  67          unsigned char xdata   P3AQCTLB_H  _at_ 0xe037;
  68          unsigned char xdata   P3DBCTL   _at_ 0xe038;
  69          unsigned char xdata   P3DBRED_L _at_ 0xe039;
  70          unsigned char xdata   P3DBRED_H _at_ 0xe03a;
  71          unsigned char xdata   P3DBFED_L _at_ 0xe03b;
  72          unsigned char xdata   P3DBFED_H _at_ 0xe03c;
  73          unsigned char xdata   P3TZSEL   _at_ 0xe03d;
  74          unsigned char xdata   P3TZCTL   _at_ 0xe03e;
  75          unsigned char xdata   P3TZEINT  _at_ 0xe03f;
  76          unsigned char xdata   P3ETSEL_L _at_ 0xe040;
  77          unsigned char xdata   P3ETSEL_H _at_ 0xe041;
  78          unsigned char xdata   P3ETPS_L  _at_ 0xe042;
  79          unsigned char xdata   P3ETPS_H  _at_ 0xe043;
  80          unsigned char xdata   P3TBPHS_L _at_ 0xe0ba; 
  81          unsigned char xdata   P3TBPHS_H _at_ 0xe0bb;
  82            
  83          // ePWM4 ext Ram ==========================================
  84          unsigned char xdata   P4TBCTL_L _at_ 0xe044; 
  85          unsigned char xdata   P4TBCTL_H _at_ 0xe045;
  86          unsigned char xdata   P4TBSTS   _at_ 0xe046;
  87          unsigned char xdata   P4TBCTR_L _at_ 0xe047;
  88          unsigned char xdata   P4TBCTR_H   _at_ 0xe048;
  89          unsigned char xdata   P4CMPCTL  _at_ 0xe049;
  90          unsigned char xdata   P4AQCTLA_L  _at_ 0xe04a;
  91          unsigned char xdata   P4AQCTLA_H  _at_ 0xe04b;
  92          unsigned char xdata   P4AQCTLB_L  _at_ 0xe04c;
  93          unsigned char xdata   P4AQCTLB_H  _at_ 0xe04d;
  94          unsigned char xdata   P4DBCTL   _at_ 0xe04e;
  95          unsigned char xdata   P4DBRED_L _at_ 0xe04f;
  96          unsigned char xdata   P4DBRED_H _at_ 0xe050;
  97          unsigned char xdata   P4DBFED_L _at_ 0xe051;
  98          unsigned char xdata   P4DBFED_H _at_ 0xe052;
  99          unsigned char xdata   P4TZSEL   _at_ 0xe053;
 100          unsigned char xdata   P4TZCTL   _at_ 0xe054;
 101          unsigned char xdata   P4TZEINT  _at_ 0xe055;
 102          unsigned char xdata   P4ETSEL_L _at_ 0xe056;
 103          unsigned char xdata   P4ETSEL_H _at_ 0xe057;
 104          unsigned char xdata   P4ETPS_L  _at_ 0xe058;
 105          unsigned char xdata   P4ETPS_H  _at_ 0xe059;
 106          unsigned char xdata   P4TBPHS_L _at_ 0xe0bc; 
 107          unsigned char xdata   P4TBPHS_H _at_ 0xe0bd;
 108          
 109          // ADC ext Ram ==========================================
 110          unsigned char xdata   ADCTL     _at_ 0xe05a;
 111          volatile unsigned char xdata   ADFLG     _at_ 0xe05b;
 112          unsigned char xdata   ADCHS     _at_ 0xe05c;
 113          unsigned char xdata   ADSHBP    _at_ 0xe05d;
 114          unsigned char xdata   AD1OST_L  _at_ 0xe05e;
 115          unsigned char xdata   AD1OST_H  _at_ 0xe05f;
 116          unsigned char xdata   AD2OST_L  _at_ 0xe060;
C51 COMPILER V9.54   JEMCU_REGX                                                            09/18/2018 01:31:51 PAGE 3   

 117          unsigned char xdata   AD2OST_H  _at_ 0xe061;
 118          unsigned char xdata   AD3OST_L  _at_ 0xe062;
 119          unsigned char xdata   AD3OST_H  _at_ 0xe063;
 120          unsigned char xdata   AD4OST_L  _at_ 0xe064;
 121          unsigned char xdata   AD4OST_H  _at_ 0xe065;
 122          unsigned char xdata   AD5OST_L  _at_ 0xe066;
 123          unsigned char xdata   AD5OST_H  _at_ 0xe067;
 124          unsigned char xdata   AD6OST_L  _at_ 0xe068;
 125          unsigned char xdata   AD6OST_H  _at_ 0xe069;
 126          unsigned char xdata   AD7OST_L  _at_ 0xe06a;
 127          unsigned char xdata   AD7OST_H  _at_ 0xe06b;
 128          unsigned char xdata   AD1OUT_L  _at_ 0xe06c;
 129          unsigned char xdata   AD1OUT_H  _at_ 0xe06d;
 130          unsigned char xdata   AD2OUT_L  _at_ 0xe06e;
 131          unsigned char xdata   AD2OUT_H  _at_ 0xe06f;
 132          unsigned char xdata   AD3OUT_L  _at_ 0xe070;
 133          unsigned char xdata   AD3OUT_H  _at_ 0xe071;
 134          unsigned char xdata   AD4OUT_L  _at_ 0xe072;
 135          unsigned char xdata   AD4OUT_H  _at_ 0xe073;
 136          unsigned char xdata   AD5OUT_L  _at_ 0xe074;
 137          unsigned char xdata   AD5OUT_H  _at_ 0xe075;
 138          unsigned char xdata   AD6OUT_L  _at_ 0xe076;
 139          unsigned char xdata   AD6OUT_H  _at_ 0xe077;
 140          unsigned char xdata   AD7OUT_L  _at_ 0xe078;
 141          unsigned char xdata   AD7OUT_H  _at_ 0xe079;
 142          unsigned char xdata   ADCISEL   _at_ 0xe0be;
 143          
 144          // DAC ext Ram ==========================================
 145          unsigned char xdata   DAC_CON   _at_ 0xe07a;
 146          unsigned char xdata   DAC0_data _at_ 0xe07b;
 147          unsigned char xdata   DAC1_data _at_ 0xe07c;
 148          
 149          // SPI ext Ram ==========================================
 150          unsigned char xdata   SPCON     _at_ 0xe07d;
 151          unsigned char xdata   SPSTA     _at_ 0xe07e;
 152          unsigned char xdata   SPDAT     _at_ 0xe07f;
 153          
 154          // I2C ext Ram ==========================================
 155          unsigned char xdata   I2CDATA   _at_ 0xe080;
 156          unsigned char xdata   I2CSTATUS _at_ 0xe081;
 157          unsigned char xdata   I2CCLK    _at_ 0xe082;
 158          unsigned char xdata   I2CTIMER  _at_ 0xe083;
 159          unsigned char xdata   I2CON     _at_ 0xe084;
 160          unsigned char xdata   I2CADDR   _at_ 0xe085;
 161          
 162          // TEMP ext Ram ==========================================
 163          unsigned char xdata   TEMPS_CON _at_ 0xe086;
 164          
 165          // LVD ext Ram ==========================================
 166          unsigned char xdata   LVD_CON   _at_ 0xe087;
 167          
 168          // TIMER34 ext Ram reserved========================================
 169          unsigned char xdata   TL3       _at_ 0xe088;
 170          unsigned char xdata   TH3       _at_ 0xe089;
 171          unsigned char xdata   TL4       _at_ 0xe08a;
 172          unsigned char xdata   TH4       _at_ 0xe08b;
 173          unsigned char xdata   Tcon_34   _at_ 0xe08c;
 174          unsigned char xdata   Tmode_34  _at_ 0xe08d;
 175          
 176          // MTP ext Ram ==========================================
 177          unsigned char xdata   MTPCON1   _at_ 0xe08e;
 178          unsigned char xdata   MTPCON2   _at_ 0xe08f;
C51 COMPILER V9.54   JEMCU_REGX                                                            09/18/2018 01:31:51 PAGE 4   

 179          unsigned char xdata   MTPCON3   _at_ 0xe090;
 180          unsigned char xdata   MTPSADD1  _at_ 0xe091;
 181          unsigned char xdata   MTPSADD2  _at_ 0xe092;
 182          unsigned char xdata   MTPDADD1  _at_ 0xe093;
 183          unsigned char xdata   MTPDADD2  _at_ 0xe094;
 184          unsigned char xdata   MTPDADD3  _at_ 0xe095;
 185          unsigned char xdata   MTPDADD4  _at_ 0xe096;
 186          
 187          // CURRENT REF ext Ram ==========================================
 188          unsigned char xdata   CREF_CON  _at_ 0xe097;
 189          unsigned char xdata   VBG_TUNE  _at_ 0xe098;
 190          unsigned char xdata   VREF_TUNE _at_ 0xe099;
 191          unsigned char xdata   IREF_TUNE _at_ 0xe09a;
 192          
 193          // LDO ext Ram ==========================================
 194          unsigned char xdata   LDO_V18   _at_ 0xe09b;
 195          unsigned char xdata   LDO_V25   _at_ 0xe09c;
 196          unsigned char xdata   LDO_CON   _at_ 0xe09d;
 197          
 198          // XTAL ext Ram ==========================================
 199          unsigned char xdata   XTAL_CON  _at_ 0xe09e;
 200          
 201          // RTC ext Ram ==========================================
 202          unsigned char xdata   RTCCTRL   _at_ 0xe09f;
 203          unsigned char xdata   RTCCNTL   _at_ 0xe0a0;
 204          unsigned char xdata   RTCCNTH   _at_ 0xe0a1;
 205          unsigned char xdata   RTCMODL   _at_ 0xe0a2;
 206          unsigned char xdata   RTCMODH   _at_ 0xe0a3;
 207          
 208          // OPAMP ext Ram ==========================================
 209          unsigned char xdata   OPAMP_CON _at_ 0xe0a4;
 210          unsigned char xdata   OPAMP_SEL _at_ 0xe0a5;
 211          
 212          // FLASH_SPI ext Ram ==========================================
 213          unsigned char xdata   CTRLR0    _at_ 0xe0a6;
 214          unsigned char xdata   CTRLR1    _at_ 0xe0a7;
 215          unsigned char xdata   CTRLR2    _at_ 0xe0a8;
 216          unsigned char xdata   MSTATR    _at_ 0xe0a9;
 217          unsigned char xdata   FIFO      _at_ 0xe0aa;
 218          unsigned char xdata   IDR       _at_ 0xe0ab;
 219          unsigned char xdata   ISR       _at_ 0xe0ac;
 220          unsigned char xdata   ICR       _at_ 0xe0ad;
 221          
 222          // RC80M ext Ram ==========================================
 223          unsigned char xdata   RC80M_C1  _at_ 0xe0ae;
 224          unsigned char xdata   RC80M_C2  _at_ 0xe0af;
 225          unsigned char xdata   RC80M_C3  _at_ 0xe0b0;
 226          unsigned char xdata   RC80M_CAP _at_ 0xe0b1;
 227          unsigned char xdata   RC80M_RES _at_ 0xe0b2;
 228          unsigned char xdata   RC80M_C   _at_ 0xe0b3;
 229          unsigned char xdata   RC80M_R   _at_ 0xe0b4;
 230          unsigned char xdata   RC_CON    _at_ 0xe0b5;
 231          
 232          // external interrupt ext Ram ==========================================
 233          unsigned char xdata   EXT_INT   _at_ 0xe0bf;
 234          
 235          unsigned char xdata   WATCH_REG      _at_ 0xe0c0;
 236          unsigned char xdata   PD_CTRL        _at_ 0xe0c1;
 237          unsigned char xdata   COMP_FILTER_1  _at_ 0xe0c2;
 238          unsigned char xdata   COMP_FILTER_2  _at_ 0xe0c3;
 239          unsigned char xdata   COMP_FILTER_3  _at_ 0xe0c4;
 240          unsigned char xdata   COMP_FILTER_4  _at_ 0xe0c5;
C51 COMPILER V9.54   JEMCU_REGX                                                            09/18/2018 01:31:51 PAGE 5   

 241          unsigned char xdata   COMP_INT_SET   _at_ 0xe0c6;
 242          unsigned char xdata   COMP_INT_REG   _at_ 0xe0c7;
 243          unsigned char xdata   T3CON          _at_ 0xe0c8;
 244          unsigned char xdata   T3PS           _at_ 0xe0c9;
 245          unsigned char xdata   T3CTR_L        _at_ 0xe0ca;
 246          unsigned char xdata   T3CTR_H        _at_ 0xe0cb;
 247          unsigned char xdata   T3RC_L         _at_ 0xe0cc;
 248          unsigned char xdata   T3RC_H         _at_ 0xe0cd;
 249          unsigned char xdata   T4CON          _at_ 0xe0ce;
 250          unsigned char xdata   T4PS           _at_ 0xe0cf;
 251          unsigned char xdata   T4CTR_L        _at_ 0xe0d0;
 252          unsigned char xdata   T4CTR_H        _at_ 0xe0d1;
 253          unsigned char xdata   T4RC_L         _at_ 0xe0d2;
 254          unsigned char xdata   T4RC_H         _at_ 0xe0d3;
 255          unsigned char xdata   P0_FN_L        _at_ 0xe0d4;
 256          unsigned char xdata   P0_FN_H        _at_ 0xe0d5;
 257          unsigned char xdata   P0_DD          _at_ 0xe0d6;
 258          unsigned char xdata   P0_DS          _at_ 0xe0d7;
 259          unsigned char xdata   P0_PE          _at_ 0xe0d8;
 260          unsigned char xdata   P0_PS          _at_ 0xe0d9;
 261          unsigned char xdata   P1_FN_L        _at_ 0xe0da;
 262          unsigned char xdata   P1_FN_H        _at_ 0xe0db;
 263          unsigned char xdata   P1_DD          _at_ 0xe0dc;
 264          unsigned char xdata   P1_DS          _at_ 0xe0dd;
 265          unsigned char xdata   P1_PE          _at_ 0xe0de;
 266          unsigned char xdata   P1_PS          _at_ 0xe0df;
 267          unsigned char xdata   P2_FN_L        _at_ 0xe0e0;
 268          unsigned char xdata   P2_FN_H        _at_ 0xe0e1;
 269          unsigned char xdata   P2_DD          _at_ 0xe0e2;
 270          unsigned char xdata   P2_DS          _at_ 0xe0e3;
 271          unsigned char xdata   P2_PE          _at_ 0xe0e4;
 272          unsigned char xdata   P2_PS          _at_ 0xe0e5;
 273          unsigned char xdata   CLK_DIV_L      _at_ 0xe0e6;
 274          unsigned char xdata   CLK_DIV_H      _at_ 0xe0e7;
 275          unsigned char xdata   CLK_DIV_E      _at_ 0xe0e8;
 276          unsigned char xdata   LVD_INT_EN     _at_ 0xe0e9;
 277          unsigned char xdata   RC80M_OUT_EN   _at_ 0xe0ea;
 278          unsigned char xdata   COMP_INT_EN    _at_ 0xe0eb;
 279          unsigned char xdata   ADC_CLK_CTRL   _at_ 0xe0ec;
 280          unsigned char xdata   MTP_SPI_EN     _at_ 0xe0ed;
 281          unsigned char xdata   TIM01_CLK_DIV_L   _at_ 0xe0ee;
 282          unsigned char xdata   TIM01_CLK_DIV_H   _at_ 0xe0ef;
 283          unsigned char xdata   COMP_INT_SEL   _at_ 0xe0f0;
 284          unsigned char xdata   V18_TUNE       _at_ 0xe0f1;
 285          
 286          
C51 COMPILER V9.54   JEMCU_REGX                                                            09/18/2018 01:31:51 PAGE 6   

ASSEMBLY LISTING OF GENERATED OBJECT CODE




MODULE INFORMATION:   STATIC OVERLAYABLE
   CODE SIZE        =   ----    ----
   CONSTANT SIZE    =   ----    ----
   XDATA SIZE       =   ----    ----
   PDATA SIZE       =   ----    ----
   DATA SIZE        =   ----    ----
   IDATA SIZE       =   ----    ----
   BIT SIZE         =   ----    ----
END OF MODULE INFORMATION.


C51 COMPILATION COMPLETE.  0 WARNING(S),  0 ERROR(S)
