C51 COMPILER V9.54   INTERRUPT                                                             07/30/2019 03:40:46 PAGE 1   


C51 COMPILER V9.54, COMPILATION OF MODULE INTERRUPT
OBJECT MODULE PLACED IN .\OUTPUT\interrupt.obj
COMPILER INVOKED BY: c:\Keil_v5\C51\BIN\C51.EXE SRC\interrupt.c OPTIMIZE(0,SPEED) REGFILE(.\OUTPUT\motor.ORC) BROWSE INT
                    -VECTOR(0X2000) INCDIR(.\INC) DEBUG OBJECTEXTEND CODE PRINT(.\files\interrupt.lst) TABS(2) OBJECT(.\OUTPUT\interrupt.obj)

line level    source

   1          #include "register.h"
   2          #include <intrins.h>
   3          #include "app.h"
   4          #include "initial.h"
   5          
   6          
   7          /*interrupt number
   8           EXT1-4     0
   9           
  10           
  11          
  12           TIMER0     1
  13           TIMER1     3
  14           UART0      4
  15           ADC        8
  16           UART1      16
  17           
  18           COMP1      22
  19           TIMER3     23
  20           
  21           ePWM1-3    9
  22          
  23           ePMW4      20
  24           Timer5     21
  25           
  26           Timer6     24
  27           I2C        25
  28           SPI        26
  29           eFlash     27
  30           
  31           
  32          
  33          
  34          */
  35          
  36          
  37          void EXT1234Interrupt (void)  interrupt 0
  38          {
  39   1        
  40   1        if (EXT(1)==1)
  41   1        {
  42   2          
  43   2          CLR_EXT(1);
  44   2        }
  45   1        
  46   1        
  47   1        if (EXT(2)==1)  
  48   1        {
  49   2                P26=~P26;
  50   2          CLR_EXT(2);
  51   2        }
  52   1        
  53   1        
  54   1        if (EXT(3)==1)
C51 COMPILER V9.54   INTERRUPT                                                             07/30/2019 03:40:46 PAGE 2   

  55   1        {
  56   2          CLR_EXT(3);
  57   2        }
  58   1        
  59   1      
  60   1        if (EXT(4)==1)
  61   1        {
  62   2          
  63   2          CLR_EXT(4);
  64   2        }
  65   1        
  66   1        if ((EXT(1)==0)&&(EXT(2)==0)&&(EXT(3)==0)&&(EXT(4)==0))
  67   1          IE0=0;
  68   1      
  69   1      }
  70          
  71          
  72          
  73          
  74          
  75          
  76          
  77          /*  Timer interrupt   **/
  78          
  79          
  80          void TIMER0Interrupt(void)  interrupt 1
  81          {
  82   1      
  83   1          TF0=0;
  84   1       P04=~P04;
  85   1        
  86   1        
  87   1        SWFTRG=1;       //start next AD
  88   1        
  89   1      
  90   1      
  91   1      }
  92          
  93          void TIMER1Interrupt(void)  interrupt 3
  94          {
  95   1        
  96   1        
  97   1        TF1=0;
  98   1      }
  99          
 100          void TIMER3Interrupt(void)  interrupt 23
 101          {
 102   1        
 103   1        
 104   1        if (T3TF==1)
 105   1        {
 106   2          tmr3_ov++;
 107   2      //    P26=~P26;
 108   2        
 109   2          T3TF=0;
 110   2        }
 111   1        
 112   1        if (T3EXF==1)
 113   1        {
 114   2      
 115   2          this_capture=(unsigned long) T3RC;
 116   2          if (T3EX_INV==1)                //capture falling edge and start counting
C51 COMPILER V9.54   INTERRUPT                                                             07/30/2019 03:40:46 PAGE 3   

 117   2              {
 118   3      
 119   3              T3EX_INV=0;                 //set to capture next rising edge 
 120   3              last_capture=this_capture;
 121   3              tmr3_ov=0;                    //reset tmr3_ov
 122   3            
 123   3              }
 124   2              else
 125   2              {
 126   3                
 127   3                
 128   3              if (!tmr3_ov)
 129   3                //rising edge to record time lapse
 130   3                {
 131   4                  
 132   4                pwm_capture=this_capture-last_capture;
 133   4          
 134   4                }
 135   3                else 
 136   3                {
 137   4                  pwm_capture=(unsigned long)(tmr3_ov)<<16;
 138   4                  
 139   4                  pwm_capture=pwm_capture+this_capture-last_capture;
 140   4                  
 141   4                  
 142   4                  
 143   4                }
 144   3                
 145   3                T3EX_INV=1;          //reset to capture falling edge 
 146   3      
 147   3                
 148   3              }
 149   2              T3EXF=0;
 150   2        }
 151   1        
 152   1        if ((T3TF==0)&&(T3EXF==0)&&(C1_INT==0))
 153   1          
 154   1          IE1=0;
 155   1      }
 156          
 157          void TIMER4Interrupt(void)  interrupt 17
 158          {
 159   1        
 160   1        
 161   1        
 162   1        T4TF=0;
 163   1      
 164   1        CLR_T4_INT();
 165   1      
 166   1        
 167   1        P26= ~P26;
 168   1        
 169   1            if ((RTC_INT==0)&&(LDV18_INT==0)&&(LDV33_INT==0)&&(T4_INT==0)&&(BP_INT==0))
 170   1            IEX6=0;
 171   1            
 172   1        
 173   1        
 174   1      }
 175          
 176          void TIMER5Interrupt(void)  interrupt 21
 177          {
 178   1      
C51 COMPILER V9.54   INTERRUPT                                                             07/30/2019 03:40:46 PAGE 4   

 179   1        T5TF=0;
 180   1        T5EXF=0;
 181   1      
 182   1        if (timer5_flag==0)
 183   1          {
 184   2          timer5_flag=1;
 185   2          P26=1;
 186   2          }
 187   1          else
 188   1            {     
 189   2              timer5_flag=0;
 190   2              P26=0;
 191   2            }
 192   1           //             test with led output
 193   1        
 194   1        if ((T5_INT==0)&&(EPWM_INT(4)==0))
 195   1          IEX3=0;
 196   1        
 197   1        
 198   1      }
 199          void TIMER6Interrupt(void)  interrupt 24
 200          {
 201   1      
 202   1        T6TF=0;
 203   1        T6EXF=0;
 204   1        if (timer5_flag==1)
 205   1            P26= ~P26 ;  //           test with led output
 206   1            else P26=0;
 207   1        
 208   1        if ((I2C_INT==0)&&(SPI_INT==0)&&(EFLASH_INT==0)&&(T6_INT==0))
 209   1          IEX5=0;
 210   1        
 211   1        
 212   1      }
 213          
 214          
 215          
 216          
 217          /*     EPWM interrupt */
 218          
 219          void ePWM123Interrupt(void) interrupt 9
 220          {
 221   1        if (EPWM1_INT==1)
 222   1        {
 223   2          
 224   2          
 225   2          
 226   2          CLR_EPWM1_INT();
 227   2        }
 228   1      
 229   1        
 230   1        if (EPWM2_INT==1)
 231   1        {
 232   2          
 233   2          
 234   2          
 235   2          
 236   2          
 237   2          CLR_EPWM2_INT();
 238   2        }
 239   1        
 240   1        
C51 COMPILER V9.54   INTERRUPT                                                             07/30/2019 03:40:46 PAGE 5   

 241   1        if (EPWM3_INT==1)
 242   1        {
 243   2          
 244   2          CLR_EPWM3_INT(); 
 245   2        }
 246   1        
 247   1        if ((EPWM1_INT==0)&&(EPWM2_INT==0)&&(EPWM3_INT==0))
 248   1          IEX2=0;
 249   1        
 250   1      }
 251          
 252          
 253          void ePWM4Interrupt(void)  interrupt 20
 254          {
 255   1      
 256   1         CLR_EPWM4_INT(); 
 257   1        
 258   1        if ((T5_INT==0)&&(EPWM4_INT==0))
 259   1            IEX3=0;
 260   1        
 261   1      }
 262          
 263          
 264          
 265          
 266          
 267          /* comparator interrupt */
 268          
 269          void Comp1Interrupt(void) interrupt 22
 270            
 271          {
 272   1        
 273   1        
 274   1        
 275   1        C1INT=0;  
 276   1        
 277   1        if ((T3_INT==0)&&(C1_INT==0))
 278   1            IE1=0;
 279   1      }
 280          
 281          
 282          void  Comp234Interrupt(void) interrupt 11
 283          
 284          {
 285   1        
 286   1        
 287   1        if (C2INT==1)
 288   1      
 289   1          {
 290   2            
 291   2            
 292   2          
 293   2            C2INT=0;  
 294   2      
 295   2          
 296   2      
 297   2      
 298   2            
 299   2          }
 300   1          
 301   1          if (C3INT==1)
 302   1      
C51 COMPILER V9.54   INTERRUPT                                                             07/30/2019 03:40:46 PAGE 6   

 303   1          {
 304   2          
 305   2              C3INT=0;  
 306   2      
 307   2          }
 308   1                
 309   1          if (C4INT==1)
 310   1      
 311   1          {
 312   2        
 313   2            C4INT=0;  
 314   2      
 315   2            
 316   2          }
 317   1          
 318   1          if ((C2INT==0)&&(C3INT==0)&&(C4INT==0))
 319   1              IEX4=0;
 320   1            
 321   1        }
 322          
 323          
 324          
 325            /*  serial communication  */
 326          
 327          void I2CInterrupt(void)  interrupt 25
 328          {
 329   1      
 330   1      //  CLR_I2C_INT();
 331   1        
 332   1        if ((I2C_INT==0)&&(SPI_INT==0)&&(EFLASH_INT==0)&&(T6_INT==0))
 333   1          IEX5=0;
 334   1      }
 335          
 336          void SPIInterrupt(void)  interrupt 26
 337          {
 338   1      
 339   1      //  CLR_SPI_INT();
 340   1        if ((I2C_INT==0)&&(SPI_INT==0)&&(EFLASH_INT==0)&&(T6_INT==0))
 341   1          IEX5=0;
 342   1      }
 343          
 344          void eFlashInterrupt(void)  interrupt 27
 345          {
 346   1      
 347   1      //  CLR_EFLASH_INT();
 348   1        if ((I2C_INT==0)&&(SPI_INT==0)&&(EFLASH_INT==0)&&(T6_INT==0))
 349   1          IEX5=0;
 350   1      }
 351          
 352          
 353          /*  voltage detect, RTC  */
 354          
 355          void RTCInterrupt(void) interrupt 28
 356          {
 357   1        
 358   1        
 359   1        
 360   1        CLR_RTC_INT();
 361   1            if ((RTC_INT==0)&&(LDV18_INT==0)&&(LDV33_INT==0)&&(T4_INT==0)&&(BP_INT==0))
 362   1            IEX6=0;
 363   1            
 364   1        
C51 COMPILER V9.54   INTERRUPT                                                             07/30/2019 03:40:46 PAGE 7   

 365   1      }
 366            
 367          
 368          void LDV18Interrupt(void) interrupt 29
 369          {
 370   1        
 371   1        CLR_LDV18_INT();
 372   1            if ((RTC_INT==0)&&(LDV18_INT==0)&&(LDV33_INT==0)&&(T4_INT==0)&&(BP_INT==0))
 373   1            IEX6=0;
 374   1            
 375   1      
 376   1      }
 377          
 378          void LDV33Interrupt(void) interrupt 30
 379          {
 380   1        
 381   1        CLR_LDV33_INT();
 382   1        
 383   1            if ((RTC_INT==0)&&(LDV18_INT==0)&&(LDV33_INT==0)&&(T4_INT==0)&&(BP_INT==0))
 384   1            IEX6=0;
 385   1            
 386   1      }
 387          
 388          
 389          
 390          
 391          
 392          /* debug and UART port */
 393            
 394          
 395          void UART1Interrupt(void) //interrupt 4
 396          {
 397   1          if(RI0 == 1)
 398   1          {
 399   2              RI0 = 0;
 400   2          }
 401   1      
 402   1          if(TI0 == 1)
 403   1          {
 404   2             TI0 = 0;
 405   2          }
 406   1      }
 407          
 408          void UART2Interrupt(void) interrupt 16
 409          {
 410   1          //receive
 411   1          if((S1CON & 0x01) == 0x01)
 412   1          {
 413   2              S1CON &= 0xfe;
 414   2      //        ucUARTReceiver = S1BUF;
 415   2      //        ucUARTReceiver++;
 416   2      //        ucUARTReceiver++;
 417   2      //        ucReceiveFlag = 1;
 418   2          }
 419   1      
 420   1          //transmit
 421   1          if((S1CON & 0x02) == 0x02)
 422   1          {
 423   2              S1CON &= 0xfd;
 424   2          }
 425   1      }
 426          
C51 COMPILER V9.54   INTERRUPT                                                             07/30/2019 03:40:46 PAGE 8   

 427          void ADCInterrupt(void) interrupt 8
 428          {
 429   1        
 430   1      
 431   1          if (INTFL==1)
 432   1          {
 433   2              INTFL=0;
 434   2              IADC=0;
 435   2          }
 436   1        
 437   1          ADresult = AD4OUT;
 438   1      
 439   1        
 440   1      }
C51 COMPILER V9.54   INTERRUPT                                                             07/30/2019 03:40:46 PAGE 9   

ASSEMBLY LISTING OF GENERATED OBJECT CODE


             ; FUNCTION EXT1234Interrupt (BEGIN)
0000 C0E0              PUSH    ACC
0002 C0D0              PUSH    PSW
0004 75D000            MOV     PSW,#00H
0007 C007              PUSH    AR7
                                           ; SOURCE LINE # 37
                                           ; SOURCE LINE # 40
0009 E5F9              MOV     A,INT_REG1
000B 30E004            JNB     ACC.0,?C0002
000E 7F01              MOV     R7,#01H
0010 8002              SJMP    ?C0003
0012         ?C0002:
0012 7F00              MOV     R7,#00H
0014         ?C0003:
0014 EF                MOV     A,R7
0015 B40103            CJNE    A,#01H,?C0001
                                           ; SOURCE LINE # 41
                                           ; SOURCE LINE # 43
0018 53F9FE            ANL     INT_REG1,#0FEH
                                           ; SOURCE LINE # 44
001B         ?C0001:
                                           ; SOURCE LINE # 47
001B E5F9              MOV     A,INT_REG1
001D 30E104            JNB     ACC.1,?C0005
0020 7F01              MOV     R7,#01H
0022 8002              SJMP    ?C0006
0024         ?C0005:
0024 7F00              MOV     R7,#00H
0026         ?C0006:
0026 EF                MOV     A,R7
0027 B40105            CJNE    A,#01H,?C0004
                                           ; SOURCE LINE # 48
                                           ; SOURCE LINE # 49
002A B2A6              CPL     P26
                                           ; SOURCE LINE # 50
002C 53F9FC            ANL     INT_REG1,#0FCH
                                           ; SOURCE LINE # 51
002F         ?C0004:
                                           ; SOURCE LINE # 54
002F E5F9              MOV     A,INT_REG1
0031 30E204            JNB     ACC.2,?C0008
0034 7F01              MOV     R7,#01H
0036 8002              SJMP    ?C0009
0038         ?C0008:
0038 7F00              MOV     R7,#00H
003A         ?C0009:
003A EF                MOV     A,R7
003B B40103            CJNE    A,#01H,?C0007
                                           ; SOURCE LINE # 55
                                           ; SOURCE LINE # 56
003E 53F9F8            ANL     INT_REG1,#0F8H
                                           ; SOURCE LINE # 57
0041         ?C0007:
                                           ; SOURCE LINE # 60
0041 E5F9              MOV     A,INT_REG1
0043 30E304            JNB     ACC.3,?C0011
0046 7F01              MOV     R7,#01H
0048 8002              SJMP    ?C0012
004A         ?C0011:
C51 COMPILER V9.54   INTERRUPT                                                             07/30/2019 03:40:46 PAGE 10  

004A 7F00              MOV     R7,#00H
004C         ?C0012:
004C EF                MOV     A,R7
004D B40103            CJNE    A,#01H,?C0010
                                           ; SOURCE LINE # 61
                                           ; SOURCE LINE # 63
0050 53F9F0            ANL     INT_REG1,#0F0H
                                           ; SOURCE LINE # 64
0053         ?C0010:
                                           ; SOURCE LINE # 66
0053 E5F9              MOV     A,INT_REG1
0055 30E004            JNB     ACC.0,?C0014
0058 7F01              MOV     R7,#01H
005A 8002              SJMP    ?C0015
005C         ?C0014:
005C 7F00              MOV     R7,#00H
005E         ?C0015:
005E EF                MOV     A,R7
005F 702C              JNZ     ?C0022
0061 E5F9              MOV     A,INT_REG1
0063 30E104            JNB     ACC.1,?C0016
0066 7F01              MOV     R7,#01H
0068 8002              SJMP    ?C0017
006A         ?C0016:
006A 7F00              MOV     R7,#00H
006C         ?C0017:
006C EF                MOV     A,R7
006D 701E              JNZ     ?C0022
006F E5F9              MOV     A,INT_REG1
0071 30E204            JNB     ACC.2,?C0018
0074 7F01              MOV     R7,#01H
0076 8002              SJMP    ?C0019
0078         ?C0018:
0078 7F00              MOV     R7,#00H
007A         ?C0019:
007A EF                MOV     A,R7
007B 7010              JNZ     ?C0022
007D E5F9              MOV     A,INT_REG1
007F 30E304            JNB     ACC.3,?C0020
0082 7F01              MOV     R7,#01H
0084 8002              SJMP    ?C0021
0086         ?C0020:
0086 7F00              MOV     R7,#00H
0088         ?C0021:
0088 EF                MOV     A,R7
0089 7002              JNZ     ?C0022
                                           ; SOURCE LINE # 67
008B C289              CLR     IE0
008D         ?C0013:
                                           ; SOURCE LINE # 69
008D         ?C0022:
008D D007              POP     AR7
008F D0D0              POP     PSW
0091 D0E0              POP     ACC
0093 32                RETI    
             ; FUNCTION EXT1234Interrupt (END)

             ; FUNCTION TIMER0Interrupt (BEGIN)
0000 C0E0              PUSH    ACC
0002 C083              PUSH    DPH
0004 C082              PUSH    DPL
0006 C0D0              PUSH    PSW
C51 COMPILER V9.54   INTERRUPT                                                             07/30/2019 03:40:46 PAGE 11  

0008 75D000            MOV     PSW,#00H
000B C007              PUSH    AR7
                                           ; SOURCE LINE # 80
                                           ; SOURCE LINE # 83
000D C28D              CLR     TF0
                                           ; SOURCE LINE # 84
000F B284              CPL     P04
                                           ; SOURCE LINE # 87
0011 90E05A            MOV     DPTR,#0E05AH
0014 E0                MOVX    A,@DPTR
0015 FF                MOV     R7,A
0016 EF                MOV     A,R7
0017 4420              ORL     A,#020H
0019 FF                MOV     R7,A
001A EF                MOV     A,R7
001B F0                MOVX    @DPTR,A
                                           ; SOURCE LINE # 91
001C         ?C0023:
001C D007              POP     AR7
001E D0D0              POP     PSW
0020 D082              POP     DPL
0022 D083              POP     DPH
0024 D0E0              POP     ACC
0026 32                RETI    
             ; FUNCTION TIMER0Interrupt (END)

             ; FUNCTION TIMER1Interrupt (BEGIN)
                                           ; SOURCE LINE # 93
                                           ; SOURCE LINE # 97
0000 C28F              CLR     TF1
                                           ; SOURCE LINE # 98
0002         ?C0024:
0002 32                RETI    
             ; FUNCTION TIMER1Interrupt (END)

             ; FUNCTION TIMER3Interrupt (BEGIN)
0000 C0E0              PUSH    ACC
0002 C0F0              PUSH    B
0004 C083              PUSH    DPH
0006 C082              PUSH    DPL
0008 C0D0              PUSH    PSW
000A 75D000            MOV     PSW,#00H
000D C000              PUSH    AR0
000F C001              PUSH    AR1
0011 C002              PUSH    AR2
0013 C003              PUSH    AR3
0015 C004              PUSH    AR4
0017 C005              PUSH    AR5
0019 C006              PUSH    AR6
001B C007              PUSH    AR7
                                           ; SOURCE LINE # 100
                                           ; SOURCE LINE # 104
001D 90E0C8            MOV     DPTR,#0E0C8H
0020 E0                MOVX    A,@DPTR
0021 FF                MOV     R7,A
0022 EF                MOV     A,R7
0023 C4                SWAP    A
0024 13                RRC     A
0025 13                RRC     A
0026 13                RRC     A
0027 5401              ANL     A,#01H
0029 FF                MOV     R7,A
C51 COMPILER V9.54   INTERRUPT                                                             07/30/2019 03:40:46 PAGE 12  

002A EF                MOV     A,R7
002B 30E011            JNB     ACC.0,?C0025
                                           ; SOURCE LINE # 105
                                           ; SOURCE LINE # 106
002E 900000      E     MOV     DPTR,#tmr3_ov
0031 E0                MOVX    A,@DPTR
0032 04                INC     A
0033 F0                MOVX    @DPTR,A
                                           ; SOURCE LINE # 109
0034 90E0C8            MOV     DPTR,#0E0C8H
0037 E0                MOVX    A,@DPTR
0038 FF                MOV     R7,A
0039 EF                MOV     A,R7
003A 547F              ANL     A,#07FH
003C FF                MOV     R7,A
003D EF                MOV     A,R7
003E F0                MOVX    @DPTR,A
                                           ; SOURCE LINE # 110
003F         ?C0025:
                                           ; SOURCE LINE # 112
003F 90E0C8            MOV     DPTR,#0E0C8H
0042 E0                MOVX    A,@DPTR
0043 FF                MOV     R7,A
0044 EF                MOV     A,R7
0045 C4                SWAP    A
0046 13                RRC     A
0047 13                RRC     A
0048 5403              ANL     A,#03H
004A FF                MOV     R7,A
004B EF                MOV     A,R7
004C 20E003            JB      ACC.0,$ + 6H
004F 020000      R     LJMP    ?C0026
                                           ; SOURCE LINE # 113
                                           ; SOURCE LINE # 115
0052 90E0CC            MOV     DPTR,#0E0CCH
0055 E0                MOVX    A,@DPTR
0056 FE                MOV     R6,A
0057 A3                INC     DPTR
0058 E0                MOVX    A,@DPTR
0059 FF                MOV     R7,A
005A E4                CLR     A
005B FC                MOV     R4,A
005C FD                MOV     R5,A
005D 900000      E     MOV     DPTR,#this_capture
0060 120000      E     LCALL   ?C?LSTXDATA
                                           ; SOURCE LINE # 116
0063 90E08A            MOV     DPTR,#0E08AH
0066 E0                MOVX    A,@DPTR
0067 FF                MOV     R7,A
0068 EF                MOV     A,R7
0069 30E027            JNB     ACC.0,?C0027
                                           ; SOURCE LINE # 117
                                           ; SOURCE LINE # 119
006C 90E08A            MOV     DPTR,#0E08AH
006F E0                MOVX    A,@DPTR
0070 FF                MOV     R7,A
0071 EF                MOV     A,R7
0072 54FE              ANL     A,#0FEH
0074 FF                MOV     R7,A
0075 EF                MOV     A,R7
0076 F0                MOVX    @DPTR,A
                                           ; SOURCE LINE # 120
C51 COMPILER V9.54   INTERRUPT                                                             07/30/2019 03:40:46 PAGE 13  

0077 900000      E     MOV     DPTR,#this_capture
007A E0                MOVX    A,@DPTR
007B FC                MOV     R4,A
007C A3                INC     DPTR
007D E0                MOVX    A,@DPTR
007E FD                MOV     R5,A
007F A3                INC     DPTR
0080 E0                MOVX    A,@DPTR
0081 FE                MOV     R6,A
0082 A3                INC     DPTR
0083 E0                MOVX    A,@DPTR
0084 FF                MOV     R7,A
0085 900000      E     MOV     DPTR,#last_capture
0088 120000      E     LCALL   ?C?LSTXDATA
                                           ; SOURCE LINE # 121
008B 900000      E     MOV     DPTR,#tmr3_ov
008E E4                CLR     A
008F F0                MOVX    @DPTR,A
                                           ; SOURCE LINE # 123
0090 020000      R     LJMP    ?C0028
0093         ?C0027:
                                           ; SOURCE LINE # 125
                                           ; SOURCE LINE # 128
0093 900000      E     MOV     DPTR,#tmr3_ov
0096 E0                MOVX    A,@DPTR
0097 FF                MOV     R7,A
0098 EF                MOV     A,R7
0099 7031              JNZ     ?C0029
                                           ; SOURCE LINE # 130
                                           ; SOURCE LINE # 132
009B 900000      E     MOV     DPTR,#last_capture
009E E0                MOVX    A,@DPTR
009F F8                MOV     R0,A
00A0 A3                INC     DPTR
00A1 E0                MOVX    A,@DPTR
00A2 F9                MOV     R1,A
00A3 A3                INC     DPTR
00A4 E0                MOVX    A,@DPTR
00A5 FA                MOV     R2,A
00A6 A3                INC     DPTR
00A7 E0                MOVX    A,@DPTR
00A8 FB                MOV     R3,A
00A9 900000      E     MOV     DPTR,#this_capture
00AC E0                MOVX    A,@DPTR
00AD FC                MOV     R4,A
00AE A3                INC     DPTR
00AF E0                MOVX    A,@DPTR
00B0 FD                MOV     R5,A
00B1 A3                INC     DPTR
00B2 E0                MOVX    A,@DPTR
00B3 FE                MOV     R6,A
00B4 A3                INC     DPTR
00B5 E0                MOVX    A,@DPTR
00B6 FF                MOV     R7,A
00B7 C3                CLR     C
00B8 EF                MOV     A,R7
00B9 9B                SUBB    A,R3
00BA FF                MOV     R7,A
00BB EE                MOV     A,R6
00BC 9A                SUBB    A,R2
00BD FE                MOV     R6,A
00BE ED                MOV     A,R5
C51 COMPILER V9.54   INTERRUPT                                                             07/30/2019 03:40:46 PAGE 14  

00BF 99                SUBB    A,R1
00C0 FD                MOV     R5,A
00C1 EC                MOV     A,R4
00C2 98                SUBB    A,R0
00C3 FC                MOV     R4,A
00C4 900000      E     MOV     DPTR,#pwm_capture
00C7 120000      E     LCALL   ?C?LSTXDATA
                                           ; SOURCE LINE # 134
00CA 805D              SJMP    ?C0030
00CC         ?C0029:
                                           ; SOURCE LINE # 136
                                           ; SOURCE LINE # 137
00CC 900000      E     MOV     DPTR,#tmr3_ov
00CF E0                MOVX    A,@DPTR
00D0 FF                MOV     R7,A
00D1 E4                CLR     A
00D2 FC                MOV     R4,A
00D3 FD                MOV     R5,A
00D4 FE                MOV     R6,A
00D5 7810              MOV     R0,#010H
00D7 120000      E     LCALL   ?C?LSHL
00DA 900000      E     MOV     DPTR,#pwm_capture
00DD 120000      E     LCALL   ?C?LSTXDATA
                                           ; SOURCE LINE # 139
00E0 900000      E     MOV     DPTR,#this_capture
00E3 E0                MOVX    A,@DPTR
00E4 FC                MOV     R4,A
00E5 A3                INC     DPTR
00E6 E0                MOVX    A,@DPTR
00E7 FD                MOV     R5,A
00E8 A3                INC     DPTR
00E9 E0                MOVX    A,@DPTR
00EA FE                MOV     R6,A
00EB A3                INC     DPTR
00EC E0                MOVX    A,@DPTR
00ED FF                MOV     R7,A
00EE 900000      E     MOV     DPTR,#pwm_capture
00F1 E0                MOVX    A,@DPTR
00F2 F8                MOV     R0,A
00F3 A3                INC     DPTR
00F4 E0                MOVX    A,@DPTR
00F5 F9                MOV     R1,A
00F6 A3                INC     DPTR
00F7 E0                MOVX    A,@DPTR
00F8 FA                MOV     R2,A
00F9 A3                INC     DPTR
00FA E0                MOVX    A,@DPTR
00FB FB                MOV     R3,A
00FC EB                MOV     A,R3
00FD 2F                ADD     A,R7
00FE FF                MOV     R7,A
00FF EA                MOV     A,R2
0100 3E                ADDC    A,R6
0101 FE                MOV     R6,A
0102 E9                MOV     A,R1
0103 3D                ADDC    A,R5
0104 FD                MOV     R5,A
0105 E8                MOV     A,R0
0106 3C                ADDC    A,R4
0107 FC                MOV     R4,A
0108 900000      E     MOV     DPTR,#last_capture
010B E0                MOVX    A,@DPTR
C51 COMPILER V9.54   INTERRUPT                                                             07/30/2019 03:40:46 PAGE 15  

010C F8                MOV     R0,A
010D A3                INC     DPTR
010E E0                MOVX    A,@DPTR
010F F9                MOV     R1,A
0110 A3                INC     DPTR
0111 E0                MOVX    A,@DPTR
0112 FA                MOV     R2,A
0113 A3                INC     DPTR
0114 E0                MOVX    A,@DPTR
0115 FB                MOV     R3,A
0116 C3                CLR     C
0117 EF                MOV     A,R7
0118 9B                SUBB    A,R3
0119 FF                MOV     R7,A
011A EE                MOV     A,R6
011B 9A                SUBB    A,R2
011C FE                MOV     R6,A
011D ED                MOV     A,R5
011E 99                SUBB    A,R1
011F FD                MOV     R5,A
0120 EC                MOV     A,R4
0121 98                SUBB    A,R0
0122 FC                MOV     R4,A
0123 900000      E     MOV     DPTR,#pwm_capture
0126 120000      E     LCALL   ?C?LSTXDATA
                                           ; SOURCE LINE # 143
0129         ?C0030:
                                           ; SOURCE LINE # 145
0129 90E08A            MOV     DPTR,#0E08AH
012C E0                MOVX    A,@DPTR
012D FF                MOV     R7,A
012E EF                MOV     A,R7
012F 4401              ORL     A,#01H
0131 FF                MOV     R7,A
0132 EF                MOV     A,R7
0133 F0                MOVX    @DPTR,A
                                           ; SOURCE LINE # 148
0134         ?C0028:
                                           ; SOURCE LINE # 149
0134 90E0C8            MOV     DPTR,#0E0C8H
0137 E0                MOVX    A,@DPTR
0138 FF                MOV     R7,A
0139 EF                MOV     A,R7
013A 54BF              ANL     A,#0BFH
013C FF                MOV     R7,A
013D EF                MOV     A,R7
013E F0                MOVX    @DPTR,A
                                           ; SOURCE LINE # 150
013F         ?C0026:
                                           ; SOURCE LINE # 152
013F 90E0C8            MOV     DPTR,#0E0C8H
0142 E0                MOVX    A,@DPTR
0143 FF                MOV     R7,A
0144 EF                MOV     A,R7
0145 C4                SWAP    A
0146 13                RRC     A
0147 13                RRC     A
0148 13                RRC     A
0149 5401              ANL     A,#01H
014B FF                MOV     R7,A
014C EF                MOV     A,R7
014D 20E020            JB      ACC.0,?C0034
C51 COMPILER V9.54   INTERRUPT                                                             07/30/2019 03:40:46 PAGE 16  

0150 90E0C8            MOV     DPTR,#0E0C8H
0153 E0                MOVX    A,@DPTR
0154 FF                MOV     R7,A
0155 EF                MOV     A,R7
0156 C4                SWAP    A
0157 13                RRC     A
0158 13                RRC     A
0159 5403              ANL     A,#03H
015B FF                MOV     R7,A
015C EF                MOV     A,R7
015D 20E010            JB      ACC.0,?C0034
0160 E5F9              MOV     A,INT_REG1
0162 30E504            JNB     ACC.5,?C0032
0165 7F01              MOV     R7,#01H
0167 8002              SJMP    ?C0033
0169         ?C0032:
0169 7F00              MOV     R7,#00H
016B         ?C0033:
016B EF                MOV     A,R7
016C 7002              JNZ     ?C0034
                                           ; SOURCE LINE # 154
016E C28B              CLR     IE1
0170         ?C0031:
                                           ; SOURCE LINE # 155
0170         ?C0034:
0170 D007              POP     AR7
0172 D006              POP     AR6
0174 D005              POP     AR5
0176 D004              POP     AR4
0178 D003              POP     AR3
017A D002              POP     AR2
017C D001              POP     AR1
017E D000              POP     AR0
0180 D0D0              POP     PSW
0182 D082              POP     DPL
0184 D083              POP     DPH
0186 D0F0              POP     B
0188 D0E0              POP     ACC
018A 32                RETI    
             ; FUNCTION TIMER3Interrupt (END)

             ; FUNCTION TIMER4Interrupt (BEGIN)
0000 C0E0              PUSH    ACC
0002 C083              PUSH    DPH
0004 C082              PUSH    DPL
0006 C0D0              PUSH    PSW
0008 75D000            MOV     PSW,#00H
000B C007              PUSH    AR7
                                           ; SOURCE LINE # 157
                                           ; SOURCE LINE # 162
000D 90E0CE            MOV     DPTR,#0E0CEH
0010 E0                MOVX    A,@DPTR
0011 FF                MOV     R7,A
0012 EF                MOV     A,R7
0013 547F              ANL     A,#07FH
0015 FF                MOV     R7,A
0016 EF                MOV     A,R7
0017 F0                MOVX    @DPTR,A
                                           ; SOURCE LINE # 164
0018 53FEF0            ANL     INT_REG4,#0F0H
                                           ; SOURCE LINE # 167
001B B2A6              CPL     P26
C51 COMPILER V9.54   INTERRUPT                                                             07/30/2019 03:40:46 PAGE 17  

                                           ; SOURCE LINE # 169
001D E5FE              MOV     A,INT_REG4
001F 30E004            JNB     ACC.0,?C0036
0022 7F01              MOV     R7,#01H
0024 8002              SJMP    ?C0037
0026         ?C0036:
0026 7F00              MOV     R7,#00H
0028         ?C0037:
0028 EF                MOV     A,R7
0029 703A              JNZ     ?C0046
002B E5FE              MOV     A,INT_REG4
002D 30E104            JNB     ACC.1,?C0038
0030 7F01              MOV     R7,#01H
0032 8002              SJMP    ?C0039
0034         ?C0038:
0034 7F00              MOV     R7,#00H
0036         ?C0039:
0036 EF                MOV     A,R7
0037 702C              JNZ     ?C0046
0039 E5FE              MOV     A,INT_REG4
003B 30E204            JNB     ACC.2,?C0040
003E 7F01              MOV     R7,#01H
0040 8002              SJMP    ?C0041
0042         ?C0040:
0042 7F00              MOV     R7,#00H
0044         ?C0041:
0044 EF                MOV     A,R7
0045 701E              JNZ     ?C0046
0047 E5FE              MOV     A,INT_REG4
0049 30E304            JNB     ACC.3,?C0042
004C 7F01              MOV     R7,#01H
004E 8002              SJMP    ?C0043
0050         ?C0042:
0050 7F00              MOV     R7,#00H
0052         ?C0043:
0052 EF                MOV     A,R7
0053 7010              JNZ     ?C0046
0055 E593              MOV     A,BPCTRL
0057 30E704            JNB     ACC.7,?C0044
005A 7F01              MOV     R7,#01H
005C 8002              SJMP    ?C0045
005E         ?C0044:
005E 7F00              MOV     R7,#00H
0060         ?C0045:
0060 EF                MOV     A,R7
0061 7002              JNZ     ?C0046
                                           ; SOURCE LINE # 170
0063 C2C5              CLR     IEX6
0065         ?C0035:
                                           ; SOURCE LINE # 174
0065         ?C0046:
0065 D007              POP     AR7
0067 D0D0              POP     PSW
0069 D082              POP     DPL
006B D083              POP     DPH
006D D0E0              POP     ACC
006F 32                RETI    
             ; FUNCTION TIMER4Interrupt (END)

             ; FUNCTION TIMER5Interrupt (BEGIN)
0000 C0E0              PUSH    ACC
0002 C083              PUSH    DPH
C51 COMPILER V9.54   INTERRUPT                                                             07/30/2019 03:40:46 PAGE 18  

0004 C082              PUSH    DPL
0006 C0D0              PUSH    PSW
0008 75D000            MOV     PSW,#00H
000B C006              PUSH    AR6
000D C007              PUSH    AR7
                                           ; SOURCE LINE # 176
                                           ; SOURCE LINE # 179
000F 90E0F3            MOV     DPTR,#0E0F3H
0012 E0                MOVX    A,@DPTR
0013 FF                MOV     R7,A
0014 EF                MOV     A,R7
0015 547F              ANL     A,#07FH
0017 FF                MOV     R7,A
0018 EF                MOV     A,R7
0019 F0                MOVX    @DPTR,A
                                           ; SOURCE LINE # 180
001A 90E0F3            MOV     DPTR,#0E0F3H
001D E0                MOVX    A,@DPTR
001E FF                MOV     R7,A
001F EF                MOV     A,R7
0020 54BF              ANL     A,#0BFH
0022 FF                MOV     R7,A
0023 EF                MOV     A,R7
0024 F0                MOVX    @DPTR,A
                                           ; SOURCE LINE # 182
0025 900000      E     MOV     DPTR,#timer5_flag
0028 E0                MOVX    A,@DPTR
0029 FF                MOV     R7,A
002A EF                MOV     A,R7
002B 700A              JNZ     ?C0047
                                           ; SOURCE LINE # 183
                                           ; SOURCE LINE # 184
002D 900000      E     MOV     DPTR,#timer5_flag
0030 7401              MOV     A,#01H
0032 F0                MOVX    @DPTR,A
                                           ; SOURCE LINE # 185
0033 D2A6              SETB    P26
                                           ; SOURCE LINE # 186
0035 8007              SJMP    ?C0048
0037         ?C0047:
                                           ; SOURCE LINE # 188
                                           ; SOURCE LINE # 189
0037 900000      E     MOV     DPTR,#timer5_flag
003A E4                CLR     A
003B F0                MOVX    @DPTR,A
                                           ; SOURCE LINE # 190
003C C2A6              CLR     P26
                                           ; SOURCE LINE # 191
003E         ?C0048:
                                           ; SOURCE LINE # 194
003E 90E0F3            MOV     DPTR,#0E0F3H
0041 E0                MOVX    A,@DPTR
0042 FF                MOV     R7,A
0043 EF                MOV     A,R7
0044 C4                SWAP    A
0045 13                RRC     A
0046 13                RRC     A
0047 5403              ANL     A,#03H
0049 FF                MOV     R7,A
004A EF                MOV     A,R7
004B 30E004            JNB     ACC.0,?C0050
004E 7F01              MOV     R7,#01H
C51 COMPILER V9.54   INTERRUPT                                                             07/30/2019 03:40:46 PAGE 19  

0050 8002              SJMP    ?C0051
0052         ?C0050:
0052 7F00              MOV     R7,#00H
0054         ?C0051:
0054 90E0F3            MOV     DPTR,#0E0F3H
0057 E0                MOVX    A,@DPTR
0058 FE                MOV     R6,A
0059 EE                MOV     A,R6
005A C4                SWAP    A
005B 13                RRC     A
005C 13                RRC     A
005D 13                RRC     A
005E 5401              ANL     A,#01H
0060 FE                MOV     R6,A
0061 EE                MOV     A,R6
0062 30E004            JNB     ACC.0,?C0052
0065 7E01              MOV     R6,#01H
0067 8002              SJMP    ?C0053
0069         ?C0052:
0069 7E00              MOV     R6,#00H
006B         ?C0053:
006B EE                MOV     A,R6
006C 4F                ORL     A,R7
006D FF                MOV     R7,A
006E EF                MOV     A,R7
006F 7010              JNZ     ?C0056
0071 E5FA              MOV     A,INT_REG2
0073 30E304            JNB     ACC.3,?C0054
0076 7F01              MOV     R7,#01H
0078 8002              SJMP    ?C0055
007A         ?C0054:
007A 7F00              MOV     R7,#00H
007C         ?C0055:
007C EF                MOV     A,R7
007D 7002              JNZ     ?C0056
                                           ; SOURCE LINE # 195
007F C2C2              CLR     IEX3
0081         ?C0049:
                                           ; SOURCE LINE # 198
0081         ?C0056:
0081 D007              POP     AR7
0083 D006              POP     AR6
0085 D0D0              POP     PSW
0087 D082              POP     DPL
0089 D083              POP     DPH
008B D0E0              POP     ACC
008D 32                RETI    
             ; FUNCTION TIMER5Interrupt (END)

             ; FUNCTION TIMER6Interrupt (BEGIN)
0000 C0E0              PUSH    ACC
0002 C083              PUSH    DPH
0004 C082              PUSH    DPL
0006 C0D0              PUSH    PSW
0008 75D000            MOV     PSW,#00H
000B C006              PUSH    AR6
000D C007              PUSH    AR7
                                           ; SOURCE LINE # 199
                                           ; SOURCE LINE # 202
000F 90E0F9            MOV     DPTR,#0E0F9H
0012 E0                MOVX    A,@DPTR
0013 FF                MOV     R7,A
C51 COMPILER V9.54   INTERRUPT                                                             07/30/2019 03:40:46 PAGE 20  

0014 EF                MOV     A,R7
0015 547F              ANL     A,#07FH
0017 FF                MOV     R7,A
0018 EF                MOV     A,R7
0019 F0                MOVX    @DPTR,A
                                           ; SOURCE LINE # 203
001A 90E0F9            MOV     DPTR,#0E0F9H
001D E0                MOVX    A,@DPTR
001E FF                MOV     R7,A
001F EF                MOV     A,R7
0020 54BF              ANL     A,#0BFH
0022 FF                MOV     R7,A
0023 EF                MOV     A,R7
0024 F0                MOVX    @DPTR,A
                                           ; SOURCE LINE # 204
0025 900000      E     MOV     DPTR,#timer5_flag
0028 E0                MOVX    A,@DPTR
0029 FF                MOV     R7,A
002A EF                MOV     A,R7
002B B40104            CJNE    A,#01H,?C0057
                                           ; SOURCE LINE # 205
002E B2A6              CPL     P26
0030 8002              SJMP    ?C0058
0032         ?C0057:
                                           ; SOURCE LINE # 206
0032 C2A6              CLR     P26
0034         ?C0058:
                                           ; SOURCE LINE # 208
0034 E5FD              MOV     A,INT_REG3
0036 30E304            JNB     ACC.3,?C0060
0039 7F01              MOV     R7,#01H
003B 8002              SJMP    ?C0061
003D         ?C0060:
003D 7F00              MOV     R7,#00H
003F         ?C0061:
003F EF                MOV     A,R7
0040 7051              JNZ     ?C0070
0042 E5FD              MOV     A,INT_REG3
0044 30E404            JNB     ACC.4,?C0062
0047 7F01              MOV     R7,#01H
0049 8002              SJMP    ?C0063
004B         ?C0062:
004B 7F00              MOV     R7,#00H
004D         ?C0063:
004D EF                MOV     A,R7
004E 7043              JNZ     ?C0070
0050 E5FD              MOV     A,INT_REG3
0052 30E504            JNB     ACC.5,?C0064
0055 7F01              MOV     R7,#01H
0057 8002              SJMP    ?C0065
0059         ?C0064:
0059 7F00              MOV     R7,#00H
005B         ?C0065:
005B EF                MOV     A,R7
005C 7035              JNZ     ?C0070
005E 90E0F9            MOV     DPTR,#0E0F9H
0061 E0                MOVX    A,@DPTR
0062 FF                MOV     R7,A
0063 EF                MOV     A,R7
0064 C4                SWAP    A
0065 13                RRC     A
0066 13                RRC     A
C51 COMPILER V9.54   INTERRUPT                                                             07/30/2019 03:40:46 PAGE 21  

0067 5403              ANL     A,#03H
0069 FF                MOV     R7,A
006A EF                MOV     A,R7
006B 30E004            JNB     ACC.0,?C0066
006E 7F01              MOV     R7,#01H
0070 8002              SJMP    ?C0067
0072         ?C0066:
0072 7F00              MOV     R7,#00H
0074         ?C0067:
0074 90E0F9            MOV     DPTR,#0E0F9H
0077 E0                MOVX    A,@DPTR
0078 FE                MOV     R6,A
0079 EE                MOV     A,R6
007A C4                SWAP    A
007B 13                RRC     A
007C 13                RRC     A
007D 13                RRC     A
007E 5401              ANL     A,#01H
0080 FE                MOV     R6,A
0081 EE                MOV     A,R6
0082 30E004            JNB     ACC.0,?C0068
0085 7E01              MOV     R6,#01H
0087 8002              SJMP    ?C0069
0089         ?C0068:
0089 7E00              MOV     R6,#00H
008B         ?C0069:
008B EE                MOV     A,R6
008C 4F                ORL     A,R7
008D FF                MOV     R7,A
008E EF                MOV     A,R7
008F 7002              JNZ     ?C0070
                                           ; SOURCE LINE # 209
0091 C2C4              CLR     IEX5
0093         ?C0059:
                                           ; SOURCE LINE # 212
0093         ?C0070:
0093 D007              POP     AR7
0095 D006              POP     AR6
0097 D0D0              POP     PSW
0099 D082              POP     DPL
009B D083              POP     DPH
009D D0E0              POP     ACC
009F 32                RETI    
             ; FUNCTION TIMER6Interrupt (END)

             ; FUNCTION ePWM123Interrupt (BEGIN)
0000 C0E0              PUSH    ACC
0002 C0D0              PUSH    PSW
0004 75D000            MOV     PSW,#00H
0007 C007              PUSH    AR7
                                           ; SOURCE LINE # 219
                                           ; SOURCE LINE # 221
0009 E5B5              MOV     A,P1ETFLG
000B 30E004            JNB     ACC.0,?C0072
000E 7F01              MOV     R7,#01H
0010 8002              SJMP    ?C0073
0012         ?C0072:
0012 7F00              MOV     R7,#00H
0014         ?C0073:
0014 EF                MOV     A,R7
0015 B40103            CJNE    A,#01H,?C0071
                                           ; SOURCE LINE # 222
C51 COMPILER V9.54   INTERRUPT                                                             07/30/2019 03:40:46 PAGE 22  

                                           ; SOURCE LINE # 226
0018 43B601            ORL     P1ETCLR,#01H
                                           ; SOURCE LINE # 227
001B         ?C0071:
                                           ; SOURCE LINE # 230
001B E5CD              MOV     A,P2ETFLG
001D 30E004            JNB     ACC.0,?C0075
0020 7F01              MOV     R7,#01H
0022 8002              SJMP    ?C0076
0024         ?C0075:
0024 7F00              MOV     R7,#00H
0026         ?C0076:
0026 EF                MOV     A,R7
0027 B40103            CJNE    A,#01H,?C0074
                                           ; SOURCE LINE # 231
                                           ; SOURCE LINE # 237
002A 43CE01            ORL     P2ETCLR,#01H
                                           ; SOURCE LINE # 238
002D         ?C0074:
                                           ; SOURCE LINE # 241
002D E5DD              MOV     A,P3ETFLG
002F 30E004            JNB     ACC.0,?C0078
0032 7F01              MOV     R7,#01H
0034 8002              SJMP    ?C0079
0036         ?C0078:
0036 7F00              MOV     R7,#00H
0038         ?C0079:
0038 EF                MOV     A,R7
0039 B40103            CJNE    A,#01H,?C0077
                                           ; SOURCE LINE # 242
                                           ; SOURCE LINE # 244
003C 43DE01            ORL     P3ETCLR,#01H
                                           ; SOURCE LINE # 245
003F         ?C0077:
                                           ; SOURCE LINE # 247
003F E5B5              MOV     A,P1ETFLG
0041 30E004            JNB     ACC.0,?C0081
0044 7F01              MOV     R7,#01H
0046 8002              SJMP    ?C0082
0048         ?C0081:
0048 7F00              MOV     R7,#00H
004A         ?C0082:
004A EF                MOV     A,R7
004B 701E              JNZ     ?C0087
004D E5CD              MOV     A,P2ETFLG
004F 30E004            JNB     ACC.0,?C0083
0052 7F01              MOV     R7,#01H
0054 8002              SJMP    ?C0084
0056         ?C0083:
0056 7F00              MOV     R7,#00H
0058         ?C0084:
0058 EF                MOV     A,R7
0059 7010              JNZ     ?C0087
005B E5DD              MOV     A,P3ETFLG
005D 30E004            JNB     ACC.0,?C0085
0060 7F01              MOV     R7,#01H
0062 8002              SJMP    ?C0086
0064         ?C0085:
0064 7F00              MOV     R7,#00H
0066         ?C0086:
0066 EF                MOV     A,R7
0067 7002              JNZ     ?C0087
C51 COMPILER V9.54   INTERRUPT                                                             07/30/2019 03:40:46 PAGE 23  

                                           ; SOURCE LINE # 248
0069 C2C1              CLR     IEX2
006B         ?C0080:
                                           ; SOURCE LINE # 250
006B         ?C0087:
006B D007              POP     AR7
006D D0D0              POP     PSW
006F D0E0              POP     ACC
0071 32                RETI    
             ; FUNCTION ePWM123Interrupt (END)

             ; FUNCTION ePWM4Interrupt (BEGIN)
0000 C0E0              PUSH    ACC
0002 C083              PUSH    DPH
0004 C082              PUSH    DPL
0006 C0D0              PUSH    PSW
0008 75D000            MOV     PSW,#00H
000B C006              PUSH    AR6
000D C007              PUSH    AR7
                                           ; SOURCE LINE # 253
                                           ; SOURCE LINE # 256
000F 43F601            ORL     P4ETCLR,#01H
                                           ; SOURCE LINE # 258
0012 90E0F3            MOV     DPTR,#0E0F3H
0015 E0                MOVX    A,@DPTR
0016 FF                MOV     R7,A
0017 EF                MOV     A,R7
0018 C4                SWAP    A
0019 13                RRC     A
001A 13                RRC     A
001B 5403              ANL     A,#03H
001D FF                MOV     R7,A
001E EF                MOV     A,R7
001F 30E004            JNB     ACC.0,?C0089
0022 7F01              MOV     R7,#01H
0024 8002              SJMP    ?C0090
0026         ?C0089:
0026 7F00              MOV     R7,#00H
0028         ?C0090:
0028 90E0F3            MOV     DPTR,#0E0F3H
002B E0                MOVX    A,@DPTR
002C FE                MOV     R6,A
002D EE                MOV     A,R6
002E C4                SWAP    A
002F 13                RRC     A
0030 13                RRC     A
0031 13                RRC     A
0032 5401              ANL     A,#01H
0034 FE                MOV     R6,A
0035 EE                MOV     A,R6
0036 30E004            JNB     ACC.0,?C0091
0039 7E01              MOV     R6,#01H
003B 8002              SJMP    ?C0092
003D         ?C0091:
003D 7E00              MOV     R6,#00H
003F         ?C0092:
003F EE                MOV     A,R6
0040 4F                ORL     A,R7
0041 FF                MOV     R7,A
0042 EF                MOV     A,R7
0043 7010              JNZ     ?C0095
0045 E5F5              MOV     A,P4ETFLG
C51 COMPILER V9.54   INTERRUPT                                                             07/30/2019 03:40:46 PAGE 24  

0047 30E004            JNB     ACC.0,?C0093
004A 7F01              MOV     R7,#01H
004C 8002              SJMP    ?C0094
004E         ?C0093:
004E 7F00              MOV     R7,#00H
0050         ?C0094:
0050 EF                MOV     A,R7
0051 7002              JNZ     ?C0095
                                           ; SOURCE LINE # 259
0053 C2C2              CLR     IEX3
0055         ?C0088:
                                           ; SOURCE LINE # 261
0055         ?C0095:
0055 D007              POP     AR7
0057 D006              POP     AR6
0059 D0D0              POP     PSW
005B D082              POP     DPL
005D D083              POP     DPH
005F D0E0              POP     ACC
0061 32                RETI    
             ; FUNCTION ePWM4Interrupt (END)

             ; FUNCTION Comp1Interrupt (BEGIN)
0000 C0E0              PUSH    ACC
0002 C083              PUSH    DPH
0004 C082              PUSH    DPL
0006 C0D0              PUSH    PSW
0008 75D000            MOV     PSW,#00H
000B C007              PUSH    AR7
                                           ; SOURCE LINE # 269
                                           ; SOURCE LINE # 275
000D 90E0C7            MOV     DPTR,#0E0C7H
0010 E0                MOVX    A,@DPTR
0011 FF                MOV     R7,A
0012 EF                MOV     A,R7
0013 54FE              ANL     A,#0FEH
0015 FF                MOV     R7,A
0016 EF                MOV     A,R7
0017 F0                MOVX    @DPTR,A
                                           ; SOURCE LINE # 277
0018 E5F9              MOV     A,INT_REG1
001A 30E404            JNB     ACC.4,?C0097
001D 7F01              MOV     R7,#01H
001F 8002              SJMP    ?C0098
0021         ?C0097:
0021 7F00              MOV     R7,#00H
0023         ?C0098:
0023 EF                MOV     A,R7
0024 7010              JNZ     ?C0101
0026 E5F9              MOV     A,INT_REG1
0028 30E504            JNB     ACC.5,?C0099
002B 7F01              MOV     R7,#01H
002D 8002              SJMP    ?C0100
002F         ?C0099:
002F 7F00              MOV     R7,#00H
0031         ?C0100:
0031 EF                MOV     A,R7
0032 7002              JNZ     ?C0101
                                           ; SOURCE LINE # 278
0034 C28B              CLR     IE1
0036         ?C0096:
                                           ; SOURCE LINE # 279
C51 COMPILER V9.54   INTERRUPT                                                             07/30/2019 03:40:46 PAGE 25  

0036         ?C0101:
0036 D007              POP     AR7
0038 D0D0              POP     PSW
003A D082              POP     DPL
003C D083              POP     DPH
003E D0E0              POP     ACC
0040 32                RETI    
             ; FUNCTION Comp1Interrupt (END)

             ; FUNCTION Comp234Interrupt (BEGIN)
0000 C0E0              PUSH    ACC
0002 C083              PUSH    DPH
0004 C082              PUSH    DPL
0006 C0D0              PUSH    PSW
0008 75D000            MOV     PSW,#00H
000B C007              PUSH    AR7
                                           ; SOURCE LINE # 282
                                           ; SOURCE LINE # 287
000D 90E0C7            MOV     DPTR,#0E0C7H
0010 E0                MOVX    A,@DPTR
0011 FF                MOV     R7,A
0012 EF                MOV     A,R7
0013 C3                CLR     C
0014 13                RRC     A
0015 FF                MOV     R7,A
0016 EF                MOV     A,R7
0017 30E00B            JNB     ACC.0,?C0102
                                           ; SOURCE LINE # 289
                                           ; SOURCE LINE # 293
001A 90E0C7            MOV     DPTR,#0E0C7H
001D E0                MOVX    A,@DPTR
001E FF                MOV     R7,A
001F EF                MOV     A,R7
0020 54FD              ANL     A,#0FDH
0022 FF                MOV     R7,A
0023 EF                MOV     A,R7
0024 F0                MOVX    @DPTR,A
                                           ; SOURCE LINE # 299
0025         ?C0102:
                                           ; SOURCE LINE # 301
0025 90E0C7            MOV     DPTR,#0E0C7H
0028 E0                MOVX    A,@DPTR
0029 FF                MOV     R7,A
002A EF                MOV     A,R7
002B 13                RRC     A
002C 13                RRC     A
002D 543F              ANL     A,#03FH
002F FF                MOV     R7,A
0030 EF                MOV     A,R7
0031 30E00B            JNB     ACC.0,?C0103
                                           ; SOURCE LINE # 303
                                           ; SOURCE LINE # 305
0034 90E0C7            MOV     DPTR,#0E0C7H
0037 E0                MOVX    A,@DPTR
0038 FF                MOV     R7,A
0039 EF                MOV     A,R7
003A 54FB              ANL     A,#0FBH
003C FF                MOV     R7,A
003D EF                MOV     A,R7
003E F0                MOVX    @DPTR,A
                                           ; SOURCE LINE # 307
003F         ?C0103:
C51 COMPILER V9.54   INTERRUPT                                                             07/30/2019 03:40:46 PAGE 26  

                                           ; SOURCE LINE # 309
003F 90E0C7            MOV     DPTR,#0E0C7H
0042 E0                MOVX    A,@DPTR
0043 FF                MOV     R7,A
0044 EF                MOV     A,R7
0045 13                RRC     A
0046 13                RRC     A
0047 13                RRC     A
0048 541F              ANL     A,#01FH
004A FF                MOV     R7,A
004B EF                MOV     A,R7
004C 30E00B            JNB     ACC.0,?C0104
                                           ; SOURCE LINE # 311
                                           ; SOURCE LINE # 313
004F 90E0C7            MOV     DPTR,#0E0C7H
0052 E0                MOVX    A,@DPTR
0053 FF                MOV     R7,A
0054 EF                MOV     A,R7
0055 54F7              ANL     A,#0F7H
0057 FF                MOV     R7,A
0058 EF                MOV     A,R7
0059 F0                MOVX    @DPTR,A
                                           ; SOURCE LINE # 316
005A         ?C0104:
                                           ; SOURCE LINE # 318
005A 90E0C7            MOV     DPTR,#0E0C7H
005D E0                MOVX    A,@DPTR
005E FF                MOV     R7,A
005F EF                MOV     A,R7
0060 C3                CLR     C
0061 13                RRC     A
0062 FF                MOV     R7,A
0063 EF                MOV     A,R7
0064 20E021            JB      ACC.0,?C0106
0067 90E0C7            MOV     DPTR,#0E0C7H
006A E0                MOVX    A,@DPTR
006B FF                MOV     R7,A
006C EF                MOV     A,R7
006D 13                RRC     A
006E 13                RRC     A
006F 543F              ANL     A,#03FH
0071 FF                MOV     R7,A
0072 EF                MOV     A,R7
0073 20E012            JB      ACC.0,?C0106
0076 90E0C7            MOV     DPTR,#0E0C7H
0079 E0                MOVX    A,@DPTR
007A FF                MOV     R7,A
007B EF                MOV     A,R7
007C 13                RRC     A
007D 13                RRC     A
007E 13                RRC     A
007F 541F              ANL     A,#01FH
0081 FF                MOV     R7,A
0082 EF                MOV     A,R7
0083 20E002            JB      ACC.0,?C0106
                                           ; SOURCE LINE # 319
0086 C2C3              CLR     IEX4
0088         ?C0105:
                                           ; SOURCE LINE # 321
0088         ?C0106:
0088 D007              POP     AR7
008A D0D0              POP     PSW
C51 COMPILER V9.54   INTERRUPT                                                             07/30/2019 03:40:46 PAGE 27  

008C D082              POP     DPL
008E D083              POP     DPH
0090 D0E0              POP     ACC
0092 32                RETI    
             ; FUNCTION Comp234Interrupt (END)

             ; FUNCTION I2CInterrupt (BEGIN)
0000 C0E0              PUSH    ACC
0002 C083              PUSH    DPH
0004 C082              PUSH    DPL
0006 C0D0              PUSH    PSW
0008 75D000            MOV     PSW,#00H
000B C006              PUSH    AR6
000D C007              PUSH    AR7
                                           ; SOURCE LINE # 327
                                           ; SOURCE LINE # 332
000F E5FD              MOV     A,INT_REG3
0011 30E304            JNB     ACC.3,?C0108
0014 7F01              MOV     R7,#01H
0016 8002              SJMP    ?C0109
0018         ?C0108:
0018 7F00              MOV     R7,#00H
001A         ?C0109:
001A EF                MOV     A,R7
001B 7051              JNZ     ?C0118
001D E5FD              MOV     A,INT_REG3
001F 30E404            JNB     ACC.4,?C0110
0022 7F01              MOV     R7,#01H
0024 8002              SJMP    ?C0111
0026         ?C0110:
0026 7F00              MOV     R7,#00H
0028         ?C0111:
0028 EF                MOV     A,R7
0029 7043              JNZ     ?C0118
002B E5FD              MOV     A,INT_REG3
002D 30E504            JNB     ACC.5,?C0112
0030 7F01              MOV     R7,#01H
0032 8002              SJMP    ?C0113
0034         ?C0112:
0034 7F00              MOV     R7,#00H
0036         ?C0113:
0036 EF                MOV     A,R7
0037 7035              JNZ     ?C0118
0039 90E0F9            MOV     DPTR,#0E0F9H
003C E0                MOVX    A,@DPTR
003D FF                MOV     R7,A
003E EF                MOV     A,R7
003F C4                SWAP    A
0040 13                RRC     A
0041 13                RRC     A
0042 5403              ANL     A,#03H
0044 FF                MOV     R7,A
0045 EF                MOV     A,R7
0046 30E004            JNB     ACC.0,?C0114
0049 7F01              MOV     R7,#01H
004B 8002              SJMP    ?C0115
004D         ?C0114:
004D 7F00              MOV     R7,#00H
004F         ?C0115:
004F 90E0F9            MOV     DPTR,#0E0F9H
0052 E0                MOVX    A,@DPTR
0053 FE                MOV     R6,A
C51 COMPILER V9.54   INTERRUPT                                                             07/30/2019 03:40:46 PAGE 28  

0054 EE                MOV     A,R6
0055 C4                SWAP    A
0056 13                RRC     A
0057 13                RRC     A
0058 13                RRC     A
0059 5401              ANL     A,#01H
005B FE                MOV     R6,A
005C EE                MOV     A,R6
005D 30E004            JNB     ACC.0,?C0116
0060 7E01              MOV     R6,#01H
0062 8002              SJMP    ?C0117
0064         ?C0116:
0064 7E00              MOV     R6,#00H
0066         ?C0117:
0066 EE                MOV     A,R6
0067 4F                ORL     A,R7
0068 FF                MOV     R7,A
0069 EF                MOV     A,R7
006A 7002              JNZ     ?C0118
                                           ; SOURCE LINE # 333
006C C2C4              CLR     IEX5
006E         ?C0107:
                                           ; SOURCE LINE # 334
006E         ?C0118:
006E D007              POP     AR7
0070 D006              POP     AR6
0072 D0D0              POP     PSW
0074 D082              POP     DPL
0076 D083              POP     DPH
0078 D0E0              POP     ACC
007A 32                RETI    
             ; FUNCTION I2CInterrupt (END)

             ; FUNCTION SPIInterrupt (BEGIN)
0000 C0E0              PUSH    ACC
0002 C083              PUSH    DPH
0004 C082              PUSH    DPL
0006 C0D0              PUSH    PSW
0008 75D000            MOV     PSW,#00H
000B C006              PUSH    AR6
000D C007              PUSH    AR7
                                           ; SOURCE LINE # 336
                                           ; SOURCE LINE # 340
000F E5FD              MOV     A,INT_REG3
0011 30E304            JNB     ACC.3,?C0120
0014 7F01              MOV     R7,#01H
0016 8002              SJMP    ?C0121
0018         ?C0120:
0018 7F00              MOV     R7,#00H
001A         ?C0121:
001A EF                MOV     A,R7
001B 7051              JNZ     ?C0130
001D E5FD              MOV     A,INT_REG3
001F 30E404            JNB     ACC.4,?C0122
0022 7F01              MOV     R7,#01H
0024 8002              SJMP    ?C0123
0026         ?C0122:
0026 7F00              MOV     R7,#00H
0028         ?C0123:
0028 EF                MOV     A,R7
0029 7043              JNZ     ?C0130
002B E5FD              MOV     A,INT_REG3
C51 COMPILER V9.54   INTERRUPT                                                             07/30/2019 03:40:46 PAGE 29  

002D 30E504            JNB     ACC.5,?C0124
0030 7F01              MOV     R7,#01H
0032 8002              SJMP    ?C0125
0034         ?C0124:
0034 7F00              MOV     R7,#00H
0036         ?C0125:
0036 EF                MOV     A,R7
0037 7035              JNZ     ?C0130
0039 90E0F9            MOV     DPTR,#0E0F9H
003C E0                MOVX    A,@DPTR
003D FF                MOV     R7,A
003E EF                MOV     A,R7
003F C4                SWAP    A
0040 13                RRC     A
0041 13                RRC     A
0042 5403              ANL     A,#03H
0044 FF                MOV     R7,A
0045 EF                MOV     A,R7
0046 30E004            JNB     ACC.0,?C0126
0049 7F01              MOV     R7,#01H
004B 8002              SJMP    ?C0127
004D         ?C0126:
004D 7F00              MOV     R7,#00H
004F         ?C0127:
004F 90E0F9            MOV     DPTR,#0E0F9H
0052 E0                MOVX    A,@DPTR
0053 FE                MOV     R6,A
0054 EE                MOV     A,R6
0055 C4                SWAP    A
0056 13                RRC     A
0057 13                RRC     A
0058 13                RRC     A
0059 5401              ANL     A,#01H
005B FE                MOV     R6,A
005C EE                MOV     A,R6
005D 30E004            JNB     ACC.0,?C0128
0060 7E01              MOV     R6,#01H
0062 8002              SJMP    ?C0129
0064         ?C0128:
0064 7E00              MOV     R6,#00H
0066         ?C0129:
0066 EE                MOV     A,R6
0067 4F                ORL     A,R7
0068 FF                MOV     R7,A
0069 EF                MOV     A,R7
006A 7002              JNZ     ?C0130
                                           ; SOURCE LINE # 341
006C C2C4              CLR     IEX5
006E         ?C0119:
                                           ; SOURCE LINE # 342
006E         ?C0130:
006E D007              POP     AR7
0070 D006              POP     AR6
0072 D0D0              POP     PSW
0074 D082              POP     DPL
0076 D083              POP     DPH
0078 D0E0              POP     ACC
007A 32                RETI    
             ; FUNCTION SPIInterrupt (END)

             ; FUNCTION eFlashInterrupt (BEGIN)
0000 C0E0              PUSH    ACC
C51 COMPILER V9.54   INTERRUPT                                                             07/30/2019 03:40:46 PAGE 30  

0002 C083              PUSH    DPH
0004 C082              PUSH    DPL
0006 C0D0              PUSH    PSW
0008 75D000            MOV     PSW,#00H
000B C006              PUSH    AR6
000D C007              PUSH    AR7
                                           ; SOURCE LINE # 344
                                           ; SOURCE LINE # 348
000F E5FD              MOV     A,INT_REG3
0011 30E304            JNB     ACC.3,?C0132
0014 7F01              MOV     R7,#01H
0016 8002              SJMP    ?C0133
0018         ?C0132:
0018 7F00              MOV     R7,#00H
001A         ?C0133:
001A EF                MOV     A,R7
001B 7051              JNZ     ?C0142
001D E5FD              MOV     A,INT_REG3
001F 30E404            JNB     ACC.4,?C0134
0022 7F01              MOV     R7,#01H
0024 8002              SJMP    ?C0135
0026         ?C0134:
0026 7F00              MOV     R7,#00H
0028         ?C0135:
0028 EF                MOV     A,R7
0029 7043              JNZ     ?C0142
002B E5FD              MOV     A,INT_REG3
002D 30E504            JNB     ACC.5,?C0136
0030 7F01              MOV     R7,#01H
0032 8002              SJMP    ?C0137
0034         ?C0136:
0034 7F00              MOV     R7,#00H
0036         ?C0137:
0036 EF                MOV     A,R7
0037 7035              JNZ     ?C0142
0039 90E0F9            MOV     DPTR,#0E0F9H
003C E0                MOVX    A,@DPTR
003D FF                MOV     R7,A
003E EF                MOV     A,R7
003F C4                SWAP    A
0040 13                RRC     A
0041 13                RRC     A
0042 5403              ANL     A,#03H
0044 FF                MOV     R7,A
0045 EF                MOV     A,R7
0046 30E004            JNB     ACC.0,?C0138
0049 7F01              MOV     R7,#01H
004B 8002              SJMP    ?C0139
004D         ?C0138:
004D 7F00              MOV     R7,#00H
004F         ?C0139:
004F 90E0F9            MOV     DPTR,#0E0F9H
0052 E0                MOVX    A,@DPTR
0053 FE                MOV     R6,A
0054 EE                MOV     A,R6
0055 C4                SWAP    A
0056 13                RRC     A
0057 13                RRC     A
0058 13                RRC     A
0059 5401              ANL     A,#01H
005B FE                MOV     R6,A
005C EE                MOV     A,R6
C51 COMPILER V9.54   INTERRUPT                                                             07/30/2019 03:40:46 PAGE 31  

005D 30E004            JNB     ACC.0,?C0140
0060 7E01              MOV     R6,#01H
0062 8002              SJMP    ?C0141
0064         ?C0140:
0064 7E00              MOV     R6,#00H
0066         ?C0141:
0066 EE                MOV     A,R6
0067 4F                ORL     A,R7
0068 FF                MOV     R7,A
0069 EF                MOV     A,R7
006A 7002              JNZ     ?C0142
                                           ; SOURCE LINE # 349
006C C2C4              CLR     IEX5
006E         ?C0131:
                                           ; SOURCE LINE # 350
006E         ?C0142:
006E D007              POP     AR7
0070 D006              POP     AR6
0072 D0D0              POP     PSW
0074 D082              POP     DPL
0076 D083              POP     DPH
0078 D0E0              POP     ACC
007A 32                RETI    
             ; FUNCTION eFlashInterrupt (END)

             ; FUNCTION RTCInterrupt (BEGIN)
0000 C0E0              PUSH    ACC
0002 C0D0              PUSH    PSW
0004 75D000            MOV     PSW,#00H
0007 C007              PUSH    AR7
                                           ; SOURCE LINE # 355
                                           ; SOURCE LINE # 360
0009 53FEFE            ANL     INT_REG4,#0FEH
                                           ; SOURCE LINE # 361
000C E5FE              MOV     A,INT_REG4
000E 30E004            JNB     ACC.0,?C0144
0011 7F01              MOV     R7,#01H
0013 8002              SJMP    ?C0145
0015         ?C0144:
0015 7F00              MOV     R7,#00H
0017         ?C0145:
0017 EF                MOV     A,R7
0018 703A              JNZ     ?C0154
001A E5FE              MOV     A,INT_REG4
001C 30E104            JNB     ACC.1,?C0146
001F 7F01              MOV     R7,#01H
0021 8002              SJMP    ?C0147
0023         ?C0146:
0023 7F00              MOV     R7,#00H
0025         ?C0147:
0025 EF                MOV     A,R7
0026 702C              JNZ     ?C0154
0028 E5FE              MOV     A,INT_REG4
002A 30E204            JNB     ACC.2,?C0148
002D 7F01              MOV     R7,#01H
002F 8002              SJMP    ?C0149
0031         ?C0148:
0031 7F00              MOV     R7,#00H
0033         ?C0149:
0033 EF                MOV     A,R7
0034 701E              JNZ     ?C0154
0036 E5FE              MOV     A,INT_REG4
C51 COMPILER V9.54   INTERRUPT                                                             07/30/2019 03:40:46 PAGE 32  

0038 30E304            JNB     ACC.3,?C0150
003B 7F01              MOV     R7,#01H
003D 8002              SJMP    ?C0151
003F         ?C0150:
003F 7F00              MOV     R7,#00H
0041         ?C0151:
0041 EF                MOV     A,R7
0042 7010              JNZ     ?C0154
0044 E593              MOV     A,BPCTRL
0046 30E704            JNB     ACC.7,?C0152
0049 7F01              MOV     R7,#01H
004B 8002              SJMP    ?C0153
004D         ?C0152:
004D 7F00              MOV     R7,#00H
004F         ?C0153:
004F EF                MOV     A,R7
0050 7002              JNZ     ?C0154
                                           ; SOURCE LINE # 362
0052 C2C5              CLR     IEX6
0054         ?C0143:
                                           ; SOURCE LINE # 365
0054         ?C0154:
0054 D007              POP     AR7
0056 D0D0              POP     PSW
0058 D0E0              POP     ACC
005A 32                RETI    
             ; FUNCTION RTCInterrupt (END)

             ; FUNCTION LDV18Interrupt (BEGIN)
0000 C0E0              PUSH    ACC
0002 C0D0              PUSH    PSW
0004 75D000            MOV     PSW,#00H
0007 C007              PUSH    AR7
                                           ; SOURCE LINE # 368
                                           ; SOURCE LINE # 371
0009 53FEFC            ANL     INT_REG4,#0FCH
                                           ; SOURCE LINE # 372
000C E5FE              MOV     A,INT_REG4
000E 30E004            JNB     ACC.0,?C0156
0011 7F01              MOV     R7,#01H
0013 8002              SJMP    ?C0157
0015         ?C0156:
0015 7F00              MOV     R7,#00H
0017         ?C0157:
0017 EF                MOV     A,R7
0018 703A              JNZ     ?C0166
001A E5FE              MOV     A,INT_REG4
001C 30E104            JNB     ACC.1,?C0158
001F 7F01              MOV     R7,#01H
0021 8002              SJMP    ?C0159
0023         ?C0158:
0023 7F00              MOV     R7,#00H
0025         ?C0159:
0025 EF                MOV     A,R7
0026 702C              JNZ     ?C0166
0028 E5FE              MOV     A,INT_REG4
002A 30E204            JNB     ACC.2,?C0160
002D 7F01              MOV     R7,#01H
002F 8002              SJMP    ?C0161
0031         ?C0160:
0031 7F00              MOV     R7,#00H
0033         ?C0161:
C51 COMPILER V9.54   INTERRUPT                                                             07/30/2019 03:40:46 PAGE 33  

0033 EF                MOV     A,R7
0034 701E              JNZ     ?C0166
0036 E5FE              MOV     A,INT_REG4
0038 30E304            JNB     ACC.3,?C0162
003B 7F01              MOV     R7,#01H
003D 8002              SJMP    ?C0163
003F         ?C0162:
003F 7F00              MOV     R7,#00H
0041         ?C0163:
0041 EF                MOV     A,R7
0042 7010              JNZ     ?C0166
0044 E593              MOV     A,BPCTRL
0046 30E704            JNB     ACC.7,?C0164
0049 7F01              MOV     R7,#01H
004B 8002              SJMP    ?C0165
004D         ?C0164:
004D 7F00              MOV     R7,#00H
004F         ?C0165:
004F EF                MOV     A,R7
0050 7002              JNZ     ?C0166
                                           ; SOURCE LINE # 373
0052 C2C5              CLR     IEX6
0054         ?C0155:
                                           ; SOURCE LINE # 376
0054         ?C0166:
0054 D007              POP     AR7
0056 D0D0              POP     PSW
0058 D0E0              POP     ACC
005A 32                RETI    
             ; FUNCTION LDV18Interrupt (END)

             ; FUNCTION LDV33Interrupt (BEGIN)
0000 C0E0              PUSH    ACC
0002 C0D0              PUSH    PSW
0004 75D000            MOV     PSW,#00H
0007 C007              PUSH    AR7
                                           ; SOURCE LINE # 378
                                           ; SOURCE LINE # 381
0009 53FEF8            ANL     INT_REG4,#0F8H
                                           ; SOURCE LINE # 383
000C E5FE              MOV     A,INT_REG4
000E 30E004            JNB     ACC.0,?C0168
0011 7F01              MOV     R7,#01H
0013 8002              SJMP    ?C0169
0015         ?C0168:
0015 7F00              MOV     R7,#00H
0017         ?C0169:
0017 EF                MOV     A,R7
0018 703A              JNZ     ?C0178
001A E5FE              MOV     A,INT_REG4
001C 30E104            JNB     ACC.1,?C0170
001F 7F01              MOV     R7,#01H
0021 8002              SJMP    ?C0171
0023         ?C0170:
0023 7F00              MOV     R7,#00H
0025         ?C0171:
0025 EF                MOV     A,R7
0026 702C              JNZ     ?C0178
0028 E5FE              MOV     A,INT_REG4
002A 30E204            JNB     ACC.2,?C0172
002D 7F01              MOV     R7,#01H
002F 8002              SJMP    ?C0173
C51 COMPILER V9.54   INTERRUPT                                                             07/30/2019 03:40:46 PAGE 34  

0031         ?C0172:
0031 7F00              MOV     R7,#00H
0033         ?C0173:
0033 EF                MOV     A,R7
0034 701E              JNZ     ?C0178
0036 E5FE              MOV     A,INT_REG4
0038 30E304            JNB     ACC.3,?C0174
003B 7F01              MOV     R7,#01H
003D 8002              SJMP    ?C0175
003F         ?C0174:
003F 7F00              MOV     R7,#00H
0041         ?C0175:
0041 EF                MOV     A,R7
0042 7010              JNZ     ?C0178
0044 E593              MOV     A,BPCTRL
0046 30E704            JNB     ACC.7,?C0176
0049 7F01              MOV     R7,#01H
004B 8002              SJMP    ?C0177
004D         ?C0176:
004D 7F00              MOV     R7,#00H
004F         ?C0177:
004F EF                MOV     A,R7
0050 7002              JNZ     ?C0178
                                           ; SOURCE LINE # 384
0052 C2C5              CLR     IEX6
0054         ?C0167:
                                           ; SOURCE LINE # 386
0054         ?C0178:
0054 D007              POP     AR7
0056 D0D0              POP     PSW
0058 D0E0              POP     ACC
005A 32                RETI    
             ; FUNCTION LDV33Interrupt (END)

             ; FUNCTION UART1Interrupt (BEGIN)
                                           ; SOURCE LINE # 395
                                           ; SOURCE LINE # 396
                                           ; SOURCE LINE # 397
0000 309802            JNB     RI0,?C0179
                                           ; SOURCE LINE # 398
                                           ; SOURCE LINE # 399
0003 C298              CLR     RI0
                                           ; SOURCE LINE # 400
0005         ?C0179:
                                           ; SOURCE LINE # 402
0005 309902            JNB     TI0,?C0181
                                           ; SOURCE LINE # 403
                                           ; SOURCE LINE # 404
0008 C299              CLR     TI0
                                           ; SOURCE LINE # 405
000A         ?C0180:
                                           ; SOURCE LINE # 406
000A         ?C0181:
000A 22                RET     
             ; FUNCTION UART1Interrupt (END)

             ; FUNCTION UART2Interrupt (BEGIN)
0000 C0E0              PUSH    ACC
                                           ; SOURCE LINE # 408
                                           ; SOURCE LINE # 411
0002 E59B              MOV     A,S1CON
0004 30E003            JNB     ACC.0,?C0182
C51 COMPILER V9.54   INTERRUPT                                                             07/30/2019 03:40:46 PAGE 35  

                                           ; SOURCE LINE # 412
                                           ; SOURCE LINE # 413
0007 539BFE            ANL     S1CON,#0FEH
                                           ; SOURCE LINE # 418
000A         ?C0182:
                                           ; SOURCE LINE # 421
000A E59B              MOV     A,S1CON
000C 30E103            JNB     ACC.1,?C0184
                                           ; SOURCE LINE # 422
                                           ; SOURCE LINE # 423
000F 539BFD            ANL     S1CON,#0FDH
                                           ; SOURCE LINE # 424
0012         ?C0183:
                                           ; SOURCE LINE # 425
0012         ?C0184:
0012 D0E0              POP     ACC
0014 32                RETI    
             ; FUNCTION UART2Interrupt (END)

             ; FUNCTION ADCInterrupt (BEGIN)
0000 C0E0              PUSH    ACC
0002 C083              PUSH    DPH
0004 C082              PUSH    DPL
0006 C0D0              PUSH    PSW
0008 75D000            MOV     PSW,#00H
000B C006              PUSH    AR6
000D C007              PUSH    AR7
                                           ; SOURCE LINE # 427
                                           ; SOURCE LINE # 431
000F 90E05B            MOV     DPTR,#0E05BH
0012 E0                MOVX    A,@DPTR
0013 FF                MOV     R7,A
0014 EF                MOV     A,R7
0015 30E00D            JNB     ACC.0,?C0185
                                           ; SOURCE LINE # 432
                                           ; SOURCE LINE # 433
0018 90E05B            MOV     DPTR,#0E05BH
001B E0                MOVX    A,@DPTR
001C FF                MOV     R7,A
001D EF                MOV     A,R7
001E 54FE              ANL     A,#0FEH
0020 FF                MOV     R7,A
0021 EF                MOV     A,R7
0022 F0                MOVX    @DPTR,A
                                           ; SOURCE LINE # 434
0023 C2C0              CLR     IADC
                                           ; SOURCE LINE # 435
0025         ?C0185:
                                           ; SOURCE LINE # 437
0025 90E072            MOV     DPTR,#0E072H
0028 E0                MOVX    A,@DPTR
0029 FE                MOV     R6,A
002A A3                INC     DPTR
002B E0                MOVX    A,@DPTR
002C FF                MOV     R7,A
002D 900000      E     MOV     DPTR,#ADresult
0030 EE                MOV     A,R6
0031 F0                MOVX    @DPTR,A
0032 A3                INC     DPTR
0033 EF                MOV     A,R7
0034 F0                MOVX    @DPTR,A
                                           ; SOURCE LINE # 440
C51 COMPILER V9.54   INTERRUPT                                                             07/30/2019 03:40:46 PAGE 36  

0035         ?C0186:
0035 D007              POP     AR7
0037 D006              POP     AR6
0039 D0D0              POP     PSW
003B D082              POP     DPL
003D D083              POP     DPH
003F D0E0              POP     ACC
0041 32                RETI    
             ; FUNCTION ADCInterrupt (END)



MODULE INFORMATION:   STATIC OVERLAYABLE
   CODE SIZE        =   2163    ----
   CONSTANT SIZE    =   ----    ----
   XDATA SIZE       =   ----    ----
   PDATA SIZE       =   ----    ----
   DATA SIZE        =   ----    ----
   IDATA SIZE       =   ----    ----
   BIT SIZE         =   ----    ----
END OF MODULE INFORMATION.


C51 COMPILATION COMPLETE.  0 WARNING(S),  0 ERROR(S)
