C51 COMPILER V9.53.0.0   INTERRUPT                                                         10/05/2018 04:20:41 PAGE 1   


C51 COMPILER V9.53.0.0, COMPILATION OF MODULE INTERRUPT
OBJECT MODULE PLACED IN .\OUTPUT\interrupt.obj
COMPILER INVOKED BY: C:\Keil\C51\BIN\C51.EXE SRC\interrupt.c OPTIMIZE(0,SPEED) REGFILE(.\OUTPUT\motor.ORC) BROWSE INTVEC
                    -TOR(0X2000) INCDIR(.\INC) DEBUG OBJECTEXTEND CODE PRINT(.\files\interrupt.lst) TABS(2) OBJECT(.\OUTPUT\interrupt.obj)

line level    source

   1          #include "register.h"
   2          #include <intrins.h>
   3          #include "app.h"
   4          #include "initial.h"
   5          
   6          
   7          /*interrupt number
   8           EXT1-4     0
   9           
  10           
  11          
  12           TIMER0     1
  13           TIMER1     3
  14           UART0      4
  15           ADC        8
  16           UART1      16
  17           
  18           COMP1      22
  19           TIMER3     23
  20           
  21           ePWM1-3    9
  22          
  23           ePMW4      20
  24           Timer5     21
  25           
  26           Timer6     24
  27           I2C        25
  28           SPI        26
  29           eFlash     27
  30           
  31           
  32          
  33          
  34          */
  35          
  36          
  37          void EXT1234Interrupt (void)  interrupt 0
  38          {
  39   1        
  40   1        if (EXT(1)==1)
  41   1        {
  42   2          
  43   2          CLR_EXT(1);
  44   2        }
  45   1        
  46   1        
  47   1        if (EXT(2)==1)  
  48   1        {
  49   2                P26=~P26;
  50   2          CLR_EXT(2);
  51   2        }
  52   1        
  53   1        
  54   1        if (EXT(3)==1)
C51 COMPILER V9.53.0.0   INTERRUPT                                                         10/05/2018 04:20:41 PAGE 2   

  55   1        {
  56   2          CLR_EXT(3);
  57   2        }
  58   1        
  59   1      
  60   1        if (EXT(4)==1)
  61   1        {
  62   2          
  63   2          CLR_EXT(4);
  64   2        }
  65   1        
  66   1        if ((EXT(1)==0)&&(EXT(2)==0)&&(EXT(3)==0)&&(EXT(4)==0))
  67   1          IE0=0;
  68   1      
  69   1      }
  70          
  71          
  72          
  73          
  74          
  75          
  76          
  77          /*  Timer interrupt   **/
  78          
  79          
  80          void TIMER0Interrupt(void)  interrupt 1
  81          {
  82   1       
  83   1          TF0=0;
  84   1          P26= ~P26;
  85   1        
  86   1      }
  87          
  88          void TIMER1Interrupt(void)  interrupt 3
  89          {
  90   1        
  91   1        
  92   1        TF1=0;
  93   1      }
  94          
  95          void TIMER3Interrupt(void)  interrupt 23
  96          {
  97   1        CLR_T3_INT()  ;
  98   1        T3TF=0;
  99   1        T3EXF=0;
 100   1        
 101   1        P26= ~P26;
 102   1        
 103   1        if ((T3_INT==0)&&(CP1_INT==0))
 104   1          IE1=0;
 105   1      }
 106          
 107          void TIMER4Interrupt(void)  interrupt 17
 108          {
 109   1        
 110   1        
 111   1        
 112   1        T4TF=0;
 113   1        T4EXF=0;
 114   1        CLR_T4_INT();
 115   1      
 116   1        
C51 COMPILER V9.53.0.0   INTERRUPT                                                         10/05/2018 04:20:41 PAGE 3   

 117   1        P26= ~P26;
 118   1        
 119   1        if ((RTC_INT==0)&&(LDV18_INT==0)&&(LDV33_INT==0)&&(T4_INT==0))
 120   1            IEX6=0;
 121   1        
 122   1        
 123   1      }
 124          
 125          void TIMER5Interrupt(void)  interrupt 21
 126          {
 127   1      
 128   1        T5TF=0;
 129   1        T5EXF=0;
 130   1      
 131   1        
 132   1        P26= ~P26;
 133   1        if ((T5_INT==0)&&(EPWM_INT(4)==0))
 134   1          IEX3=0;
 135   1        
 136   1        
 137   1      }
 138          void TIMER6Interrupt(void)  interrupt 24
 139          {
 140   1      
 141   1        T6TF=0;
 142   1        T6EXF=0;
 143   1        
 144   1        if ((I2C_INT==0)&&(SPI_INT==0)&&(EFLASH_INT==0)&&(T6_INT==0))
 145   1          IEX5=0;
 146   1        P26=~P26;
 147   1        
 148   1      }
 149          
 150          
 151          
 152          
 153          /*     EPWM interrupt */
 154          
 155          void ePWM123Interrupt(void) interrupt 9
 156          {
 157   1        if (EPWM_INT(1)==1)
 158   1        {
 159   2          
 160   2          
 161   2          
 162   2          CLR_EPWM_INT(1);
 163   2        }
 164   1      
 165   1        
 166   1        if (EPWM_INT(2)==1)
 167   1        {
 168   2          
 169   2          
 170   2          
 171   2          
 172   2          
 173   2          CLR_EPWM_INT(2);
 174   2        }
 175   1        
 176   1        
 177   1        if (EPWM_INT(3)==1)
 178   1        {
C51 COMPILER V9.53.0.0   INTERRUPT                                                         10/05/2018 04:20:41 PAGE 4   

 179   2          
 180   2          CLR_EPWM_INT(3);
 181   2        }
 182   1        
 183   1        if ((EPWM_INT(1)==0)&&(EPWM_INT(2)==0)&&(EPWM_INT(3)==0))
 184   1          IEX2=0;
 185   1        
 186   1      }
 187          
 188          
 189          void ePWM4Interrupt(void)  interrupt 20
 190          {
 191   1      
 192   1        
 193   1        CLR_EPWM_INT(4);
 194   1        if ((T5_INT==0)&&(EPWM_INT(4)==0))
 195   1            IEX3=0;
 196   1        
 197   1      }
 198          
 199          
 200          
 201          
 202          
 203          /* comparator interrupt */
 204          
 205          void Comp1Interrupt(void) interrupt 22
 206            
 207          {
 208   1        
 209   1        
 210   1        
 211   1        CLR_CP1_INT();    
 212   1        
 213   1        if ((T3_INT==0)&&(CP1_INT==0))
 214   1            IE1=0;
 215   1      }
 216          
 217          
 218          void  Comp234Interrupt(void) interrupt 11
 219          
 220          {
 221   1        
 222   1        
 223   1        if (CP2_INT==1)
 224   1      
 225   1          {
 226   2          
 227   2            CLR_CP2_INT();      
 228   2          }
 229   1          
 230   1          if (CP3_INT==1)
 231   1      
 232   1          {
 233   2          
 234   2              CLR_CP3_INT();      
 235   2          }
 236   1                
 237   1          if (CP4_INT==1)
 238   1      
 239   1          {
 240   2          
C51 COMPILER V9.53.0.0   INTERRUPT                                                         10/05/2018 04:20:41 PAGE 5   

 241   2            CLR_CP4_INT();      
 242   2          }
 243   1          
 244   1          if ((CP2_INT==0)&&(CP3_INT==0)&&(CP4_INT==0))
 245   1              IEX4=0;
 246   1            
 247   1        }
 248          
 249          
 250          
 251            /*  serial communication  */
 252          
 253          void I2CInterrupt(void)  interrupt 25
 254          {
 255   1      
 256   1        CLR_I2C_INT();
 257   1        
 258   1        if ((I2C_INT==0)&&(SPI_INT==0)&&(EFLASH_INT==0)&&(T6_INT==0))
 259   1          IEX5=0;
 260   1      }
 261          
 262          void SPIInterrupt(void)  interrupt 26
 263          {
 264   1      
 265   1        CLR_SPI_INT();
 266   1        if ((I2C_INT==0)&&(SPI_INT==0)&&(EFLASH_INT==0)&&(T6_INT==0))
 267   1          IEX5=0;
 268   1      }
 269          
 270          void eFlashInterrupt(void)  interrupt 27
 271          {
 272   1      
 273   1        CLR_EFLASH_INT();
 274   1        if ((I2C_INT==0)&&(SPI_INT==0)&&(EFLASH_INT==0)&&(T6_INT==0))
 275   1          IEX5=0;
 276   1      }
 277          
 278          
 279          /*  voltage detect, RTC  */
 280          
 281          void RTCInterrupt(void) interrupt 28
 282          {
 283   1        
 284   1        
 285   1        
 286   1        CLR_RTC_INT();
 287   1        if ((RTC_INT==0)&&(LDV18_INT==0)&&(LDV33_INT==0)&&(T4_INT==0))
 288   1          IEX6=0;
 289   1      }
 290            
 291          
 292          void LDV18Interrupt(void) interrupt 29
 293          {
 294   1        
 295   1        CLR_LDV18_INT();
 296   1        if ((RTC_INT==0)&&(LDV18_INT==0)&&(LDV33_INT==0)&&(T4_INT==0))
 297   1          IEX6=0;
 298   1      }
 299          
 300          void LDV33Interrupt(void) interrupt 30
 301          {
 302   1        
C51 COMPILER V9.53.0.0   INTERRUPT                                                         10/05/2018 04:20:41 PAGE 6   

 303   1        CLR_LDV33_INT();
 304   1        if ((RTC_INT==0)&&(LDV18_INT==0)&&(LDV33_INT==0)&&(T4_INT==0))
 305   1          IEX6=0;
 306   1      }
 307          
 308          
 309          
 310          
 311          
 312          /* debug and UART port */
 313            
 314          
 315          void UART1Interrupt(void) //interrupt 4
 316          {
 317   1          if(RI0 == 1)
 318   1          {
 319   2              RI0 = 0;
 320   2          }
 321   1      
 322   1          if(TI0 == 1)
 323   1          {
 324   2             TI0 = 0;
 325   2          }
 326   1      }
 327          
 328          void UART2Interrupt(void) interrupt 16
 329          {
 330   1          //receive
 331   1          if((S1CON & 0x01) == 0x01)
 332   1          {
 333   2              S1CON &= 0xfe;
 334   2      //        ucUARTReceiver = S1BUF;
 335   2      //        ucUARTReceiver++;
 336   2      //        ucUARTReceiver++;
 337   2      //        ucReceiveFlag = 1;
 338   2          }
 339   1      
 340   1          //transmit
 341   1          if((S1CON & 0x02) == 0x02)
 342   1          {
 343   2              S1CON &= 0xfd;
 344   2          }
 345   1      }
 346          
 347          void ADCInterrupt(void) interrupt 8
 348          {
 349   1         
 350   1        
 351   1        IADC = 0;             //clr the interrupt flag
 352   1      }
C51 COMPILER V9.53.0.0   INTERRUPT                                                         10/05/2018 04:20:41 PAGE 7   

ASSEMBLY LISTING OF GENERATED OBJECT CODE


             ; FUNCTION EXT1234Interrupt (BEGIN)
0000 C0E0              PUSH    ACC
0002 C0D0              PUSH    PSW
0004 75D000            MOV     PSW,#00H
0007 C007              PUSH    AR7
                                           ; SOURCE LINE # 37
                                           ; SOURCE LINE # 40
0009 E5F9              MOV     A,INT_REG1
000B 30E004            JNB     ACC.0,?C0002
000E 7F01              MOV     R7,#01H
0010 8002              SJMP    ?C0003
0012         ?C0002:
0012 7F00              MOV     R7,#00H
0014         ?C0003:
0014 EF                MOV     A,R7
0015 B40103            CJNE    A,#01H,?C0001
                                           ; SOURCE LINE # 41
                                           ; SOURCE LINE # 43
0018 53F9FE            ANL     INT_REG1,#0FEH
                                           ; SOURCE LINE # 44
001B         ?C0001:
                                           ; SOURCE LINE # 47
001B E5F9              MOV     A,INT_REG1
001D 30E104            JNB     ACC.1,?C0005
0020 7F01              MOV     R7,#01H
0022 8002              SJMP    ?C0006
0024         ?C0005:
0024 7F00              MOV     R7,#00H
0026         ?C0006:
0026 EF                MOV     A,R7
0027 B40105            CJNE    A,#01H,?C0004
                                           ; SOURCE LINE # 48
                                           ; SOURCE LINE # 49
002A B2A6              CPL     P26
                                           ; SOURCE LINE # 50
002C 53F9FC            ANL     INT_REG1,#0FCH
                                           ; SOURCE LINE # 51
002F         ?C0004:
                                           ; SOURCE LINE # 54
002F E5F9              MOV     A,INT_REG1
0031 30E204            JNB     ACC.2,?C0008
0034 7F01              MOV     R7,#01H
0036 8002              SJMP    ?C0009
0038         ?C0008:
0038 7F00              MOV     R7,#00H
003A         ?C0009:
003A EF                MOV     A,R7
003B B40103            CJNE    A,#01H,?C0007
                                           ; SOURCE LINE # 55
                                           ; SOURCE LINE # 56
003E 53F9F8            ANL     INT_REG1,#0F8H
                                           ; SOURCE LINE # 57
0041         ?C0007:
                                           ; SOURCE LINE # 60
0041 E5F9              MOV     A,INT_REG1
0043 30E304            JNB     ACC.3,?C0011
0046 7F01              MOV     R7,#01H
0048 8002              SJMP    ?C0012
004A         ?C0011:
C51 COMPILER V9.53.0.0   INTERRUPT                                                         10/05/2018 04:20:41 PAGE 8   

004A 7F00              MOV     R7,#00H
004C         ?C0012:
004C EF                MOV     A,R7
004D B40103            CJNE    A,#01H,?C0010
                                           ; SOURCE LINE # 61
                                           ; SOURCE LINE # 63
0050 53F9F0            ANL     INT_REG1,#0F0H
                                           ; SOURCE LINE # 64
0053         ?C0010:
                                           ; SOURCE LINE # 66
0053 E5F9              MOV     A,INT_REG1
0055 30E004            JNB     ACC.0,?C0014
0058 7F01              MOV     R7,#01H
005A 8002              SJMP    ?C0015
005C         ?C0014:
005C 7F00              MOV     R7,#00H
005E         ?C0015:
005E EF                MOV     A,R7
005F 702C              JNZ     ?C0022
0061 E5F9              MOV     A,INT_REG1
0063 30E104            JNB     ACC.1,?C0016
0066 7F01              MOV     R7,#01H
0068 8002              SJMP    ?C0017
006A         ?C0016:
006A 7F00              MOV     R7,#00H
006C         ?C0017:
006C EF                MOV     A,R7
006D 701E              JNZ     ?C0022
006F E5F9              MOV     A,INT_REG1
0071 30E204            JNB     ACC.2,?C0018
0074 7F01              MOV     R7,#01H
0076 8002              SJMP    ?C0019
0078         ?C0018:
0078 7F00              MOV     R7,#00H
007A         ?C0019:
007A EF                MOV     A,R7
007B 7010              JNZ     ?C0022
007D E5F9              MOV     A,INT_REG1
007F 30E304            JNB     ACC.3,?C0020
0082 7F01              MOV     R7,#01H
0084 8002              SJMP    ?C0021
0086         ?C0020:
0086 7F00              MOV     R7,#00H
0088         ?C0021:
0088 EF                MOV     A,R7
0089 7002              JNZ     ?C0022
                                           ; SOURCE LINE # 67
008B C289              CLR     IE0
008D         ?C0013:
                                           ; SOURCE LINE # 69
008D         ?C0022:
008D D007              POP     AR7
008F D0D0              POP     PSW
0091 D0E0              POP     ACC
0093 32                RETI    
             ; FUNCTION EXT1234Interrupt (END)

             ; FUNCTION TIMER0Interrupt (BEGIN)
                                           ; SOURCE LINE # 80
                                           ; SOURCE LINE # 83
0000 C28D              CLR     TF0
                                           ; SOURCE LINE # 84
C51 COMPILER V9.53.0.0   INTERRUPT                                                         10/05/2018 04:20:41 PAGE 9   

0002 B2A6              CPL     P26
                                           ; SOURCE LINE # 86
0004         ?C0023:
0004 32                RETI    
             ; FUNCTION TIMER0Interrupt (END)

             ; FUNCTION TIMER1Interrupt (BEGIN)
                                           ; SOURCE LINE # 88
                                           ; SOURCE LINE # 92
0000 C28F              CLR     TF1
                                           ; SOURCE LINE # 93
0002         ?C0024:
0002 32                RETI    
             ; FUNCTION TIMER1Interrupt (END)

             ; FUNCTION TIMER3Interrupt (BEGIN)
0000 C0E0              PUSH    ACC
0002 C083              PUSH    DPH
0004 C082              PUSH    DPL
0006 C0D0              PUSH    PSW
0008 75D000            MOV     PSW,#00H
000B C007              PUSH    AR7
                                           ; SOURCE LINE # 95
                                           ; SOURCE LINE # 97
000D 53F9E0            ANL     INT_REG1,#0E0H
                                           ; SOURCE LINE # 98
0010 90E0C8            MOV     DPTR,#0E0C8H
0013 E0                MOVX    A,@DPTR
0014 FF                MOV     R7,A
0015 EF                MOV     A,R7
0016 547F              ANL     A,#07FH
0018 FF                MOV     R7,A
0019 EF                MOV     A,R7
001A F0                MOVX    @DPTR,A
                                           ; SOURCE LINE # 99
001B 90E0C8            MOV     DPTR,#0E0C8H
001E E0                MOVX    A,@DPTR
001F FF                MOV     R7,A
0020 EF                MOV     A,R7
0021 54BF              ANL     A,#0BFH
0023 FF                MOV     R7,A
0024 EF                MOV     A,R7
0025 F0                MOVX    @DPTR,A
                                           ; SOURCE LINE # 101
0026 B2A6              CPL     P26
                                           ; SOURCE LINE # 103
0028 E5F9              MOV     A,INT_REG1
002A 30E404            JNB     ACC.4,?C0026
002D 7F01              MOV     R7,#01H
002F 8002              SJMP    ?C0027
0031         ?C0026:
0031 7F00              MOV     R7,#00H
0033         ?C0027:
0033 EF                MOV     A,R7
0034 7010              JNZ     ?C0030
0036 E5F9              MOV     A,INT_REG1
0038 30E504            JNB     ACC.5,?C0028
003B 7F01              MOV     R7,#01H
003D 8002              SJMP    ?C0029
003F         ?C0028:
003F 7F00              MOV     R7,#00H
0041         ?C0029:
C51 COMPILER V9.53.0.0   INTERRUPT                                                         10/05/2018 04:20:41 PAGE 10  

0041 EF                MOV     A,R7
0042 7002              JNZ     ?C0030
                                           ; SOURCE LINE # 104
0044 C28B              CLR     IE1
0046         ?C0025:
                                           ; SOURCE LINE # 105
0046         ?C0030:
0046 D007              POP     AR7
0048 D0D0              POP     PSW
004A D082              POP     DPL
004C D083              POP     DPH
004E D0E0              POP     ACC
0050 32                RETI    
             ; FUNCTION TIMER3Interrupt (END)

             ; FUNCTION TIMER4Interrupt (BEGIN)
0000 C0E0              PUSH    ACC
0002 C083              PUSH    DPH
0004 C082              PUSH    DPL
0006 C0D0              PUSH    PSW
0008 75D000            MOV     PSW,#00H
000B C007              PUSH    AR7
                                           ; SOURCE LINE # 107
                                           ; SOURCE LINE # 112
000D 90E0CE            MOV     DPTR,#0E0CEH
0010 E0                MOVX    A,@DPTR
0011 FF                MOV     R7,A
0012 EF                MOV     A,R7
0013 547F              ANL     A,#07FH
0015 FF                MOV     R7,A
0016 EF                MOV     A,R7
0017 F0                MOVX    @DPTR,A
                                           ; SOURCE LINE # 113
0018 90E0CE            MOV     DPTR,#0E0CEH
001B E0                MOVX    A,@DPTR
001C FF                MOV     R7,A
001D EF                MOV     A,R7
001E 54BF              ANL     A,#0BFH
0020 FF                MOV     R7,A
0021 EF                MOV     A,R7
0022 F0                MOVX    @DPTR,A
                                           ; SOURCE LINE # 114
0023 53FEF0            ANL     INT_REG4,#0F0H
                                           ; SOURCE LINE # 117
0026 B2A6              CPL     P26
                                           ; SOURCE LINE # 119
0028 E5FE              MOV     A,INT_REG4
002A 30E004            JNB     ACC.0,?C0032
002D 7F01              MOV     R7,#01H
002F 8002              SJMP    ?C0033
0031         ?C0032:
0031 7F00              MOV     R7,#00H
0033         ?C0033:
0033 EF                MOV     A,R7
0034 702C              JNZ     ?C0040
0036 E5FE              MOV     A,INT_REG4
0038 30E104            JNB     ACC.1,?C0034
003B 7F01              MOV     R7,#01H
003D 8002              SJMP    ?C0035
003F         ?C0034:
003F 7F00              MOV     R7,#00H
0041         ?C0035:
C51 COMPILER V9.53.0.0   INTERRUPT                                                         10/05/2018 04:20:41 PAGE 11  

0041 EF                MOV     A,R7
0042 701E              JNZ     ?C0040
0044 E5FE              MOV     A,INT_REG4
0046 30E204            JNB     ACC.2,?C0036
0049 7F01              MOV     R7,#01H
004B 8002              SJMP    ?C0037
004D         ?C0036:
004D 7F00              MOV     R7,#00H
004F         ?C0037:
004F EF                MOV     A,R7
0050 7010              JNZ     ?C0040
0052 E5FE              MOV     A,INT_REG4
0054 30E304            JNB     ACC.3,?C0038
0057 7F01              MOV     R7,#01H
0059 8002              SJMP    ?C0039
005B         ?C0038:
005B 7F00              MOV     R7,#00H
005D         ?C0039:
005D EF                MOV     A,R7
005E 7002              JNZ     ?C0040
                                           ; SOURCE LINE # 120
0060 C2C5              CLR     IEX6
0062         ?C0031:
                                           ; SOURCE LINE # 123
0062         ?C0040:
0062 D007              POP     AR7
0064 D0D0              POP     PSW
0066 D082              POP     DPL
0068 D083              POP     DPH
006A D0E0              POP     ACC
006C 32                RETI    
             ; FUNCTION TIMER4Interrupt (END)

             ; FUNCTION TIMER5Interrupt (BEGIN)
0000 C0E0              PUSH    ACC
0002 C083              PUSH    DPH
0004 C082              PUSH    DPL
0006 C0D0              PUSH    PSW
0008 75D000            MOV     PSW,#00H
000B C006              PUSH    AR6
000D C007              PUSH    AR7
                                           ; SOURCE LINE # 125
                                           ; SOURCE LINE # 128
000F 90E0F3            MOV     DPTR,#0E0F3H
0012 E0                MOVX    A,@DPTR
0013 FF                MOV     R7,A
0014 EF                MOV     A,R7
0015 547F              ANL     A,#07FH
0017 FF                MOV     R7,A
0018 EF                MOV     A,R7
0019 F0                MOVX    @DPTR,A
                                           ; SOURCE LINE # 129
001A 90E0F3            MOV     DPTR,#0E0F3H
001D E0                MOVX    A,@DPTR
001E FF                MOV     R7,A
001F EF                MOV     A,R7
0020 54BF              ANL     A,#0BFH
0022 FF                MOV     R7,A
0023 EF                MOV     A,R7
0024 F0                MOVX    @DPTR,A
                                           ; SOURCE LINE # 132
0025 B2A6              CPL     P26
C51 COMPILER V9.53.0.0   INTERRUPT                                                         10/05/2018 04:20:41 PAGE 12  

                                           ; SOURCE LINE # 133
0027 90E0F3            MOV     DPTR,#0E0F3H
002A E0                MOVX    A,@DPTR
002B FF                MOV     R7,A
002C EF                MOV     A,R7
002D C4                SWAP    A
002E 13                RRC     A
002F 13                RRC     A
0030 5403              ANL     A,#03H
0032 FF                MOV     R7,A
0033 EF                MOV     A,R7
0034 30E004            JNB     ACC.0,?C0042
0037 7F01              MOV     R7,#01H
0039 8002              SJMP    ?C0043
003B         ?C0042:
003B 7F00              MOV     R7,#00H
003D         ?C0043:
003D 90E0F3            MOV     DPTR,#0E0F3H
0040 E0                MOVX    A,@DPTR
0041 FE                MOV     R6,A
0042 EE                MOV     A,R6
0043 C4                SWAP    A
0044 13                RRC     A
0045 13                RRC     A
0046 13                RRC     A
0047 5401              ANL     A,#01H
0049 FE                MOV     R6,A
004A EE                MOV     A,R6
004B 30E004            JNB     ACC.0,?C0044
004E 7E01              MOV     R6,#01H
0050 8002              SJMP    ?C0045
0052         ?C0044:
0052 7E00              MOV     R6,#00H
0054         ?C0045:
0054 EE                MOV     A,R6
0055 4F                ORL     A,R7
0056 FF                MOV     R7,A
0057 EF                MOV     A,R7
0058 7010              JNZ     ?C0048
005A E5FA              MOV     A,INT_REG2
005C 30E304            JNB     ACC.3,?C0046
005F 7F01              MOV     R7,#01H
0061 8002              SJMP    ?C0047
0063         ?C0046:
0063 7F00              MOV     R7,#00H
0065         ?C0047:
0065 EF                MOV     A,R7
0066 7002              JNZ     ?C0048
                                           ; SOURCE LINE # 134
0068 C2C2              CLR     IEX3
006A         ?C0041:
                                           ; SOURCE LINE # 137
006A         ?C0048:
006A D007              POP     AR7
006C D006              POP     AR6
006E D0D0              POP     PSW
0070 D082              POP     DPL
0072 D083              POP     DPH
0074 D0E0              POP     ACC
0076 32                RETI    
             ; FUNCTION TIMER5Interrupt (END)

C51 COMPILER V9.53.0.0   INTERRUPT                                                         10/05/2018 04:20:41 PAGE 13  

             ; FUNCTION TIMER6Interrupt (BEGIN)
0000 C0E0              PUSH    ACC
0002 C083              PUSH    DPH
0004 C082              PUSH    DPL
0006 C0D0              PUSH    PSW
0008 75D000            MOV     PSW,#00H
000B C006              PUSH    AR6
000D C007              PUSH    AR7
                                           ; SOURCE LINE # 138
                                           ; SOURCE LINE # 141
000F 90E0F9            MOV     DPTR,#0E0F9H
0012 E0                MOVX    A,@DPTR
0013 FF                MOV     R7,A
0014 EF                MOV     A,R7
0015 547F              ANL     A,#07FH
0017 FF                MOV     R7,A
0018 EF                MOV     A,R7
0019 F0                MOVX    @DPTR,A
                                           ; SOURCE LINE # 142
001A 90E0F9            MOV     DPTR,#0E0F9H
001D E0                MOVX    A,@DPTR
001E FF                MOV     R7,A
001F EF                MOV     A,R7
0020 54BF              ANL     A,#0BFH
0022 FF                MOV     R7,A
0023 EF                MOV     A,R7
0024 F0                MOVX    @DPTR,A
                                           ; SOURCE LINE # 144
0025 E5FD              MOV     A,INT_REG3
0027 30E304            JNB     ACC.3,?C0050
002A 7F01              MOV     R7,#01H
002C 8002              SJMP    ?C0051
002E         ?C0050:
002E 7F00              MOV     R7,#00H
0030         ?C0051:
0030 EF                MOV     A,R7
0031 7051              JNZ     ?C0049
0033 E5FD              MOV     A,INT_REG3
0035 30E404            JNB     ACC.4,?C0052
0038 7F01              MOV     R7,#01H
003A 8002              SJMP    ?C0053
003C         ?C0052:
003C 7F00              MOV     R7,#00H
003E         ?C0053:
003E EF                MOV     A,R7
003F 7043              JNZ     ?C0049
0041 E5FD              MOV     A,INT_REG3
0043 30E504            JNB     ACC.5,?C0054
0046 7F01              MOV     R7,#01H
0048 8002              SJMP    ?C0055
004A         ?C0054:
004A 7F00              MOV     R7,#00H
004C         ?C0055:
004C EF                MOV     A,R7
004D 7035              JNZ     ?C0049
004F 90E0F9            MOV     DPTR,#0E0F9H
0052 E0                MOVX    A,@DPTR
0053 FF                MOV     R7,A
0054 EF                MOV     A,R7
0055 C4                SWAP    A
0056 13                RRC     A
0057 13                RRC     A
C51 COMPILER V9.53.0.0   INTERRUPT                                                         10/05/2018 04:20:41 PAGE 14  

0058 5403              ANL     A,#03H
005A FF                MOV     R7,A
005B EF                MOV     A,R7
005C 30E004            JNB     ACC.0,?C0056
005F 7F01              MOV     R7,#01H
0061 8002              SJMP    ?C0057
0063         ?C0056:
0063 7F00              MOV     R7,#00H
0065         ?C0057:
0065 90E0F9            MOV     DPTR,#0E0F9H
0068 E0                MOVX    A,@DPTR
0069 FE                MOV     R6,A
006A EE                MOV     A,R6
006B C4                SWAP    A
006C 13                RRC     A
006D 13                RRC     A
006E 13                RRC     A
006F 5401              ANL     A,#01H
0071 FE                MOV     R6,A
0072 EE                MOV     A,R6
0073 30E004            JNB     ACC.0,?C0058
0076 7E01              MOV     R6,#01H
0078 8002              SJMP    ?C0059
007A         ?C0058:
007A 7E00              MOV     R6,#00H
007C         ?C0059:
007C EE                MOV     A,R6
007D 4F                ORL     A,R7
007E FF                MOV     R7,A
007F EF                MOV     A,R7
0080 7002              JNZ     ?C0049
                                           ; SOURCE LINE # 145
0082 C2C4              CLR     IEX5
0084         ?C0049:
                                           ; SOURCE LINE # 146
0084 B2A6              CPL     P26
                                           ; SOURCE LINE # 148
0086         ?C0060:
0086 D007              POP     AR7
0088 D006              POP     AR6
008A D0D0              POP     PSW
008C D082              POP     DPL
008E D083              POP     DPH
0090 D0E0              POP     ACC
0092 32                RETI    
             ; FUNCTION TIMER6Interrupt (END)

             ; FUNCTION ePWM123Interrupt (BEGIN)
0000 C0E0              PUSH    ACC
0002 C0D0              PUSH    PSW
0004 75D000            MOV     PSW,#00H
0007 C007              PUSH    AR7
                                           ; SOURCE LINE # 155
                                           ; SOURCE LINE # 157
0009 E5FA              MOV     A,INT_REG2
000B 30E004            JNB     ACC.0,?C0062
000E 7F01              MOV     R7,#01H
0010 8002              SJMP    ?C0063
0012         ?C0062:
0012 7F00              MOV     R7,#00H
0014         ?C0063:
0014 EF                MOV     A,R7
C51 COMPILER V9.53.0.0   INTERRUPT                                                         10/05/2018 04:20:41 PAGE 15  

0015 B40103            CJNE    A,#01H,?C0061
                                           ; SOURCE LINE # 158
                                           ; SOURCE LINE # 162
0018 53FAFE            ANL     INT_REG2,#0FEH
                                           ; SOURCE LINE # 163
001B         ?C0061:
                                           ; SOURCE LINE # 166
001B E5FA              MOV     A,INT_REG2
001D 30E104            JNB     ACC.1,?C0065
0020 7F01              MOV     R7,#01H
0022 8002              SJMP    ?C0066
0024         ?C0065:
0024 7F00              MOV     R7,#00H
0026         ?C0066:
0026 EF                MOV     A,R7
0027 B40103            CJNE    A,#01H,?C0064
                                           ; SOURCE LINE # 167
                                           ; SOURCE LINE # 173
002A 53FAFC            ANL     INT_REG2,#0FCH
                                           ; SOURCE LINE # 174
002D         ?C0064:
                                           ; SOURCE LINE # 177
002D E5FA              MOV     A,INT_REG2
002F 30E204            JNB     ACC.2,?C0068
0032 7F01              MOV     R7,#01H
0034 8002              SJMP    ?C0069
0036         ?C0068:
0036 7F00              MOV     R7,#00H
0038         ?C0069:
0038 EF                MOV     A,R7
0039 B40103            CJNE    A,#01H,?C0067
                                           ; SOURCE LINE # 178
                                           ; SOURCE LINE # 180
003C 53FAF8            ANL     INT_REG2,#0F8H
                                           ; SOURCE LINE # 181
003F         ?C0067:
                                           ; SOURCE LINE # 183
003F E5FA              MOV     A,INT_REG2
0041 30E004            JNB     ACC.0,?C0071
0044 7F01              MOV     R7,#01H
0046 8002              SJMP    ?C0072
0048         ?C0071:
0048 7F00              MOV     R7,#00H
004A         ?C0072:
004A EF                MOV     A,R7
004B 701E              JNZ     ?C0077
004D E5FA              MOV     A,INT_REG2
004F 30E104            JNB     ACC.1,?C0073
0052 7F01              MOV     R7,#01H
0054 8002              SJMP    ?C0074
0056         ?C0073:
0056 7F00              MOV     R7,#00H
0058         ?C0074:
0058 EF                MOV     A,R7
0059 7010              JNZ     ?C0077
005B E5FA              MOV     A,INT_REG2
005D 30E204            JNB     ACC.2,?C0075
0060 7F01              MOV     R7,#01H
0062 8002              SJMP    ?C0076
0064         ?C0075:
0064 7F00              MOV     R7,#00H
0066         ?C0076:
C51 COMPILER V9.53.0.0   INTERRUPT                                                         10/05/2018 04:20:41 PAGE 16  

0066 EF                MOV     A,R7
0067 7002              JNZ     ?C0077
                                           ; SOURCE LINE # 184
0069 C2C1              CLR     IEX2
006B         ?C0070:
                                           ; SOURCE LINE # 186
006B         ?C0077:
006B D007              POP     AR7
006D D0D0              POP     PSW
006F D0E0              POP     ACC
0071 32                RETI    
             ; FUNCTION ePWM123Interrupt (END)

             ; FUNCTION ePWM4Interrupt (BEGIN)
0000 C0E0              PUSH    ACC
0002 C083              PUSH    DPH
0004 C082              PUSH    DPL
0006 C0D0              PUSH    PSW
0008 75D000            MOV     PSW,#00H
000B C006              PUSH    AR6
000D C007              PUSH    AR7
                                           ; SOURCE LINE # 189
                                           ; SOURCE LINE # 193
000F 53FAF0            ANL     INT_REG2,#0F0H
                                           ; SOURCE LINE # 194
0012 90E0F3            MOV     DPTR,#0E0F3H
0015 E0                MOVX    A,@DPTR
0016 FF                MOV     R7,A
0017 EF                MOV     A,R7
0018 C4                SWAP    A
0019 13                RRC     A
001A 13                RRC     A
001B 5403              ANL     A,#03H
001D FF                MOV     R7,A
001E EF                MOV     A,R7
001F 30E004            JNB     ACC.0,?C0079
0022 7F01              MOV     R7,#01H
0024 8002              SJMP    ?C0080
0026         ?C0079:
0026 7F00              MOV     R7,#00H
0028         ?C0080:
0028 90E0F3            MOV     DPTR,#0E0F3H
002B E0                MOVX    A,@DPTR
002C FE                MOV     R6,A
002D EE                MOV     A,R6
002E C4                SWAP    A
002F 13                RRC     A
0030 13                RRC     A
0031 13                RRC     A
0032 5401              ANL     A,#01H
0034 FE                MOV     R6,A
0035 EE                MOV     A,R6
0036 30E004            JNB     ACC.0,?C0081
0039 7E01              MOV     R6,#01H
003B 8002              SJMP    ?C0082
003D         ?C0081:
003D 7E00              MOV     R6,#00H
003F         ?C0082:
003F EE                MOV     A,R6
0040 4F                ORL     A,R7
0041 FF                MOV     R7,A
0042 EF                MOV     A,R7
C51 COMPILER V9.53.0.0   INTERRUPT                                                         10/05/2018 04:20:41 PAGE 17  

0043 7010              JNZ     ?C0085
0045 E5FA              MOV     A,INT_REG2
0047 30E304            JNB     ACC.3,?C0083
004A 7F01              MOV     R7,#01H
004C 8002              SJMP    ?C0084
004E         ?C0083:
004E 7F00              MOV     R7,#00H
0050         ?C0084:
0050 EF                MOV     A,R7
0051 7002              JNZ     ?C0085
                                           ; SOURCE LINE # 195
0053 C2C2              CLR     IEX3
0055         ?C0078:
                                           ; SOURCE LINE # 197
0055         ?C0085:
0055 D007              POP     AR7
0057 D006              POP     AR6
0059 D0D0              POP     PSW
005B D082              POP     DPL
005D D083              POP     DPH
005F D0E0              POP     ACC
0061 32                RETI    
             ; FUNCTION ePWM4Interrupt (END)

             ; FUNCTION Comp1Interrupt (BEGIN)
0000 C0E0              PUSH    ACC
0002 C0D0              PUSH    PSW
0004 75D000            MOV     PSW,#00H
0007 C007              PUSH    AR7
                                           ; SOURCE LINE # 205
                                           ; SOURCE LINE # 211
0009 53F9C0            ANL     INT_REG1,#0C0H
                                           ; SOURCE LINE # 213
000C E5F9              MOV     A,INT_REG1
000E 30E404            JNB     ACC.4,?C0087
0011 7F01              MOV     R7,#01H
0013 8002              SJMP    ?C0088
0015         ?C0087:
0015 7F00              MOV     R7,#00H
0017         ?C0088:
0017 EF                MOV     A,R7
0018 7010              JNZ     ?C0091
001A E5F9              MOV     A,INT_REG1
001C 30E504            JNB     ACC.5,?C0089
001F 7F01              MOV     R7,#01H
0021 8002              SJMP    ?C0090
0023         ?C0089:
0023 7F00              MOV     R7,#00H
0025         ?C0090:
0025 EF                MOV     A,R7
0026 7002              JNZ     ?C0091
                                           ; SOURCE LINE # 214
0028 C28B              CLR     IE1
002A         ?C0086:
                                           ; SOURCE LINE # 215
002A         ?C0091:
002A D007              POP     AR7
002C D0D0              POP     PSW
002E D0E0              POP     ACC
0030 32                RETI    
             ; FUNCTION Comp1Interrupt (END)

C51 COMPILER V9.53.0.0   INTERRUPT                                                         10/05/2018 04:20:41 PAGE 18  

             ; FUNCTION Comp234Interrupt (BEGIN)
0000 C0E0              PUSH    ACC
0002 C0D0              PUSH    PSW
0004 75D000            MOV     PSW,#00H
0007 C007              PUSH    AR7
                                           ; SOURCE LINE # 218
                                           ; SOURCE LINE # 223
0009 E5FD              MOV     A,INT_REG3
000B 30E004            JNB     ACC.0,?C0093
000E 7F01              MOV     R7,#01H
0010 8002              SJMP    ?C0094
0012         ?C0093:
0012 7F00              MOV     R7,#00H
0014         ?C0094:
0014 EF                MOV     A,R7
0015 B40103            CJNE    A,#01H,?C0092
                                           ; SOURCE LINE # 225
                                           ; SOURCE LINE # 227
0018 53FDFE            ANL     INT_REG3,#0FEH
                                           ; SOURCE LINE # 228
001B         ?C0092:
                                           ; SOURCE LINE # 230
001B E5FD              MOV     A,INT_REG3
001D 30E104            JNB     ACC.1,?C0096
0020 7F01              MOV     R7,#01H
0022 8002              SJMP    ?C0097
0024         ?C0096:
0024 7F00              MOV     R7,#00H
0026         ?C0097:
0026 EF                MOV     A,R7
0027 B40103            CJNE    A,#01H,?C0095
                                           ; SOURCE LINE # 232
                                           ; SOURCE LINE # 234
002A 53FDFC            ANL     INT_REG3,#0FCH
                                           ; SOURCE LINE # 235
002D         ?C0095:
                                           ; SOURCE LINE # 237
002D E5FD              MOV     A,INT_REG3
002F 30E204            JNB     ACC.2,?C0099
0032 7F01              MOV     R7,#01H
0034 8002              SJMP    ?C0100
0036         ?C0099:
0036 7F00              MOV     R7,#00H
0038         ?C0100:
0038 EF                MOV     A,R7
0039 B40103            CJNE    A,#01H,?C0098
                                           ; SOURCE LINE # 239
                                           ; SOURCE LINE # 241
003C 53FDF8            ANL     INT_REG3,#0F8H
                                           ; SOURCE LINE # 242
003F         ?C0098:
                                           ; SOURCE LINE # 244
003F E5FD              MOV     A,INT_REG3
0041 30E004            JNB     ACC.0,?C0102
0044 7F01              MOV     R7,#01H
0046 8002              SJMP    ?C0103
0048         ?C0102:
0048 7F00              MOV     R7,#00H
004A         ?C0103:
004A EF                MOV     A,R7
004B 701E              JNZ     ?C0108
004D E5FD              MOV     A,INT_REG3
C51 COMPILER V9.53.0.0   INTERRUPT                                                         10/05/2018 04:20:41 PAGE 19  

004F 30E104            JNB     ACC.1,?C0104
0052 7F01              MOV     R7,#01H
0054 8002              SJMP    ?C0105
0056         ?C0104:
0056 7F00              MOV     R7,#00H
0058         ?C0105:
0058 EF                MOV     A,R7
0059 7010              JNZ     ?C0108
005B E5FD              MOV     A,INT_REG3
005D 30E204            JNB     ACC.2,?C0106
0060 7F01              MOV     R7,#01H
0062 8002              SJMP    ?C0107
0064         ?C0106:
0064 7F00              MOV     R7,#00H
0066         ?C0107:
0066 EF                MOV     A,R7
0067 7002              JNZ     ?C0108
                                           ; SOURCE LINE # 245
0069 C2C3              CLR     IEX4
006B         ?C0101:
                                           ; SOURCE LINE # 247
006B         ?C0108:
006B D007              POP     AR7
006D D0D0              POP     PSW
006F D0E0              POP     ACC
0071 32                RETI    
             ; FUNCTION Comp234Interrupt (END)

             ; FUNCTION I2CInterrupt (BEGIN)
0000 C0E0              PUSH    ACC
0002 C083              PUSH    DPH
0004 C082              PUSH    DPL
0006 C0D0              PUSH    PSW
0008 75D000            MOV     PSW,#00H
000B C006              PUSH    AR6
000D C007              PUSH    AR7
                                           ; SOURCE LINE # 253
                                           ; SOURCE LINE # 256
000F 53FDF0            ANL     INT_REG3,#0F0H
                                           ; SOURCE LINE # 258
0012 E5FD              MOV     A,INT_REG3
0014 30E304            JNB     ACC.3,?C0110
0017 7F01              MOV     R7,#01H
0019 8002              SJMP    ?C0111
001B         ?C0110:
001B 7F00              MOV     R7,#00H
001D         ?C0111:
001D EF                MOV     A,R7
001E 7051              JNZ     ?C0120
0020 E5FD              MOV     A,INT_REG3
0022 30E404            JNB     ACC.4,?C0112
0025 7F01              MOV     R7,#01H
0027 8002              SJMP    ?C0113
0029         ?C0112:
0029 7F00              MOV     R7,#00H
002B         ?C0113:
002B EF                MOV     A,R7
002C 7043              JNZ     ?C0120
002E E5FD              MOV     A,INT_REG3
0030 30E504            JNB     ACC.5,?C0114
0033 7F01              MOV     R7,#01H
0035 8002              SJMP    ?C0115
C51 COMPILER V9.53.0.0   INTERRUPT                                                         10/05/2018 04:20:41 PAGE 20  

0037         ?C0114:
0037 7F00              MOV     R7,#00H
0039         ?C0115:
0039 EF                MOV     A,R7
003A 7035              JNZ     ?C0120
003C 90E0F9            MOV     DPTR,#0E0F9H
003F E0                MOVX    A,@DPTR
0040 FF                MOV     R7,A
0041 EF                MOV     A,R7
0042 C4                SWAP    A
0043 13                RRC     A
0044 13                RRC     A
0045 5403              ANL     A,#03H
0047 FF                MOV     R7,A
0048 EF                MOV     A,R7
0049 30E004            JNB     ACC.0,?C0116
004C 7F01              MOV     R7,#01H
004E 8002              SJMP    ?C0117
0050         ?C0116:
0050 7F00              MOV     R7,#00H
0052         ?C0117:
0052 90E0F9            MOV     DPTR,#0E0F9H
0055 E0                MOVX    A,@DPTR
0056 FE                MOV     R6,A
0057 EE                MOV     A,R6
0058 C4                SWAP    A
0059 13                RRC     A
005A 13                RRC     A
005B 13                RRC     A
005C 5401              ANL     A,#01H
005E FE                MOV     R6,A
005F EE                MOV     A,R6
0060 30E004            JNB     ACC.0,?C0118
0063 7E01              MOV     R6,#01H
0065 8002              SJMP    ?C0119
0067         ?C0118:
0067 7E00              MOV     R6,#00H
0069         ?C0119:
0069 EE                MOV     A,R6
006A 4F                ORL     A,R7
006B FF                MOV     R7,A
006C EF                MOV     A,R7
006D 7002              JNZ     ?C0120
                                           ; SOURCE LINE # 259
006F C2C4              CLR     IEX5
0071         ?C0109:
                                           ; SOURCE LINE # 260
0071         ?C0120:
0071 D007              POP     AR7
0073 D006              POP     AR6
0075 D0D0              POP     PSW
0077 D082              POP     DPL
0079 D083              POP     DPH
007B D0E0              POP     ACC
007D 32                RETI    
             ; FUNCTION I2CInterrupt (END)

             ; FUNCTION SPIInterrupt (BEGIN)
0000 C0E0              PUSH    ACC
0002 C083              PUSH    DPH
0004 C082              PUSH    DPL
0006 C0D0              PUSH    PSW
C51 COMPILER V9.53.0.0   INTERRUPT                                                         10/05/2018 04:20:41 PAGE 21  

0008 75D000            MOV     PSW,#00H
000B C006              PUSH    AR6
000D C007              PUSH    AR7
                                           ; SOURCE LINE # 262
                                           ; SOURCE LINE # 265
000F 53FDE0            ANL     INT_REG3,#0E0H
                                           ; SOURCE LINE # 266
0012 E5FD              MOV     A,INT_REG3
0014 30E304            JNB     ACC.3,?C0122
0017 7F01              MOV     R7,#01H
0019 8002              SJMP    ?C0123
001B         ?C0122:
001B 7F00              MOV     R7,#00H
001D         ?C0123:
001D EF                MOV     A,R7
001E 7051              JNZ     ?C0132
0020 E5FD              MOV     A,INT_REG3
0022 30E404            JNB     ACC.4,?C0124
0025 7F01              MOV     R7,#01H
0027 8002              SJMP    ?C0125
0029         ?C0124:
0029 7F00              MOV     R7,#00H
002B         ?C0125:
002B EF                MOV     A,R7
002C 7043              JNZ     ?C0132
002E E5FD              MOV     A,INT_REG3
0030 30E504            JNB     ACC.5,?C0126
0033 7F01              MOV     R7,#01H
0035 8002              SJMP    ?C0127
0037         ?C0126:
0037 7F00              MOV     R7,#00H
0039         ?C0127:
0039 EF                MOV     A,R7
003A 7035              JNZ     ?C0132
003C 90E0F9            MOV     DPTR,#0E0F9H
003F E0                MOVX    A,@DPTR
0040 FF                MOV     R7,A
0041 EF                MOV     A,R7
0042 C4                SWAP    A
0043 13                RRC     A
0044 13                RRC     A
0045 5403              ANL     A,#03H
0047 FF                MOV     R7,A
0048 EF                MOV     A,R7
0049 30E004            JNB     ACC.0,?C0128
004C 7F01              MOV     R7,#01H
004E 8002              SJMP    ?C0129
0050         ?C0128:
0050 7F00              MOV     R7,#00H
0052         ?C0129:
0052 90E0F9            MOV     DPTR,#0E0F9H
0055 E0                MOVX    A,@DPTR
0056 FE                MOV     R6,A
0057 EE                MOV     A,R6
0058 C4                SWAP    A
0059 13                RRC     A
005A 13                RRC     A
005B 13                RRC     A
005C 5401              ANL     A,#01H
005E FE                MOV     R6,A
005F EE                MOV     A,R6
0060 30E004            JNB     ACC.0,?C0130
C51 COMPILER V9.53.0.0   INTERRUPT                                                         10/05/2018 04:20:41 PAGE 22  

0063 7E01              MOV     R6,#01H
0065 8002              SJMP    ?C0131
0067         ?C0130:
0067 7E00              MOV     R6,#00H
0069         ?C0131:
0069 EE                MOV     A,R6
006A 4F                ORL     A,R7
006B FF                MOV     R7,A
006C EF                MOV     A,R7
006D 7002              JNZ     ?C0132
                                           ; SOURCE LINE # 267
006F C2C4              CLR     IEX5
0071         ?C0121:
                                           ; SOURCE LINE # 268
0071         ?C0132:
0071 D007              POP     AR7
0073 D006              POP     AR6
0075 D0D0              POP     PSW
0077 D082              POP     DPL
0079 D083              POP     DPH
007B D0E0              POP     ACC
007D 32                RETI    
             ; FUNCTION SPIInterrupt (END)

             ; FUNCTION eFlashInterrupt (BEGIN)
0000 C0E0              PUSH    ACC
0002 C083              PUSH    DPH
0004 C082              PUSH    DPL
0006 C0D0              PUSH    PSW
0008 75D000            MOV     PSW,#00H
000B C006              PUSH    AR6
000D C007              PUSH    AR7
                                           ; SOURCE LINE # 270
                                           ; SOURCE LINE # 273
000F 53FDC0            ANL     INT_REG3,#0C0H
                                           ; SOURCE LINE # 274
0012 E5FD              MOV     A,INT_REG3
0014 30E304            JNB     ACC.3,?C0134
0017 7F01              MOV     R7,#01H
0019 8002              SJMP    ?C0135
001B         ?C0134:
001B 7F00              MOV     R7,#00H
001D         ?C0135:
001D EF                MOV     A,R7
001E 7051              JNZ     ?C0144
0020 E5FD              MOV     A,INT_REG3
0022 30E404            JNB     ACC.4,?C0136
0025 7F01              MOV     R7,#01H
0027 8002              SJMP    ?C0137
0029         ?C0136:
0029 7F00              MOV     R7,#00H
002B         ?C0137:
002B EF                MOV     A,R7
002C 7043              JNZ     ?C0144
002E E5FD              MOV     A,INT_REG3
0030 30E504            JNB     ACC.5,?C0138
0033 7F01              MOV     R7,#01H
0035 8002              SJMP    ?C0139
0037         ?C0138:
0037 7F00              MOV     R7,#00H
0039         ?C0139:
0039 EF                MOV     A,R7
C51 COMPILER V9.53.0.0   INTERRUPT                                                         10/05/2018 04:20:41 PAGE 23  

003A 7035              JNZ     ?C0144
003C 90E0F9            MOV     DPTR,#0E0F9H
003F E0                MOVX    A,@DPTR
0040 FF                MOV     R7,A
0041 EF                MOV     A,R7
0042 C4                SWAP    A
0043 13                RRC     A
0044 13                RRC     A
0045 5403              ANL     A,#03H
0047 FF                MOV     R7,A
0048 EF                MOV     A,R7
0049 30E004            JNB     ACC.0,?C0140
004C 7F01              MOV     R7,#01H
004E 8002              SJMP    ?C0141
0050         ?C0140:
0050 7F00              MOV     R7,#00H
0052         ?C0141:
0052 90E0F9            MOV     DPTR,#0E0F9H
0055 E0                MOVX    A,@DPTR
0056 FE                MOV     R6,A
0057 EE                MOV     A,R6
0058 C4                SWAP    A
0059 13                RRC     A
005A 13                RRC     A
005B 13                RRC     A
005C 5401              ANL     A,#01H
005E FE                MOV     R6,A
005F EE                MOV     A,R6
0060 30E004            JNB     ACC.0,?C0142
0063 7E01              MOV     R6,#01H
0065 8002              SJMP    ?C0143
0067         ?C0142:
0067 7E00              MOV     R6,#00H
0069         ?C0143:
0069 EE                MOV     A,R6
006A 4F                ORL     A,R7
006B FF                MOV     R7,A
006C EF                MOV     A,R7
006D 7002              JNZ     ?C0144
                                           ; SOURCE LINE # 275
006F C2C4              CLR     IEX5
0071         ?C0133:
                                           ; SOURCE LINE # 276
0071         ?C0144:
0071 D007              POP     AR7
0073 D006              POP     AR6
0075 D0D0              POP     PSW
0077 D082              POP     DPL
0079 D083              POP     DPH
007B D0E0              POP     ACC
007D 32                RETI    
             ; FUNCTION eFlashInterrupt (END)

             ; FUNCTION RTCInterrupt (BEGIN)
0000 C0E0              PUSH    ACC
0002 C0D0              PUSH    PSW
0004 75D000            MOV     PSW,#00H
0007 C007              PUSH    AR7
                                           ; SOURCE LINE # 281
                                           ; SOURCE LINE # 286
0009 53FEFE            ANL     INT_REG4,#0FEH
                                           ; SOURCE LINE # 287
C51 COMPILER V9.53.0.0   INTERRUPT                                                         10/05/2018 04:20:41 PAGE 24  

000C E5FE              MOV     A,INT_REG4
000E 30E004            JNB     ACC.0,?C0146
0011 7F01              MOV     R7,#01H
0013 8002              SJMP    ?C0147
0015         ?C0146:
0015 7F00              MOV     R7,#00H
0017         ?C0147:
0017 EF                MOV     A,R7
0018 702C              JNZ     ?C0154
001A E5FE              MOV     A,INT_REG4
001C 30E104            JNB     ACC.1,?C0148
001F 7F01              MOV     R7,#01H
0021 8002              SJMP    ?C0149
0023         ?C0148:
0023 7F00              MOV     R7,#00H
0025         ?C0149:
0025 EF                MOV     A,R7
0026 701E              JNZ     ?C0154
0028 E5FE              MOV     A,INT_REG4
002A 30E204            JNB     ACC.2,?C0150
002D 7F01              MOV     R7,#01H
002F 8002              SJMP    ?C0151
0031         ?C0150:
0031 7F00              MOV     R7,#00H
0033         ?C0151:
0033 EF                MOV     A,R7
0034 7010              JNZ     ?C0154
0036 E5FE              MOV     A,INT_REG4
0038 30E304            JNB     ACC.3,?C0152
003B 7F01              MOV     R7,#01H
003D 8002              SJMP    ?C0153
003F         ?C0152:
003F 7F00              MOV     R7,#00H
0041         ?C0153:
0041 EF                MOV     A,R7
0042 7002              JNZ     ?C0154
                                           ; SOURCE LINE # 288
0044 C2C5              CLR     IEX6
0046         ?C0145:
                                           ; SOURCE LINE # 289
0046         ?C0154:
0046 D007              POP     AR7
0048 D0D0              POP     PSW
004A D0E0              POP     ACC
004C 32                RETI    
             ; FUNCTION RTCInterrupt (END)

             ; FUNCTION LDV18Interrupt (BEGIN)
0000 C0E0              PUSH    ACC
0002 C0D0              PUSH    PSW
0004 75D000            MOV     PSW,#00H
0007 C007              PUSH    AR7
                                           ; SOURCE LINE # 292
                                           ; SOURCE LINE # 295
0009 53FEFC            ANL     INT_REG4,#0FCH
                                           ; SOURCE LINE # 296
000C E5FE              MOV     A,INT_REG4
000E 30E004            JNB     ACC.0,?C0156
0011 7F01              MOV     R7,#01H
0013 8002              SJMP    ?C0157
0015         ?C0156:
0015 7F00              MOV     R7,#00H
C51 COMPILER V9.53.0.0   INTERRUPT                                                         10/05/2018 04:20:41 PAGE 25  

0017         ?C0157:
0017 EF                MOV     A,R7
0018 702C              JNZ     ?C0164
001A E5FE              MOV     A,INT_REG4
001C 30E104            JNB     ACC.1,?C0158
001F 7F01              MOV     R7,#01H
0021 8002              SJMP    ?C0159
0023         ?C0158:
0023 7F00              MOV     R7,#00H
0025         ?C0159:
0025 EF                MOV     A,R7
0026 701E              JNZ     ?C0164
0028 E5FE              MOV     A,INT_REG4
002A 30E204            JNB     ACC.2,?C0160
002D 7F01              MOV     R7,#01H
002F 8002              SJMP    ?C0161
0031         ?C0160:
0031 7F00              MOV     R7,#00H
0033         ?C0161:
0033 EF                MOV     A,R7
0034 7010              JNZ     ?C0164
0036 E5FE              MOV     A,INT_REG4
0038 30E304            JNB     ACC.3,?C0162
003B 7F01              MOV     R7,#01H
003D 8002              SJMP    ?C0163
003F         ?C0162:
003F 7F00              MOV     R7,#00H
0041         ?C0163:
0041 EF                MOV     A,R7
0042 7002              JNZ     ?C0164
                                           ; SOURCE LINE # 297
0044 C2C5              CLR     IEX6
0046         ?C0155:
                                           ; SOURCE LINE # 298
0046         ?C0164:
0046 D007              POP     AR7
0048 D0D0              POP     PSW
004A D0E0              POP     ACC
004C 32                RETI    
             ; FUNCTION LDV18Interrupt (END)

             ; FUNCTION LDV33Interrupt (BEGIN)
0000 C0E0              PUSH    ACC
0002 C0D0              PUSH    PSW
0004 75D000            MOV     PSW,#00H
0007 C007              PUSH    AR7
                                           ; SOURCE LINE # 300
                                           ; SOURCE LINE # 303
0009 53FEF8            ANL     INT_REG4,#0F8H
                                           ; SOURCE LINE # 304
000C E5FE              MOV     A,INT_REG4
000E 30E004            JNB     ACC.0,?C0166
0011 7F01              MOV     R7,#01H
0013 8002              SJMP    ?C0167
0015         ?C0166:
0015 7F00              MOV     R7,#00H
0017         ?C0167:
0017 EF                MOV     A,R7
0018 702C              JNZ     ?C0174
001A E5FE              MOV     A,INT_REG4
001C 30E104            JNB     ACC.1,?C0168
001F 7F01              MOV     R7,#01H
C51 COMPILER V9.53.0.0   INTERRUPT                                                         10/05/2018 04:20:41 PAGE 26  

0021 8002              SJMP    ?C0169
0023         ?C0168:
0023 7F00              MOV     R7,#00H
0025         ?C0169:
0025 EF                MOV     A,R7
0026 701E              JNZ     ?C0174
0028 E5FE              MOV     A,INT_REG4
002A 30E204            JNB     ACC.2,?C0170
002D 7F01              MOV     R7,#01H
002F 8002              SJMP    ?C0171
0031         ?C0170:
0031 7F00              MOV     R7,#00H
0033         ?C0171:
0033 EF                MOV     A,R7
0034 7010              JNZ     ?C0174
0036 E5FE              MOV     A,INT_REG4
0038 30E304            JNB     ACC.3,?C0172
003B 7F01              MOV     R7,#01H
003D 8002              SJMP    ?C0173
003F         ?C0172:
003F 7F00              MOV     R7,#00H
0041         ?C0173:
0041 EF                MOV     A,R7
0042 7002              JNZ     ?C0174
                                           ; SOURCE LINE # 305
0044 C2C5              CLR     IEX6
0046         ?C0165:
                                           ; SOURCE LINE # 306
0046         ?C0174:
0046 D007              POP     AR7
0048 D0D0              POP     PSW
004A D0E0              POP     ACC
004C 32                RETI    
             ; FUNCTION LDV33Interrupt (END)

             ; FUNCTION UART1Interrupt (BEGIN)
                                           ; SOURCE LINE # 315
                                           ; SOURCE LINE # 316
                                           ; SOURCE LINE # 317
0000 309802            JNB     RI0,?C0175
                                           ; SOURCE LINE # 318
                                           ; SOURCE LINE # 319
0003 C298              CLR     RI0
                                           ; SOURCE LINE # 320
0005         ?C0175:
                                           ; SOURCE LINE # 322
0005 309902            JNB     TI0,?C0177
                                           ; SOURCE LINE # 323
                                           ; SOURCE LINE # 324
0008 C299              CLR     TI0
                                           ; SOURCE LINE # 325
000A         ?C0176:
                                           ; SOURCE LINE # 326
000A         ?C0177:
000A 22                RET     
             ; FUNCTION UART1Interrupt (END)

             ; FUNCTION UART2Interrupt (BEGIN)
0000 C0E0              PUSH    ACC
                                           ; SOURCE LINE # 328
                                           ; SOURCE LINE # 331
0002 E59B              MOV     A,S1CON
C51 COMPILER V9.53.0.0   INTERRUPT                                                         10/05/2018 04:20:41 PAGE 27  

0004 30E003            JNB     ACC.0,?C0178
                                           ; SOURCE LINE # 332
                                           ; SOURCE LINE # 333
0007 539BFE            ANL     S1CON,#0FEH
                                           ; SOURCE LINE # 338
000A         ?C0178:
                                           ; SOURCE LINE # 341
000A E59B              MOV     A,S1CON
000C 30E103            JNB     ACC.1,?C0180
                                           ; SOURCE LINE # 342
                                           ; SOURCE LINE # 343
000F 539BFD            ANL     S1CON,#0FDH
                                           ; SOURCE LINE # 344
0012         ?C0179:
                                           ; SOURCE LINE # 345
0012         ?C0180:
0012 D0E0              POP     ACC
0014 32                RETI    
             ; FUNCTION UART2Interrupt (END)

             ; FUNCTION ADCInterrupt (BEGIN)
                                           ; SOURCE LINE # 347
                                           ; SOURCE LINE # 351
0000 C2C0              CLR     IADC
                                           ; SOURCE LINE # 352
0002         ?C0181:
0002 32                RETI    
             ; FUNCTION ADCInterrupt (END)



MODULE INFORMATION:   STATIC OVERLAYABLE
   CODE SIZE        =   1631    ----
   CONSTANT SIZE    =   ----    ----
   XDATA SIZE       =   ----    ----
   PDATA SIZE       =   ----    ----
   DATA SIZE        =   ----    ----
   IDATA SIZE       =   ----    ----
   BIT SIZE         =   ----    ----
END OF MODULE INFORMATION.


C51 COMPILATION COMPLETE.  0 WARNING(S),  0 ERROR(S)
