BL51 BANKED LINKER/LOCATER V6.22                                                        11/17/2018  17:39:31  PAGE 1


BL51 BANKED LINKER/LOCATER V6.22, INVOKED BY:
C:\KEIL_V5\C51\BIN\BL51.EXE .\OUTPUT\STARTUP.obj, .\OUTPUT\main.obj, .\OUTPUT\initial.obj, .\OUTPUT\interrupt.obj, .\OUT
>> PUT\MotorLib.obj, .\OUTPUT\ISD51.obj TO .\OUTPUT\motor REGFILE (.\OUTPUT\motor.ORC) PRINT (.\files\motor.m51) DISABLE
>> WARNING (16) CODE (0X2000-0X9FFF) XDATA (0XA000-0XDFFF)


MEMORY MODEL: SMALL


INPUT MODULES INCLUDED:
  .\OUTPUT\STARTUP.obj (?C_STARTUP)
  .\OUTPUT\main.obj (MAIN)
  .\OUTPUT\initial.obj (INITIAL)
  .\OUTPUT\interrupt.obj (INTERRUPT)
  .\OUTPUT\MotorLib.obj (MOTORLIB)
  .\OUTPUT\ISD51.obj (ISD51_CONFIGURATION)
  C:\KEIL_V5\C51\LIB\C51S.LIB (?C_INIT)
  C:\KEIL_V5\C51\LIB\C51S.LIB (?C?LMUL)
  C:\KEIL_V5\C51\LIB\C51S.LIB (?C?ULDIV)
  C:\KEIL_V5\C51\LIB\C51S.LIB (?C?LNEG)
  C:\KEIL_V5\C51\LIB\C51S.LIB (?C?SLCMP)
  C:\KEIL_V5\C51\LIB\C51S.LIB (?C?SLSHR)
  C:\KEIL_V5\C51\LIB\C51S.LIB (?C?LSHL)
  C:\KEIL_V5\C51\LIB\C51S.LIB (?C?LSTXDATA)
  C:\KEIL_V5\C51\LIB\C51S.LIB (ISD_CORE_FUNCTIONS)


LINK MAP OF MODULE:  .\OUTPUT\motor (?C_STARTUP)


            TYPE    BASE      LENGTH    RELOCATION   SEGMENT NAME
            -----------------------------------------------------

            * * * * * * *   D A T A   M E M O R Y   * * * * * * *
            REG     0000H     0008H     ABSOLUTE     "REG BANK 0"
            DATA    0008H     0010H     UNIT         ?DT?__IQ15SIN?MOTORLIB
            DATA    0018H     0008H     UNIT         ?DT?_NORMALIZE?MOTORLIB
            BIT     0020H.0   0000H.1   UNIT         ?BI?ISD51
                    0020H.1   0000H.7                *** GAP ***
            DATA    0021H     002BH     UNIT         ?DT?MAIN
            DATA    004CH     0010H     UNIT         ?DT?__IQ15COS?MOTORLIB
            DATA    005CH     000AH     UNIT         ?DT?MOTORLIB
            DATA    0066H     0005H     UNIT         ?DT?_EE_WRITE?MOTORLIB
            DATA    006BH     0001H     UNIT         ?DT?_EE_READ?MOTORLIB
            DATA    006CH     0001H     UNIT         ?DT?ISD51
            IDATA   006DH     0001H     UNIT         ?STACK

            * * * * * * *  X D A T A   M E M O R Y  * * * * * * *
                    0000H     A000H                  *** GAP ***
            XDATA   A000H     0005H     UNIT         ?XD?MOTORLIB

            * * * * * * *   C O D E   M E M O R Y   * * * * * * *
                    0000H     2000H                  *** GAP ***
            CODE    2000H     0003H     ABSOLUTE     
            CODE    2003H     0003H     ABSOLUTE     
            CODE    2006H     0003H     UNIT         ?PR?TIMER1INTERRUPT?INTERRUPT
                    2009H     0002H                  *** GAP ***
            CODE    200BH     0003H     ABSOLUTE     
BL51 BANKED LINKER/LOCATER V6.22                                                      11/17/2018  17:39:31  PAGE 2


                    200EH     0005H                  *** GAP ***
            CODE    2013H     0003H     ABSOLUTE     
                    2016H     0005H                  *** GAP ***
            CODE    201BH     0003H     ABSOLUTE     
                    201EH     0005H                  *** GAP ***
            CODE    2023H     0003H     ABSOLUTE     
            CODE    2026H     0015H     UNIT         ?PR?UART2INTERRUPT?INTERRUPT
                    203BH     0008H                  *** GAP ***
            CODE    2043H     0003H     ABSOLUTE     
                    2046H     0005H                  *** GAP ***
            CODE    204BH     0003H     ABSOLUTE     
                    204EH     0005H                  *** GAP ***
            CODE    2053H     0003H     ABSOLUTE     
                    2056H     0005H                  *** GAP ***
            CODE    205BH     0003H     ABSOLUTE     
                    205EH     0005H                  *** GAP ***
            CODE    2063H     0003H     ABSOLUTE     
                    2066H     0005H                  *** GAP ***
            CODE    206BH     0003H     ABSOLUTE     
            CODE    206EH     000DH     UNIT         ?PR?EPWMOUTPUTDISABLE?INITIAL
                    207BH     0008H                  *** GAP ***
            CODE    2083H     0003H     ABSOLUTE     
                    2086H     0005H                  *** GAP ***
            CODE    208BH     0003H     ABSOLUTE     
            CODE    208EH     000DH     UNIT         ?PR?EPWMOUTPUTENABLE?INITIAL
                    209BH     0008H                  *** GAP ***
            CODE    20A3H     0003H     ABSOLUTE     
                    20A6H     0005H                  *** GAP ***
            CODE    20ABH     0003H     ABSOLUTE     
                    20AEH     0005H                  *** GAP ***
            CODE    20B3H     0003H     ABSOLUTE     
                    20B6H     0005H                  *** GAP ***
            CODE    20BBH     0003H     ABSOLUTE     
                    20BEH     0005H                  *** GAP ***
            CODE    20C3H     0003H     ABSOLUTE     
                    20C6H     0005H                  *** GAP ***
            CODE    20CBH     0003H     ABSOLUTE     
                    20CEH     0005H                  *** GAP ***
            CODE    20D3H     0003H     ABSOLUTE     
                    20D6H     0005H                  *** GAP ***
            CODE    20DBH     0003H     ABSOLUTE     
                    20DEH     0005H                  *** GAP ***
            CODE    20E3H     0003H     ABSOLUTE     
                    20E6H     0005H                  *** GAP ***
            CODE    20EBH     0003H     ABSOLUTE     
                    20EEH     0005H                  *** GAP ***
            CODE    20F3H     0003H     ABSOLUTE     
            CODE    20F6H     0774H     UNIT         ?PR?INITEPWM?INITIAL
            CODE    286AH     0340H     INBLOCK      ?PR?ISD51
            CODE    2BAAH     0174H     UNIT         ?C?LIB_CODE
            CODE    2D1EH     016EH     UNIT         ?PR?INITGPIO?INITIAL
            CODE    2E8CH     0137H     UNIT         ?PR?TIMER3INTERRUPT?INTERRUPT
            CODE    2FC3H     010CH     UNIT         ?PR?INITCOMPARATOR?INITIAL
            CODE    30CFH     00FAH     UNIT         ?PR?__IQ15SIN?MOTORLIB
            CODE    31C9H     00E9H     UNIT         ?PR?__IQ15COS?MOTORLIB
            CODE    32B2H     009DH     UNIT         ?PR?INITADC?INITIAL
            CODE    334FH     0094H     UNIT         ?PR?EXT1234INTERRUPT?INTERRUPT
BL51 BANKED LINKER/LOCATER V6.22                                                      11/17/2018  17:39:31  PAGE 3


            CODE    33E3H     0093H     UNIT         ?PR?TIMER6INTERRUPT?INTERRUPT
            CODE    3476H     0093H     UNIT         ?PR?COMP234INTERRUPT?INTERRUPT
            CODE    3509H     008FH     UNIT         ?C_C51STARTUP
            CODE    3598H     007BH     UNIT         ?PR?I2CINTERRUPT?INTERRUPT
            CODE    3613H     007BH     UNIT         ?PR?SPIINTERRUPT?INTERRUPT
            CODE    368EH     007BH     UNIT         ?PR?EFLASHINTERRUPT?INTERRUPT
            CODE    3709H     0077H     UNIT         ?PR?TIMER5INTERRUPT?INTERRUPT
            CODE    3780H     0072H     UNIT         ?PR?INITTIMER3?INITIAL
            CODE    37F2H     0072H     UNIT         ?PR?EPWM123INTERRUPT?INTERRUPT
            CODE    3864H     0070H     UNIT         ?PR?TIMER4INTERRUPT?INTERRUPT
            CODE    38D4H     0062H     UNIT         ?PR?EPWM4INTERRUPT?INTERRUPT
            CODE    3936H     005BH     UNIT         ?PR?RTCINTERRUPT?INTERRUPT
            CODE    3991H     005BH     UNIT         ?PR?LDV18INTERRUPT?INTERRUPT
            CODE    39ECH     005BH     UNIT         ?PR?LDV33INTERRUPT?INTERRUPT
            CODE    3A47H     0053H     UNIT         ?PR?SYSTEMCLOCK?INITIAL
            CODE    3A9AH     004CH     UNIT         ?PR?_EE_WRITE?MOTORLIB
            CODE    3AE6H     004BH     UNIT         ?PR?_EE_READ?MOTORLIB
            CODE    3B31H     004AH     UNIT         ?PR?_NORMALIZE?MOTORLIB
            CODE    3B7BH     0046H     UNIT         ?PR?INITISDDEBUG?INITIAL
            CODE    3BC1H     0043H     UNIT         ?PR?INITDAC?INITIAL
            CODE    3C04H     0041H     UNIT         ?PR?COMP1INTERRUPT?INTERRUPT
            CODE    3C45H     003DH     UNIT         ?PR?MAIN?MAIN
            CODE    3C82H     0038H     UNIT         ?PR?ADCINTERRUPT?INTERRUPT
            CODE    3CBAH     0037H     UNIT         ?PR?INITTIMER5?INITIAL
            CODE    3CF1H     0035H     UNIT         ?PR?INITTIMER6?INITIAL
            CODE    3D26H     002DH     UNIT         ?PR?INITTIMER4?INITIAL
            CODE    3D53H     0027H     UNIT         ?PR?TIMER0INTERRUPT?INTERRUPT
            CODE    3D7AH     0023H     UNIT         ?PR?INITTIMER01?INITIAL
            CODE    3D9DH     001FH     UNIT         ?PR?INITEXT?INITIAL
            CODE    3DBCH     001EH     UNIT         ?PR?INITWATCHDOG?INITIAL
            CODE    3DDAH     000DH     UNIT         ?PR?SINITUART1?INITIAL
            CODE    3DE7H     000DH     UNIT         ?C_INITSEG
            CODE    3DF4H     000BH     UNIT         ?PR?UART1INTERRUPT?INTERRUPT
            CODE    3DFFH     000AH     UNIT         ?PR?INITBREAKPOINT?INITIAL
            CODE    3E09H     000AH     UNIT         ?PR?SINITUART2?INITIAL



OVERLAY MAP OF MODULE:   .\OUTPUT\motor (?C_STARTUP)


SEGMENT
  +--> CALLED SEGMENT
---------------------
?C_C51STARTUP
  +--> ?PR?MAIN?MAIN
  +--> ?C_INITSEG

?PR?MAIN?MAIN
  +--> ?PR?INITISDDEBUG?INITIAL
  +--> ?PR?INITGPIO?INITIAL
  +--> ?PR?__IQ15COS?MOTORLIB
  +--> ?PR?ISD51

?PR?INITISDDEBUG?INITIAL
  +--> ?PR?INITBREAKPOINT?INITIAL
  +--> ?PR?SINITUART1?INITIAL
BL51 BANKED LINKER/LOCATER V6.22                                                      11/17/2018  17:39:31  PAGE 4


  +--> ?PR?ISD51



SYMBOL TABLE OF MODULE:  .\OUTPUT\motor (?C_STARTUP)

  VALUE           TYPE          NAME
  ----------------------------------

  -------         MODULE        ?C_STARTUP
  C:3509H         SEGMENT       ?C_C51STARTUP
  I:006DH         SEGMENT       ?STACK
  C:2000H         PUBLIC        ?C_STARTUP
  D:00E0H         SYMBOL        ACC
  D:00F0H         SYMBOL        B
  D:0083H         SYMBOL        DPH
  D:0082H         SYMBOL        DPL
  N:0000H         SYMBOL        IBPSTACK
  N:0100H         SYMBOL        IBPSTACKTOP
  N:0080H         SYMBOL        IDATALEN
  C:350CH         SYMBOL        IDATALOOP
  N:0000H         SYMBOL        PBPSTACK
  N:0100H         SYMBOL        PBPSTACKTOP
  N:0000H         SYMBOL        PDATALEN
  N:0000H         SYMBOL        PDATASTART
  N:0000H         SYMBOL        PPAGE
  N:0001H         SYMBOL        PPAGEENABLE
  D:00A0H         SYMBOL        PPAGE_SFR
  D:0081H         SYMBOL        SP
  C:3509H         SYMBOL        STARTUP1
  N:0000H         SYMBOL        XBPSTACK
  N:0000H         SYMBOL        XBPSTACKTOP
  N:0000H         SYMBOL        XDATALEN
  N:0000H         SYMBOL        XDATASTART
  C:2000H         LINE#         127
  C:3509H         LINE#         134
  C:350BH         LINE#         135
  C:350CH         LINE#         136
  C:350DH         LINE#         137
  C:350FH         LINE#         156
  C:3512H         LINE#         186
  C:3515H         LINE#         197
  -------         ENDMOD        ?C_STARTUP

  -------         MODULE        MAIN
  C:0000H         SYMBOL        _ICE_DUMMY_
  D:0080H         PUBLIC        P0
  D:0090H         PUBLIC        P1
  D:00A0H         PUBLIC        P2
  D:00B0H         PUBLIC        P3
  D:0021H         PUBLIC        EE_data
  D:00A8H         PUBLIC        IEN0
  D:00B8H         PUBLIC        IEN1
  D:0025H         PUBLIC        last_capture
  D:0029H         PUBLIC        this_capture
  B:00A8H.4       PUBLIC        ES
  D:002DH         PUBLIC        theta
BL51 BANKED LINKER/LOCATER V6.22                                                      11/17/2018  17:39:31  PAGE 5


  D:0031H         PUBLIC        index
  B:0098H.0       PUBLIC        RI
  D:0032H         PUBLIC        data_value
  D:0034H         PUBLIC        beta
  C:3C45H         PUBLIC        main
  D:0038H         PUBLIC        math_data
  D:003CH         PUBLIC        ADresult
  D:003EH         PUBLIC        dac_value
  D:003FH         PUBLIC        pwm_capture
  D:0099H         PUBLIC        SBUF
  D:0043H         PUBLIC        input
  D:0088H         PUBLIC        TCON
  D:0047H         PUBLIC        tmr3_ov
  B:00A8H.7       PUBLIC        EAL
  D:0098H         PUBLIC        S0CON
  D:00C8H         PUBLIC        T2CON
  D:00D8H         PUBLIC        WDCON
  D:00C0H         PUBLIC        IRCON
  D:0048H         PUBLIC        tbl_out
  -------         PROC          MAIN
  C:3C45H         LINE#         30
  C:3C45H         LINE#         31
  C:3C45H         LINE#         35
  C:3C48H         LINE#         45
  C:3C4BH         LINE#         50
  C:3C4DH         LINE#         51
  C:3C4DH         LINE#         52
  C:3C4DH         LINE#         63
  C:3C59H         LINE#         66
  C:3C6CH         LINE#         88
  C:3C7FH         LINE#         91
  C:3C81H         LINE#         92
  -------         ENDPROC       MAIN
  -------         ENDMOD        MAIN

  -------         MODULE        INITIAL
  C:3D9DH         SEGMENT       ?PR?INITEXT?INITIAL
  C:3B7BH         SEGMENT       ?PR?INITISDDEBUG?INITIAL
  C:3DFFH         SEGMENT       ?PR?INITBREAKPOINT?INITIAL
  C:206EH         SEGMENT       ?PR?EPWMOUTPUTDISABLE?INITIAL
  C:208EH         SEGMENT       ?PR?EPWMOUTPUTENABLE?INITIAL
  C:32B2H         SEGMENT       ?PR?INITADC?INITIAL
  C:20F6H         SEGMENT       ?PR?INITEPWM?INITIAL
  C:2FC3H         SEGMENT       ?PR?INITCOMPARATOR?INITIAL
  C:3DBCH         SEGMENT       ?PR?INITWATCHDOG?INITIAL
  C:2D1EH         SEGMENT       ?PR?INITGPIO?INITIAL
  C:3D7AH         SEGMENT       ?PR?INITTIMER01?INITIAL
  C:3780H         SEGMENT       ?PR?INITTIMER3?INITIAL
  C:3D26H         SEGMENT       ?PR?INITTIMER4?INITIAL
  C:3CBAH         SEGMENT       ?PR?INITTIMER5?INITIAL
  C:3CF1H         SEGMENT       ?PR?INITTIMER6?INITIAL
  C:3A47H         SEGMENT       ?PR?SYSTEMCLOCK?INITIAL
  C:3DDAH         SEGMENT       ?PR?SINITUART1?INITIAL
  C:3E09H         SEGMENT       ?PR?SINITUART2?INITIAL
  C:3BC1H         SEGMENT       ?PR?INITDAC?INITIAL
  C:206EH         PUBLIC        EPWMOUTPUTDISABLE
  C:208EH         PUBLIC        EPWMOUTPUTENABLE
BL51 BANKED LINKER/LOCATER V6.22                                                      11/17/2018  17:39:31  PAGE 6


  C:32B2H         PUBLIC        INITADC
  C:3DFFH         PUBLIC        INITBREAKPOINT
  C:2FC3H         PUBLIC        INITCOMPARATOR
  C:3BC1H         PUBLIC        INITDAC
  C:20F6H         PUBLIC        INITEPWM
  C:3D9DH         PUBLIC        INITEXT
  C:2D1EH         PUBLIC        INITGPIO
  C:3B7BH         PUBLIC        INITISDDEBUG
  C:3D7AH         PUBLIC        INITTIMER01
  C:3780H         PUBLIC        INITTIMER3
  C:3D26H         PUBLIC        INITTIMER4
  C:3CBAH         PUBLIC        INITTIMER5
  C:3CF1H         PUBLIC        INITTIMER6
  C:3DBCH         PUBLIC        INITWATCHDOG
  C:3DDAH         PUBLIC        SINITUART1
  C:3E09H         PUBLIC        SINITUART2
  C:3A47H         PUBLIC        SYSTEMCLOCK
  C:3DBBH         SYMBOL        ?C0001
  C:3B94H         SYMBOL        ?C0002
  C:3BB4H         SYMBOL        ?C0003
  C:3BABH         SYMBOL        ?C0004
  C:3BABH         SYMBOL        ?C0005
  C:3BA8H         SYMBOL        ?C0006
  C:3BABH         SYMBOL        ?C0007
  C:3BB2H         SYMBOL        ?C0008
  C:3BC0H         SYMBOL        ?C0009
  C:3E08H         SYMBOL        ?C0010
  C:207AH         SYMBOL        ?C0011
  C:209AH         SYMBOL        ?C0012
  C:334EH         SYMBOL        ?C0013
  C:2869H         SYMBOL        ?C0014
  C:30CEH         SYMBOL        ?C0015
  C:3DD9H         SYMBOL        ?C0016
  C:2E8BH         SYMBOL        ?C0017
  C:3D9CH         SYMBOL        ?C0018
  C:37F1H         SYMBOL        ?C0019
  C:3D52H         SYMBOL        ?C0020
  C:3CF0H         SYMBOL        ?C0021
  C:3D25H         SYMBOL        ?C0022
  C:3A99H         SYMBOL        ?C0023
  C:3DE6H         SYMBOL        ?C0024
  C:3E12H         SYMBOL        ?C0025
  C:3C03H         SYMBOL        ?C0026
  D:00E0H         SYMBOL        ACC
  D:00EFH         SYMBOL        ARCON
  D:00F0H         SYMBOL        B
  D:0093H         SYMBOL        BPCTRL
  D:0095H         SYMBOL        BREAKH
  D:0094H         SYMBOL        BREAKL
  D:00ABH         SYMBOL        BSHCTL
  D:00ACH         SYMBOL        BSHI_0
  D:00ADH         SYMBOL        BSHI_1
  D:00AEH         SYMBOL        BSHI_2
  D:00AFH         SYMBOL        BSHI_3
  D:00BCH         SYMBOL        BSHO_0
  D:00BDH         SYMBOL        BSHO_1
  D:00BEH         SYMBOL        BSHO_2
BL51 BANKED LINKER/LOCATER V6.22                                                      11/17/2018  17:39:31  PAGE 7


  D:00BFH         SYMBOL        BSHO_3
  D:008EH         SYMBOL        CKCON
  D:0091H         SYMBOL        CLK_DIV
  D:008FH         SYMBOL        CLK_PD_CON
  D:0083H         SYMBOL        DPH
  D:0085H         SYMBOL        DPH1
  D:0082H         SYMBOL        DPL
  D:0084H         SYMBOL        DPL1
  D:0092H         SYMBOL        DPS
  B:00B8H.0       SYMBOL        EADC
  B:00A8H.7       SYMBOL        EAL
  B:00A8H.4       SYMBOL        ES
  B:00A8H.4       SYMBOL        ES0
  B:00A8H.1       SYMBOL        ET0
  B:00A8H.3       SYMBOL        ET1
  B:00A8H.0       SYMBOL        EX0
  B:00A8H.2       SYMBOL        EX1
  B:00B8H.1       SYMBOL        EX2
  B:00B8H.2       SYMBOL        EX3
  B:00B8H.3       SYMBOL        EX4
  B:00B8H.4       SYMBOL        EX5
  B:00B8H.5       SYMBOL        EX6
  B:00C8H.5       SYMBOL        I2FR
  B:00C8H.6       SYMBOL        I3FR
  B:00C0H.0       SYMBOL        IADC
  D:00A8H         SYMBOL        IE
  B:0088H.1       SYMBOL        IE0
  B:0088H.3       SYMBOL        IE1
  D:00A8H         SYMBOL        IEN0
  D:00B8H         SYMBOL        IEN1
  D:009AH         SYMBOL        IEN2
  B:00C0H.1       SYMBOL        IEX2
  B:00C0H.2       SYMBOL        IEX3
  B:00C0H.3       SYMBOL        IEX4
  B:00C0H.4       SYMBOL        IEX5
  B:00C0H.5       SYMBOL        IEX6
  N:0000H         SYMBOL        INITIAL
  D:00F9H         SYMBOL        INT_REG1
  D:00FAH         SYMBOL        INT_REG2
  D:00FDH         SYMBOL        INT_REG3
  D:00FEH         SYMBOL        INT_REG4
  D:00A9H         SYMBOL        IP0
  D:00B9H         SYMBOL        IP1
  D:00C0H         SYMBOL        IRCON
  B:0088H.0       SYMBOL        IT0
  B:0088H.2       SYMBOL        IT1
  D:00E9H         SYMBOL        MD0
  D:00EAH         SYMBOL        MD1
  D:00EBH         SYMBOL        MD2
  D:00ECH         SYMBOL        MD3
  D:00EDH         SYMBOL        MD4
  D:00EEH         SYMBOL        MD5
  D:00E8H         SYMBOL        MEM_CONFIG
  D:0080H         SYMBOL        P0
  B:0080H.0       SYMBOL        P00
  B:0080H.1       SYMBOL        P01
  B:0080H.2       SYMBOL        P02
BL51 BANKED LINKER/LOCATER V6.22                                                      11/17/2018  17:39:31  PAGE 8


  B:0080H.3       SYMBOL        P03
  B:0080H.4       SYMBOL        P04
  B:0080H.5       SYMBOL        P05
  B:0080H.6       SYMBOL        P06
  B:0080H.7       SYMBOL        P07
  D:0090H         SYMBOL        P1
  B:0090H.0       SYMBOL        P10
  B:0090H.1       SYMBOL        P11
  B:0090H.2       SYMBOL        P12
  B:0090H.3       SYMBOL        P13
  B:0090H.4       SYMBOL        P14
  B:0090H.5       SYMBOL        P15
  B:0090H.6       SYMBOL        P16
  B:0090H.7       SYMBOL        P17
  D:00B1H         SYMBOL        P1AQCSFRC
  D:00A7H         SYMBOL        P1AQSFRC
  D:00A3H         SYMBOL        P1CMPA
  D:00A4H         SYMBOL        P1CMPA_H
  D:00A3H         SYMBOL        P1CMPA_L
  D:00A5H         SYMBOL        P1CMPB
  D:00A6H         SYMBOL        P1CMPB_H
  D:00A5H         SYMBOL        P1CMPB_L
  D:00B6H         SYMBOL        P1ETCLR
  D:00B5H         SYMBOL        P1ETFLG
  D:00B7H         SYMBOL        P1ETFRC
  D:00A1H         SYMBOL        P1TBPRD
  D:00A2H         SYMBOL        P1TBPRD_H
  D:00A1H         SYMBOL        P1TBPRD_L
  D:00B3H         SYMBOL        P1TZCLR
  D:00B2H         SYMBOL        P1TZFLG
  D:00B4H         SYMBOL        P1TZFRC
  D:00A0H         SYMBOL        P2
  B:00A0H.0       SYMBOL        P20
  B:00A0H.1       SYMBOL        P21
  B:00A0H.2       SYMBOL        P22
  B:00A0H.3       SYMBOL        P23
  B:00A0H.4       SYMBOL        P24
  B:00A0H.5       SYMBOL        P25
  B:00A0H.6       SYMBOL        P26
  B:00A0H.7       SYMBOL        P27
  D:00C9H         SYMBOL        P2AQCSFRC
  D:00C7H         SYMBOL        P2AQSFRC
  D:00C3H         SYMBOL        P2CMPA
  D:00C4H         SYMBOL        P2CMPA_H
  D:00C3H         SYMBOL        P2CMPA_L
  D:00C5H         SYMBOL        P2CMPB
  D:00C6H         SYMBOL        P2CMPB_H
  D:00C5H         SYMBOL        P2CMPB_L
  D:00CEH         SYMBOL        P2ETCLR
  D:00CDH         SYMBOL        P2ETFLG
  D:00CFH         SYMBOL        P2ETFRC
  D:00C1H         SYMBOL        P2TBPRD
  D:00C2H         SYMBOL        P2TBPRD_H
  D:00C1H         SYMBOL        P2TBPRD_L
  D:00CBH         SYMBOL        P2TZCLR
  D:00CAH         SYMBOL        P2TZFLG
  D:00CCH         SYMBOL        P2TZFRC
BL51 BANKED LINKER/LOCATER V6.22                                                      11/17/2018  17:39:31  PAGE 9


  D:00B0H         SYMBOL        P3
  B:00B0H.0       SYMBOL        P30
  B:00B0H.1       SYMBOL        P31
  B:00B0H.2       SYMBOL        P32
  B:00B0H.3       SYMBOL        P33
  B:00B0H.4       SYMBOL        P34
  B:00B0H.5       SYMBOL        P35
  B:00B0H.6       SYMBOL        P36
  B:00B0H.7       SYMBOL        P37
  D:00D9H         SYMBOL        P3AQCSFRC
  D:00D7H         SYMBOL        P3AQSFRC
  D:00D3H         SYMBOL        P3CMPA
  D:00D4H         SYMBOL        P3CMPA_H
  D:00D3H         SYMBOL        P3CMPA_L
  D:00D5H         SYMBOL        P3CMPB
  D:00D6H         SYMBOL        P3CMPB_H
  D:00D5H         SYMBOL        P3CMPB_L
  D:00DEH         SYMBOL        P3ETCLR
  D:00DDH         SYMBOL        P3ETFLG
  D:00DFH         SYMBOL        P3ETFRC
  D:00D1H         SYMBOL        P3TBPRD
  D:00D2H         SYMBOL        P3TBPRD_H
  D:00D1H         SYMBOL        P3TBPRD_L
  D:00DBH         SYMBOL        P3TZCLR
  D:00DAH         SYMBOL        P3TZFLG
  D:00DCH         SYMBOL        P3TZFRC
  D:00F1H         SYMBOL        P4AQCSFRC
  D:00E7H         SYMBOL        P4AQSFRC
  D:00E3H         SYMBOL        P4CMPA
  D:00E4H         SYMBOL        P4CMPA_H
  D:00E3H         SYMBOL        P4CMPA_L
  D:00E5H         SYMBOL        P4CMPB
  D:00E6H         SYMBOL        P4CMPB_H
  D:00E5H         SYMBOL        P4CMPB_L
  D:00F6H         SYMBOL        P4ETCLR
  D:00F5H         SYMBOL        P4ETFLG
  D:00F7H         SYMBOL        P4ETFRC
  D:00E1H         SYMBOL        P4TBPRD
  D:00E2H         SYMBOL        P4TBPRD_H
  D:00E1H         SYMBOL        P4TBPRD_L
  D:00F3H         SYMBOL        P4TZCLR
  D:00F2H         SYMBOL        P4TZFLG
  D:00F4H         SYMBOL        P4TZFRC
  D:0087H         SYMBOL        PCON
  D:0097H         SYMBOL        POWER_CON
  D:00D0H         SYMBOL        PSW
  B:0098H.2       SYMBOL        RB80
  B:0098H.4       SYMBOL        REN0
  B:0098H.0       SYMBOL        RI
  B:0098H.0       SYMBOL        RI0
  D:0099H         SYMBOL        S0BUF
  D:0098H         SYMBOL        S0CON
  D:00BAH         SYMBOL        S0RELH
  D:00AAH         SYMBOL        S0RELL
  D:009CH         SYMBOL        S1BUF
  D:009BH         SYMBOL        S1CON
  D:00BBH         SYMBOL        S1RELH
BL51 BANKED LINKER/LOCATER V6.22                                                      11/17/2018  17:39:31  PAGE 10


  D:009DH         SYMBOL        S1RELL
  D:0099H         SYMBOL        SBUF
  B:0098H.7       SYMBOL        SM0
  B:0098H.6       SYMBOL        SM1
  B:0098H.5       SYMBOL        SM20
  D:0081H         SYMBOL        SP
  D:00F8H         SYMBOL        SRAM_CON
  B:00B8H.6       SYMBOL        SWDT
  D:00C8H         SYMBOL        T2CON
  B:0098H.3       SYMBOL        TB80
  D:0088H         SYMBOL        TCON
  B:0088H.5       SYMBOL        TF0
  B:0088H.7       SYMBOL        TF1
  D:008CH         SYMBOL        TH0
  D:008DH         SYMBOL        TH1
  B:0098H.1       SYMBOL        TI0
  D:008AH         SYMBOL        TL0
  D:008BH         SYMBOL        TL1
  D:0089H         SYMBOL        TMOD
  B:0088H.4       SYMBOL        TR0
  B:0088H.6       SYMBOL        TR1
  D:00D8H         SYMBOL        WDCON
  B:00D8H.7       SYMBOL        WDCON_7
  B:00A8H.6       SYMBOL        WDT
  D:0086H         SYMBOL        WDTREL
  C:3D9DH         LINE#         283
  C:3DA0H         LINE#         284
  C:3DA2H         LINE#         285
  C:3DA3H         LINE#         293
  C:3DA6H         LINE#         294
  C:3DA7H         LINE#         295
  C:3DA8H         LINE#         296
  C:3DA9H         LINE#         297
  C:3DABH         LINE#         298
  C:3DACH         LINE#         299
  C:3DADH         LINE#         300
  C:3DAFH         LINE#         301
  C:3DB0H         LINE#         302
  C:3DB1H         LINE#         303
  C:3DB2H         LINE#         306
  C:3DB4H         LINE#         309
  C:3DB6H         LINE#         312
  C:3DB8H         LINE#         315
  C:3DBBH         LINE#         320
  C:3B7BH         LINE#         335
  C:3B7DH         LINE#         340
  C:3B80H         LINE#         343
  C:3B83H         LINE#         347
  C:3B86H         LINE#         350
  C:3B89H         LINE#         353
  C:3B8BH         LINE#         356
  C:3B8DH         LINE#         359
  C:3B8FH         LINE#         362
  C:3B91H         LINE#         365
  C:3B92H         LINE#         368
  C:3B93H         LINE#         371
  C:3B94H         LINE#         379
BL51 BANKED LINKER/LOCATER V6.22                                                      11/17/2018  17:39:31  PAGE 11


  C:3B96H         LINE#         382
  C:3B98H         LINE#         385
  C:3B9BH         LINE#         386
  C:3B9EH         LINE#         387
  C:3BA0H         LINE#         388
  C:3BA2H         LINE#         389
  C:3BA4H         LINE#         390
  C:3BA6H         LINE#         391
  C:3BA8H         LINE#         393
  C:3BABH         LINE#         399
  C:3BADH         LINE#         400
  C:3BB0H         LINE#         401
  C:3BB2H         LINE#         405
  C:3BB4H         LINE#         409
  C:3BB5H         LINE#         412
  C:3BB6H         LINE#         415
  C:3BB7H         LINE#         418
  C:3BB9H         LINE#         421
  C:3BBBH         LINE#         424
  C:3BBCH         LINE#         427
  C:3BBDH         LINE#         430
  C:3BBEH         LINE#         435
  C:3BC0H         LINE#         439
  C:3DFFH         LINE#         456
  C:3E02H         LINE#         459
  C:3E05H         LINE#         462
  C:3E08H         LINE#         466
  C:206EH         LINE#         479
  C:2071H         LINE#         482
  C:2074H         LINE#         485
  C:2077H         LINE#         488
  C:207AH         LINE#         492
  C:208EH         LINE#         505
  C:2091H         LINE#         508
  C:2094H         LINE#         511
  C:2097H         LINE#         514
  C:209AH         LINE#         518
  C:32B2H         LINE#         533
  C:32B5H         LINE#         534
  C:32B6H         LINE#         535
  C:32B7H         LINE#         538
  C:32BAH         LINE#         539
  C:32BBH         LINE#         540
  C:32BCH         LINE#         541
  C:32BDH         LINE#         542
  C:32BFH         LINE#         543
  C:32C0H         LINE#         544
  C:32C1H         LINE#         545
  C:32C2H         LINE#         548
  C:32C5H         LINE#         549
  C:32C6H         LINE#         550
  C:32C7H         LINE#         551
  C:32C8H         LINE#         552
  C:32CAH         LINE#         553
  C:32CBH         LINE#         554
  C:32CCH         LINE#         555
  C:32CDH         LINE#         558
BL51 BANKED LINKER/LOCATER V6.22                                                      11/17/2018  17:39:31  PAGE 12


  C:32D0H         LINE#         559
  C:32D2H         LINE#         560
  C:32D3H         LINE#         566
  C:32D6H         LINE#         567
  C:32D7H         LINE#         568
  C:32D8H         LINE#         569
  C:32D9H         LINE#         570
  C:32DBH         LINE#         571
  C:32DCH         LINE#         572
  C:32DDH         LINE#         573
  C:32DEH         LINE#         576
  C:32E1H         LINE#         577
  C:32E2H         LINE#         578
  C:32E3H         LINE#         579
  C:32E4H         LINE#         580
  C:32E6H         LINE#         581
  C:32E7H         LINE#         582
  C:32E8H         LINE#         583
  C:32E9H         LINE#         589
  C:32ECH         LINE#         590
  C:32EDH         LINE#         591
  C:32EEH         LINE#         592
  C:32EFH         LINE#         593
  C:32F1H         LINE#         594
  C:32F2H         LINE#         595
  C:32F3H         LINE#         596
  C:32F5H         LINE#         597
  C:32F6H         LINE#         598
  C:32F7H         LINE#         599
  C:32F8H         LINE#         602
  C:32FBH         LINE#         603
  C:32FCH         LINE#         604
  C:32FDH         LINE#         605
  C:32FEH         LINE#         606
  C:3300H         LINE#         607
  C:3301H         LINE#         608
  C:3302H         LINE#         609
  C:3304H         LINE#         610
  C:3305H         LINE#         611
  C:3306H         LINE#         612
  C:3307H         LINE#         615
  C:330AH         LINE#         616
  C:330BH         LINE#         617
  C:330CH         LINE#         618
  C:330DH         LINE#         619
  C:330FH         LINE#         620
  C:3310H         LINE#         621
  C:3311H         LINE#         622
  C:3313H         LINE#         623
  C:3314H         LINE#         624
  C:3315H         LINE#         625
  C:3316H         LINE#         630
  C:3319H         LINE#         631
  C:331AH         LINE#         632
  C:331BH         LINE#         633
  C:331CH         LINE#         634
  C:331EH         LINE#         635
BL51 BANKED LINKER/LOCATER V6.22                                                      11/17/2018  17:39:31  PAGE 13


  C:331FH         LINE#         636
  C:3320H         LINE#         637
  C:3321H         LINE#         640
  C:3324H         LINE#         641
  C:3325H         LINE#         642
  C:3326H         LINE#         643
  C:3327H         LINE#         644
  C:3329H         LINE#         645
  C:332AH         LINE#         646
  C:332BH         LINE#         647
  C:332CH         LINE#         651
  C:332FH         LINE#         652
  C:3330H         LINE#         653
  C:3331H         LINE#         654
  C:3332H         LINE#         655
  C:3334H         LINE#         656
  C:3335H         LINE#         657
  C:3336H         LINE#         658
  C:3337H         LINE#         661
  C:333AH         LINE#         662
  C:333BH         LINE#         663
  C:333CH         LINE#         664
  C:333DH         LINE#         665
  C:333FH         LINE#         666
  C:3340H         LINE#         667
  C:3341H         LINE#         668
  C:3342H         LINE#         671
  C:3345H         LINE#         672
  C:3346H         LINE#         673
  C:3347H         LINE#         674
  C:3348H         LINE#         675
  C:3349H         LINE#         676
  C:334AH         LINE#         682
  C:334CH         LINE#         685
  C:334EH         LINE#         690
  C:20F6H         LINE#         709
  C:20F9H         LINE#         710
  C:20FAH         LINE#         711
  C:20FBH         LINE#         712
  C:20FCH         LINE#         713
  C:20FEH         LINE#         714
  C:20FFH         LINE#         715
  C:2100H         LINE#         716
  C:2102H         LINE#         717
  C:2103H         LINE#         718
  C:2104H         LINE#         719
  C:2105H         LINE#         722
  C:2108H         LINE#         723
  C:2109H         LINE#         724
  C:210AH         LINE#         725
  C:210BH         LINE#         726
  C:210DH         LINE#         727
  C:210EH         LINE#         728
  C:210FH         LINE#         729
  C:2111H         LINE#         730
  C:2112H         LINE#         731
  C:2113H         LINE#         732
BL51 BANKED LINKER/LOCATER V6.22                                                      11/17/2018  17:39:31  PAGE 14


  C:2114H         LINE#         736
  C:2117H         LINE#         737
  C:2118H         LINE#         738
  C:2119H         LINE#         739
  C:211AH         LINE#         740
  C:211CH         LINE#         741
  C:211DH         LINE#         742
  C:211EH         LINE#         743
  C:2120H         LINE#         744
  C:2121H         LINE#         745
  C:2122H         LINE#         746
  C:2123H         LINE#         749
  C:2126H         LINE#         750
  C:2127H         LINE#         751
  C:2128H         LINE#         752
  C:2129H         LINE#         753
  C:212BH         LINE#         754
  C:212CH         LINE#         755
  C:212DH         LINE#         756
  C:212FH         LINE#         757
  C:2130H         LINE#         758
  C:2131H         LINE#         759
  C:2132H         LINE#         763
  C:2135H         LINE#         764
  C:2136H         LINE#         765
  C:2137H         LINE#         766
  C:2138H         LINE#         767
  C:213AH         LINE#         768
  C:213BH         LINE#         769
  C:213CH         LINE#         770
  C:213EH         LINE#         771
  C:213FH         LINE#         772
  C:2140H         LINE#         773
  C:2141H         LINE#         776
  C:2144H         LINE#         777
  C:2145H         LINE#         778
  C:2146H         LINE#         779
  C:2147H         LINE#         780
  C:2149H         LINE#         781
  C:214AH         LINE#         782
  C:214BH         LINE#         783
  C:214DH         LINE#         784
  C:214EH         LINE#         785
  C:214FH         LINE#         786
  C:2150H         LINE#         796
  C:2153H         LINE#         797
  C:2156H         LINE#         800
  C:2159H         LINE#         801
  C:215CH         LINE#         804
  C:215FH         LINE#         805
  C:2162H         LINE#         808
  C:2165H         LINE#         809
  C:2168H         LINE#         817
  C:216BH         LINE#         818
  C:216CH         LINE#         819
  C:216DH         LINE#         820
  C:216EH         LINE#         821
BL51 BANKED LINKER/LOCATER V6.22                                                      11/17/2018  17:39:31  PAGE 15


  C:2170H         LINE#         822
  C:2171H         LINE#         823
  C:2172H         LINE#         824
  C:2173H         LINE#         827
  C:2176H         LINE#         828
  C:2177H         LINE#         829
  C:2178H         LINE#         830
  C:2179H         LINE#         831
  C:217BH         LINE#         832
  C:217CH         LINE#         833
  C:217DH         LINE#         834
  C:217EH         LINE#         837
  C:2181H         LINE#         838
  C:2182H         LINE#         839
  C:2183H         LINE#         840
  C:2184H         LINE#         841
  C:2186H         LINE#         842
  C:2187H         LINE#         843
  C:2188H         LINE#         844
  C:2189H         LINE#         847
  C:218CH         LINE#         848
  C:218DH         LINE#         849
  C:218EH         LINE#         850
  C:218FH         LINE#         851
  C:2191H         LINE#         852
  C:2192H         LINE#         853
  C:2193H         LINE#         854
  C:2194H         LINE#         857
  C:2197H         LINE#         858
  C:2198H         LINE#         859
  C:2199H         LINE#         860
  C:219AH         LINE#         861
  C:219CH         LINE#         862
  C:219DH         LINE#         863
  C:219EH         LINE#         864
  C:219FH         LINE#         871
  C:21A2H         LINE#         872
  C:21A3H         LINE#         873
  C:21A4H         LINE#         874
  C:21A5H         LINE#         875
  C:21A7H         LINE#         876
  C:21A8H         LINE#         877
  C:21A9H         LINE#         878
  C:21ABH         LINE#         879
  C:21ACH         LINE#         880
  C:21ADH         LINE#         881
  C:21AEH         LINE#         884
  C:21B1H         LINE#         885
  C:21B2H         LINE#         886
  C:21B3H         LINE#         887
  C:21B4H         LINE#         888
  C:21B6H         LINE#         889
  C:21B7H         LINE#         890
  C:21B8H         LINE#         891
  C:21BAH         LINE#         892
  C:21BBH         LINE#         893
  C:21BCH         LINE#         894
BL51 BANKED LINKER/LOCATER V6.22                                                      11/17/2018  17:39:31  PAGE 16


  C:21BDH         LINE#         897
  C:21C0H         LINE#         898
  C:21C1H         LINE#         899
  C:21C2H         LINE#         900
  C:21C3H         LINE#         901
  C:21C5H         LINE#         902
  C:21C6H         LINE#         903
  C:21C7H         LINE#         904
  C:21C9H         LINE#         905
  C:21CAH         LINE#         906
  C:21CBH         LINE#         907
  C:21CCH         LINE#         910
  C:21CFH         LINE#         911
  C:21D0H         LINE#         912
  C:21D1H         LINE#         913
  C:21D2H         LINE#         914
  C:21D4H         LINE#         915
  C:21D5H         LINE#         916
  C:21D6H         LINE#         917
  C:21D8H         LINE#         918
  C:21D9H         LINE#         919
  C:21DAH         LINE#         920
  C:21DBH         LINE#         925
  C:21DEH         LINE#         926
  C:21DFH         LINE#         927
  C:21E0H         LINE#         928
  C:21E1H         LINE#         929
  C:21E3H         LINE#         930
  C:21E4H         LINE#         931
  C:21E5H         LINE#         932
  C:21E6H         LINE#         939
  C:21E9H         LINE#         940
  C:21EAH         LINE#         941
  C:21EBH         LINE#         942
  C:21ECH         LINE#         943
  C:21EEH         LINE#         944
  C:21EFH         LINE#         945
  C:21F0H         LINE#         946
  C:21F2H         LINE#         947
  C:21F3H         LINE#         948
  C:21F4H         LINE#         949
  C:21F5H         LINE#         952
  C:21F8H         LINE#         953
  C:21F9H         LINE#         954
  C:21FAH         LINE#         955
  C:21FBH         LINE#         956
  C:21FDH         LINE#         957
  C:21FEH         LINE#         958
  C:21FFH         LINE#         959
  C:2201H         LINE#         960
  C:2202H         LINE#         961
  C:2203H         LINE#         962
  C:2204H         LINE#         965
  C:2207H         LINE#         966
  C:2208H         LINE#         967
  C:2209H         LINE#         968
  C:220AH         LINE#         969
BL51 BANKED LINKER/LOCATER V6.22                                                      11/17/2018  17:39:31  PAGE 17


  C:220CH         LINE#         970
  C:220DH         LINE#         971
  C:220EH         LINE#         972
  C:2210H         LINE#         973
  C:2211H         LINE#         974
  C:2212H         LINE#         975
  C:2213H         LINE#         978
  C:2216H         LINE#         979
  C:2217H         LINE#         980
  C:2218H         LINE#         981
  C:2219H         LINE#         982
  C:221BH         LINE#         983
  C:221CH         LINE#         984
  C:221DH         LINE#         985
  C:221FH         LINE#         986
  C:2220H         LINE#         987
  C:2221H         LINE#         988
  C:2222H         LINE#         995
  C:2225H         LINE#         996
  C:2226H         LINE#         997
  C:2227H         LINE#         998
  C:2228H         LINE#         999
  C:222AH         LINE#         1000
  C:222BH         LINE#         1001
  C:222CH         LINE#         1002
  C:222DH         LINE#         1005
  C:2230H         LINE#         1006
  C:2231H         LINE#         1007
  C:2232H         LINE#         1008
  C:2233H         LINE#         1009
  C:2235H         LINE#         1010
  C:2236H         LINE#         1011
  C:2237H         LINE#         1012
  C:2238H         LINE#         1015
  C:223BH         LINE#         1016
  C:223CH         LINE#         1017
  C:223DH         LINE#         1018
  C:223EH         LINE#         1019
  C:2240H         LINE#         1020
  C:2241H         LINE#         1021
  C:2242H         LINE#         1022
  C:2243H         LINE#         1025
  C:2246H         LINE#         1026
  C:2247H         LINE#         1027
  C:2248H         LINE#         1028
  C:2249H         LINE#         1029
  C:224BH         LINE#         1030
  C:224CH         LINE#         1031
  C:224DH         LINE#         1032
  C:224EH         LINE#         1036
  C:2251H         LINE#         1037
  C:2252H         LINE#         1038
  C:2253H         LINE#         1039
  C:2254H         LINE#         1040
  C:2256H         LINE#         1041
  C:2257H         LINE#         1042
  C:2258H         LINE#         1043
BL51 BANKED LINKER/LOCATER V6.22                                                      11/17/2018  17:39:31  PAGE 18


  C:2259H         LINE#         1046
  C:225CH         LINE#         1047
  C:225DH         LINE#         1048
  C:225EH         LINE#         1049
  C:225FH         LINE#         1050
  C:2261H         LINE#         1051
  C:2262H         LINE#         1052
  C:2263H         LINE#         1053
  C:2264H         LINE#         1056
  C:2267H         LINE#         1057
  C:2268H         LINE#         1058
  C:2269H         LINE#         1059
  C:226AH         LINE#         1060
  C:226CH         LINE#         1061
  C:226DH         LINE#         1062
  C:226EH         LINE#         1063
  C:226FH         LINE#         1066
  C:2272H         LINE#         1067
  C:2273H         LINE#         1068
  C:2274H         LINE#         1069
  C:2275H         LINE#         1070
  C:2277H         LINE#         1071
  C:2278H         LINE#         1072
  C:2279H         LINE#         1073
  C:227AH         LINE#         1077
  C:227DH         LINE#         1078
  C:227EH         LINE#         1079
  C:227FH         LINE#         1080
  C:2280H         LINE#         1081
  C:2282H         LINE#         1082
  C:2283H         LINE#         1083
  C:2284H         LINE#         1084
  C:2285H         LINE#         1087
  C:2288H         LINE#         1088
  C:2289H         LINE#         1089
  C:228AH         LINE#         1090
  C:228BH         LINE#         1091
  C:228DH         LINE#         1092
  C:228EH         LINE#         1093
  C:228FH         LINE#         1094
  C:2290H         LINE#         1097
  C:2293H         LINE#         1098
  C:2294H         LINE#         1099
  C:2295H         LINE#         1100
  C:2296H         LINE#         1101
  C:2298H         LINE#         1102
  C:2299H         LINE#         1103
  C:229AH         LINE#         1104
  C:229BH         LINE#         1107
  C:229EH         LINE#         1108
  C:229FH         LINE#         1109
  C:22A0H         LINE#         1110
  C:22A1H         LINE#         1111
  C:22A3H         LINE#         1112
  C:22A4H         LINE#         1113
  C:22A5H         LINE#         1114
  C:22A6H         LINE#         1118
BL51 BANKED LINKER/LOCATER V6.22                                                      11/17/2018  17:39:31  PAGE 19


  C:22A9H         LINE#         1119
  C:22AAH         LINE#         1120
  C:22ABH         LINE#         1121
  C:22ACH         LINE#         1122
  C:22AEH         LINE#         1123
  C:22AFH         LINE#         1124
  C:22B0H         LINE#         1125
  C:22B1H         LINE#         1128
  C:22B4H         LINE#         1129
  C:22B5H         LINE#         1130
  C:22B6H         LINE#         1131
  C:22B7H         LINE#         1132
  C:22B9H         LINE#         1133
  C:22BAH         LINE#         1134
  C:22BBH         LINE#         1135
  C:22BCH         LINE#         1138
  C:22BFH         LINE#         1139
  C:22C0H         LINE#         1140
  C:22C1H         LINE#         1141
  C:22C2H         LINE#         1142
  C:22C4H         LINE#         1143
  C:22C5H         LINE#         1144
  C:22C6H         LINE#         1145
  C:22C7H         LINE#         1148
  C:22CAH         LINE#         1149
  C:22CBH         LINE#         1150
  C:22CCH         LINE#         1151
  C:22CDH         LINE#         1152
  C:22CFH         LINE#         1153
  C:22D0H         LINE#         1154
  C:22D1H         LINE#         1155
  C:22D2H         LINE#         1165
  C:22D5H         LINE#         1166
  C:22D6H         LINE#         1167
  C:22D7H         LINE#         1168
  C:22D8H         LINE#         1169
  C:22DAH         LINE#         1170
  C:22DBH         LINE#         1171
  C:22DCH         LINE#         1172
  C:22DEH         LINE#         1173
  C:22DFH         LINE#         1174
  C:22E0H         LINE#         1175
  C:22E1H         LINE#         1178
  C:22E4H         LINE#         1179
  C:22E5H         LINE#         1180
  C:22E6H         LINE#         1181
  C:22E7H         LINE#         1182
  C:22E9H         LINE#         1183
  C:22EAH         LINE#         1184
  C:22EBH         LINE#         1185
  C:22EDH         LINE#         1186
  C:22EEH         LINE#         1187
  C:22EFH         LINE#         1188
  C:22F0H         LINE#         1191
  C:22F3H         LINE#         1192
  C:22F4H         LINE#         1193
  C:22F5H         LINE#         1194
BL51 BANKED LINKER/LOCATER V6.22                                                      11/17/2018  17:39:31  PAGE 20


  C:22F6H         LINE#         1195
  C:22F8H         LINE#         1196
  C:22F9H         LINE#         1197
  C:22FAH         LINE#         1198
  C:22FBH         LINE#         1201
  C:22FEH         LINE#         1202
  C:22FFH         LINE#         1203
  C:2300H         LINE#         1204
  C:2301H         LINE#         1205
  C:2303H         LINE#         1206
  C:2304H         LINE#         1207
  C:2305H         LINE#         1208
  C:2306H         LINE#         1211
  C:2309H         LINE#         1212
  C:230AH         LINE#         1213
  C:230BH         LINE#         1214
  C:230CH         LINE#         1215
  C:230EH         LINE#         1216
  C:230FH         LINE#         1217
  C:2310H         LINE#         1218
  C:2311H         LINE#         1221
  C:2314H         LINE#         1222
  C:2315H         LINE#         1223
  C:2316H         LINE#         1224
  C:2317H         LINE#         1225
  C:2319H         LINE#         1226
  C:231AH         LINE#         1227
  C:231BH         LINE#         1228
  C:231CH         LINE#         1232
  C:231FH         LINE#         1233
  C:2320H         LINE#         1234
  C:2321H         LINE#         1235
  C:2322H         LINE#         1236
  C:2324H         LINE#         1237
  C:2325H         LINE#         1238
  C:2326H         LINE#         1239
  C:2328H         LINE#         1240
  C:2329H         LINE#         1241
  C:232AH         LINE#         1242
  C:232BH         LINE#         1245
  C:232EH         LINE#         1246
  C:232FH         LINE#         1247
  C:2330H         LINE#         1248
  C:2331H         LINE#         1249
  C:2333H         LINE#         1250
  C:2334H         LINE#         1251
  C:2335H         LINE#         1252
  C:2337H         LINE#         1253
  C:2338H         LINE#         1254
  C:2339H         LINE#         1255
  C:233AH         LINE#         1258
  C:233DH         LINE#         1259
  C:233EH         LINE#         1260
  C:233FH         LINE#         1261
  C:2340H         LINE#         1262
  C:2342H         LINE#         1263
  C:2343H         LINE#         1264
BL51 BANKED LINKER/LOCATER V6.22                                                      11/17/2018  17:39:31  PAGE 21


  C:2344H         LINE#         1265
  C:2345H         LINE#         1268
  C:2348H         LINE#         1269
  C:2349H         LINE#         1270
  C:234AH         LINE#         1271
  C:234BH         LINE#         1272
  C:234DH         LINE#         1273
  C:234EH         LINE#         1274
  C:234FH         LINE#         1275
  C:2350H         LINE#         1278
  C:2353H         LINE#         1279
  C:2354H         LINE#         1280
  C:2355H         LINE#         1281
  C:2356H         LINE#         1282
  C:2358H         LINE#         1283
  C:2359H         LINE#         1284
  C:235AH         LINE#         1285
  C:235BH         LINE#         1288
  C:235EH         LINE#         1289
  C:235FH         LINE#         1290
  C:2360H         LINE#         1291
  C:2361H         LINE#         1292
  C:2363H         LINE#         1293
  C:2364H         LINE#         1294
  C:2365H         LINE#         1295
  C:2366H         LINE#         1300
  C:2369H         LINE#         1301
  C:236AH         LINE#         1302
  C:236BH         LINE#         1303
  C:236CH         LINE#         1304
  C:236EH         LINE#         1305
  C:236FH         LINE#         1306
  C:2370H         LINE#         1307
  C:2372H         LINE#         1308
  C:2373H         LINE#         1309
  C:2374H         LINE#         1310
  C:2375H         LINE#         1313
  C:2378H         LINE#         1314
  C:2379H         LINE#         1315
  C:237AH         LINE#         1316
  C:237BH         LINE#         1317
  C:237DH         LINE#         1318
  C:237EH         LINE#         1319
  C:237FH         LINE#         1320
  C:2381H         LINE#         1321
  C:2382H         LINE#         1322
  C:2383H         LINE#         1323
  C:2384H         LINE#         1326
  C:2387H         LINE#         1327
  C:2388H         LINE#         1328
  C:2389H         LINE#         1329
  C:238AH         LINE#         1330
  C:238CH         LINE#         1331
  C:238DH         LINE#         1332
  C:238EH         LINE#         1333
  C:238FH         LINE#         1336
  C:2392H         LINE#         1337
BL51 BANKED LINKER/LOCATER V6.22                                                      11/17/2018  17:39:31  PAGE 22


  C:2393H         LINE#         1338
  C:2394H         LINE#         1339
  C:2395H         LINE#         1340
  C:2397H         LINE#         1341
  C:2398H         LINE#         1342
  C:2399H         LINE#         1343
  C:239AH         LINE#         1346
  C:239DH         LINE#         1347
  C:239EH         LINE#         1348
  C:239FH         LINE#         1349
  C:23A0H         LINE#         1350
  C:23A2H         LINE#         1351
  C:23A3H         LINE#         1352
  C:23A4H         LINE#         1353
  C:23A5H         LINE#         1356
  C:23A8H         LINE#         1357
  C:23A9H         LINE#         1358
  C:23AAH         LINE#         1359
  C:23ABH         LINE#         1360
  C:23ADH         LINE#         1361
  C:23AEH         LINE#         1362
  C:23AFH         LINE#         1363
  C:23B0H         LINE#         1368
  C:23B3H         LINE#         1369
  C:23B4H         LINE#         1370
  C:23B5H         LINE#         1371
  C:23B6H         LINE#         1372
  C:23B8H         LINE#         1373
  C:23B9H         LINE#         1374
  C:23BAH         LINE#         1375
  C:23BCH         LINE#         1376
  C:23BDH         LINE#         1377
  C:23BEH         LINE#         1378
  C:23BFH         LINE#         1381
  C:23C2H         LINE#         1382
  C:23C3H         LINE#         1383
  C:23C4H         LINE#         1384
  C:23C5H         LINE#         1385
  C:23C7H         LINE#         1386
  C:23C8H         LINE#         1387
  C:23C9H         LINE#         1388
  C:23CBH         LINE#         1389
  C:23CCH         LINE#         1390
  C:23CDH         LINE#         1391
  C:23CEH         LINE#         1394
  C:23D1H         LINE#         1395
  C:23D2H         LINE#         1396
  C:23D3H         LINE#         1397
  C:23D4H         LINE#         1398
  C:23D6H         LINE#         1399
  C:23D7H         LINE#         1400
  C:23D8H         LINE#         1401
  C:23D9H         LINE#         1404
  C:23DCH         LINE#         1405
  C:23DDH         LINE#         1406
  C:23DEH         LINE#         1407
  C:23DFH         LINE#         1408
BL51 BANKED LINKER/LOCATER V6.22                                                      11/17/2018  17:39:31  PAGE 23


  C:23E1H         LINE#         1409
  C:23E2H         LINE#         1410
  C:23E3H         LINE#         1411
  C:23E4H         LINE#         1414
  C:23E7H         LINE#         1415
  C:23E8H         LINE#         1416
  C:23E9H         LINE#         1417
  C:23EAH         LINE#         1418
  C:23ECH         LINE#         1419
  C:23EDH         LINE#         1420
  C:23EEH         LINE#         1421
  C:23EFH         LINE#         1424
  C:23F2H         LINE#         1425
  C:23F3H         LINE#         1426
  C:23F4H         LINE#         1427
  C:23F5H         LINE#         1428
  C:23F7H         LINE#         1429
  C:23F8H         LINE#         1430
  C:23F9H         LINE#         1431
  C:23FAH         LINE#         1470
  C:23FDH         LINE#         1471
  C:23FEH         LINE#         1472
  C:23FFH         LINE#         1473
  C:2400H         LINE#         1474
  C:2402H         LINE#         1475
  C:2403H         LINE#         1476
  C:2404H         LINE#         1477
  C:2405H         LINE#         1480
  C:2408H         LINE#         1481
  C:2409H         LINE#         1482
  C:240AH         LINE#         1483
  C:240BH         LINE#         1484
  C:240DH         LINE#         1485
  C:240EH         LINE#         1486
  C:240FH         LINE#         1487
  C:2411H         LINE#         1488
  C:2412H         LINE#         1489
  C:2413H         LINE#         1490
  C:2414H         LINE#         1493
  C:2417H         LINE#         1494
  C:2418H         LINE#         1495
  C:2419H         LINE#         1496
  C:241AH         LINE#         1497
  C:241CH         LINE#         1498
  C:241DH         LINE#         1499
  C:241EH         LINE#         1500
  C:241FH         LINE#         1504
  C:2422H         LINE#         1505
  C:2423H         LINE#         1506
  C:2424H         LINE#         1507
  C:2425H         LINE#         1508
  C:2427H         LINE#         1509
  C:2428H         LINE#         1510
  C:2429H         LINE#         1511
  C:242AH         LINE#         1514
  C:242DH         LINE#         1515
  C:242EH         LINE#         1516
BL51 BANKED LINKER/LOCATER V6.22                                                      11/17/2018  17:39:31  PAGE 24


  C:242FH         LINE#         1517
  C:2430H         LINE#         1518
  C:2432H         LINE#         1519
  C:2433H         LINE#         1520
  C:2434H         LINE#         1521
  C:2436H         LINE#         1522
  C:2437H         LINE#         1523
  C:2438H         LINE#         1524
  C:2439H         LINE#         1527
  C:243CH         LINE#         1528
  C:243DH         LINE#         1529
  C:243EH         LINE#         1530
  C:243FH         LINE#         1531
  C:2441H         LINE#         1532
  C:2442H         LINE#         1533
  C:2443H         LINE#         1534
  C:2444H         LINE#         1538
  C:2447H         LINE#         1539
  C:2448H         LINE#         1540
  C:2449H         LINE#         1541
  C:244AH         LINE#         1542
  C:244CH         LINE#         1543
  C:244DH         LINE#         1544
  C:244EH         LINE#         1545
  C:244FH         LINE#         1548
  C:2452H         LINE#         1549
  C:2453H         LINE#         1550
  C:2454H         LINE#         1551
  C:2455H         LINE#         1552
  C:2457H         LINE#         1553
  C:2458H         LINE#         1554
  C:2459H         LINE#         1555
  C:245BH         LINE#         1556
  C:245CH         LINE#         1557
  C:245DH         LINE#         1558
  C:245EH         LINE#         1561
  C:2461H         LINE#         1562
  C:2462H         LINE#         1563
  C:2463H         LINE#         1564
  C:2464H         LINE#         1565
  C:2466H         LINE#         1566
  C:2467H         LINE#         1567
  C:2468H         LINE#         1568
  C:2469H         LINE#         1572
  C:246CH         LINE#         1573
  C:246DH         LINE#         1574
  C:246EH         LINE#         1575
  C:246FH         LINE#         1576
  C:2471H         LINE#         1577
  C:2472H         LINE#         1578
  C:2473H         LINE#         1579
  C:2474H         LINE#         1582
  C:2477H         LINE#         1583
  C:2478H         LINE#         1584
  C:2479H         LINE#         1585
  C:247AH         LINE#         1586
  C:247CH         LINE#         1587
BL51 BANKED LINKER/LOCATER V6.22                                                      11/17/2018  17:39:31  PAGE 25


  C:247DH         LINE#         1588
  C:247EH         LINE#         1589
  C:2480H         LINE#         1590
  C:2481H         LINE#         1591
  C:2482H         LINE#         1592
  C:2483H         LINE#         1595
  C:2486H         LINE#         1596
  C:2487H         LINE#         1597
  C:2488H         LINE#         1598
  C:2489H         LINE#         1599
  C:248BH         LINE#         1600
  C:248CH         LINE#         1601
  C:248DH         LINE#         1602
  C:248EH         LINE#         1615
  C:2491H         LINE#         1616
  C:2492H         LINE#         1617
  C:2493H         LINE#         1618
  C:2494H         LINE#         1619
  C:2496H         LINE#         1620
  C:2497H         LINE#         1623
  C:249AH         LINE#         1624
  C:249BH         LINE#         1625
  C:249CH         LINE#         1626
  C:249DH         LINE#         1627
  C:249FH         LINE#         1628
  C:24A0H         LINE#         1631
  C:24A3H         LINE#         1632
  C:24A4H         LINE#         1633
  C:24A5H         LINE#         1634
  C:24A6H         LINE#         1635
  C:24A8H         LINE#         1636
  C:24A9H         LINE#         1639
  C:24ACH         LINE#         1640
  C:24ADH         LINE#         1641
  C:24AEH         LINE#         1642
  C:24AFH         LINE#         1643
  C:24B1H         LINE#         1644
  C:24B2H         LINE#         1648
  C:24B5H         LINE#         1649
  C:24B6H         LINE#         1650
  C:24B7H         LINE#         1651
  C:24B8H         LINE#         1652
  C:24BAH         LINE#         1653
  C:24BBH         LINE#         1656
  C:24BEH         LINE#         1657
  C:24BFH         LINE#         1658
  C:24C0H         LINE#         1659
  C:24C1H         LINE#         1660
  C:24C3H         LINE#         1661
  C:24C4H         LINE#         1664
  C:24C7H         LINE#         1665
  C:24C8H         LINE#         1666
  C:24C9H         LINE#         1667
  C:24CAH         LINE#         1668
  C:24CCH         LINE#         1669
  C:24CDH         LINE#         1672
  C:24D0H         LINE#         1673
BL51 BANKED LINKER/LOCATER V6.22                                                      11/17/2018  17:39:31  PAGE 26


  C:24D1H         LINE#         1674
  C:24D2H         LINE#         1675
  C:24D3H         LINE#         1676
  C:24D5H         LINE#         1677
  C:24D6H         LINE#         1691
  C:24D9H         LINE#         1692
  C:24DAH         LINE#         1693
  C:24DBH         LINE#         1694
  C:24DCH         LINE#         1695
  C:24DEH         LINE#         1696
  C:24DFH         LINE#         1697
  C:24E0H         LINE#         1698
  C:24E1H         LINE#         1701
  C:24E4H         LINE#         1702
  C:24E5H         LINE#         1703
  C:24E6H         LINE#         1704
  C:24E7H         LINE#         1705
  C:24E9H         LINE#         1706
  C:24EAH         LINE#         1707
  C:24EBH         LINE#         1708
  C:24ECH         LINE#         1712
  C:24EFH         LINE#         1713
  C:24F0H         LINE#         1714
  C:24F1H         LINE#         1715
  C:24F2H         LINE#         1716
  C:24F4H         LINE#         1717
  C:24F5H         LINE#         1718
  C:24F6H         LINE#         1719
  C:24F7H         LINE#         1722
  C:24FAH         LINE#         1723
  C:24FBH         LINE#         1724
  C:24FCH         LINE#         1725
  C:24FDH         LINE#         1726
  C:24FFH         LINE#         1727
  C:2500H         LINE#         1728
  C:2501H         LINE#         1729
  C:2502H         LINE#         1733
  C:2505H         LINE#         1734
  C:2506H         LINE#         1735
  C:2507H         LINE#         1736
  C:2508H         LINE#         1737
  C:250AH         LINE#         1738
  C:250BH         LINE#         1739
  C:250CH         LINE#         1740
  C:250DH         LINE#         1743
  C:2510H         LINE#         1744
  C:2511H         LINE#         1745
  C:2512H         LINE#         1746
  C:2513H         LINE#         1747
  C:2515H         LINE#         1748
  C:2516H         LINE#         1749
  C:2517H         LINE#         1750
  C:2518H         LINE#         1754
  C:251BH         LINE#         1755
  C:251CH         LINE#         1756
  C:251DH         LINE#         1757
  C:251EH         LINE#         1758
BL51 BANKED LINKER/LOCATER V6.22                                                      11/17/2018  17:39:31  PAGE 27


  C:2520H         LINE#         1759
  C:2521H         LINE#         1760
  C:2522H         LINE#         1761
  C:2523H         LINE#         1764
  C:2526H         LINE#         1765
  C:2527H         LINE#         1766
  C:2528H         LINE#         1767
  C:2529H         LINE#         1768
  C:252BH         LINE#         1769
  C:252CH         LINE#         1770
  C:252DH         LINE#         1771
  C:252EH         LINE#         1775
  C:2531H         LINE#         1776
  C:2532H         LINE#         1777
  C:2533H         LINE#         1778
  C:2534H         LINE#         1779
  C:2536H         LINE#         1780
  C:2537H         LINE#         1781
  C:2538H         LINE#         1782
  C:2539H         LINE#         1785
  C:253CH         LINE#         1786
  C:253DH         LINE#         1787
  C:253EH         LINE#         1788
  C:253FH         LINE#         1789
  C:2541H         LINE#         1790
  C:2542H         LINE#         1791
  C:2543H         LINE#         1792
  C:2544H         LINE#         1796
  C:2547H         LINE#         1797
  C:2548H         LINE#         1798
  C:2549H         LINE#         1799
  C:254AH         LINE#         1800
  C:254CH         LINE#         1801
  C:254DH         LINE#         1802
  C:254EH         LINE#         1803
  C:254FH         LINE#         1806
  C:2552H         LINE#         1807
  C:2553H         LINE#         1808
  C:2554H         LINE#         1809
  C:2555H         LINE#         1810
  C:2557H         LINE#         1811
  C:2558H         LINE#         1812
  C:2559H         LINE#         1813
  C:255AH         LINE#         1817
  C:255DH         LINE#         1818
  C:255EH         LINE#         1819
  C:255FH         LINE#         1820
  C:2560H         LINE#         1821
  C:2562H         LINE#         1822
  C:2563H         LINE#         1823
  C:2564H         LINE#         1824
  C:2565H         LINE#         1827
  C:2568H         LINE#         1828
  C:2569H         LINE#         1829
  C:256AH         LINE#         1830
  C:256BH         LINE#         1831
  C:256DH         LINE#         1832
BL51 BANKED LINKER/LOCATER V6.22                                                      11/17/2018  17:39:31  PAGE 28


  C:256EH         LINE#         1833
  C:256FH         LINE#         1834
  C:2570H         LINE#         1839
  C:2573H         LINE#         1840
  C:2574H         LINE#         1841
  C:2575H         LINE#         1842
  C:2576H         LINE#         1843
  C:2578H         LINE#         1844
  C:2579H         LINE#         1845
  C:257AH         LINE#         1846
  C:257BH         LINE#         1849
  C:257EH         LINE#         1850
  C:257FH         LINE#         1851
  C:2580H         LINE#         1852
  C:2581H         LINE#         1853
  C:2583H         LINE#         1854
  C:2584H         LINE#         1855
  C:2585H         LINE#         1856
  C:2586H         LINE#         1875
  C:2589H         LINE#         1876
  C:258AH         LINE#         1877
  C:258BH         LINE#         1878
  C:258CH         LINE#         1879
  C:258EH         LINE#         1880
  C:258FH         LINE#         1881
  C:2590H         LINE#         1882
  C:2591H         LINE#         1885
  C:2594H         LINE#         1886
  C:2595H         LINE#         1887
  C:2596H         LINE#         1888
  C:2597H         LINE#         1889
  C:2599H         LINE#         1890
  C:259AH         LINE#         1891
  C:259BH         LINE#         1892
  C:259DH         LINE#         1893
  C:259EH         LINE#         1894
  C:259FH         LINE#         1895
  C:25A0H         LINE#         1898
  C:25A3H         LINE#         1899
  C:25A4H         LINE#         1900
  C:25A5H         LINE#         1901
  C:25A6H         LINE#         1902
  C:25A8H         LINE#         1903
  C:25A9H         LINE#         1904
  C:25AAH         LINE#         1905
  C:25ABH         LINE#         1908
  C:25AEH         LINE#         1909
  C:25AFH         LINE#         1910
  C:25B0H         LINE#         1911
  C:25B1H         LINE#         1912
  C:25B3H         LINE#         1913
  C:25B4H         LINE#         1914
  C:25B5H         LINE#         1915
  C:25B7H         LINE#         1916
  C:25B8H         LINE#         1917
  C:25B9H         LINE#         1918
  C:25BAH         LINE#         1921
BL51 BANKED LINKER/LOCATER V6.22                                                      11/17/2018  17:39:31  PAGE 29


  C:25BDH         LINE#         1922
  C:25BEH         LINE#         1923
  C:25BFH         LINE#         1924
  C:25C0H         LINE#         1925
  C:25C2H         LINE#         1926
  C:25C3H         LINE#         1927
  C:25C4H         LINE#         1928
  C:25C5H         LINE#         1931
  C:25C8H         LINE#         1932
  C:25C9H         LINE#         1933
  C:25CAH         LINE#         1934
  C:25CBH         LINE#         1935
  C:25CDH         LINE#         1936
  C:25CEH         LINE#         1937
  C:25CFH         LINE#         1938
  C:25D1H         LINE#         1939
  C:25D2H         LINE#         1940
  C:25D3H         LINE#         1941
  C:25D4H         LINE#         1945
  C:25D7H         LINE#         1946
  C:25D8H         LINE#         1947
  C:25D9H         LINE#         1948
  C:25DAH         LINE#         1949
  C:25DCH         LINE#         1950
  C:25DDH         LINE#         1951
  C:25DEH         LINE#         1952
  C:25DFH         LINE#         1955
  C:25E2H         LINE#         1956
  C:25E3H         LINE#         1957
  C:25E4H         LINE#         1958
  C:25E5H         LINE#         1959
  C:25E7H         LINE#         1960
  C:25E8H         LINE#         1961
  C:25E9H         LINE#         1962
  C:25EBH         LINE#         1963
  C:25ECH         LINE#         1964
  C:25EDH         LINE#         1965
  C:25EEH         LINE#         1968
  C:25F1H         LINE#         1969
  C:25F2H         LINE#         1970
  C:25F3H         LINE#         1971
  C:25F4H         LINE#         1972
  C:25F6H         LINE#         1973
  C:25F7H         LINE#         1974
  C:25F8H         LINE#         1975
  C:25F9H         LINE#         1978
  C:25FCH         LINE#         1979
  C:25FDH         LINE#         1980
  C:25FEH         LINE#         1981
  C:25FFH         LINE#         1982
  C:2601H         LINE#         1983
  C:2602H         LINE#         1984
  C:2603H         LINE#         1985
  C:2605H         LINE#         1986
  C:2606H         LINE#         1987
  C:2607H         LINE#         1988
  C:2608H         LINE#         1991
BL51 BANKED LINKER/LOCATER V6.22                                                      11/17/2018  17:39:31  PAGE 30


  C:260BH         LINE#         1992
  C:260CH         LINE#         1993
  C:260DH         LINE#         1994
  C:260EH         LINE#         1995
  C:2610H         LINE#         1996
  C:2611H         LINE#         1997
  C:2612H         LINE#         1998
  C:2613H         LINE#         2001
  C:2616H         LINE#         2002
  C:2617H         LINE#         2003
  C:2618H         LINE#         2004
  C:2619H         LINE#         2005
  C:261BH         LINE#         2006
  C:261CH         LINE#         2007
  C:261DH         LINE#         2008
  C:261FH         LINE#         2009
  C:2620H         LINE#         2010
  C:2621H         LINE#         2011
  C:2622H         LINE#         2015
  C:2625H         LINE#         2016
  C:2626H         LINE#         2017
  C:2627H         LINE#         2018
  C:2628H         LINE#         2019
  C:262AH         LINE#         2020
  C:262BH         LINE#         2021
  C:262CH         LINE#         2022
  C:262DH         LINE#         2025
  C:2630H         LINE#         2026
  C:2631H         LINE#         2027
  C:2632H         LINE#         2028
  C:2633H         LINE#         2029
  C:2635H         LINE#         2030
  C:2636H         LINE#         2031
  C:2637H         LINE#         2032
  C:2639H         LINE#         2033
  C:263AH         LINE#         2034
  C:263BH         LINE#         2035
  C:263CH         LINE#         2038
  C:263FH         LINE#         2039
  C:2640H         LINE#         2040
  C:2641H         LINE#         2041
  C:2642H         LINE#         2042
  C:2644H         LINE#         2043
  C:2645H         LINE#         2044
  C:2646H         LINE#         2045
  C:2647H         LINE#         2048
  C:264AH         LINE#         2049
  C:264BH         LINE#         2050
  C:264CH         LINE#         2051
  C:264DH         LINE#         2052
  C:264FH         LINE#         2053
  C:2650H         LINE#         2054
  C:2651H         LINE#         2055
  C:2653H         LINE#         2056
  C:2654H         LINE#         2057
  C:2655H         LINE#         2058
  C:2656H         LINE#         2061
BL51 BANKED LINKER/LOCATER V6.22                                                      11/17/2018  17:39:31  PAGE 31


  C:2659H         LINE#         2062
  C:265AH         LINE#         2063
  C:265BH         LINE#         2064
  C:265CH         LINE#         2065
  C:265EH         LINE#         2066
  C:265FH         LINE#         2067
  C:2660H         LINE#         2068
  C:2661H         LINE#         2071
  C:2664H         LINE#         2072
  C:2665H         LINE#         2073
  C:2666H         LINE#         2074
  C:2667H         LINE#         2075
  C:2669H         LINE#         2076
  C:266AH         LINE#         2077
  C:266BH         LINE#         2078
  C:266DH         LINE#         2079
  C:266EH         LINE#         2080
  C:266FH         LINE#         2081
  C:2670H         LINE#         2085
  C:2673H         LINE#         2086
  C:2674H         LINE#         2087
  C:2675H         LINE#         2088
  C:2676H         LINE#         2089
  C:2678H         LINE#         2090
  C:2679H         LINE#         2091
  C:267AH         LINE#         2092
  C:267BH         LINE#         2095
  C:267EH         LINE#         2096
  C:267FH         LINE#         2097
  C:2680H         LINE#         2098
  C:2681H         LINE#         2099
  C:2683H         LINE#         2100
  C:2684H         LINE#         2101
  C:2685H         LINE#         2102
  C:2687H         LINE#         2103
  C:2688H         LINE#         2104
  C:2689H         LINE#         2105
  C:268AH         LINE#         2108
  C:268DH         LINE#         2109
  C:268EH         LINE#         2110
  C:268FH         LINE#         2111
  C:2690H         LINE#         2112
  C:2692H         LINE#         2113
  C:2693H         LINE#         2114
  C:2694H         LINE#         2115
  C:2695H         LINE#         2118
  C:2698H         LINE#         2119
  C:2699H         LINE#         2120
  C:269AH         LINE#         2121
  C:269BH         LINE#         2122
  C:269DH         LINE#         2123
  C:269EH         LINE#         2124
  C:269FH         LINE#         2125
  C:26A1H         LINE#         2126
  C:26A2H         LINE#         2127
  C:26A3H         LINE#         2128
  C:26A4H         LINE#         2131
BL51 BANKED LINKER/LOCATER V6.22                                                      11/17/2018  17:39:31  PAGE 32


  C:26A7H         LINE#         2132
  C:26A8H         LINE#         2133
  C:26A9H         LINE#         2134
  C:26AAH         LINE#         2135
  C:26ACH         LINE#         2136
  C:26ADH         LINE#         2137
  C:26AEH         LINE#         2138
  C:26AFH         LINE#         2141
  C:26B2H         LINE#         2142
  C:26B3H         LINE#         2143
  C:26B4H         LINE#         2144
  C:26B5H         LINE#         2145
  C:26B7H         LINE#         2146
  C:26B8H         LINE#         2147
  C:26B9H         LINE#         2148
  C:26BBH         LINE#         2149
  C:26BCH         LINE#         2150
  C:26BDH         LINE#         2151
  C:26BEH         LINE#         2159
  C:26C1H         LINE#         2160
  C:26C2H         LINE#         2161
  C:26C3H         LINE#         2162
  C:26C4H         LINE#         2163
  C:26C6H         LINE#         2164
  C:26C7H         LINE#         2165
  C:26C8H         LINE#         2166
  C:26CAH         LINE#         2167
  C:26CBH         LINE#         2168
  C:26CCH         LINE#         2169
  C:26CDH         LINE#         2172
  C:26D0H         LINE#         2173
  C:26D1H         LINE#         2174
  C:26D2H         LINE#         2175
  C:26D3H         LINE#         2176
  C:26D5H         LINE#         2177
  C:26D6H         LINE#         2178
  C:26D7H         LINE#         2179
  C:26D9H         LINE#         2180
  C:26DAH         LINE#         2181
  C:26DBH         LINE#         2182
  C:26DCH         LINE#         2185
  C:26DFH         LINE#         2186
  C:26E0H         LINE#         2187
  C:26E1H         LINE#         2188
  C:26E2H         LINE#         2189
  C:26E4H         LINE#         2190
  C:26E5H         LINE#         2191
  C:26E6H         LINE#         2192
  C:26E8H         LINE#         2193
  C:26E9H         LINE#         2194
  C:26EAH         LINE#         2195
  C:26EBH         LINE#         2198
  C:26EEH         LINE#         2199
  C:26EFH         LINE#         2200
  C:26F0H         LINE#         2201
  C:26F1H         LINE#         2202
  C:26F3H         LINE#         2203
BL51 BANKED LINKER/LOCATER V6.22                                                      11/17/2018  17:39:31  PAGE 33


  C:26F4H         LINE#         2204
  C:26F5H         LINE#         2205
  C:26F7H         LINE#         2206
  C:26F8H         LINE#         2207
  C:26F9H         LINE#         2208
  C:26FAH         LINE#         2211
  C:26FDH         LINE#         2212
  C:26FEH         LINE#         2213
  C:26FFH         LINE#         2214
  C:2700H         LINE#         2215
  C:2702H         LINE#         2216
  C:2703H         LINE#         2217
  C:2704H         LINE#         2218
  C:2705H         LINE#         2221
  C:2708H         LINE#         2222
  C:2709H         LINE#         2223
  C:270AH         LINE#         2224
  C:270BH         LINE#         2225
  C:270DH         LINE#         2226
  C:270EH         LINE#         2227
  C:270FH         LINE#         2228
  C:2710H         LINE#         2232
  C:2713H         LINE#         2233
  C:2714H         LINE#         2234
  C:2715H         LINE#         2235
  C:2716H         LINE#         2236
  C:2718H         LINE#         2237
  C:2719H         LINE#         2238
  C:271AH         LINE#         2239
  C:271CH         LINE#         2240
  C:271DH         LINE#         2241
  C:271EH         LINE#         2242
  C:271FH         LINE#         2245
  C:2722H         LINE#         2246
  C:2723H         LINE#         2247
  C:2724H         LINE#         2248
  C:2725H         LINE#         2249
  C:2727H         LINE#         2250
  C:2728H         LINE#         2251
  C:2729H         LINE#         2252
  C:272BH         LINE#         2253
  C:272CH         LINE#         2254
  C:272DH         LINE#         2255
  C:272EH         LINE#         2258
  C:2731H         LINE#         2259
  C:2732H         LINE#         2260
  C:2733H         LINE#         2261
  C:2734H         LINE#         2262
  C:2736H         LINE#         2263
  C:2737H         LINE#         2264
  C:2738H         LINE#         2265
  C:273AH         LINE#         2266
  C:273BH         LINE#         2267
  C:273CH         LINE#         2268
  C:273DH         LINE#         2271
  C:2740H         LINE#         2272
  C:2741H         LINE#         2273
BL51 BANKED LINKER/LOCATER V6.22                                                      11/17/2018  17:39:31  PAGE 34


  C:2742H         LINE#         2274
  C:2743H         LINE#         2275
  C:2745H         LINE#         2276
  C:2746H         LINE#         2277
  C:2747H         LINE#         2278
  C:2749H         LINE#         2279
  C:274AH         LINE#         2280
  C:274BH         LINE#         2281
  C:274CH         LINE#         2284
  C:274FH         LINE#         2285
  C:2750H         LINE#         2286
  C:2751H         LINE#         2287
  C:2752H         LINE#         2288
  C:2754H         LINE#         2289
  C:2755H         LINE#         2290
  C:2756H         LINE#         2291
  C:2757H         LINE#         2294
  C:275AH         LINE#         2295
  C:275BH         LINE#         2296
  C:275CH         LINE#         2297
  C:275DH         LINE#         2298
  C:275FH         LINE#         2299
  C:2760H         LINE#         2300
  C:2761H         LINE#         2301
  C:2762H         LINE#         2305
  C:2765H         LINE#         2306
  C:2766H         LINE#         2307
  C:2767H         LINE#         2308
  C:2768H         LINE#         2309
  C:276AH         LINE#         2310
  C:276BH         LINE#         2311
  C:276CH         LINE#         2312
  C:276EH         LINE#         2313
  C:276FH         LINE#         2314
  C:2770H         LINE#         2315
  C:2771H         LINE#         2318
  C:2774H         LINE#         2319
  C:2775H         LINE#         2320
  C:2776H         LINE#         2321
  C:2777H         LINE#         2322
  C:2779H         LINE#         2323
  C:277AH         LINE#         2324
  C:277BH         LINE#         2325
  C:277DH         LINE#         2326
  C:277EH         LINE#         2327
  C:277FH         LINE#         2328
  C:2780H         LINE#         2331
  C:2783H         LINE#         2332
  C:2784H         LINE#         2333
  C:2785H         LINE#         2334
  C:2786H         LINE#         2335
  C:2788H         LINE#         2336
  C:2789H         LINE#         2337
  C:278AH         LINE#         2338
  C:278CH         LINE#         2339
  C:278DH         LINE#         2340
  C:278EH         LINE#         2341
BL51 BANKED LINKER/LOCATER V6.22                                                      11/17/2018  17:39:31  PAGE 35


  C:278FH         LINE#         2344
  C:2792H         LINE#         2345
  C:2793H         LINE#         2346
  C:2794H         LINE#         2347
  C:2795H         LINE#         2348
  C:2797H         LINE#         2349
  C:2798H         LINE#         2350
  C:2799H         LINE#         2351
  C:279BH         LINE#         2352
  C:279CH         LINE#         2353
  C:279DH         LINE#         2354
  C:279EH         LINE#         2357
  C:27A1H         LINE#         2358
  C:27A2H         LINE#         2359
  C:27A3H         LINE#         2360
  C:27A4H         LINE#         2361
  C:27A6H         LINE#         2362
  C:27A7H         LINE#         2363
  C:27A8H         LINE#         2364
  C:27A9H         LINE#         2367
  C:27ACH         LINE#         2368
[...]
  C:2961H         SYMBOL        ?ISD?CMDLOOP2
  D:00E0H         SYMBOL        ACC
  D:008EH         SYMBOL        AUXR
  D:00F0H         SYMBOL        B
  D:0093H         SYMBOL        BPCTRL
  D:0095H         SYMBOL        BREAKH
  D:0094H         SYMBOL        BREAKL
  N:2000H         SYMBOL        BREAK_CODE
  N:E800H         SYMBOL        BREAK_XDATA
  C:28ACH         SYMBOL        C1T3INTERRUPT
  C:293FH         SYMBOL        CALLBREAK
  N:0010H         SYMBOL        CBLK
  C:297DH         SYMBOL        CHECKBREAK
  C:2989H         SYMBOL        CHECKBREAK1
  C:2976H         SYMBOL        CHECKBREAKS
  C:286AH         SYMBOL        COMINTERRUPT
  D:0083H         SYMBOL        DPH
  D:0082H         SYMBOL        DPL
  B:00A8H.7       SYMBOL        EA
  C:288EH         SYMBOL        EFLASHINTERRUPT
  D:00C0H         SYMBOL        EICON
  C:28A5H         SYMBOL        EPWM4INTERRUPT
  B:00A8H.4       SYMBOL        ES
  C:2B47H         SYMBOL        GK_CLRRI
  C:28C3H         SYMBOL        HWBREAKENTRY
  C:28F3H         SYMBOL        HWBREAKPOINT
  C:2880H         SYMBOL        I2CINTERRUPT
  D:00A8H         SYMBOL        IE
  C:2B64H         SYMBOL        IK_END
  C:2B63H         SYMBOL        IK_ON
  D:00F9H         SYMBOL        INT_REG1
  D:00FAH         SYMBOL        INT_REG2
BL51 BANKED LINKER/LOCATER V6.22                                                      11/17/2018  17:39:31  PAGE 69


  D:00FDH         SYMBOL        INT_REG3
  D:00FEH         SYMBOL        INT_REG4
  N:0000H         SYMBOL        ISD51_CONFIGURATION
  C:28E5H         SYMBOL        LDV18INTERRUPT
  C:28ECH         SYMBOL        LDV33INTERRUPT
  D:0096H         SYMBOL        MEMCTRL
  C:293DH         SYMBOL        NOSERBREAK
  D:0080H         SYMBOL        P0
  D:0090H         SYMBOL        P1
  D:00A0H         SYMBOL        P2
  D:00B0H         SYMBOL        P3
  C:2895H         SYMBOL        P4T5INTERRUPT
  C:2B17H         SYMBOL        PC_CHAR
  C:2B28H         SYMBOL        PC_CHAR1
  C:2B2AH         SYMBOL        PC_END
  B:00C0H.5       SYMBOL        PFI
  D:00E6H         SYMBOL        PH_FMADRL
  D:00E4H         SYMBOL        PH_FMCON
  D:00B8H         SYMBOL        PIREG
  D:00D0H         SYMBOL        PSW
  C:29BAH         SYMBOL        RESTARTSS
  C:298EH         SYMBOL        RESTARTUSER
  C:2990H         SYMBOL        RETURNI
  B:0098H.0       SYMBOL        RI
  C:28DEH         SYMBOL        RTCINTERRUPT
  B:0020H.0       SYMBOL        SAVEEAI
  D:0099H         SYMBOL        SBUF
  D:0098H         SYMBOL        SCON
  C:2914H         SYMBOL        SELECTHWBP1
  C:294FH         SYMBOL        SEND7BYTES
  C:295AH         SYMBOL        SENDSTACKFRAME
  C:2922H         SYMBOL        SERIALINTERRUPT
  N:2023H         SYMBOL        SINTRVEC
  C:294DH         SYMBOL        SOFTBREAK
  D:0081H         SYMBOL        SP
  C:2887H         SYMBOL        SPIINTERRUPT
  C:28BCH         SYMBOL        T3INTERRUPT
  B:0098H.1       SYMBOL        TI
  D:0000H         SYMBOL        UARTFLAG
  C:2B3AH         SYMBOL        _GETKEY2
  C:2B55H         SYMBOL        _ISKEY2
  C:2023H         LINE#         126
  C:2013H         LINE#         163
  C:2053H         LINE#         167
  C:2063H         LINE#         170
  C:206BH         LINE#         174
  C:286AH         LINE#         184
  C:286CH         LINE#         185
  C:286EH         LINE#         186
  C:2870H         LINE#         187
  C:2873H         LINE#         188
  C:2876H         LINE#         189
  C:2879H         LINE#         190
  C:287BH         LINE#         191
  C:287DH         LINE#         192
  C:2880H         LINE#         195
  C:2882H         LINE#         196
BL51 BANKED LINKER/LOCATER V6.22                                                      11/17/2018  17:39:31  PAGE 70


  C:2884H         LINE#         197
  C:2887H         LINE#         202
  C:2889H         LINE#         203
  C:288BH         LINE#         204
  C:288EH         LINE#         209
  C:2890H         LINE#         210
  C:2892H         LINE#         211
  C:2895H         LINE#         219
  C:2897H         LINE#         220
  C:2899H         LINE#         221
  C:289BH         LINE#         222
  C:289EH         LINE#         224
  C:28A0H         LINE#         225
  C:28A2H         LINE#         227
  C:28A5H         LINE#         230
  C:28A7H         LINE#         231
  C:28A9H         LINE#         233
  C:28ACH         LINE#         240
  C:28AEH         LINE#         241
  C:28B0H         LINE#         242
  C:28B2H         LINE#         243
  C:28B5H         LINE#         244
  C:28B7H         LINE#         245
  C:28B9H         LINE#         246
  C:28BCH         LINE#         248
  C:28BEH         LINE#         249
  C:28C0H         LINE#         250
  C:28C3H         LINE#         261
  C:28C5H         LINE#         262
  C:28C7H         LINE#         263
  C:28C9H         LINE#         264
  C:28CCH         LINE#         265
  C:28CEH         LINE#         266
  C:28D1H         LINE#         267
  C:28D4H         LINE#         268
  C:28D7H         LINE#         269
  C:28D9H         LINE#         270
  C:28DBH         LINE#         271
  C:28DEH         LINE#         274
  C:28E0H         LINE#         275
  C:28E2H         LINE#         276
  C:28E5H         LINE#         279
  C:28E7H         LINE#         280
  C:28E9H         LINE#         281
  C:28ECH         LINE#         285
  C:28EEH         LINE#         286
  C:28F0H         LINE#         287
  C:28F3H         LINE#         292
  C:28F6H         LINE#         293
  C:28F8H         LINE#         294
  C:28FAH         LINE#         296
  C:28FCH         LINE#         297
  C:28FDH         LINE#         298
  C:28FFH         LINE#         299
  C:2900H         LINE#         301
  C:2903H         LINE#         303
  C:2905H         LINE#         304
BL51 BANKED LINKER/LOCATER V6.22                                                      11/17/2018  17:39:31  PAGE 71


  C:2907H         LINE#         305
  C:2909H         LINE#         318
  C:290AH         LINE#         319
  C:290BH         LINE#         320
  C:290EH         LINE#         321
  C:2911H         LINE#         322
  C:2914H         LINE#         323
  C:2915H         LINE#         324
  C:2918H         LINE#         325
  C:291AH         LINE#         326
  C:291CH         LINE#         327
  C:291EH         LINE#         328
  C:2920H         LINE#         329
  C:2922H         LINE#         346
  C:2924H         LINE#         347
  C:2926H         LINE#         348
  C:2929H         LINE#         349
  C:292BH         LINE#         349
  C:292DH         LINE#         351
  C:292FH         LINE#         353
  C:2932H         LINE#         355
  C:2934H         LINE#         356
  C:2937H         LINE#         357
  C:2939H         LINE#         358
  C:293BH         LINE#         359
  C:293DH         LINE#         361
  C:293FH         LINE#         362
  C:2942H         LINE#         363
  C:2944H         LINE#         364
  C:2946H         LINE#         365
  C:2948H         LINE#         367
  C:294AH         LINE#         368
  C:294DH         LINE#         387
  C:294FH         LINE#         389
  C:2952H         LINE#         389
  C:2954H         LINE#         389
  C:2956H         LINE#         390
  C:2958H         LINE#         391
  C:295AH         LINE#         392
  C:295CH         LINE#         393
  C:295EH         LINE#         394
  C:2960H         LINE#         395
  C:2961H         LINE#         396
  C:2963H         LINE#         401
  C:2965H         LINE#         402
  C:2967H         LINE#         403
  C:2969H         LINE#         404
  C:296BH         LINE#         405
  C:296DH         LINE#         406
  C:296EH         LINE#         410
  C:2971H         LINE#         410
  C:2973H         LINE#         410
  C:2975H         LINE#         411
  C:2976H         LINE#         415
  C:2978H         LINE#         416
  C:297AH         LINE#         417
  C:297BH         LINE#         418
BL51 BANKED LINKER/LOCATER V6.22                                                      11/17/2018  17:39:31  PAGE 72


  C:297DH         LINE#         419
  C:297EH         LINE#         420
  C:297FH         LINE#         421
  C:2980H         LINE#         422
  C:2981H         LINE#         423
  C:2982H         LINE#         424
  C:2983H         LINE#         425
  C:2985H         LINE#         426
  C:2986H         LINE#         427
  C:2987H         LINE#         428
  C:2989H         LINE#         429
  C:298CH         LINE#         431
  C:298EH         LINE#         432
  C:2990H         LINE#         435
  C:2992H         LINE#         436
  C:2994H         LINE#         438
  C:2997H         LINE#         440
  C:2998H         LINE#         444
  C:299BH         LINE#         444
  C:299DH         LINE#         444
  C:299FH         LINE#         445
  C:29A0H         LINE#         452
  C:29A2H         LINE#         453
  C:29A4H         LINE#         454
  C:29A6H         LINE#         455
  C:29A8H         LINE#         456
  C:29AAH         LINE#         457
  C:29ACH         LINE#         458
  C:29ADH         LINE#         459
  C:29AFH         LINE#         460
  C:29B1H         LINE#         461
  C:29B3H         LINE#         462
  C:29B5H         LINE#         463
  C:29B6H         LINE#         510
  C:29B8H         LINE#         515
  C:29BAH         LINE#         516
  C:29BCH         LINE#         548
  C:29BEH         LINE#         549
  C:29C0H         LINE#         550
  C:29C2H         LINE#         557
  C:29C4H         LINE#         558
  C:29C6H         LINE#         559
  C:29C8H         LINE#         566
  C:29CAH         LINE#         567
  C:29CCH         LINE#         574
  C:29CEH         LINE#         575
  C:29D0H         LINE#         599
  C:29D2H         LINE#         600
  C:29D4H         LINE#         601
  C:29D6H         LINE#         602
  C:29D8H         LINE#         603
  C:29DAH         LINE#         604
  C:29DCH         LINE#         605
  C:29DEH         LINE#         606
  C:29E0H         LINE#         614
  C:29E2H         LINE#         615
  C:29E4H         LINE#         616
BL51 BANKED LINKER/LOCATER V6.22                                                      11/17/2018  17:39:31  PAGE 73


  C:29E6H         LINE#         617
  C:29E8H         LINE#         618
  C:29EAH         LINE#         619
  C:29ECH         LINE#         620
  C:29EEH         LINE#         621
  C:29F0H         LINE#         629
  C:29F2H         LINE#         630
  C:29F4H         LINE#         631
  C:29F6H         LINE#         632
  C:29F8H         LINE#         633
  C:29FAH         LINE#         634
  C:29FCH         LINE#         635
  C:29FEH         LINE#         636
  C:2A00H         LINE#         644
  C:2A02H         LINE#         645
  C:2A04H         LINE#         646
  C:2A06H         LINE#         647
  C:2A08H         LINE#         648
  C:2A0AH         LINE#         649
  C:2A0CH         LINE#         650
  C:2A0EH         LINE#         651
  C:2A10H         LINE#         659
  C:2A12H         LINE#         660
  C:2A14H         LINE#         661
  C:2A16H         LINE#         662
  C:2A18H         LINE#         663
  C:2A1AH         LINE#         664
  C:2A1CH         LINE#         665
  C:2A1EH         LINE#         666
  C:2A20H         LINE#         673
  C:2A22H         LINE#         674
  C:2A24H         LINE#         675
  C:2A26H         LINE#         676
  C:2A28H         LINE#         677
  C:2A2AH         LINE#         678
  C:2A2CH         LINE#         679
  C:2A2EH         LINE#         680
  C:2A30H         LINE#         687
  C:2A32H         LINE#         688
  C:2A34H         LINE#         689
  C:2A36H         LINE#         690
  C:2A38H         LINE#         691
  C:2A3AH         LINE#         692
  C:2A3CH         LINE#         693
  C:2A3EH         LINE#         694
  C:2A40H         LINE#         701
  C:2A42H         LINE#         702
  C:2A44H         LINE#         703
  C:2A46H         LINE#         704
  C:2A48H         LINE#         705
  C:2A4AH         LINE#         706
  C:2A4CH         LINE#         707
  C:2A4EH         LINE#         708
  C:2A50H         LINE#         715
  C:2A52H         LINE#         716
  C:2A54H         LINE#         717
  C:2A56H         LINE#         718
BL51 BANKED LINKER/LOCATER V6.22                                                      11/17/2018  17:39:31  PAGE 74


  C:2A58H         LINE#         719
  C:2A5AH         LINE#         720
  C:2A5CH         LINE#         721
  C:2A5EH         LINE#         722
  C:2A60H         LINE#         729
  C:2A62H         LINE#         730
  C:2A64H         LINE#         731
  C:2A66H         LINE#         732
  C:2A68H         LINE#         733
  C:2A6AH         LINE#         734
  C:2A6CH         LINE#         735
  C:2A6EH         LINE#         736
  C:2A70H         LINE#         743
  C:2A72H         LINE#         744
  C:2A74H         LINE#         745
  C:2A76H         LINE#         746
  C:2A78H         LINE#         747
  C:2A7AH         LINE#         748
  C:2A7CH         LINE#         749
  C:2A7EH         LINE#         750
  C:2A80H         LINE#         757
  C:2A82H         LINE#         758
  C:2A84H         LINE#         759
  C:2A86H         LINE#         760
  C:2A88H         LINE#         761
  C:2A8AH         LINE#         762
  C:2A8CH         LINE#         763
  C:2A8EH         LINE#         764
  C:2A90H         LINE#         771
  C:2A92H         LINE#         772
  C:2A94H         LINE#         773
  C:2A96H         LINE#         774
  C:2A98H         LINE#         775
  C:2A9AH         LINE#         776
  C:2A9CH         LINE#         777
  C:2A9EH         LINE#         778
  C:2AA0H         LINE#         785
  C:2AA2H         LINE#         786
  C:2AA4H         LINE#         787
  C:2AA6H         LINE#         788
  C:2AA8H         LINE#         789
  C:2AAAH         LINE#         790
  C:2AACH         LINE#         791
  C:2AAEH         LINE#         792
  C:2AB0H         LINE#         799
  C:2AB2H         LINE#         800
  C:2AB4H         LINE#         801
  C:2AB6H         LINE#         802
  C:2AB8H         LINE#         803
  C:2ABAH         LINE#         804
  C:2ABCH         LINE#         805
  C:2ABEH         LINE#         806
  C:2AC0H         LINE#         813
  C:2AC2H         LINE#         814
  C:2AC4H         LINE#         815
  C:2AC6H         LINE#         816
  C:2AC8H         LINE#         817
BL51 BANKED LINKER/LOCATER V6.22                                                      11/17/2018  17:39:31  PAGE 75


  C:2ACAH         LINE#         818
  C:2ACCH         LINE#         819
  C:2ACEH         LINE#         820
  C:2AD0H         LINE#         827
  C:2AD2H         LINE#         828
  C:2AD4H         LINE#         829
  C:2AD6H         LINE#         830
  C:2AD8H         LINE#         831
  C:2ADAH         LINE#         832
  C:2ADCH         LINE#         833
  C:2ADEH         LINE#         834
  C:2AE0H         LINE#         841
  C:2AE2H         LINE#         842
  C:2AE4H         LINE#         843
  C:2AE6H         LINE#         844
  C:2AE8H         LINE#         845
  C:2AEAH         LINE#         846
  C:2AECH         LINE#         847
  C:2AEEH         LINE#         848
  C:2AF0H         LINE#         855
  C:2AF2H         LINE#         856
  C:2AF4H         LINE#         857
  C:2AF6H         LINE#         858
  C:2AF8H         LINE#         859
  C:2AFAH         LINE#         860
  C:2AFCH         LINE#         861
  C:2AFEH         LINE#         862
  C:2B00H         LINE#         871
  C:2B03H         LINE#         872
  C:2B05H         LINE#         873
  C:2B06H         LINE#         874
  C:2B08H         LINE#         875
  C:2B0AH         LINE#         876
  C:2B0CH         LINE#         877
  C:2B0EH         LINE#         878
  C:2B10H         LINE#         879
  C:2B12H         LINE#         880
  C:2B14H         LINE#         881
  C:2B17H         LINE#         882
  C:2B18H         LINE#         883
  C:2B1AH         LINE#         884
  C:2B1CH         LINE#         885
  C:2B1FH         LINE#         886
  C:2B21H         LINE#         887
  C:2B23H         LINE#         888
  C:2B24H         LINE#         890
  C:2B26H         LINE#         894
  C:2B28H         LINE#         896
  C:2B2AH         LINE#         898
  C:2B2BH         LINE#         908
  C:2B2EH         LINE#         909
  C:2B30H         LINE#         910
  C:2B32H         LINE#         911
  C:2B34H         LINE#         912
  C:2B36H         LINE#         913
  C:2B38H         LINE#         914
  C:2B39H         LINE#         915
BL51 BANKED LINKER/LOCATER V6.22                                                      11/17/2018  17:39:31  PAGE 76


  C:2B3AH         LINE#         917
  C:2B3DH         LINE#         918
  C:2B3FH         LINE#         919
  C:2B42H         LINE#         920
  C:2B45H         LINE#         921
  C:2B47H         LINE#         923
  C:2B48H         LINE#         924
  C:2B4AH         LINE#         925
  C:2B4BH         LINE#         929
  C:2B4EH         LINE#         930
  C:2B50H         LINE#         931
  C:2B53H         LINE#         932
  C:2B54H         LINE#         933
  C:2B55H         LINE#         935
  C:2B56H         LINE#         936
  C:2B59H         LINE#         937
  C:2B5BH         LINE#         938
  C:2B5EH         LINE#         939
  C:2B61H         LINE#         940
  C:2B63H         LINE#         941
  C:2B64H         LINE#         942
  C:2B65H         LINE#         958
  C:2B67H         LINE#         959
  C:2B69H         LINE#         961
  C:2B6CH         LINE#         963
  C:2B6EH         LINE#         964
  C:2B6FH         LINE#         965
  -------         ENDMOD        ISD51_CONFIGURATION

  -------         MODULE        ?C?LMUL
  C:2BAAH         PUBLIC        ?C?LMUL
  -------         ENDMOD        ?C?LMUL

  -------         MODULE        ?C?ULDIV
  C:2C35H         PUBLIC        ?C?ULDIV
  -------         ENDMOD        ?C?ULDIV

  -------         MODULE        ?C?LNEG
  C:2CC7H         PUBLIC        ?C?LNEG
  -------         ENDMOD        ?C?LNEG

  -------         MODULE        ?C?SLCMP
  C:2CD5H         PUBLIC        ?C?SLCMP
  -------         ENDMOD        ?C?SLCMP

  -------         MODULE        ?C?SLSHR
  C:2CEBH         PUBLIC        ?C?SLSHR
  -------         ENDMOD        ?C?SLSHR

  -------         MODULE        ?C?LSHL
  C:2CFFH         PUBLIC        ?C?LSHL
  -------         ENDMOD        ?C?LSHL

  -------         MODULE        ?C?LSTXDATA
  C:2D12H         PUBLIC        ?C?LSTXDATA
  -------         ENDMOD        ?C?LSTXDATA

BL51 BANKED LINKER/LOCATER V6.22                                                      11/17/2018  17:39:31  PAGE 77


  -------         MODULE        ISD_CORE_FUNCTIONS
  N:0064H         PUBLIC        ?ISD?CORE
  C:2B88H         PUBLIC        ?ISD?READCMEM
  C:2B95H         PUBLIC        ?ISD?READIMEM
  C:2B78H         PUBLIC        ?ISD?READXMEM
  C:2BA6H         PUBLIC        ?ISD?WRITEIMEM
  C:2B9EH         PUBLIC        ?ISD?WRITEXMEM
  -------         ENDMOD        ISD_CORE_FUNCTIONS



FUNCTION REGISTER MASKS


FUNCTION . . . . . . REG MASK
-----------------------------

ADCINTERRUPT . . . . @0xe301
COMP1INTERRUPT . . . @0xe301
COMP234INTERRUPT . . @0xf301
EFLASHINTERRUPT. . . @0xf303
EPWM123INTERRUPT . . @0xf001
EPWM4INTERRUPT . . . @0xf303
EXT1234INTERRUPT . . @0xf001
I2CINTERRUPT . . . . @0xf303
LDV18INTERRUPT . . . @0xe001
LDV33INTERRUPT . . . @0xe001
RTCINTERRUPT . . . . @0xe001
SPIINTERRUPT . . . . @0xf303
TIMER0INTERRUPT. . . @0xe301
TIMER1INTERRUPT. . . @0xc000
TIMER3INTERRUPT. . . @0xf38f
TIMER4INTERRUPT. . . @0xe301
TIMER5INTERRUPT. . . @0xf303
TIMER6INTERRUPT. . . @0xf303
UART1INTERRUPT . . . @0xc000
UART2INTERRUPT . . . @0xe000

Program Size: data=109.1 xdata=5 code=7578
LINK/LOCATE RUN COMPLETE.  0 WARNING(S),  0 ERROR(S)
