BL51 BANKED LINKER/LOCATER V6.22                                                        11/01/2018  12:43:23  PAGE 1


BL51 BANKED LINKER/LOCATER V6.22, INVOKED BY:
C:\KEIL_V5\C51\BIN\BL51.EXE .\OUTPUT\STARTUP.obj, .\OUTPUT\main.obj, .\OUTPUT\initial.obj, .\OUTPUT\interrupt.obj, .\OUT
>> PUT\lib.obj, .\OUTPUT\ISD51.obj TO .\OUTPUT\motor REGFILE (.\OUTPUT\motor.ORC) PRINT (.\files\motor.m51) DISABLEWARNI
>> NG (16) CODE (0X2000-0X9FFF) XDATA (0XA000-0XDFFF)


MEMORY MODEL: SMALL


INPUT MODULES INCLUDED:
  .\OUTPUT\STARTUP.obj (?C_STARTUP)
  .\OUTPUT\main.obj (MAIN)
  .\OUTPUT\initial.obj (INITIAL)
  .\OUTPUT\interrupt.obj (INTERRUPT)
  .\OUTPUT\lib.obj (LIB)
  .\OUTPUT\ISD51.obj (ISD51_CONFIGURATION)
  C:\KEIL_V5\C51\LIB\C51S.LIB (?C_INIT)
  C:\KEIL_V5\C51\LIB\C51S.LIB (?C?LSHL)
  C:\KEIL_V5\C51\LIB\C51S.LIB (?C?LSTXDATA)
  C:\KEIL_V5\C51\LIB\C51S.LIB (?C?ULSHRR515)
  C:\KEIL_V5\C51\LIB\C51S.LIB (ISD_CORE_FUNCTIONS)
  C:\KEIL_V5\C51\LIB\C51S.LIB (?C?WAITR515)


LINK MAP OF MODULE:  .\OUTPUT\motor (?C_STARTUP)


            TYPE    BASE      LENGTH    RELOCATION   SEGMENT NAME
            -----------------------------------------------------

            * * * * * * *   D A T A   M E M O R Y   * * * * * * *
            REG     0000H     0008H     ABSOLUTE     "REG BANK 0"
            DATA    0008H     0016H     UNIT         ?DT?MAIN
            DATA    001EH     0001H     UNIT         ?DT?_EE_READ?LIB
            DATA    001FH     0001H     UNIT         ?DT?ISD51
            BIT     0020H.0   0000H.1   UNIT         ?BI?ISD51
                    0020H.1   0000H.7                *** GAP ***
            DATA    0021H     000AH     UNIT         ?DT?LIB
            DATA    002BH     0008H     UNIT         ?DT?_NORMALIZING_WRITE?LIB
            DATA    0033H     0005H     UNIT         ?DT?_EE_WRITE?LIB
            DATA    0038H     0004H     UNIT         ?DT?_SIN?LIB
            DATA    003CH     0004H     UNIT         ?DT?NORMALIZING_READ?LIB
            IDATA   0040H     0001H     UNIT         ?STACK

            * * * * * * *  X D A T A   M E M O R Y  * * * * * * *
                    0000H     A000H                  *** GAP ***
            XDATA   A000H     0005H     UNIT         ?XD?LIB

            * * * * * * *   C O D E   M E M O R Y   * * * * * * *
                    0000H     2000H                  *** GAP ***
            CODE    2000H     0003H     ABSOLUTE     
            CODE    2003H     0003H     ABSOLUTE     
            CODE    2006H     0003H     UNIT         ?PR?TIMER1INTERRUPT?INTERRUPT
                    2009H     0002H                  *** GAP ***
            CODE    200BH     0003H     ABSOLUTE     
                    200EH     0005H                  *** GAP ***
            CODE    2013H     0003H     ABSOLUTE     
                    2016H     0005H                  *** GAP ***
BL51 BANKED LINKER/LOCATER V6.22                                                      11/01/2018  12:43:23  PAGE 2


            CODE    201BH     0003H     ABSOLUTE     
                    201EH     0005H                  *** GAP ***
            CODE    2023H     0003H     ABSOLUTE     
            CODE    2026H     001DH     UNIT         ?PR?_SIN?LIB
            CODE    2043H     0003H     ABSOLUTE     
                    2046H     0005H                  *** GAP ***
            CODE    204BH     0003H     ABSOLUTE     
                    204EH     0005H                  *** GAP ***
            CODE    2053H     0003H     ABSOLUTE     
                    2056H     0005H                  *** GAP ***
            CODE    205BH     0003H     ABSOLUTE     
                    205EH     0005H                  *** GAP ***
            CODE    2063H     0003H     ABSOLUTE     
                    2066H     0005H                  *** GAP ***
            CODE    206BH     0003H     ABSOLUTE     
            CODE    206EH     0015H     UNIT         ?PR?UART2INTERRUPT?INTERRUPT
            CODE    2083H     0003H     ABSOLUTE     
                    2086H     0005H                  *** GAP ***
            CODE    208BH     0003H     ABSOLUTE     
            CODE    208EH     000FH     UNIT         ?PR?NORMALIZING_TEST?LIB
                    209DH     0006H                  *** GAP ***
            CODE    20A3H     0003H     ABSOLUTE     
                    20A6H     0005H                  *** GAP ***
            CODE    20ABH     0003H     ABSOLUTE     
                    20AEH     0005H                  *** GAP ***
            CODE    20B3H     0003H     ABSOLUTE     
                    20B6H     0005H                  *** GAP ***
            CODE    20BBH     0003H     ABSOLUTE     
                    20BEH     0005H                  *** GAP ***
            CODE    20C3H     0003H     ABSOLUTE     
                    20C6H     0005H                  *** GAP ***
            CODE    20CBH     0003H     ABSOLUTE     
                    20CEH     0005H                  *** GAP ***
            CODE    20D3H     0003H     ABSOLUTE     
                    20D6H     0005H                  *** GAP ***
            CODE    20DBH     0003H     ABSOLUTE     
                    20DEH     0005H                  *** GAP ***
            CODE    20E3H     0003H     ABSOLUTE     
                    20E6H     0005H                  *** GAP ***
            CODE    20EBH     0003H     ABSOLUTE     
                    20EEH     0005H                  *** GAP ***
            CODE    20F3H     0003H     ABSOLUTE     
            CODE    20F6H     0340H     INBLOCK      ?PR?ISD51
            CODE    2436H     01DBH     UNIT         ?PR?INITEPWM?INITIAL
            CODE    2611H     016EH     UNIT         ?PR?INITGPIO?INITIAL
            CODE    277FH     0137H     UNIT         ?PR?TIMER3INTERRUPT?INTERRUPT
            CODE    28B6H     010CH     UNIT         ?PR?INITCOMPARATOR?INITIAL
            CODE    29C2H     009DH     UNIT         ?PR?INITADC?INITIAL
            CODE    2A5FH     0094H     UNIT         ?PR?EXT1234INTERRUPT?INTERRUPT
            CODE    2AF3H     0093H     UNIT         ?PR?TIMER6INTERRUPT?INTERRUPT
            CODE    2B86H     0093H     UNIT         ?PR?COMP234INTERRUPT?INTERRUPT
            CODE    2C19H     008FH     UNIT         ?C_C51STARTUP
            CODE    2CA8H     007BH     UNIT         ?PR?I2CINTERRUPT?INTERRUPT
            CODE    2D23H     007BH     UNIT         ?PR?SPIINTERRUPT?INTERRUPT
            CODE    2D9EH     007BH     UNIT         ?PR?EFLASHINTERRUPT?INTERRUPT
            CODE    2E19H     0077H     UNIT         ?PR?TIMER5INTERRUPT?INTERRUPT
            CODE    2E90H     0072H     UNIT         ?PR?INITTIMER3?INITIAL
BL51 BANKED LINKER/LOCATER V6.22                                                      11/01/2018  12:43:23  PAGE 3


            CODE    2F02H     0072H     UNIT         ?PR?EPWM123INTERRUPT?INTERRUPT
            CODE    2F74H     0070H     UNIT         ?PR?TIMER4INTERRUPT?INTERRUPT
            CODE    2FE4H     0062H     UNIT         ?PR?EPWM4INTERRUPT?INTERRUPT
            CODE    3046H     005BH     UNIT         ?PR?RTCINTERRUPT?INTERRUPT
            CODE    30A1H     005BH     UNIT         ?PR?LDV18INTERRUPT?INTERRUPT
            CODE    30FCH     005BH     UNIT         ?PR?LDV33INTERRUPT?INTERRUPT
            CODE    3157H     0053H     UNIT         ?PR?SYSTEMCLOCK?INITIAL
            CODE    31AAH     004FH     UNIT         ?PR?MAIN?MAIN
            CODE    31F9H     004CH     UNIT         ?PR?_EE_WRITE?LIB
            CODE    3245H     004BH     UNIT         ?PR?_EE_READ?LIB
            CODE    3290H     0048H     UNIT         ?C?LIB_CODE
            CODE    32D8H     0046H     UNIT         ?PR?INITISDDEBUG?INITIAL
            CODE    331EH     0043H     UNIT         ?PR?INITDAC?INITIAL
            CODE    3361H     0041H     UNIT         ?PR?COMP1INTERRUPT?INTERRUPT
            CODE    33A2H     0038H     UNIT         ?PR?ADCINTERRUPT?INTERRUPT
            CODE    33DAH     0037H     UNIT         ?PR?INITTIMER5?INITIAL
            CODE    3411H     0035H     UNIT         ?PR?INITTIMER6?INITIAL
            CODE    3446H     002DH     UNIT         ?PR?INITTIMER4?INITIAL
            CODE    3473H     002DH     UNIT         ?PR?_NORMALIZING_WRITE?LIB
            CODE    34A0H     0027H     UNIT         ?PR?TIMER0INTERRUPT?INTERRUPT
            CODE    34C7H     0023H     UNIT         ?PR?INITTIMER01?INITIAL
            CODE    34EAH     001FH     UNIT         ?PR?INITEXT?INITIAL
            CODE    3509H     001EH     UNIT         ?PR?INITWATCHDOG?INITIAL
            CODE    3527H     000DH     UNIT         ?PR?EPWMOUTPUTDISABLE?INITIAL
            CODE    3534H     000DH     UNIT         ?PR?EPWMOUTPUTENABLE?INITIAL
            CODE    3541H     000DH     UNIT         ?PR?SINITUART1?INITIAL
            CODE    354EH     000DH     UNIT         ?PR?NORMALIZING_READ?LIB
            CODE    355BH     000DH     UNIT         ?C_INITSEG
            CODE    3568H     000BH     UNIT         ?PR?UART1INTERRUPT?INTERRUPT
            CODE    3573H     000AH     UNIT         ?PR?INITBREAKPOINT?INITIAL
            CODE    357DH     000AH     UNIT         ?PR?SINITUART2?INITIAL



OVERLAY MAP OF MODULE:   .\OUTPUT\motor (?C_STARTUP)


SEGMENT
  +--> CALLED SEGMENT
---------------------
?C_C51STARTUP
  +--> ?PR?MAIN?MAIN
  +--> ?C_INITSEG

?PR?MAIN?MAIN
  +--> ?PR?INITISDDEBUG?INITIAL
  +--> ?PR?INITTIMER3?INITIAL
  +--> ?PR?INITTIMER01?INITIAL
  +--> ?PR?INITGPIO?INITIAL
  +--> ?PR?ISD51

?PR?INITISDDEBUG?INITIAL
  +--> ?PR?INITBREAKPOINT?INITIAL
  +--> ?PR?SINITUART1?INITIAL
  +--> ?PR?ISD51


BL51 BANKED LINKER/LOCATER V6.22                                                      11/01/2018  12:43:23  PAGE 4



SYMBOL TABLE OF MODULE:  .\OUTPUT\motor (?C_STARTUP)

  VALUE           TYPE          NAME
  ----------------------------------

  -------         MODULE        ?C_STARTUP
  C:2C19H         SEGMENT       ?C_C51STARTUP
  I:0040H         SEGMENT       ?STACK
  C:2000H         PUBLIC        ?C_STARTUP
  D:00E0H         SYMBOL        ACC
  D:00F0H         SYMBOL        B
  D:0083H         SYMBOL        DPH
  D:0082H         SYMBOL        DPL
  N:0000H         SYMBOL        IBPSTACK
  N:0100H         SYMBOL        IBPSTACKTOP
  N:0080H         SYMBOL        IDATALEN
  C:2C1CH         SYMBOL        IDATALOOP
  N:0000H         SYMBOL        PBPSTACK
  N:0100H         SYMBOL        PBPSTACKTOP
  N:0000H         SYMBOL        PDATALEN
  N:0000H         SYMBOL        PDATASTART
  N:0000H         SYMBOL        PPAGE
  N:0001H         SYMBOL        PPAGEENABLE
  D:00A0H         SYMBOL        PPAGE_SFR
  D:0081H         SYMBOL        SP
  C:2C19H         SYMBOL        STARTUP1
  N:0000H         SYMBOL        XBPSTACK
  N:0000H         SYMBOL        XBPSTACKTOP
  N:0000H         SYMBOL        XDATALEN
  N:0000H         SYMBOL        XDATASTART
  C:2000H         LINE#         127
  C:2C19H         LINE#         134
  C:2C1BH         LINE#         135
  C:2C1CH         LINE#         136
  C:2C1DH         LINE#         137
  C:2C1FH         LINE#         156
  C:2C22H         LINE#         186
  C:2C25H         LINE#         197
  -------         ENDMOD        ?C_STARTUP

  -------         MODULE        MAIN
  C:0000H         SYMBOL        _ICE_DUMMY_
  D:0080H         PUBLIC        P0
  D:0090H         PUBLIC        P1
  D:00A0H         PUBLIC        P2
  D:00B0H         PUBLIC        P3
  D:0008H         PUBLIC        EE_data
  D:00A8H         PUBLIC        IEN0
  D:00B8H         PUBLIC        IEN1
  D:000CH         PUBLIC        last_capture
  D:0010H         PUBLIC        this_capture
  B:00A8H.4       PUBLIC        ES
  B:0098H.0       PUBLIC        RI
  D:0014H         PUBLIC        data_value
  C:31AAH         PUBLIC        main
  D:0016H         PUBLIC        ADresult
BL51 BANKED LINKER/LOCATER V6.22                                                      11/01/2018  12:43:23  PAGE 5


  D:0018H         PUBLIC        dac_value
  D:0019H         PUBLIC        pwm_capture
  D:0099H         PUBLIC        SBUF
  D:0088H         PUBLIC        TCON
  D:001DH         PUBLIC        tmr3_ov
  B:00A8H.7       PUBLIC        EAL
  D:0098H         PUBLIC        S0CON
  D:00C8H         PUBLIC        T2CON
  D:00D8H         PUBLIC        WDCON
  D:00C0H         PUBLIC        IRCON
  -------         PROC          MAIN
  C:31AAH         LINE#         21
  C:31AAH         LINE#         22
  C:31AAH         LINE#         26
  C:31ADH         LINE#         27
  C:31B0H         LINE#         29
  C:31B3H         LINE#         34
  C:31B6H         LINE#         38
  C:31B8H         LINE#         39
  C:31B8H         LINE#         40
  C:31B8H         LINE#         44
  C:31C7H         LINE#         45
  C:31CDH         LINE#         54
  C:31DDH         LINE#         55
  C:31E3H         LINE#         59
  C:31F6H         LINE#         62
  C:31F8H         LINE#         63
  -------         ENDPROC       MAIN
  -------         ENDMOD        MAIN

  -------         MODULE        INITIAL
  C:34EAH         SEGMENT       ?PR?INITEXT?INITIAL
  C:32D8H         SEGMENT       ?PR?INITISDDEBUG?INITIAL
  C:3573H         SEGMENT       ?PR?INITBREAKPOINT?INITIAL
  C:3527H         SEGMENT       ?PR?EPWMOUTPUTDISABLE?INITIAL
  C:3534H         SEGMENT       ?PR?EPWMOUTPUTENABLE?INITIAL
  C:29C2H         SEGMENT       ?PR?INITADC?INITIAL
  C:2436H         SEGMENT       ?PR?INITEPWM?INITIAL
  C:28B6H         SEGMENT       ?PR?INITCOMPARATOR?INITIAL
  C:3509H         SEGMENT       ?PR?INITWATCHDOG?INITIAL
  C:2611H         SEGMENT       ?PR?INITGPIO?INITIAL
  C:34C7H         SEGMENT       ?PR?INITTIMER01?INITIAL
  C:2E90H         SEGMENT       ?PR?INITTIMER3?INITIAL
  C:3446H         SEGMENT       ?PR?INITTIMER4?INITIAL
  C:33DAH         SEGMENT       ?PR?INITTIMER5?INITIAL
  C:3411H         SEGMENT       ?PR?INITTIMER6?INITIAL
  C:3157H         SEGMENT       ?PR?SYSTEMCLOCK?INITIAL
  C:3541H         SEGMENT       ?PR?SINITUART1?INITIAL
  C:357DH         SEGMENT       ?PR?SINITUART2?INITIAL
  C:331EH         SEGMENT       ?PR?INITDAC?INITIAL
  C:3527H         PUBLIC        EPWMOUTPUTDISABLE
  C:3534H         PUBLIC        EPWMOUTPUTENABLE
  C:29C2H         PUBLIC        INITADC
  C:3573H         PUBLIC        INITBREAKPOINT
  C:28B6H         PUBLIC        INITCOMPARATOR
  C:331EH         PUBLIC        INITDAC
  C:2436H         PUBLIC        INITEPWM
BL51 BANKED LINKER/LOCATER V6.22                                                      11/01/2018  12:43:23  PAGE 6


  C:34EAH         PUBLIC        INITEXT
  C:2611H         PUBLIC        INITGPIO
  C:32D8H         PUBLIC        INITISDDEBUG
  C:34C7H         PUBLIC        INITTIMER01
  C:2E90H         PUBLIC        INITTIMER3
  C:3446H         PUBLIC        INITTIMER4
  C:33DAH         PUBLIC        INITTIMER5
  C:3411H         PUBLIC        INITTIMER6
  C:3509H         PUBLIC        INITWATCHDOG
  C:3541H         PUBLIC        SINITUART1
  C:357DH         PUBLIC        SINITUART2
  C:3157H         PUBLIC        SYSTEMCLOCK
  C:3508H         SYMBOL        ?C0001
  C:32F1H         SYMBOL        ?C0002
  C:3311H         SYMBOL        ?C0003
  C:3308H         SYMBOL        ?C0004
  C:3308H         SYMBOL        ?C0005
  C:3305H         SYMBOL        ?C0006
  C:3308H         SYMBOL        ?C0007
  C:330FH         SYMBOL        ?C0008
  C:331DH         SYMBOL        ?C0009
  C:357CH         SYMBOL        ?C0010
  C:3533H         SYMBOL        ?C0011
  C:3540H         SYMBOL        ?C0012
  C:2A5EH         SYMBOL        ?C0013
  C:2610H         SYMBOL        ?C0014
  C:29C1H         SYMBOL        ?C0015
  C:3526H         SYMBOL        ?C0016
  C:277EH         SYMBOL        ?C0017
  C:34E9H         SYMBOL        ?C0018
  C:2F01H         SYMBOL        ?C0019
  C:3472H         SYMBOL        ?C0020
  C:3410H         SYMBOL        ?C0021
  C:3445H         SYMBOL        ?C0022
  C:31A9H         SYMBOL        ?C0023
  C:354DH         SYMBOL        ?C0024
  C:3586H         SYMBOL        ?C0025
  C:3360H         SYMBOL        ?C0026
  D:00E0H         SYMBOL        ACC
  D:00EFH         SYMBOL        ARCON
  D:00F0H         SYMBOL        B
  D:0093H         SYMBOL        BPCTRL
  D:0095H         SYMBOL        BREAKH
  D:0094H         SYMBOL        BREAKL
  D:00ABH         SYMBOL        BSHCTL
  D:00ACH         SYMBOL        BSHI_0
  D:00ADH         SYMBOL        BSHI_1
  D:00AEH         SYMBOL        BSHI_2
  D:00AFH         SYMBOL        BSHI_3
  D:00BCH         SYMBOL        BSHO_0
  D:00BDH         SYMBOL        BSHO_1
  D:00BEH         SYMBOL        BSHO_2
  D:00BFH         SYMBOL        BSHO_3
  D:008EH         SYMBOL        CKCON
  D:0091H         SYMBOL        CLK_DIV
  D:008FH         SYMBOL        CLK_PD_CON
  D:0083H         SYMBOL        DPH
BL51 BANKED LINKER/LOCATER V6.22                                                      11/01/2018  12:43:23  PAGE 7


  D:0085H         SYMBOL        DPH1
  D:0082H         SYMBOL        DPL
  D:0084H         SYMBOL        DPL1
  D:0092H         SYMBOL        DPS
  B:00B8H.0       SYMBOL        EADC
  B:00A8H.7       SYMBOL        EAL
  B:00A8H.4       SYMBOL        ES
  B:00A8H.4       SYMBOL        ES0
  B:00A8H.1       SYMBOL        ET0
  B:00A8H.3       SYMBOL        ET1
  B:00A8H.0       SYMBOL        EX0
  B:00A8H.2       SYMBOL        EX1
  B:00B8H.1       SYMBOL        EX2
  B:00B8H.2       SYMBOL        EX3
  B:00B8H.3       SYMBOL        EX4
  B:00B8H.4       SYMBOL        EX5
  B:00B8H.5       SYMBOL        EX6
  B:00C8H.5       SYMBOL        I2FR
  B:00C8H.6       SYMBOL        I3FR
  B:00C0H.0       SYMBOL        IADC
  D:00A8H         SYMBOL        IE
  B:0088H.1       SYMBOL        IE0
  B:0088H.3       SYMBOL        IE1
  D:00A8H         SYMBOL        IEN0
  D:00B8H         SYMBOL        IEN1
  D:009AH         SYMBOL        IEN2
  B:00C0H.1       SYMBOL        IEX2
  B:00C0H.2       SYMBOL        IEX3
  B:00C0H.3       SYMBOL        IEX4
  B:00C0H.4       SYMBOL        IEX5
  B:00C0H.5       SYMBOL        IEX6
  N:0000H         SYMBOL        INITIAL
  D:00F9H         SYMBOL        INT_REG1
  D:00FAH         SYMBOL        INT_REG2
  D:00FDH         SYMBOL        INT_REG3
  D:00FEH         SYMBOL        INT_REG4
  D:00A9H         SYMBOL        IP0
  D:00B9H         SYMBOL        IP1
  D:00C0H         SYMBOL        IRCON
  B:0088H.0       SYMBOL        IT0
  B:0088H.2       SYMBOL        IT1
  D:00E9H         SYMBOL        MD0
  D:00EAH         SYMBOL        MD1
  D:00EBH         SYMBOL        MD2
  D:00ECH         SYMBOL        MD3
  D:00EDH         SYMBOL        MD4
  D:00EEH         SYMBOL        MD5
  D:00E8H         SYMBOL        MEM_CONFIG
  D:0080H         SYMBOL        P0
  B:0080H.0       SYMBOL        P00
  B:0080H.1       SYMBOL        P01
  B:0080H.2       SYMBOL        P02
  B:0080H.3       SYMBOL        P03
  B:0080H.4       SYMBOL        P04
  B:0080H.5       SYMBOL        P05
  B:0080H.6       SYMBOL        P06
  B:0080H.7       SYMBOL        P07
BL51 BANKED LINKER/LOCATER V6.22                                                      11/01/2018  12:43:23  PAGE 8


  D:0090H         SYMBOL        P1
  B:0090H.0       SYMBOL        P10
  B:0090H.1       SYMBOL        P11
  B:0090H.2       SYMBOL        P12
  B:0090H.3       SYMBOL        P13
  B:0090H.4       SYMBOL        P14
  B:0090H.5       SYMBOL        P15
  B:0090H.6       SYMBOL        P16
  B:0090H.7       SYMBOL        P17
  D:00B1H         SYMBOL        P1AQCSFRC
  D:00A7H         SYMBOL        P1AQSFRC
  D:00A3H         SYMBOL        P1CMPA
  D:00A4H         SYMBOL        P1CMPA_H
  D:00A3H         SYMBOL        P1CMPA_L
  D:00A5H         SYMBOL        P1CMPB
  D:00A6H         SYMBOL        P1CMPB_H
  D:00A5H         SYMBOL        P1CMPB_L
  D:00B6H         SYMBOL        P1ETCLR
  D:00B5H         SYMBOL        P1ETFLG
  D:00B7H         SYMBOL        P1ETFRC
  D:00A1H         SYMBOL        P1TBPRD
  D:00A2H         SYMBOL        P1TBPRD_H
  D:00A1H         SYMBOL        P1TBPRD_L
  D:00B3H         SYMBOL        P1TZCLR
  D:00B2H         SYMBOL        P1TZFLG
  D:00B4H         SYMBOL        P1TZFRC
  D:00A0H         SYMBOL        P2
  B:00A0H.0       SYMBOL        P20
  B:00A0H.1       SYMBOL        P21
  B:00A0H.2       SYMBOL        P22
  B:00A0H.3       SYMBOL        P23
  B:00A0H.4       SYMBOL        P24
  B:00A0H.5       SYMBOL        P25
  B:00A0H.6       SYMBOL        P26
  B:00A0H.7       SYMBOL        P27
  D:00C9H         SYMBOL        P2AQCSFRC
  D:00C7H         SYMBOL        P2AQSFRC
  D:00C3H         SYMBOL        P2CMPA
  D:00C4H         SYMBOL        P2CMPA_H
  D:00C3H         SYMBOL        P2CMPA_L
  D:00C5H         SYMBOL        P2CMPB
  D:00C6H         SYMBOL        P2CMPB_H
  D:00C5H         SYMBOL        P2CMPB_L
  D:00CEH         SYMBOL        P2ETCLR
  D:00CDH         SYMBOL        P2ETFLG
  D:00CFH         SYMBOL        P2ETFRC
  D:00C1H         SYMBOL        P2TBPRD
  D:00C2H         SYMBOL        P2TBPRD_H
  D:00C1H         SYMBOL        P2TBPRD_L
  D:00CBH         SYMBOL        P2TZCLR
  D:00CAH         SYMBOL        P2TZFLG
  D:00CCH         SYMBOL        P2TZFRC
  D:00B0H         SYMBOL        P3
  B:00B0H.0       SYMBOL        P30
  B:00B0H.1       SYMBOL        P31
  B:00B0H.2       SYMBOL        P32
  B:00B0H.3       SYMBOL        P33
BL51 BANKED LINKER/LOCATER V6.22                                                      11/01/2018  12:43:23  PAGE 9


  B:00B0H.4       SYMBOL        P34
  B:00B0H.5       SYMBOL        P35
  B:00B0H.6       SYMBOL        P36
  B:00B0H.7       SYMBOL        P37
  D:00D9H         SYMBOL        P3AQCSFRC
  D:00D7H         SYMBOL        P3AQSFRC
  D:00D3H         SYMBOL        P3CMPA
  D:00D4H         SYMBOL        P3CMPA_H
  D:00D3H         SYMBOL        P3CMPA_L
  D:00D5H         SYMBOL        P3CMPB
  D:00D6H         SYMBOL        P3CMPB_H
  D:00D5H         SYMBOL        P3CMPB_L
  D:00DEH         SYMBOL        P3ETCLR
  D:00DDH         SYMBOL        P3ETFLG
  D:00DFH         SYMBOL        P3ETFRC
  D:00D1H         SYMBOL        P3TBPRD
  D:00D2H         SYMBOL        P3TBPRD_H
  D:00D1H         SYMBOL        P3TBPRD_L
  D:00DBH         SYMBOL        P3TZCLR
  D:00DAH         SYMBOL        P3TZFLG
  D:00DCH         SYMBOL        P3TZFRC
  D:00F1H         SYMBOL        P4AQCSFRC
  D:00E7H         SYMBOL        P4AQSFRC
  D:00E3H         SYMBOL        P4CMPA
  D:00E4H         SYMBOL        P4CMPA_H
  D:00E3H         SYMBOL        P4CMPA_L
  D:00E5H         SYMBOL        P4CMPB
  D:00E6H         SYMBOL        P4CMPB_H
  D:00E5H         SYMBOL        P4CMPB_L
  D:00F6H         SYMBOL        P4ETCLR
  D:00F5H         SYMBOL        P4ETFLG
  D:00F7H         SYMBOL        P4ETFRC
  D:00E1H         SYMBOL        P4TBPRD
  D:00E2H         SYMBOL        P4TBPRD_H
  D:00E1H         SYMBOL        P4TBPRD_L
  D:00F3H         SYMBOL        P4TZCLR
  D:00F2H         SYMBOL        P4TZFLG
  D:00F4H         SYMBOL        P4TZFRC
  D:0087H         SYMBOL        PCON
  D:0097H         SYMBOL        POWER_CON
  D:00D0H         SYMBOL        PSW
  B:0098H.2       SYMBOL        RB80
  B:0098H.4       SYMBOL        REN0
  B:0098H.0       SYMBOL        RI
  B:0098H.0       SYMBOL        RI0
  D:0099H         SYMBOL        S0BUF
  D:0098H         SYMBOL        S0CON
  D:00BAH         SYMBOL        S0RELH
  D:00AAH         SYMBOL        S0RELL
  D:009CH         SYMBOL        S1BUF
  D:009BH         SYMBOL        S1CON
  D:00BBH         SYMBOL        S1RELH
  D:009DH         SYMBOL        S1RELL
  D:0099H         SYMBOL        SBUF
  B:0098H.7       SYMBOL        SM0
  B:0098H.6       SYMBOL        SM1
  B:0098H.5       SYMBOL        SM20
BL51 BANKED LINKER/LOCATER V6.22                                                      11/01/2018  12:43:23  PAGE 10


  D:0081H         SYMBOL        SP
  D:00F8H         SYMBOL        SRAM_CON
  B:00B8H.6       SYMBOL        SWDT
  D:00C8H         SYMBOL        T2CON
  B:0098H.3       SYMBOL        TB80
  D:0088H         SYMBOL        TCON
  B:0088H.5       SYMBOL        TF0
  B:0088H.7       SYMBOL        TF1
  D:008CH         SYMBOL        TH0
  D:008DH         SYMBOL        TH1
  B:0098H.1       SYMBOL        TI0
  D:008AH         SYMBOL        TL0
  D:008BH         SYMBOL        TL1
  D:0089H         SYMBOL        TMOD
  B:0088H.4       SYMBOL        TR0
  B:0088H.6       SYMBOL        TR1
  D:00D8H         SYMBOL        WDCON
  B:00D8H.7       SYMBOL        WDCON_7
  B:00A8H.6       SYMBOL        WDT
  D:0086H         SYMBOL        WDTREL
  C:34EAH         LINE#         282
  C:34EDH         LINE#         283
  C:34EFH         LINE#         284
  C:34F0H         LINE#         292
  C:34F3H         LINE#         293
  C:34F4H         LINE#         294
  C:34F5H         LINE#         295
  C:34F6H         LINE#         296
  C:34F8H         LINE#         297
  C:34F9H         LINE#         298
  C:34FAH         LINE#         299
  C:34FCH         LINE#         300
  C:34FDH         LINE#         301
  C:34FEH         LINE#         302
  C:34FFH         LINE#         305
  C:3501H         LINE#         308
  C:3503H         LINE#         311
  C:3505H         LINE#         314
  C:3508H         LINE#         319
  C:32D8H         LINE#         334
  C:32DAH         LINE#         339
  C:32DDH         LINE#         342
  C:32E0H         LINE#         346
  C:32E3H         LINE#         349
  C:32E6H         LINE#         352
  C:32E8H         LINE#         355
  C:32EAH         LINE#         358
  C:32ECH         LINE#         361
  C:32EEH         LINE#         364
  C:32EFH         LINE#         367
  C:32F0H         LINE#         370
  C:32F1H         LINE#         378
  C:32F3H         LINE#         381
  C:32F5H         LINE#         384
  C:32F8H         LINE#         385
  C:32FBH         LINE#         386
  C:32FDH         LINE#         387
BL51 BANKED LINKER/LOCATER V6.22                                                      11/01/2018  12:43:23  PAGE 11


  C:32FFH         LINE#         388
  C:3301H         LINE#         389
  C:3303H         LINE#         390
  C:3305H         LINE#         392
  C:3308H         LINE#         398
  C:330AH         LINE#         399
  C:330DH         LINE#         400
  C:330FH         LINE#         404
  C:3311H         LINE#         408
  C:3312H         LINE#         411
  C:3313H         LINE#         414
  C:3314H         LINE#         417
  C:3316H         LINE#         420
  C:3318H         LINE#         423
  C:3319H         LINE#         426
  C:331AH         LINE#         429
  C:331BH         LINE#         434
  C:331DH         LINE#         438
  C:3573H         LINE#         455
  C:3576H         LINE#         458
  C:3579H         LINE#         461
  C:357CH         LINE#         465
  C:3527H         LINE#         478
  C:352AH         LINE#         481
  C:352DH         LINE#         484
  C:3530H         LINE#         487
  C:3533H         LINE#         491
  C:3534H         LINE#         504
  C:3537H         LINE#         507
  C:353AH         LINE#         510
  C:353DH         LINE#         513
  C:3540H         LINE#         517
  C:29C2H         LINE#         532
  C:29C5H         LINE#         533
  C:29C6H         LINE#         534
  C:29C7H         LINE#         537
  C:29CAH         LINE#         538
  C:29CBH         LINE#         539
  C:29CCH         LINE#         540
  C:29CDH         LINE#         541
  C:29CFH         LINE#         542
  C:29D0H         LINE#         543
  C:29D1H         LINE#         544
  C:29D2H         LINE#         547
  C:29D5H         LINE#         548
  C:29D6H         LINE#         549
  C:29D7H         LINE#         550
  C:29D8H         LINE#         551
  C:29DAH         LINE#         552
  C:29DBH         LINE#         553
  C:29DCH         LINE#         554
  C:29DDH         LINE#         557
  C:29E0H         LINE#         558
  C:29E2H         LINE#         559
  C:29E3H         LINE#         565
  C:29E6H         LINE#         566
  C:29E7H         LINE#         567
BL51 BANKED LINKER/LOCATER V6.22                                                      11/01/2018  12:43:23  PAGE 12


  C:29E8H         LINE#         568
  C:29E9H         LINE#         569
  C:29EBH         LINE#         570
  C:29ECH         LINE#         571
  C:29EDH         LINE#         572
  C:29EEH         LINE#         575
  C:29F1H         LINE#         576
  C:29F2H         LINE#         577
  C:29F3H         LINE#         578
  C:29F4H         LINE#         579
  C:29F6H         LINE#         580
  C:29F7H         LINE#         581
  C:29F8H         LINE#         582
  C:29F9H         LINE#         588
  C:29FCH         LINE#         589
  C:29FDH         LINE#         590
  C:29FEH         LINE#         591
  C:29FFH         LINE#         592
  C:2A01H         LINE#         593
  C:2A02H         LINE#         594
  C:2A03H         LINE#         595
  C:2A05H         LINE#         596
  C:2A06H         LINE#         597
  C:2A07H         LINE#         598
  C:2A08H         LINE#         601
  C:2A0BH         LINE#         602
  C:2A0CH         LINE#         603
  C:2A0DH         LINE#         604
  C:2A0EH         LINE#         605
  C:2A10H         LINE#         606
  C:2A11H         LINE#         607
  C:2A12H         LINE#         608
  C:2A14H         LINE#         609
  C:2A15H         LINE#         610
  C:2A16H         LINE#         611
  C:2A17H         LINE#         614
  C:2A1AH         LINE#         615
  C:2A1BH         LINE#         616
  C:2A1CH         LINE#         617
  C:2A1DH         LINE#         618
  C:2A1FH         LINE#         619
  C:2A20H         LINE#         620
  C:2A21H         LINE#         621
  C:2A23H         LINE#         622
  C:2A24H         LINE#         623
  C:2A25H         LINE#         624
  C:2A26H         LINE#         629
  C:2A29H         LINE#         630
  C:2A2AH         LINE#         631
  C:2A2BH         LINE#         632
  C:2A2CH         LINE#         633
  C:2A2EH         LINE#         634
  C:2A2FH         LINE#         635
  C:2A30H         LINE#         636
  C:2A31H         LINE#         639
  C:2A34H         LINE#         640
  C:2A35H         LINE#         641
BL51 BANKED LINKER/LOCATER V6.22                                                      11/01/2018  12:43:23  PAGE 13


  C:2A36H         LINE#         642
  C:2A37H         LINE#         643
  C:2A39H         LINE#         644
  C:2A3AH         LINE#         645
  C:2A3BH         LINE#         646
  C:2A3CH         LINE#         650
  C:2A3FH         LINE#         651
  C:2A40H         LINE#         652
  C:2A41H         LINE#         653
  C:2A42H         LINE#         654
  C:2A44H         LINE#         655
  C:2A45H         LINE#         656
  C:2A46H         LINE#         657
  C:2A47H         LINE#         660
  C:2A4AH         LINE#         661
  C:2A4BH         LINE#         662
  C:2A4CH         LINE#         663
  C:2A4DH         LINE#         664
  C:2A4FH         LINE#         665
  C:2A50H         LINE#         666
  C:2A51H         LINE#         667
  C:2A52H         LINE#         670
  C:2A55H         LINE#         671
  C:2A56H         LINE#         672
  C:2A57H         LINE#         673
  C:2A58H         LINE#         674
  C:2A59H         LINE#         675
  C:2A5AH         LINE#         681
  C:2A5CH         LINE#         684
  C:2A5EH         LINE#         689
  C:2436H         LINE#         704
  C:2439H         LINE#         705
  C:243BH         LINE#         706
  C:243CH         LINE#         709
  C:243FH         LINE#         710
  C:2440H         LINE#         711
  C:2441H         LINE#         712
  C:2442H         LINE#         713
  C:2444H         LINE#         714
  C:2445H         LINE#         715
  C:2446H         LINE#         716
  C:2448H         LINE#         717
  C:2449H         LINE#         718
  C:244CH         LINE#         719
  C:244DH         LINE#         720
  C:244EH         LINE#         734
  C:2451H         LINE#         735
  C:2453H         LINE#         736
  C:2454H         LINE#         741
  C:2457H         LINE#         742
  C:2459H         LINE#         743
  C:245AH         LINE#         746
  C:245DH         LINE#         747
  C:245FH         LINE#         748
  C:2460H         LINE#         751
  C:2463H         LINE#         752
  C:2465H         LINE#         753
BL51 BANKED LINKER/LOCATER V6.22                                                      11/01/2018  12:43:23  PAGE 14


  C:2466H         LINE#         756
  C:2469H         LINE#         757
  C:246BH         LINE#         758
  C:246CH         LINE#         761
  C:246FH         LINE#         762
  C:2471H         LINE#         763
  C:2472H         LINE#         766
  C:2475H         LINE#         767
  C:2477H         LINE#         768
  C:2478H         LINE#         771
  C:247BH         LINE#         772
  C:247DH         LINE#         773
  C:247EH         LINE#         776
  C:2481H         LINE#         777
  C:2483H         LINE#         778
  C:2484H         LINE#         791
  C:2487H         LINE#         792
  C:2488H         LINE#         793
  C:2489H         LINE#         796
  C:248CH         LINE#         797
  C:248DH         LINE#         798
  C:248EH         LINE#         801
  C:2491H         LINE#         802
  C:2492H         LINE#         803
  C:2493H         LINE#         806
  C:2496H         LINE#         807
  C:2497H         LINE#         808
  C:2498H         LINE#         811
  C:249BH         LINE#         812
  C:249DH         LINE#         813
  C:249EH         LINE#         816
  C:24A1H         LINE#         817
  C:24A2H         LINE#         818
  C:24A3H         LINE#         821
  C:24A6H         LINE#         822
  C:24A8H         LINE#         823
  C:24A9H         LINE#         826
  C:24ACH         LINE#         827
  C:24ADH         LINE#         828
  C:24AEH         LINE#         831
  C:24B1H         LINE#         832
  C:24B3H         LINE#         833
  C:24B4H         LINE#         836
  C:24B7H         LINE#         837
  C:24B8H         LINE#         838
  C:24B9H         LINE#         841
  C:24BCH         LINE#         842
  C:24BEH         LINE#         843
  C:24BFH         LINE#         846
  C:24C2H         LINE#         847
  C:24C3H         LINE#         848
  C:24C4H         LINE#         851
  C:24C7H         LINE#         852
  C:24C8H         LINE#         853
  C:24C9H         LINE#         856
  C:24CCH         LINE#         857
  C:24CDH         LINE#         858
BL51 BANKED LINKER/LOCATER V6.22                                                      11/01/2018  12:43:23  PAGE 15


  C:24CEH         LINE#         861
  C:24D1H         LINE#         862
  C:24D2H         LINE#         863
  C:24D3H         LINE#         866
  C:24D6H         LINE#         867
  C:24D7H         LINE#         868
  C:24D8H         LINE#         871
  C:24DBH         LINE#         872
  C:24DCH         LINE#         873
  C:24DDH         LINE#         876
  C:24E0H         LINE#         877
  C:24E1H         LINE#         878
  C:24E2H         LINE#         881
  C:24E5H         LINE#         882
  C:24E6H         LINE#         883
  C:24E7H         LINE#         886
  C:24EAH         LINE#         887
  C:24EBH         LINE#         888
  C:24ECH         LINE#         909
  C:24EFH         LINE#         910
  C:24F1H         LINE#         911
  C:24F2H         LINE#         914
  C:24F5H         LINE#         915
  C:24F7H         LINE#         916
  C:24F8H         LINE#         919
  C:24FBH         LINE#         920
  C:24FDH         LINE#         921
  C:24FEH         LINE#         924
  C:2501H         LINE#         925
  C:2503H         LINE#         926
  C:2504H         LINE#         933
  C:2507H         LINE#         934
  C:2509H         LINE#         935
  C:250AH         LINE#         938
  C:250DH         LINE#         939
  C:250EH         LINE#         940
  C:250FH         LINE#         943
  C:2512H         LINE#         944
  C:2514H         LINE#         945
  C:2515H         LINE#         948
  C:2518H         LINE#         949
  C:2519H         LINE#         950
  C:251AH         LINE#         953
  C:251DH         LINE#         954
  C:251FH         LINE#         955
  C:2520H         LINE#         958
  C:2523H         LINE#         959
  C:2524H         LINE#         960
  C:2525H         LINE#         963
  C:2528H         LINE#         964
  C:252AH         LINE#         965
  C:252BH         LINE#         968
  C:252EH         LINE#         969
  C:252FH         LINE#         970
  C:2530H         LINE#         973
  C:2533H         LINE#         974
  C:2535H         LINE#         975
BL51 BANKED LINKER/LOCATER V6.22                                                      11/01/2018  12:43:23  PAGE 16


  C:2536H         LINE#         978
  C:2539H         LINE#         979
  C:253AH         LINE#         980
  C:253BH         LINE#         983
  C:253EH         LINE#         984
  C:2540H         LINE#         985
  C:2541H         LINE#         988
  C:2544H         LINE#         989
  C:2545H         LINE#         990
  C:2546H         LINE#         993
  C:2549H         LINE#         994
  C:254BH         LINE#         995
  C:254CH         LINE#         998
  C:254FH         LINE#         999
  C:2550H         LINE#         1000
  C:2551H         LINE#         1003
  C:2554H         LINE#         1004
  C:2556H         LINE#         1005
  C:2557H         LINE#         1008
  C:255AH         LINE#         1009
  C:255BH         LINE#         1010
  C:255CH         LINE#         1019
  C:255FH         LINE#         1020
  C:2560H         LINE#         1021
  C:2561H         LINE#         1024
  C:2564H         LINE#         1025
  C:2565H         LINE#         1026
  C:2566H         LINE#         1029
  C:2569H         LINE#         1030
  C:256AH         LINE#         1031
  C:256BH         LINE#         1034
  C:256EH         LINE#         1035
  C:256FH         LINE#         1036
  C:2570H         LINE#         1039
  C:2573H         LINE#         1040
  C:2574H         LINE#         1041
  C:2575H         LINE#         1044
  C:2578H         LINE#         1045
  C:2579H         LINE#         1046
  C:257AH         LINE#         1049
  C:257DH         LINE#         1050
  C:257EH         LINE#         1051
  C:257FH         LINE#         1054
  C:2582H         LINE#         1055
  C:2583H         LINE#         1056
  C:2584H         LINE#         1090
  C:2587H         LINE#         1091
  C:2589H         LINE#         1092
  C:258AH         LINE#         1095
  C:258DH         LINE#         1096
  C:258FH         LINE#         1097
  C:2590H         LINE#         1100
  C:2593H         LINE#         1101
  C:2594H         LINE#         1102
  C:2595H         LINE#         1105
  C:2598H         LINE#         1106
  C:2599H         LINE#         1107
BL51 BANKED LINKER/LOCATER V6.22                                                      11/01/2018  12:43:23  PAGE 17


  C:259AH         LINE#         1110
  C:259DH         LINE#         1111
  C:259EH         LINE#         1112
  C:259FH         LINE#         1115
  C:25A2H         LINE#         1116
  C:25A3H         LINE#         1117
  C:25A4H         LINE#         1120
  C:25A7H         LINE#         1121
  C:25A8H         LINE#         1122
  C:25A9H         LINE#         1125
  C:25ACH         LINE#         1126
  C:25ADH         LINE#         1127
  C:25AEH         LINE#         1130
  C:25B1H         LINE#         1131
  C:25B3H         LINE#         1132
  C:25B4H         LINE#         1135
  C:25B7H         LINE#         1136
  C:25B9H         LINE#         1137
  C:25BAH         LINE#         1140
  C:25BDH         LINE#         1141
  C:25BEH         LINE#         1142
  C:25BFH         LINE#         1145
  C:25C2H         LINE#         1146
  C:25C3H         LINE#         1147
  C:25C4H         LINE#         1150
  C:25C7H         LINE#         1151
  C:25C8H         LINE#         1152
  C:25C9H         LINE#         1155
  C:25CCH         LINE#         1156
  C:25CDH         LINE#         1157
  C:25CEH         LINE#         1161
  C:25D1H         LINE#         1164
  C:25D4H         LINE#         1167
  C:25D7H         LINE#         1170
  C:25DAH         LINE#         1173
  C:25DDH         LINE#         1176
  C:25E0H         LINE#         1179
  C:25E3H         LINE#         1182
  C:25E6H         LINE#         1195
  C:25E9H         LINE#         1198
  C:25ECH         LINE#         1203
  C:25EFH         LINE#         1206
  C:25F2H         LINE#         1211
  C:25F5H         LINE#         1214
  C:25F8H         LINE#         1219
  C:25FBH         LINE#         1222
  C:25FEH         LINE#         1262
  C:2601H         LINE#         1263
  C:2602H         LINE#         1264
  C:2603H         LINE#         1265
  C:2604H         LINE#         1266
  C:2606H         LINE#         1267
  C:2607H         LINE#         1268
  C:2608H         LINE#         1269
  C:2609H         LINE#         1273
  C:260CH         LINE#         1276
  C:260EH         LINE#         1279
BL51 BANKED LINKER/LOCATER V6.22                                                      11/01/2018  12:43:23  PAGE 18


  C:2610H         LINE#         1284
  C:28B6H         LINE#         1300
  C:28B9H         LINE#         1301
  C:28BAH         LINE#         1302
  C:28BBH         LINE#         1303
  C:28BCH         LINE#         1304
  C:28BEH         LINE#         1305
  C:28BFH         LINE#         1306
  C:28C0H         LINE#         1307
  C:28C2H         LINE#         1308
  C:28C3H         LINE#         1309
  C:28C4H         LINE#         1310
  C:28C5H         LINE#         1313
  C:28C8H         LINE#         1314
  C:28C9H         LINE#         1315
  C:28CAH         LINE#         1316
  C:28CBH         LINE#         1317
  C:28CDH         LINE#         1318
  C:28CEH         LINE#         1319
  C:28CFH         LINE#         1320
  C:28D1H         LINE#         1321
  C:28D2H         LINE#         1322
  C:28D3H         LINE#         1323
  C:28D4H         LINE#         1326
  C:28D7H         LINE#         1327
  C:28D8H         LINE#         1328
  C:28D9H         LINE#         1329
  C:28DAH         LINE#         1330
  C:28DCH         LINE#         1331
  C:28DDH         LINE#         1332
  C:28DEH         LINE#         1333
  C:28E0H         LINE#         1334
  C:28E1H         LINE#         1335
  C:28E2H         LINE#         1336
  C:28E3H         LINE#         1339
  C:28E6H         LINE#         1340
  C:28E7H         LINE#         1341
  C:28E8H         LINE#         1342
  C:28E9H         LINE#         1343
  C:28EBH         LINE#         1344
  C:28ECH         LINE#         1345
  C:28EDH         LINE#         1346
  C:28EFH         LINE#         1347
  C:28F0H         LINE#         1348
  C:28F1H         LINE#         1349
  C:28F2H         LINE#         1355
  C:28F5H         LINE#         1356
  C:28F6H         LINE#         1357
  C:28F7H         LINE#         1358
  C:28F8H         LINE#         1359
  C:28FAH         LINE#         1360
  C:28FBH         LINE#         1361
  C:28FCH         LINE#         1362
  C:28FEH         LINE#         1363
  C:28FFH         LINE#         1364
  C:2900H         LINE#         1365
  C:2901H         LINE#         1368
BL51 BANKED LINKER/LOCATER V6.22                                                      11/01/2018  12:43:23  PAGE 19


  C:2904H         LINE#         1369
  C:2905H         LINE#         1370
  C:2906H         LINE#         1371
  C:2907H         LINE#         1372
  C:2909H         LINE#         1373
  C:290AH         LINE#         1374
  C:290BH         LINE#         1375
  C:290DH         LINE#         1376
  C:290EH         LINE#         1377
  C:290FH         LINE#         1378
  C:2910H         LINE#         1381
  C:2913H         LINE#         1382
  C:2914H         LINE#         1383
  C:2915H         LINE#         1384
  C:2916H         LINE#         1385
  C:2918H         LINE#         1386
  C:2919H         LINE#         1387
  C:291AH         LINE#         1388
  C:291CH         LINE#         1389
  C:291DH         LINE#         1390
  C:291EH         LINE#         1391
  C:291FH         LINE#         1394
  C:2922H         LINE#         1395
  C:2923H         LINE#         1396
  C:2924H         LINE#         1397
  C:2925H         LINE#         1398
  C:2927H         LINE#         1399
  C:2928H         LINE#         1400
  C:2929H         LINE#         1401
  C:292AH         LINE#         1407
  C:292DH         LINE#         1408
  C:292EH         LINE#         1409
  C:292FH         LINE#         1410
  C:2930H         LINE#         1411
  C:2932H         LINE#         1412
  C:2933H         LINE#         1413
  C:2934H         LINE#         1414
  C:2935H         LINE#         1417
  C:2938H         LINE#         1418
  C:2939H         LINE#         1419
  C:293AH         LINE#         1420
  C:293BH         LINE#         1421
  C:293DH         LINE#         1422
  C:293EH         LINE#         1423
  C:293FH         LINE#         1424
  C:2940H         LINE#         1427
  C:2943H         LINE#         1428
  C:2944H         LINE#         1429
  C:2945H         LINE#         1430
  C:2946H         LINE#         1431
  C:2948H         LINE#         1432
  C:2949H         LINE#         1433
  C:294AH         LINE#         1434
  C:294BH         LINE#         1437
  C:294EH         LINE#         1438
  C:294FH         LINE#         1439
  C:2950H         LINE#         1440
BL51 BANKED LINKER/LOCATER V6.22                                                      11/01/2018  12:43:23  PAGE 20


  C:2951H         LINE#         1441
  C:2953H         LINE#         1442
  C:2954H         LINE#         1443
  C:2955H         LINE#         1444
  C:2956H         LINE#         1449
  C:2959H         LINE#         1450
  C:295AH         LINE#         1451
  C:295BH         LINE#         1452
  C:295CH         LINE#         1453
  C:295EH         LINE#         1454
  C:295FH         LINE#         1455
  C:2960H         LINE#         1456
  C:2961H         LINE#         1459
  C:2964H         LINE#         1460
  C:2965H         LINE#         1461
  C:2966H         LINE#         1462
  C:2967H         LINE#         1463
  C:2969H         LINE#         1464
  C:296AH         LINE#         1465
  C:296BH         LINE#         1466
  C:296CH         LINE#         1469
  C:296FH         LINE#         1470
  C:2970H         LINE#         1471
  C:2971H         LINE#         1472
  C:2972H         LINE#         1473
  C:2974H         LINE#         1474
  C:2975H         LINE#         1475
  C:2976H         LINE#         1476
  C:2977H         LINE#         1479
  C:297AH         LINE#         1480
  C:297BH         LINE#         1481
  C:297CH         LINE#         1482
  C:297DH         LINE#         1483
  C:297FH         LINE#         1484
  C:2980H         LINE#         1485
  C:2981H         LINE#         1486
  C:2982H         LINE#         1491
  C:2985H         LINE#         1492
  C:2986H         LINE#         1493
  C:2987H         LINE#         1494
  C:2988H         LINE#         1495
  C:298AH         LINE#         1496
  C:298BH         LINE#         1497
  C:298CH         LINE#         1498
  C:298DH         LINE#         1501
  C:2990H         LINE#         1502
  C:2991H         LINE#         1503
  C:2992H         LINE#         1504
  C:2993H         LINE#         1505
  C:2995H         LINE#         1506
  C:2996H         LINE#         1507
  C:2997H         LINE#         1508
  C:2998H         LINE#         1511
  C:299BH         LINE#         1512
  C:299CH         LINE#         1513
  C:299DH         LINE#         1514
  C:299EH         LINE#         1515
BL51 BANKED LINKER/LOCATER V6.22                                                      11/01/2018  12:43:23  PAGE 21


  C:29A0H         LINE#         1516
  C:29A1H         LINE#         1517
  C:29A2H         LINE#         1518
  C:29A3H         LINE#         1521
  C:29A6H         LINE#         1522
  C:29A7H         LINE#         1523
  C:29A8H         LINE#         1524
  C:29A9H         LINE#         1525
  C:29ABH         LINE#         1526
  C:29ACH         LINE#         1527
  C:29ADH         LINE#         1528
  C:29AEH         LINE#         1532
  C:29B1H         LINE#         1533
  C:29B2H         LINE#         1534
  C:29B3H         LINE#         1535
  C:29B4H         LINE#         1536
  C:29B6H         LINE#         1537
  C:29B7H         LINE#         1538
  C:29B8H         LINE#         1539
  C:29B9H         LINE#         1543
  C:29BBH         LINE#         1546
  C:29BDH         LINE#         1549
  C:29BFH         LINE#         1552
  C:29C1H         LINE#         1556
  C:3509H         LINE#         1572
  C:350CH         LINE#         1575
  C:350EH         LINE#         1578
  C:3510H         LINE#         1581
  C:3513H         LINE#         1582
  C:3514H         LINE#         1583
  C:3515H         LINE#         1584
  C:3516H         LINE#         1585
  C:3518H         LINE#         1586
  C:3519H         LINE#         1587
  C:351AH         LINE#         1588
  C:351BH         LINE#         1591
  C:351EH         LINE#         1592
  C:351FH         LINE#         1593
  C:3520H         LINE#         1594
  C:3521H         LINE#         1595
  C:3523H         LINE#         1596
  C:3524H         LINE#         1597
  C:3525H         LINE#         1598
  C:3526H         LINE#         1602
  C:2611H         LINE#         1621
  C:2614H         LINE#         1622
  C:2615H         LINE#         1623
  C:2616H         LINE#         1626
  C:2619H         LINE#         1627
  C:261AH         LINE#         1628
  C:261BH         LINE#         1631
  C:261EH         LINE#         1632
  C:261FH         LINE#         1633
  C:2620H         LINE#         1636
  C:2623H         LINE#         1637
  C:2625H         LINE#         1638
  C:2626H         LINE#         1641
BL51 BANKED LINKER/LOCATER V6.22                                                      11/01/2018  12:43:23  PAGE 22


  C:2629H         LINE#         1642
  C:262AH         LINE#         1643
  C:262BH         LINE#         1646
  C:262EH         LINE#         1647
  C:262FH         LINE#         1648
  C:2630H         LINE#         1652
  C:2633H         LINE#         1653
  C:2634H         LINE#         1654
  C:2635H         LINE#         1657
  C:2638H         LINE#         1658
  C:2639H         LINE#         1659
  C:263AH         LINE#         1662
  C:263DH         LINE#         1663
  C:263EH         LINE#         1664
  C:263FH         LINE#         1667
  C:2642H         LINE#         1668
  C:2644H         LINE#         1669
  C:2645H         LINE#         1672
  C:2648H         LINE#         1673
  C:2649H         LINE#         1674
  C:264AH         LINE#         1677
  C:264DH         LINE#         1678
  C:264EH         LINE#         1679
  C:264FH         LINE#         1683
  C:2652H         LINE#         1684
  C:2653H         LINE#         1685
  C:2654H         LINE#         1688
  C:2657H         LINE#         1689
  C:2658H         LINE#         1690
  C:2659H         LINE#         1693
  C:265CH         LINE#         1694
  C:265DH         LINE#         1695
  C:265EH         LINE#         1698
  C:2661H         LINE#         1699
  C:2663H         LINE#         1700
  C:2664H         LINE#         1703
  C:2667H         LINE#         1704
  C:2668H         LINE#         1705
  C:2669H         LINE#         1708
  C:266CH         LINE#         1709
  C:266DH         LINE#         1710
  C:266EH         LINE#         1716
  C:2671H         LINE#         1717
  C:2672H         LINE#         1718
  C:2673H         LINE#         1719
  C:2674H         LINE#         1720
  C:2676H         LINE#         1721
  C:2677H         LINE#         1722
  C:2678H         LINE#         1723
  C:2679H         LINE#         1726
  C:267CH         LINE#         1727
  C:267DH         LINE#         1728
  C:267EH         LINE#         1729
  C:267FH         LINE#         1730
  C:2681H         LINE#         1731
  C:2682H         LINE#         1732
  C:2683H         LINE#         1733
BL51 BANKED LINKER/LOCATER V6.22                                                      11/01/2018  12:43:23  PAGE 23


  C:2684H         LINE#         1736
  C:2687H         LINE#         1737
  C:2688H         LINE#         1738
  C:2689H         LINE#         1739
  C:268AH         LINE#         1740
  C:268CH         LINE#         1741
  C:268DH         LINE#         1742
  C:268EH         LINE#         1743
  C:268FH         LINE#         1746
  C:2692H         LINE#         1747
  C:2693H         LINE#         1748
  C:2694H         LINE#         1749
  C:2695H         LINE#         1750
  C:2697H         LINE#         1751
  C:2698H         LINE#         1752
  C:2699H         LINE#         1753
  C:269AH         LINE#         1758
  C:269DH         LINE#         1759
  C:269EH         LINE#         1760
  C:269FH         LINE#         1761
  C:26A0H         LINE#         1762
  C:26A2H         LINE#         1763
  C:26A3H         LINE#         1764
  C:26A4H         LINE#         1765
  C:26A6H         LINE#         1766
  C:26A7H         LINE#         1767
  C:26A8H         LINE#         1768
  C:26A9H         LINE#         1769
  C:26ACH         LINE#         1770
  C:26ADH         LINE#         1771
  C:26AEH         LINE#         1772
  C:26AFH         LINE#         1773
  C:26B1H         LINE#         1774
  C:26B2H         LINE#         1775
  C:26B3H         LINE#         1776
  C:26B4H         LINE#         1777
  C:26B7H         LINE#         1778
  C:26B8H         LINE#         1779
  C:26B9H         LINE#         1780
  C:26BAH         LINE#         1781
  C:26BCH         LINE#         1782
  C:26BDH         LINE#         1783
  C:26BEH         LINE#         1784
  C:26BFH         LINE#         1785
  C:26C2H         LINE#         1786
  C:26C3H         LINE#         1787
  C:26C4H         LINE#         1788
  C:26C5H         LINE#         1789
  C:26C7H         LINE#         1790
  C:26C8H         LINE#         1791
  C:26C9H         LINE#         1792
  C:26CAH         LINE#         1793
  C:26CDH         LINE#         1794
  C:26CEH         LINE#         1795
  C:26CFH         LINE#         1796
  C:26D0H         LINE#         1797
  C:26D2H         LINE#         1798
BL51 BANKED LINKER/LOCATER V6.22                                                      11/01/2018  12:43:23  PAGE 24


  C:26D3H         LINE#         1799
  C:26D4H         LINE#         1800
  C:26D5H         LINE#         1803
  C:26D8H         LINE#         1804
  C:26D9H         LINE#         1805
  C:26DAH         LINE#         1806
  C:26DBH         LINE#         1807
  C:26DDH         LINE#         1808
  C:26DEH         LINE#         1809
  C:26DFH         LINE#         1810
  C:26E1H         LINE#         1811
  C:26E2H         LINE#         1812
  C:26E3H         LINE#         1813
  C:26E4H         LINE#         1814
  C:26E7H         LINE#         1815
  C:26E8H         LINE#         1816
  C:26E9H         LINE#         1817
  C:26EAH         LINE#         1818
  C:26ECH         LINE#         1819
  C:26EDH         LINE#         1820
  C:26EEH         LINE#         1821
  C:26EFH         LINE#         1822
  C:26F2H         LINE#         1823
  C:26F3H         LINE#         1824
  C:26F4H         LINE#         1825
  C:26F5H         LINE#         1826
  C:26F7H         LINE#         1827
  C:26F8H         LINE#         1828
  C:26F9H         LINE#         1829
  C:26FAH         LINE#         1830
  C:26FDH         LINE#         1831
  C:26FEH         LINE#         1832
  C:26FFH         LINE#         1833
  C:2700H         LINE#         1834
  C:2702H         LINE#         1835
  C:2703H         LINE#         1836
  C:2704H         LINE#         1837
  C:2705H         LINE#         1838
  C:2708H         LINE#         1839
  C:2709H         LINE#         1840
  C:270AH         LINE#         1841
  C:270BH         LINE#         1842
  C:270DH         LINE#         1843
  C:270EH         LINE#         1844
  C:270FH         LINE#         1845
  C:2710H         LINE#         1848
  C:2713H         LINE#         1849
  C:2714H         LINE#         1850
  C:2715H         LINE#         1851
  C:2716H         LINE#         1852
  C:2718H         LINE#         1853
  C:2719H         LINE#         1854
  C:271AH         LINE#         1855
  C:271BH         LINE#         1856
  C:271EH         LINE#         1857
  C:271FH         LINE#         1858
  C:2720H         LINE#         1859
BL51 BANKED LINKER/LOCATER V6.22                                                      11/01/2018  12:43:23  PAGE 25


  C:2721H         LINE#         1860
  C:2723H         LINE#         1861
  C:2724H         LINE#         1862
  C:2725H         LINE#         1863
  C:2726H         LINE#         1864
  C:2729H         LINE#         1865
  C:272AH         LINE#         1866
  C:272BH         LINE#         1867
  C:272CH         LINE#         1868
  C:272EH         LINE#         1869
  C:272FH         LINE#         1870
  C:2730H         LINE#         1871
  C:2731H         LINE#         1872
  C:2734H         LINE#         1873
  C:2735H         LINE#         1874
  C:2736H         LINE#         1875
  C:2737H         LINE#         1876
  C:2739H         LINE#         1877
  C:273AH         LINE#         1878
  C:273BH         LINE#         1879
  C:273CH         LINE#         1880
  C:273FH         LINE#         1881
  C:2740H         LINE#         1882
  C:2741H         LINE#         1883
  C:2742H         LINE#         1884
  C:2744H         LINE#         1885
  C:2745H         LINE#         1886
  C:2746H         LINE#         1887
  C:2747H         LINE#         1890
  C:274AH         LINE#         1891
  C:274BH         LINE#         1892
  C:274CH         LINE#         1893
  C:274DH         LINE#         1894
  C:274FH         LINE#         1895
  C:2750H         LINE#         1896
  C:2751H         LINE#         1897
  C:2752H         LINE#         1898
  C:2755H         LINE#         1899
  C:2756H         LINE#         1900
  C:2757H         LINE#         1901
  C:2758H         LINE#         1902
  C:275AH         LINE#         1903
  C:275BH         LINE#         1904
  C:275CH         LINE#         1905
  C:275DH         LINE#         1906
  C:2760H         LINE#         1907
  C:2761H         LINE#         1908
  C:2762H         LINE#         1909
  C:2763H         LINE#         1910
  C:2765H         LINE#         1911
  C:2766H         LINE#         1912
  C:2767H         LINE#         1913
  C:2768H         LINE#         1914
  C:276BH         LINE#         1915
  C:276CH         LINE#         1916
  C:276DH         LINE#         1917
  C:276EH         LINE#         1918
BL51 BANKED LINKER/LOCATER V6.22                                                      11/01/2018  12:43:23  PAGE 26


  C:2770H         LINE#         1919
  C:2771H         LINE#         1920
  C:2772H         LINE#         1921
  C:2773H         LINE#         1922
  C:2776H         LINE#         1923
  C:2777H         LINE#         1924
  C:2778H         LINE#         1925
  C:2779H         LINE#         1926
  C:277BH         LINE#         1927
  C:277CH         LINE#         1928
  C:277DH         LINE#         1929
  C:277EH         LINE#         1934
  C:34C7H         LINE#         1947
  C:34CAH         LINE#         1948
  C:34CCH         LINE#         1949
  C:34CDH         LINE#         1952
  C:34D0H         LINE#         1953
  C:34D1H         LINE#         1954
  C:34D2H         LINE#         1957
  C:34D5H         LINE#         1960
  C:34D8H         LINE#         1963
  C:34DBH         LINE#         1967
  C:34DEH         LINE#         1970
  C:34E1H         LINE#         1975
  C:34E3H         LINE#         1978
  C:34E5H         LINE#         1981
  C:34E7H         LINE#         1984
  C:34E9H         LINE#         1988
  C:2E90H         LINE#         2002
  C:2E93H         LINE#         2003
  C:2E94H         LINE#         2004
  C:2E95H         LINE#         2007
  C:2E98H         LINE#         2008
  C:2E99H         LINE#         2009
  C:2E9AH         LINE#         2010
  C:2E9BH         LINE#         2011
  C:2E9CH         LINE#         2012
  C:2E9DH         LINE#         2015
  C:2EA0H         LINE#         2016
  C:2EA1H         LINE#         2017
  C:2EA2H         LINE#         2018
  C:2EA3H         LINE#         2019
  C:2EA4H         LINE#         2020
  C:2EA5H         LINE#         2023
  C:2EA8H         LINE#         2024
  C:2EA9H         LINE#         2025
  C:2EAAH         LINE#         2026
  C:2EABH         LINE#         2027
  C:2EADH         LINE#         2028
  C:2EAEH         LINE#         2029
  C:2EAFH         LINE#         2030
  C:2EB0H         LINE#         2033
  C:2EB3H         LINE#         2034
  C:2EB4H         LINE#         2035
  C:2EB5H         LINE#         2036
  C:2EB6H         LINE#         2037
  C:2EB8H         LINE#         2038
BL51 BANKED LINKER/LOCATER V6.22                                                      11/01/2018  12:43:23  PAGE 27


  C:2EB9H         LINE#         2039
  C:2EBAH         LINE#         2040
  C:2EBBH         LINE#         2043
  C:2EBEH         LINE#         2044
  C:2EBFH         LINE#         2045
  C:2EC0H         LINE#         2046
  C:2EC1H         LINE#         2047
  C:2EC3H         LINE#         2048
  C:2EC4H         LINE#         2049
  C:2EC5H         LINE#         2050
  C:2EC6H         LINE#         2053
  C:2EC9H         LINE#         2054
  C:2ECAH         LINE#         2055
  C:2ECBH         LINE#         2056
  C:2ECCH         LINE#         2057
  C:2ECEH         LINE#         2058
  C:2ECFH         LINE#         2059
  C:2ED0H         LINE#         2060
  C:2ED1H         LINE#         2063
  C:2ED4H         LINE#         2064
  C:2ED5H         LINE#         2065
  C:2ED6H         LINE#         2066
  C:2ED7H         LINE#         2067
  C:2ED9H         LINE#         2068
  C:2EDAH         LINE#         2069
  C:2EDBH         LINE#         2070
  C:2EDCH         LINE#         2073
  C:2EDFH         LINE#         2074
  C:2EE0H         LINE#         2075
  C:2EE1H         LINE#         2076
  C:2EE2H         LINE#         2077
  C:2EE4H         LINE#         2078
  C:2EE5H         LINE#         2079
  C:2EE6H         LINE#         2080
  C:2EE7H         LINE#         2083
  C:2EEAH         LINE#         2084
  C:2EEBH         LINE#         2085
  C:2EECH         LINE#         2086
  C:2EEDH         LINE#         2087
  C:2EEFH         LINE#         2088
  C:2EF0H         LINE#         2089
  C:2EF1H         LINE#         2090
  C:2EF2H         LINE#         2093
  C:2EF5H         LINE#         2094
  C:2EF6H         LINE#         2095
  C:2EF7H         LINE#         2096
  C:2EF8H         LINE#         2097
  C:2EFAH         LINE#         2098
  C:2EFBH         LINE#         2099
  C:2EFCH         LINE#         2100
  C:2EFDH         LINE#         2103
  C:2EFFH         LINE#         2106
  C:2F01H         LINE#         2110
  C:3446H         LINE#         2124
  C:3449H         LINE#         2125
  C:344AH         LINE#         2126
  C:344BH         LINE#         2129
BL51 BANKED LINKER/LOCATER V6.22                                                      11/01/2018  12:43:23  PAGE 28


  C:344EH         LINE#         2130
  C:3450H         LINE#         2131
  C:3451H         LINE#         2132
  C:3452H         LINE#         2133
  C:3454H         LINE#         2134
  C:3455H         LINE#         2138
  C:3458H         LINE#         2139
  C:3459H         LINE#         2140
  C:345AH         LINE#         2141
  C:345BH         LINE#         2142
  C:345DH         LINE#         2143
  C:345EH         LINE#         2144
  C:345FH         LINE#         2145
  C:3460H         LINE#         2148
  C:3463H         LINE#         2149
  C:3464H         LINE#         2150
  C:3465H         LINE#         2151
  C:3466H         LINE#         2152
  C:3468H         LINE#         2153
  C:3469H         LINE#         2154
  C:346AH         LINE#         2155
  C:346BH         LINE#         2158
  C:346EH         LINE#         2161
  C:3470H         LINE#         2164
  C:3472H         LINE#         2168
  C:33DAH         LINE#         2181
  C:33DDH         LINE#         2182
  C:33DEH         LINE#         2183
  C:33DFH         LINE#         2186
  C:33E2H         LINE#         2187
  C:33E4H         LINE#         2188
  C:33E5H         LINE#         2189
  C:33E6H         LINE#         2190
  C:33E8H         LINE#         2191
  C:33E9H         LINE#         2195
  C:33ECH         LINE#         2196
  C:33EDH         LINE#         2197
  C:33EEH         LINE#         2198
  C:33EFH         LINE#         2199
  C:33F1H         LINE#         2200
  C:33F2H         LINE#         2201
  C:33F3H         LINE#         2202
  C:33F4H         LINE#         2205
  C:33F7H         LINE#         2206
  C:33F8H         LINE#         2207
  C:33F9H         LINE#         2208
  C:33FAH         LINE#         2209
  C:33FCH         LINE#         2210
  C:33FDH         LINE#         2211
  C:33FEH         LINE#         2212
  C:33FFH         LINE#         2215
  C:3402H         LINE#         2216
  C:3403H         LINE#         2217
  C:3404H         LINE#         2218
  C:3405H         LINE#         2219
  C:3407H         LINE#         2220
  C:3408H         LINE#         2221
BL51 BANKED LINKER/LOCATER V6.22                                                      11/01/2018  12:43:23  PAGE 29


  C:3409H         LINE#         2222
  C:340AH         LINE#         2227
  C:340CH         LINE#         2230
  C:340EH         LINE#         2233
  C:3410H         LINE#         2237
  C:3411H         LINE#         2250
  C:3414H         LINE#         2251
  C:3415H         LINE#         2252
  C:3416H         LINE#         2255
  C:3419H         LINE#         2256
  C:341BH         LINE#         2257
  C:341CH         LINE#         2258
  C:341DH         LINE#         2259
  C:341FH         LINE#         2260
  C:3420H         LINE#         2264
  C:3423H         LINE#         2265
  C:3424H         LINE#         2266
  C:3425H         LINE#         2267
  C:3426H         LINE#         2268
  C:3428H         LINE#         2269
  C:3429H         LINE#         2270
  C:342AH         LINE#         2271
  C:342BH         LINE#         2274
  C:342EH         LINE#         2275
  C:342FH         LINE#         2276
  C:3430H         LINE#         2277
  C:3431H         LINE#         2278
  C:3433H         LINE#         2279
  C:3434H         LINE#         2280
  C:3435H         LINE#         2281
  C:3436H         LINE#         2284
  C:3439H         LINE#         2285
  C:343AH         LINE#         2286
  C:343BH         LINE#         2287
  C:343CH         LINE#         2288
  C:343EH         LINE#         2289
  C:343FH         LINE#         2290
  C:3440H         LINE#         2291
  C:3441H         LINE#         2297
  C:3443H         LINE#         2300
  C:3445H         LINE#         2304
  C:3157H         LINE#         2317
  C:315AH         LINE#         2318
  C:315CH         LINE#         2319
  C:315DH         LINE#         2322
  C:315EH         LINE#         2324
  C:315FH         LINE#         2326
  C:3160H         LINE#         2328
  C:3161H         LINE#         2330
  C:3162H         LINE#         2332
  C:3163H         LINE#         2334
  C:3164H         LINE#         2336
  C:3165H         LINE#         2338
  C:3166H         LINE#         2340
  C:3167H         LINE#         2342
  C:3168H         LINE#         2344
  C:3169H         LINE#         2346
BL51 BANKED LINKER/LOCATER V6.22                                                      11/01/2018  12:43:23  PAGE 30


  C:316AH         LINE#         2348
  C:316BH         LINE#         2350
  C:316CH         LINE#         2352
  C:316DH         LINE#         2354
  C:316EH         LINE#         2356
  C:316FH         LINE#         2358
  C:3170H         LINE#         2360
  C:3171H         LINE#         2362
  C:3172H         LINE#         2364
  C:3173H         LINE#         2366
  C:3174H         LINE#         2368
  C:3175H         LINE#         2370
  C:3176H         LINE#         2372
  C:3177H         LINE#         2374
  C:3178H         LINE#         2376
  C:3179H         LINE#         2378
  C:317AH         LINE#         2380
  C:317BH         LINE#         2382
  C:317CH         LINE#         2384
  C:317DH         LINE#         2386
  C:317EH         LINE#         2391
  C:3181H         LINE#         2392
  C:3183H         LINE#         2393
  C:3184H         LINE#         2396
  C:3187H         LINE#         2397
  C:3188H         LINE#         2398
  C:3189H         LINE#         2402
  C:318AH         LINE#         2404
  C:318BH         LINE#         2406
  C:318CH         LINE#         2408
  C:318DH         LINE#         2410
  C:318EH         LINE#         2412
  C:318FH         LINE#         2414
  C:3190H         LINE#         2416
  C:3191H         LINE#         2418
  C:3192H         LINE#         2420
  C:3193H         LINE#         2422
  C:3194H         LINE#         2424
  C:3195H         LINE#         2426
  C:3196H         LINE#         2428
  C:3197H         LINE#         2430
  C:3198H         LINE#         2432
  C:3199H         LINE#         2434
  C:319AH         LINE#         2436
  C:319BH         LINE#         2438
  C:319CH         LINE#         2440
  C:319DH         LINE#         2442
  C:319EH         LINE#         2444
  C:319FH         LINE#         2446
  C:31A0H         LINE#         2448
  C:31A1H         LINE#         2450
  C:31A2H         LINE#         2452
  C:31A3H         LINE#         2454
  C:31A4H         LINE#         2456
  C:31A5H         LINE#         2458
  C:31A6H         LINE#         2460
  C:31A7H         LINE#         2462
BL51 BANKED LINKER/LOCATER V6.22                                                      11/01/2018  12:43:23  PAGE 31


  C:31A8H         LINE#         2464
  C:31A9H         LINE#         2469
  C:3541H         LINE#         2489
  C:3544H         LINE#         2492
  C:3547H         LINE#         2497
  C:354AH         LINE#         2500
  C:354DH         LINE#         2504
  C:357DH         LINE#         2517
  C:3580H         LINE#         2521
  C:3583H         LINE#         2524
  C:3586H         LINE#         2528
  C:331EH         LINE#         2543
  C:3321H         LINE#         2544
  C:3322H         LINE#         2545
  C:3323H         LINE#         2546
  C:3324H         LINE#         2547
  C:3326H         LINE#         2548
  C:3327H         LINE#         2549
  C:3328H         LINE#         2550
  C:3329H         LINE#         2553
  C:332CH         LINE#         2554
  C:332DH         LINE#         2555
  C:332EH         LINE#         2556
  C:332FH         LINE#         2557
  C:3331H         LINE#         2558
  C:3332H         LINE#         2559
  C:3333H         LINE#         2560
  C:3334H         LINE#         2563
  C:3337H         LINE#         2564
  C:3338H         LINE#         2565
  C:3339H         LINE#         2566
  C:333AH         LINE#         2567
  C:333CH         LINE#         2568
  C:333DH         LINE#         2569
  C:333EH         LINE#         2570
  C:333FH         LINE#         2573
  C:3342H         LINE#         2574
  C:3343H         LINE#         2575
  C:3344H         LINE#         2576
  C:3345H         LINE#         2577
  C:3347H         LINE#         2578
  C:3348H         LINE#         2579
  C:3349H         LINE#         2580
  C:334AH         LINE#         2583
  C:334DH         LINE#         2584
  C:334EH         LINE#         2585
  C:334FH         LINE#         2586
  C:3350H         LINE#         2587
  C:3352H         LINE#         2588
  C:3353H         LINE#         2589
  C:3354H         LINE#         2590
  C:3355H         LINE#         2593
  C:3358H         LINE#         2594
  C:3359H         LINE#         2595
  C:335AH         LINE#         2596
  C:335BH         LINE#         2597
  C:335DH         LINE#         2598
BL51 BANKED LINKER/LOCATER V6.22                                                      11/01/2018  12:43:23  PAGE 32


  C:335EH         LINE#         2599
  C:335FH         LINE#         2600
  C:3360H         LINE#         2604
  -------         ENDMOD        INITIAL

  -------         MODULE        INTERRUPT
  C:0000H         SYMBOL        _ICE_DUMMY_
  C:2B86H         PUBLIC        Comp234Interrupt
  D:0080H         PUBLIC        P0
  D:0090H         PUBLIC        P1
  D:00A0H         PUBLIC        P2
  D:00B0H         PUBLIC        P3
  C:34A0H         PUBLIC        TIMER0Interrupt
  C:2006H         PUBLIC        TIMER1Interrupt
  C:277FH         PUBLIC        TIMER3Interrupt
  C:2F74H         PUBLIC        TIMER4Interrupt
  C:2E19H         PUBLIC        TIMER5Interrupt
  D:00A8H         PUBLIC        IEN0
  C:2AF3H         PUBLIC        TIMER6Interrupt
  D:00B8H         PUBLIC        IEN1
  C:2A5FH         PUBLIC        EXT1234Interrupt
  B:00C0H.0       PUBLIC        IADC
  C:2CA8H         PUBLIC        I2CInterrupt
  C:3361H         PUBLIC        Comp1Interrupt
  B:00C0H.1       PUBLIC        IEX2
  B:00C0H.2       PUBLIC        IEX3
  B:00C0H.3       PUBLIC        IEX4
  B:00C0H.4       PUBLIC        IEX5
  C:33A2H         PUBLIC        ADCInterrupt
  B:00C0H.5       PUBLIC        IEX6
  C:30FCH         PUBLIC        LDV33Interrupt
  C:30A1H         PUBLIC        LDV18Interrupt
  C:2D9EH         PUBLIC        eFlashInterrupt
  B:0080H.4       PUBLIC        P04
  D:0088H         PUBLIC        TCON
  B:00A0H.6       PUBLIC        P26
  C:3046H         PUBLIC        RTCInterrupt
  B:0088H.1       PUBLIC        IE0
  B:0088H.3       PUBLIC        IE1
  C:2D23H         PUBLIC        SPIInterrupt
  C:3568H         PUBLIC        UART1Interrupt
  C:206EH         PUBLIC        UART2Interrupt
  C:2F02H         PUBLIC        ePWM123Interrupt
  D:0093H         PUBLIC        BPCTRL
  B:0088H.5       PUBLIC        TF0
  B:0098H.0       PUBLIC        RI0
  B:0088H.7       PUBLIC        TF1
  B:0098H.1       PUBLIC        TI0
  D:00F9H         PUBLIC        INT_REG1
  D:00FAH         PUBLIC        INT_REG2
  D:00FDH         PUBLIC        INT_REG3
  D:00FEH         PUBLIC        INT_REG4
  C:2FE4H         PUBLIC        ePWM4Interrupt
  D:0098H         PUBLIC        S0CON
  D:009BH         PUBLIC        S1CON
  D:00C8H         PUBLIC        T2CON
  D:00D8H         PUBLIC        WDCON
BL51 BANKED LINKER/LOCATER V6.22                                                      11/01/2018  12:43:23  PAGE 33


  D:00C0H         PUBLIC        IRCON
  -------         PROC          EXT1234INTERRUPT
  C:2A5FH         LINE#         37
  C:2A68H         LINE#         40
  C:2A77H         LINE#         41
  C:2A77H         LINE#         43
  C:2A7AH         LINE#         44
  C:2A7AH         LINE#         47
  C:2A89H         LINE#         48
  C:2A89H         LINE#         49
  C:2A8BH         LINE#         50
  C:2A8EH         LINE#         51
  C:2A8EH         LINE#         54
  C:2A9DH         LINE#         55
  C:2A9DH         LINE#         56
  C:2AA0H         LINE#         57
  C:2AA0H         LINE#         60
  C:2AAFH         LINE#         61
  C:2AAFH         LINE#         63
  C:2AB2H         LINE#         64
  C:2AB2H         LINE#         66
  C:2AEAH         LINE#         67
  C:2AECH         LINE#         69
  -------         ENDPROC       EXT1234INTERRUPT
  -------         PROC          TIMER0INTERRUPT
  C:34A0H         LINE#         80
  C:34ADH         LINE#         83
  C:34AFH         LINE#         84
  C:34B1H         LINE#         87
  C:34BCH         LINE#         91
  -------         ENDPROC       TIMER0INTERRUPT
  -------         PROC          TIMER1INTERRUPT
  C:2006H         LINE#         93
  C:2006H         LINE#         97
  C:2008H         LINE#         98
  -------         ENDPROC       TIMER1INTERRUPT
  -------         PROC          TIMER3INTERRUPT
  C:277FH         LINE#         100
  C:2794H         LINE#         104
  C:27A5H         LINE#         105
  C:27A5H         LINE#         106
  C:27A7H         LINE#         108
  C:27B2H         LINE#         109
  C:27B2H         LINE#         111
  C:27C5H         LINE#         112
  C:27C5H         LINE#         114
  C:27D8H         LINE#         115
  C:27E1H         LINE#         116
  C:27E1H         LINE#         118
  C:27ECH         LINE#         119
  C:27FCH         LINE#         120
  C:27FFH         LINE#         122
  C:2801H         LINE#         124
  C:2801H         LINE#         127
  C:2805H         LINE#         129
  C:2805H         LINE#         131
  C:281EH         LINE#         133
BL51 BANKED LINKER/LOCATER V6.22                                                      11/01/2018  12:43:23  PAGE 34


  C:2820H         LINE#         135
  C:2820H         LINE#         136
  C:2833H         LINE#         138
  C:285CH         LINE#         142
  C:285CH         LINE#         144
  C:2867H         LINE#         147
  C:2867H         LINE#         148
  C:2872H         LINE#         149
  C:2872H         LINE#         151
  C:28A1H         LINE#         153
  C:28A3H         LINE#         154
  -------         ENDPROC       TIMER3INTERRUPT
  -------         PROC          TIMER4INTERRUPT
  C:2F74H         LINE#         156
  C:2F81H         LINE#         161
  C:2F8CH         LINE#         163
  C:2F8FH         LINE#         166
  C:2F91H         LINE#         168
  C:2FD7H         LINE#         169
  C:2FD9H         LINE#         173
  -------         ENDPROC       TIMER4INTERRUPT
  -------         PROC          TIMER5INTERRUPT
  C:2E19H         LINE#         175
  C:2E28H         LINE#         178
  C:2E33H         LINE#         179
  C:2E3EH         LINE#         182
  C:2E40H         LINE#         183
  C:2E81H         LINE#         184
  C:2E83H         LINE#         187
  -------         ENDPROC       TIMER5INTERRUPT
  -------         PROC          TIMER6INTERRUPT
  C:2AF3H         LINE#         188
  C:2B02H         LINE#         191
  C:2B0DH         LINE#         192
  C:2B18H         LINE#         194
  C:2B75H         LINE#         195
  C:2B77H         LINE#         196
  C:2B79H         LINE#         198
  -------         ENDPROC       TIMER6INTERRUPT
  -------         PROC          EPWM123INTERRUPT
  C:2F02H         LINE#         205
  C:2F0BH         LINE#         207
  C:2F1AH         LINE#         208
  C:2F1AH         LINE#         212
  C:2F1DH         LINE#         213
  C:2F1DH         LINE#         216
  C:2F2CH         LINE#         217
  C:2F2CH         LINE#         223
  C:2F2FH         LINE#         224
  C:2F2FH         LINE#         227
  C:2F3EH         LINE#         228
  C:2F3EH         LINE#         230
  C:2F41H         LINE#         231
  C:2F41H         LINE#         233
  C:2F6BH         LINE#         234
  C:2F6DH         LINE#         236
  -------         ENDPROC       EPWM123INTERRUPT
BL51 BANKED LINKER/LOCATER V6.22                                                      11/01/2018  12:43:23  PAGE 35


  -------         PROC          EPWM4INTERRUPT
  C:2FE4H         LINE#         239
  C:2FF3H         LINE#         243
  C:2FF6H         LINE#         244
  C:3037H         LINE#         245
  C:3039H         LINE#         247
  -------         ENDPROC       EPWM4INTERRUPT
  -------         PROC          COMP1INTERRUPT
  C:3361H         LINE#         255
  C:336EH         LINE#         261
  C:3379H         LINE#         263
  C:3395H         LINE#         264
  C:3397H         LINE#         265
  -------         ENDPROC       COMP1INTERRUPT
[...]
  N:00CDH         PUBLIC        ?ISD?VERSION
  C:2248H         PUBLIC        ?ISD?WRITESFR00
  C:224EH         PUBLIC        ?ISD?WRITESFR01
  C:2254H         PUBLIC        ?ISD?WRITESFR02
  C:2258H         PUBLIC        ?ISD?WRITESFR03
  C:23B7H         PUBLIC        _GETKEY
  D:001FH         PUBLIC        _ISD_CHAR
  C:23D7H         PUBLIC        _ISKEY
  C:238CH         PUBLIC        _PUTCHAR
  C:23F1H         PUBLIC        __ISD_INIT
  C:21EDH         SYMBOL        ?ISD?CMDLOOP2
  D:00E0H         SYMBOL        ACC
  D:008EH         SYMBOL        AUXR
  D:00F0H         SYMBOL        B
  D:0093H         SYMBOL        BPCTRL
  D:0095H         SYMBOL        BREAKH
  D:0094H         SYMBOL        BREAKL
  N:2000H         SYMBOL        BREAK_CODE
BL51 BANKED LINKER/LOCATER V6.22                                                      11/01/2018  12:43:23  PAGE 45


  N:E800H         SYMBOL        BREAK_XDATA
  C:2138H         SYMBOL        C1T3INTERRUPT
  C:21CBH         SYMBOL        CALLBREAK
  N:0010H         SYMBOL        CBLK
  C:2209H         SYMBOL        CHECKBREAK
  C:2215H         SYMBOL        CHECKBREAK1
  C:2202H         SYMBOL        CHECKBREAKS
  C:20F6H         SYMBOL        COMINTERRUPT
  D:0083H         SYMBOL        DPH
  D:0082H         SYMBOL        DPL
  B:00A8H.7       SYMBOL        EA
  C:211AH         SYMBOL        EFLASHINTERRUPT
  D:00C0H         SYMBOL        EICON
  C:2131H         SYMBOL        EPWM4INTERRUPT
  B:00A8H.4       SYMBOL        ES
  C:23D3H         SYMBOL        GK_CLRRI
  C:214FH         SYMBOL        HWBREAKENTRY
  C:217FH         SYMBOL        HWBREAKPOINT
  C:210CH         SYMBOL        I2CINTERRUPT
  D:00A8H         SYMBOL        IE
  C:23F0H         SYMBOL        IK_END
  C:23EFH         SYMBOL        IK_ON
  D:00F9H         SYMBOL        INT_REG1
  D:00FAH         SYMBOL        INT_REG2
  D:00FDH         SYMBOL        INT_REG3
  D:00FEH         SYMBOL        INT_REG4
  N:0000H         SYMBOL        ISD51_CONFIGURATION
  C:2171H         SYMBOL        LDV18INTERRUPT
  C:2178H         SYMBOL        LDV33INTERRUPT
  D:0096H         SYMBOL        MEMCTRL
  C:21C9H         SYMBOL        NOSERBREAK
  D:0080H         SYMBOL        P0
  D:0090H         SYMBOL        P1
  D:00A0H         SYMBOL        P2
  D:00B0H         SYMBOL        P3
  C:2121H         SYMBOL        P4T5INTERRUPT
  C:23A3H         SYMBOL        PC_CHAR
  C:23B4H         SYMBOL        PC_CHAR1
  C:23B6H         SYMBOL        PC_END
  B:00C0H.5       SYMBOL        PFI
  D:00E6H         SYMBOL        PH_FMADRL
  D:00E4H         SYMBOL        PH_FMCON
  D:00B8H         SYMBOL        PIREG
  D:00D0H         SYMBOL        PSW
  C:2246H         SYMBOL        RESTARTSS
  C:221AH         SYMBOL        RESTARTUSER
  C:221CH         SYMBOL        RETURNI
  B:0098H.0       SYMBOL        RI
  C:216AH         SYMBOL        RTCINTERRUPT
  B:0020H.0       SYMBOL        SAVEEAI
  D:0099H         SYMBOL        SBUF
  D:0098H         SYMBOL        SCON
  C:21A0H         SYMBOL        SELECTHWBP1
  C:21DBH         SYMBOL        SEND7BYTES
  C:21E6H         SYMBOL        SENDSTACKFRAME
  C:21AEH         SYMBOL        SERIALINTERRUPT
  N:2023H         SYMBOL        SINTRVEC
BL51 BANKED LINKER/LOCATER V6.22                                                      11/01/2018  12:43:23  PAGE 46


  C:21D9H         SYMBOL        SOFTBREAK
  D:0081H         SYMBOL        SP
  C:2113H         SYMBOL        SPIINTERRUPT
  C:2148H         SYMBOL        T3INTERRUPT
  B:0098H.1       SYMBOL        TI
  D:0000H         SYMBOL        UARTFLAG
  C:23C6H         SYMBOL        _GETKEY2
  C:23E1H         SYMBOL        _ISKEY2
  C:2023H         LINE#         126
  C:2013H         LINE#         163
  C:2053H         LINE#         167
  C:2063H         LINE#         170
  C:206BH         LINE#         174
  C:20F6H         LINE#         184
  C:20F8H         LINE#         185
  C:20FAH         LINE#         186
  C:20FCH         LINE#         187
  C:20FFH         LINE#         188
  C:2102H         LINE#         189
  C:2105H         LINE#         190
  C:2107H         LINE#         191
  C:2109H         LINE#         192
  C:210CH         LINE#         195
  C:210EH         LINE#         196
  C:2110H         LINE#         197
  C:2113H         LINE#         202
  C:2115H         LINE#         203
  C:2117H         LINE#         204
  C:211AH         LINE#         209
  C:211CH         LINE#         210
  C:211EH         LINE#         211
  C:2121H         LINE#         219
  C:2123H         LINE#         220
  C:2125H         LINE#         221
  C:2127H         LINE#         222
  C:212AH         LINE#         224
  C:212CH         LINE#         225
  C:212EH         LINE#         227
  C:2131H         LINE#         230
  C:2133H         LINE#         231
  C:2135H         LINE#         233
  C:2138H         LINE#         240
  C:213AH         LINE#         241
  C:213CH         LINE#         242
  C:213EH         LINE#         243
  C:2141H         LINE#         244
  C:2143H         LINE#         245
  C:2145H         LINE#         246
  C:2148H         LINE#         248
  C:214AH         LINE#         249
  C:214CH         LINE#         250
  C:214FH         LINE#         261
  C:2151H         LINE#         262
  C:2153H         LINE#         263
  C:2155H         LINE#         264
  C:2158H         LINE#         265
  C:215AH         LINE#         266
BL51 BANKED LINKER/LOCATER V6.22                                                      11/01/2018  12:43:23  PAGE 47


  C:215DH         LINE#         267
  C:2160H         LINE#         268
  C:2163H         LINE#         269
  C:2165H         LINE#         270
  C:2167H         LINE#         271
  C:216AH         LINE#         274
  C:216CH         LINE#         275
  C:216EH         LINE#         276
  C:2171H         LINE#         279
  C:2173H         LINE#         280
  C:2175H         LINE#         281
  C:2178H         LINE#         285
  C:217AH         LINE#         286
  C:217CH         LINE#         287
  C:217FH         LINE#         292
  C:2182H         LINE#         293
  C:2184H         LINE#         294
  C:2186H         LINE#         296
  C:2188H         LINE#         297
  C:2189H         LINE#         298
  C:218BH         LINE#         299
  C:218CH         LINE#         301
  C:218FH         LINE#         303
  C:2191H         LINE#         304
  C:2193H         LINE#         305
  C:2195H         LINE#         318
  C:2196H         LINE#         319
  C:2197H         LINE#         320
  C:219AH         LINE#         321
  C:219DH         LINE#         322
  C:21A0H         LINE#         323
  C:21A1H         LINE#         324
  C:21A4H         LINE#         325
  C:21A6H         LINE#         326
  C:21A8H         LINE#         327
  C:21AAH         LINE#         328
  C:21ACH         LINE#         329
  C:21AEH         LINE#         346
  C:21B0H         LINE#         347
  C:21B2H         LINE#         348
  C:21B5H         LINE#         349
  C:21B7H         LINE#         349
  C:21B9H         LINE#         351
  C:21BBH         LINE#         353
  C:21BEH         LINE#         355
  C:21C0H         LINE#         356
  C:21C3H         LINE#         357
  C:21C5H         LINE#         358
  C:21C7H         LINE#         359
  C:21C9H         LINE#         361
  C:21CBH         LINE#         362
  C:21CEH         LINE#         363
  C:21D0H         LINE#         364
  C:21D2H         LINE#         365
  C:21D4H         LINE#         367
  C:21D6H         LINE#         368
  C:21D9H         LINE#         387
BL51 BANKED LINKER/LOCATER V6.22                                                      11/01/2018  12:43:23  PAGE 48


  C:21DBH         LINE#         389
  C:21DEH         LINE#         389
  C:21E0H         LINE#         389
  C:21E2H         LINE#         390
  C:21E4H         LINE#         391
  C:21E6H         LINE#         392
  C:21E8H         LINE#         393
  C:21EAH         LINE#         394
  C:21ECH         LINE#         395
  C:21EDH         LINE#         396
  C:21EFH         LINE#         401
  C:21F1H         LINE#         402
  C:21F3H         LINE#         403
  C:21F5H         LINE#         404
  C:21F7H         LINE#         405
  C:21F9H         LINE#         406
  C:21FAH         LINE#         410
  C:21FDH         LINE#         410
  C:21FFH         LINE#         410
  C:2201H         LINE#         411
  C:2202H         LINE#         415
  C:2204H         LINE#         416
  C:2206H         LINE#         417
  C:2207H         LINE#         418
  C:2209H         LINE#         419
  C:220AH         LINE#         420
  C:220BH         LINE#         421
  C:220CH         LINE#         422
  C:220DH         LINE#         423
  C:220EH         LINE#         424
  C:220FH         LINE#         425
  C:2211H         LINE#         426
  C:2212H         LINE#         427
  C:2213H         LINE#         428
  C:2215H         LINE#         429
  C:2218H         LINE#         431
  C:221AH         LINE#         432
  C:221CH         LINE#         435
  C:221EH         LINE#         436
  C:2220H         LINE#         438
  C:2223H         LINE#         440
  C:2224H         LINE#         444
  C:2227H         LINE#         444
  C:2229H         LINE#         444
  C:222BH         LINE#         445
  C:222CH         LINE#         452
  C:222EH         LINE#         453
  C:2230H         LINE#         454
  C:2232H         LINE#         455
  C:2234H         LINE#         456
  C:2236H         LINE#         457
  C:2238H         LINE#         458
  C:2239H         LINE#         459
  C:223BH         LINE#         460
  C:223DH         LINE#         461
  C:223FH         LINE#         462
  C:2241H         LINE#         463
BL51 BANKED LINKER/LOCATER V6.22                                                      11/01/2018  12:43:23  PAGE 49


  C:2242H         LINE#         510
  C:2244H         LINE#         515
  C:2246H         LINE#         516
  C:2248H         LINE#         548
  C:224AH         LINE#         549
  C:224CH         LINE#         550
  C:224EH         LINE#         557
  C:2250H         LINE#         558
  C:2252H         LINE#         559
  C:2254H         LINE#         566
  C:2256H         LINE#         567
  C:2258H         LINE#         574
  C:225AH         LINE#         575
  C:225CH         LINE#         599
  C:225EH         LINE#         600
  C:2260H         LINE#         601
  C:2262H         LINE#         602
  C:2264H         LINE#         603
  C:2266H         LINE#         604
  C:2268H         LINE#         605
  C:226AH         LINE#         606
  C:226CH         LINE#         614
  C:226EH         LINE#         615
  C:2270H         LINE#         616
  C:2272H         LINE#         617
  C:2274H         LINE#         618
  C:2276H         LINE#         619
  C:2278H         LINE#         620
  C:227AH         LINE#         621
  C:227CH         LINE#         629
  C:227EH         LINE#         630
  C:2280H         LINE#         631
  C:2282H         LINE#         632
  C:2284H         LINE#         633
  C:2286H         LINE#         634
  C:2288H         LINE#         635
  C:228AH         LINE#         636
  C:228CH         LINE#         644
  C:228EH         LINE#         645
  C:2290H         LINE#         646
  C:2292H         LINE#         647
  C:2294H         LINE#         648
  C:2296H         LINE#         649
  C:2298H         LINE#         650
  C:229AH         LINE#         651
  C:229CH         LINE#         659
  C:229EH         LINE#         660
  C:22A0H         LINE#         661
  C:22A2H         LINE#         662
  C:22A4H         LINE#         663
  C:22A6H         LINE#         664
  C:22A8H         LINE#         665
  C:22AAH         LINE#         666
  C:22ACH         LINE#         673
  C:22AEH         LINE#         674
  C:22B0H         LINE#         675
  C:22B2H         LINE#         676
BL51 BANKED LINKER/LOCATER V6.22                                                      11/01/2018  12:43:23  PAGE 50


  C:22B4H         LINE#         677
  C:22B6H         LINE#         678
  C:22B8H         LINE#         679
  C:22BAH         LINE#         680
  C:22BCH         LINE#         687
  C:22BEH         LINE#         688
  C:22C0H         LINE#         689
  C:22C2H         LINE#         690
  C:22C4H         LINE#         691
  C:22C6H         LINE#         692
  C:22C8H         LINE#         693
  C:22CAH         LINE#         694
  C:22CCH         LINE#         701
  C:22CEH         LINE#         702
  C:22D0H         LINE#         703
  C:22D2H         LINE#         704
  C:22D4H         LINE#         705
  C:22D6H         LINE#         706
  C:22D8H         LINE#         707
  C:22DAH         LINE#         708
  C:22DCH         LINE#         715
  C:22DEH         LINE#         716
  C:22E0H         LINE#         717
  C:22E2H         LINE#         718
  C:22E4H         LINE#         719
  C:22E6H         LINE#         720
  C:22E8H         LINE#         721
  C:22EAH         LINE#         722
  C:22ECH         LINE#         729
  C:22EEH         LINE#         730
  C:22F0H         LINE#         731
  C:22F2H         LINE#         732
  C:22F4H         LINE#         733
  C:22F6H         LINE#         734
  C:22F8H         LINE#         735
  C:22FAH         LINE#         736
  C:22FCH         LINE#         743
  C:22FEH         LINE#         744
  C:2300H         LINE#         745
  C:2302H         LINE#         746
  C:2304H         LINE#         747
  C:2306H         LINE#         748
  C:2308H         LINE#         749
  C:230AH         LINE#         750
  C:230CH         LINE#         757
  C:230EH         LINE#         758
  C:2310H         LINE#         759
  C:2312H         LINE#         760
  C:2314H         LINE#         761
  C:2316H         LINE#         762
  C:2318H         LINE#         763
  C:231AH         LINE#         764
  C:231CH         LINE#         771
  C:231EH         LINE#         772
  C:2320H         LINE#         773
  C:2322H         LINE#         774
  C:2324H         LINE#         775
BL51 BANKED LINKER/LOCATER V6.22                                                      11/01/2018  12:43:23  PAGE 51


  C:2326H         LINE#         776
  C:2328H         LINE#         777
  C:232AH         LINE#         778
  C:232CH         LINE#         785
  C:232EH         LINE#         786
  C:2330H         LINE#         787
  C:2332H         LINE#         788
  C:2334H         LINE#         789
  C:2336H         LINE#         790
  C:2338H         LINE#         791
  C:233AH         LINE#         792
  C:233CH         LINE#         799
  C:233EH         LINE#         800
  C:2340H         LINE#         801
  C:2342H         LINE#         802
  C:2344H         LINE#         803
  C:2346H         LINE#         804
  C:2348H         LINE#         805
  C:234AH         LINE#         806
  C:234CH         LINE#         813
  C:234EH         LINE#         814
  C:2350H         LINE#         815
  C:2352H         LINE#         816
  C:2354H         LINE#         817
  C:2356H         LINE#         818
  C:2358H         LINE#         819
  C:235AH         LINE#         820
  C:235CH         LINE#         827
  C:235EH         LINE#         828
  C:2360H         LINE#         829
  C:2362H         LINE#         830
  C:2364H         LINE#         831
  C:2366H         LINE#         832
  C:2368H         LINE#         833
  C:236AH         LINE#         834
  C:236CH         LINE#         841
  C:236EH         LINE#         842
  C:2370H         LINE#         843
  C:2372H         LINE#         844
  C:2374H         LINE#         845
  C:2376H         LINE#         846
  C:2378H         LINE#         847
  C:237AH         LINE#         848
  C:237CH         LINE#         855
  C:237EH         LINE#         856
  C:2380H         LINE#         857
  C:2382H         LINE#         858
  C:2384H         LINE#         859
  C:2386H         LINE#         860
  C:2388H         LINE#         861
  C:238AH         LINE#         862
  C:238CH         LINE#         871
  C:238FH         LINE#         872
  C:2391H         LINE#         873
  C:2392H         LINE#         874
  C:2394H         LINE#         875
  C:2396H         LINE#         876
BL51 BANKED LINKER/LOCATER V6.22                                                      11/01/2018  12:43:23  PAGE 52


  C:2398H         LINE#         877
  C:239AH         LINE#         878
  C:239CH         LINE#         879
  C:239EH         LINE#         880
  C:23A0H         LINE#         881
  C:23A3H         LINE#         882
  C:23A4H         LINE#         883
  C:23A6H         LINE#         884
  C:23A8H         LINE#         885
  C:23ABH         LINE#         886
  C:23ADH         LINE#         887
  C:23AFH         LINE#         888
  C:23B0H         LINE#         890
  C:23B2H         LINE#         894
  C:23B4H         LINE#         896
  C:23B6H         LINE#         898
  C:23B7H         LINE#         908
  C:23BAH         LINE#         909
  C:23BCH         LINE#         910
  C:23BEH         LINE#         911
  C:23C0H         LINE#         912
  C:23C2H         LINE#         913
  C:23C4H         LINE#         914
  C:23C5H         LINE#         915
  C:23C6H         LINE#         917
  C:23C9H         LINE#         918
  C:23CBH         LINE#         919
  C:23CEH         LINE#         920
  C:23D1H         LINE#         921
  C:23D3H         LINE#         923
  C:23D4H         LINE#         924
  C:23D6H         LINE#         925
  C:23D7H         LINE#         929
  C:23DAH         LINE#         930
  C:23DCH         LINE#         931
  C:23DFH         LINE#         932
  C:23E0H         LINE#         933
  C:23E1H         LINE#         935
  C:23E2H         LINE#         936
  C:23E5H         LINE#         937
  C:23E7H         LINE#         938
  C:23EAH         LINE#         939
  C:23EDH         LINE#         940
  C:23EFH         LINE#         941
  C:23F0H         LINE#         942
  C:23F1H         LINE#         958
  C:23F3H         LINE#         959
  C:23F5H         LINE#         961
  C:23F8H         LINE#         963
  C:23FAH         LINE#         964
  C:23FBH         LINE#         965
  -------         ENDMOD        ISD51_CONFIGURATION

  -------         MODULE        ?C?LSHL
  C:3290H         PUBLIC        ?C?LSHL
  -------         ENDMOD        ?C?LSHL

BL51 BANKED LINKER/LOCATER V6.22                                                      11/01/2018  12:43:23  PAGE 53


  -------         MODULE        ?C?LSTXDATA
  C:32A3H         PUBLIC        ?C?LSTXDATA
  -------         ENDMOD        ?C?LSTXDATA

  -------         MODULE        ?C?ULSHRR515
  C:32AFH         PUBLIC        ?C?ULSHRR515
  -------         ENDMOD        ?C?ULSHRR515

  -------         MODULE        ISD_CORE_FUNCTIONS
  N:0064H         PUBLIC        ?ISD?CORE
  C:2414H         PUBLIC        ?ISD?READCMEM
  C:2421H         PUBLIC        ?ISD?READIMEM
  C:2404H         PUBLIC        ?ISD?READXMEM
  C:2432H         PUBLIC        ?ISD?WRITEIMEM
  C:242AH         PUBLIC        ?ISD?WRITEXMEM
  -------         ENDMOD        ISD_CORE_FUNCTIONS



FUNCTION REGISTER MASKS


FUNCTION . . . . . . . REG MASK
-------------------------------

ADCINTERRUPT . . . . . @0xe301
COMP1INTERRUPT . . . . @0xe301
COMP234INTERRUPT . . . @0xf301
EFLASHINTERRUPT. . . . @0xf303
EPWM123INTERRUPT . . . @0xf001
EPWM4INTERRUPT . . . . @0xf303
EXT1234INTERRUPT . . . @0xf001
I2CINTERRUPT . . . . . @0xf303
LDV18INTERRUPT . . . . @0xe001
LDV33INTERRUPT . . . . @0xe001
RTCINTERRUPT . . . . . @0xe001
SPIINTERRUPT . . . . . @0xf303
TIMER0INTERRUPT. . . . @0xe301
TIMER1INTERRUPT. . . . @0xc000
TIMER3INTERRUPT. . . . @0xf38f
TIMER4INTERRUPT. . . . @0xe301
TIMER5INTERRUPT. . . . @0xf303
TIMER6INTERRUPT. . . . @0xf303
UART1INTERRUPT . . . . @0xc000
UART2INTERRUPT . . . . @0xe000

Program Size: data=64.1 xdata=5 code=5408
LINK/LOCATE RUN COMPLETE.  0 WARNING(S),  0 ERROR(S)
