BL51 BANKED LINKER/LOCATER V6.22                                                        05/14/2019  21:59:46  PAGE 1


BL51 BANKED LINKER/LOCATER V6.22, INVOKED BY:
C:\KEIL\V5\C51\BIN\BL51.EXE .\OUTPUT\STARTUP.obj, .\OUTPUT\main.obj, .\OUTPUT\initial.obj, .\OUTPUT\interrupt.obj, .\OUT
>> PUT\MotorLib.obj, .\OUTPUT\ISD51.obj, .\OUTPUT\IQmathLib.obj, .\OUTPUT\IQmathasm.obj TO .\OUTPUT\motor REGFILE (.\OUT
>> PUT\motor.ORC) PRINT (.\files\motor.m51) DISABLEWARNING (16) CODE (0X2000-0X9FFF) XDATA (0XA000-0XDFFF)


MEMORY MODEL: SMALL


INPUT MODULES INCLUDED:
  .\OUTPUT\STARTUP.obj (?C_STARTUP)
  .\OUTPUT\main.obj (MAIN)
  .\OUTPUT\initial.obj (INITIAL)
  .\OUTPUT\interrupt.obj (INTERRUPT)
  .\OUTPUT\MotorLib.obj (MOTORLIB)
  .\OUTPUT\ISD51.obj (ISD51_CONFIGURATION)
  .\OUTPUT\IQmathLib.obj (IQMATHLIB)
  .\OUTPUT\IQmathasm.obj (IQMATHASM)
  C:\KEIL\V5\C51\LIB\C51S.LIB (?C?SCDIV)
  C:\KEIL\V5\C51\LIB\C51S.LIB (?C?LMUL)
  C:\KEIL\V5\C51\LIB\C51S.LIB (?C?SLDIV)
  C:\KEIL\V5\C51\LIB\C51S.LIB (?C?LNEG)
  C:\KEIL\V5\C51\LIB\C51S.LIB (?C?SLCMP)
  C:\KEIL\V5\C51\LIB\C51S.LIB (?C?LSHL)
  C:\KEIL\V5\C51\LIB\C51S.LIB (?C?LSTXDATA)
  C:\KEIL\V5\C51\LIB\C51S.LIB (ISD_CORE_FUNCTIONS)
  C:\KEIL\V5\C51\LIB\C51S.LIB (?C?ULDIV)


LINK MAP OF MODULE:  .\OUTPUT\motor (?C_STARTUP)


            TYPE    BASE      LENGTH    RELOCATION   SEGMENT NAME
            -----------------------------------------------------

            * * * * * * *   D A T A   M E M O R Y   * * * * * * *
            REG     0000H     0008H     ABSOLUTE     "REG BANK 0"
            DATA    0008H     0011H     UNIT         ?DT?IQMATHLIB
            DATA    0019H     0005H     UNIT         ?DT?_EE_WRITE?MOTORLIB
            DATA    001EH     0001H     UNIT         ?DT?_EE_READ?MOTORLIB
            DATA    001FH     0001H     UNIT         ?DT?ISD51
            BIT     0020H.0   0000H.1   UNIT         ?BI?ISD51
                    0020H.1   0000H.7                *** GAP ***
            DATA    0021H     0008H     UNIT         ?DT?__IQMUL?IQMATHLIB
            DATA    0029H     0008H     UNIT         ?DT?__IQ15ATAN2?IQMATHLIB
            DATA    0031H     0008H     UNIT         ?DT?__IQ15MAG?IQMATHLIB
            DATA    0039H     0005H     UNIT         ?DT?_BARRELSHIFT?IQMATHASM
            DATA    003EH     0004H     UNIT         ?DT?__IQ15SIN?IQMATHLIB
            DATA    0042H     0004H     UNIT         ?DT?__IQ15SQRT?IQMATHLIB
            DATA    0046H     0004H     UNIT         ?DT?_NORMALIZE?IQMATHASM
            DATA    004AH     0004H     UNIT         ?DT?__IQABS?IQMATHASM
            IDATA   004EH     0001H     UNIT         ?STACK

            * * * * * * *  X D A T A   M E M O R Y  * * * * * * *
                    0000H     A000H                  *** GAP ***
            XDATA   A000H     0020H     UNIT         ?XD?MAIN

            * * * * * * *   C O D E   M E M O R Y   * * * * * * *
BL51 BANKED LINKER/LOCATER V6.22                                                      05/14/2019  21:59:46  PAGE 2


                    0000H     2000H                  *** GAP ***
            CODE    2000H     0003H     ABSOLUTE     
            CODE    2003H     0003H     ABSOLUTE     
            CODE    2006H     0003H     UNIT         ?PR?TIMER1INTERRUPT?INTERRUPT
                    2009H     0002H                  *** GAP ***
            CODE    200BH     0003H     ABSOLUTE     
                    200EH     0005H                  *** GAP ***
            CODE    2013H     0003H     ABSOLUTE     
                    2016H     0005H                  *** GAP ***
            CODE    201BH     0003H     ABSOLUTE     
                    201EH     0005H                  *** GAP ***
            CODE    2023H     0003H     ABSOLUTE     
            CODE    2026H     0015H     UNIT         ?PR?UART2INTERRUPT?INTERRUPT
            CODE    203BH     0008H     UNIT         ?PR?__IQABS?IQMATHASM
            CODE    2043H     0003H     ABSOLUTE     
                    2046H     0005H                  *** GAP ***
            CODE    204BH     0003H     ABSOLUTE     
                    204EH     0005H                  *** GAP ***
            CODE    2053H     0003H     ABSOLUTE     
                    2056H     0005H                  *** GAP ***
            CODE    205BH     0003H     ABSOLUTE     
                    205EH     0005H                  *** GAP ***
            CODE    2063H     0003H     ABSOLUTE     
                    2066H     0005H                  *** GAP ***
            CODE    206BH     0003H     ABSOLUTE     
            CODE    206EH     0014H     UNIT         ?PR?_BARRELSHIFT?IQMATHASM
                    2082H     0001H                  *** GAP ***
            CODE    2083H     0003H     ABSOLUTE     
                    2086H     0005H                  *** GAP ***
            CODE    208BH     0003H     ABSOLUTE     
            CODE    208EH     000FH     UNIT         ?C_C51STARTUP
                    209DH     0006H                  *** GAP ***
            CODE    20A3H     0003H     ABSOLUTE     
                    20A6H     0005H                  *** GAP ***
            CODE    20ABH     0003H     ABSOLUTE     
                    20AEH     0005H                  *** GAP ***
            CODE    20B3H     0003H     ABSOLUTE     
                    20B6H     0005H                  *** GAP ***
            CODE    20BBH     0003H     ABSOLUTE     
                    20BEH     0005H                  *** GAP ***
            CODE    20C3H     0003H     ABSOLUTE     
                    20C6H     0005H                  *** GAP ***
            CODE    20CBH     0003H     ABSOLUTE     
                    20CEH     0005H                  *** GAP ***
            CODE    20D3H     0003H     ABSOLUTE     
                    20D6H     0005H                  *** GAP ***
            CODE    20DBH     0003H     ABSOLUTE     
                    20DEH     0005H                  *** GAP ***
            CODE    20E3H     0003H     ABSOLUTE     
                    20E6H     0005H                  *** GAP ***
            CODE    20EBH     0003H     ABSOLUTE     
                    20EEH     0005H                  *** GAP ***
            CODE    20F3H     0003H     ABSOLUTE     
            CODE    20F6H     0800H     UNIT         ?CO?IQMATHLIB
            CODE    28F6H     0774H     UNIT         ?PR?INITEPWM?INITIAL
            CODE    306AH     0340H     INBLOCK      ?PR?ISD51
            CODE    33AAH     023EH     UNIT         ?PR?__IQ15ATAN2?IQMATHLIB
BL51 BANKED LINKER/LOCATER V6.22                                                      05/14/2019  21:59:46  PAGE 3


            CODE    35E8H     0192H     UNIT         ?PR?__IQ15SQRT?IQMATHLIB
            CODE    377AH     018BH     UNIT         ?PR?TIMER3INTERRUPT?INTERRUPT
            CODE    3905H     0182H     UNIT         ?C?LIB_CODE
            CODE    3A87H     016EH     UNIT         ?PR?INITGPIO?INITIAL
            CODE    3BF5H     0119H     UNIT         ?PR?__IQMUL?IQMATHLIB
            CODE    3D0EH     0116H     UNIT         ?PR?__IQ15SIN?IQMATHLIB
            CODE    3E24H     010CH     UNIT         ?PR?INITCOMPARATOR?INITIAL
            CODE    3F30H     00A2H     UNIT         ?PR?__IQ15MAG?IQMATHLIB
            CODE    3FD2H     009DH     UNIT         ?PR?INITADC?INITIAL
            CODE    406FH     0094H     UNIT         ?PR?EXT1234INTERRUPT?INTERRUPT
            CODE    4103H     0093H     UNIT         ?PR?TIMER6INTERRUPT?INTERRUPT
            CODE    4196H     0093H     UNIT         ?PR?COMP234INTERRUPT?INTERRUPT
            CODE    4229H     007BH     UNIT         ?PR?I2CINTERRUPT?INTERRUPT
            CODE    42A4H     007BH     UNIT         ?PR?SPIINTERRUPT?INTERRUPT
            CODE    431FH     007BH     UNIT         ?PR?EFLASHINTERRUPT?INTERRUPT
            CODE    439AH     0077H     UNIT         ?PR?TIMER5INTERRUPT?INTERRUPT
            CODE    4411H     0072H     UNIT         ?PR?EPWM123INTERRUPT?INTERRUPT
            CODE    4483H     0070H     UNIT         ?PR?TIMER4INTERRUPT?INTERRUPT
            CODE    44F3H     0065H     UNIT         ?PR?SYSTEMCLOCK?INITIAL
            CODE    4558H     0062H     UNIT         ?PR?EPWM4INTERRUPT?INTERRUPT
            CODE    45BAH     005BH     UNIT         ?PR?RTCINTERRUPT?INTERRUPT
            CODE    4615H     005BH     UNIT         ?PR?LDV18INTERRUPT?INTERRUPT
            CODE    4670H     005BH     UNIT         ?PR?LDV33INTERRUPT?INTERRUPT
            CODE    46CBH     004CH     UNIT         ?PR?_EE_WRITE?MOTORLIB
            CODE    4717H     004BH     UNIT         ?PR?_EE_READ?MOTORLIB
            CODE    4762H     0046H     UNIT         ?PR?INITISDDEBUG?INITIAL
            CODE    47A8H     0044H     UNIT         ?PR?MAIN?MAIN
            CODE    47ECH     0044H     UNIT         ?C?LDIV
            CODE    4830H     0043H     UNIT         ?PR?INITDAC?INITIAL
            CODE    4873H     0042H     UNIT         ?PR?ADCINTERRUPT?INTERRUPT
            CODE    48B5H     0041H     UNIT         ?PR?COMP1INTERRUPT?INTERRUPT
            CODE    48F6H     0037H     UNIT         ?PR?INITTIMER5?INITIAL
            CODE    492DH     0035H     UNIT         ?PR?INITTIMER6?INITIAL
            CODE    4962H     002DH     UNIT         ?PR?INITTIMER3?INITIAL
            CODE    498FH     002DH     UNIT         ?PR?INITTIMER4?INITIAL
            CODE    49BCH     0027H     UNIT         ?PR?TIMER0INTERRUPT?INTERRUPT
            CODE    49E3H     0023H     UNIT         ?PR?INITTIMER01?INITIAL
            CODE    4A06H     0022H     UNIT         ?PR?_NORMALIZE?IQMATHASM
            CODE    4A28H     001FH     UNIT         ?PR?INITEXT?INITIAL
            CODE    4A47H     001EH     UNIT         ?PR?INITWATCHDOG?INITIAL
            CODE    4A65H     000DH     UNIT         ?PR?EPWMOUTPUTDISABLE?INITIAL
            CODE    4A72H     000DH     UNIT         ?PR?EPWMOUTPUTENABLE?INITIAL
            CODE    4A7FH     000DH     UNIT         ?PR?SINITUART1?INITIAL
            CODE    4A8CH     000BH     UNIT         ?PR?UART1INTERRUPT?INTERRUPT
            CODE    4A97H     000AH     UNIT         ?PR?INITBREAKPOINT?INITIAL
            CODE    4AA1H     000AH     UNIT         ?PR?SINITUART2?INITIAL



OVERLAY MAP OF MODULE:   .\OUTPUT\motor (?C_STARTUP)


SEGMENT
  +--> CALLED SEGMENT
---------------------
?C_C51STARTUP
  +--> ?PR?MAIN?MAIN
BL51 BANKED LINKER/LOCATER V6.22                                                      05/14/2019  21:59:46  PAGE 4



?PR?MAIN?MAIN
  +--> ?PR?SYSTEMCLOCK?INITIAL
  +--> ?PR?INITISDDEBUG?INITIAL
  +--> ?PR?INITGPIO?INITIAL
  +--> ?PR?__IQMUL?IQMATHLIB
  +--> ?PR?ISD51

?PR?INITISDDEBUG?INITIAL
  +--> ?PR?INITBREAKPOINT?INITIAL
  +--> ?PR?SINITUART1?INITIAL
  +--> ?PR?ISD51

?PR?__IQMUL?IQMATHLIB
  +--> ?PR?_BARRELSHIFT?IQMATHASM



SYMBOL TABLE OF MODULE:  .\OUTPUT\motor (?C_STARTUP)

  VALUE           TYPE          NAME
  ----------------------------------

  -------         MODULE        ?C_STARTUP
  C:208EH         SEGMENT       ?C_C51STARTUP
  I:004EH         SEGMENT       ?STACK
  C:2000H         PUBLIC        ?C_STARTUP
  D:00E0H         SYMBOL        ACC
  D:00F0H         SYMBOL        B
  D:0083H         SYMBOL        DPH
  D:0082H         SYMBOL        DPL
  N:0000H         SYMBOL        IBPSTACK
  N:0100H         SYMBOL        IBPSTACKTOP
  N:0080H         SYMBOL        IDATALEN
  C:2091H         SYMBOL        IDATALOOP
  N:0000H         SYMBOL        PBPSTACK
  N:0100H         SYMBOL        PBPSTACKTOP
  N:0000H         SYMBOL        PDATALEN
  N:0000H         SYMBOL        PDATASTART
  N:0000H         SYMBOL        PPAGE
  N:0001H         SYMBOL        PPAGEENABLE
  D:00A0H         SYMBOL        PPAGE_SFR
  D:0081H         SYMBOL        SP
  C:208EH         SYMBOL        STARTUP1
  N:0000H         SYMBOL        XBPSTACK
  N:0000H         SYMBOL        XBPSTACKTOP
  N:0000H         SYMBOL        XDATALEN
  N:0000H         SYMBOL        XDATASTART
  C:2000H         LINE#         127
  C:208EH         LINE#         134
  C:2090H         LINE#         135
  C:2091H         LINE#         136
  C:2092H         LINE#         137
  C:2094H         LINE#         156
  C:2097H         LINE#         186
  C:209AH         LINE#         197
  -------         ENDMOD        ?C_STARTUP
BL51 BANKED LINKER/LOCATER V6.22                                                      05/14/2019  21:59:46  PAGE 5



  -------         MODULE        MAIN
  C:0000H         SYMBOL        _ICE_DUMMY_
  D:0080H         PUBLIC        P0
  D:0090H         PUBLIC        P1
  D:00A0H         PUBLIC        P2
  D:00B0H         PUBLIC        P3
  X:A000H         PUBLIC        EE_data
  D:00A8H         PUBLIC        IEN0
  D:00B8H         PUBLIC        IEN1
  X:A004H         PUBLIC        last_capture
  X:A008H         PUBLIC        this_capture
  B:00A8H.4       PUBLIC        ES
  X:A00CH         PUBLIC        theta
  B:0098H.0       PUBLIC        RI
  X:A010H         PUBLIC        beta
  X:A014H         PUBLIC        result
  C:47A8H         PUBLIC        main
  X:A018H         PUBLIC        ADresult
  X:A01AH         PUBLIC        pwm_capture
  D:0099H         PUBLIC        SBUF
  D:0088H         PUBLIC        TCON
  B:00A0H.6       PUBLIC        P26
  X:A01EH         PUBLIC        tmr3_ov
  B:00A8H.7       PUBLIC        EAL
  D:0098H         PUBLIC        S0CON
  D:00C8H         PUBLIC        T2CON
  X:A01FH         PUBLIC        capture_flag
  D:00D8H         PUBLIC        WDCON
  D:00C0H         PUBLIC        IRCON
  -------         PROC          MAIN
  C:47A8H         LINE#         29
  C:47A8H         LINE#         30
  C:47A8H         LINE#         33
  C:47ABH         LINE#         34
  C:47AEH         LINE#         44
  C:47B1H         LINE#         49
  C:47B3H         LINE#         50
  C:47B5H         LINE#         51
  C:47B5H         LINE#         52
  C:47B5H         LINE#         61
  C:47B7H         LINE#         63
  C:47D4H         LINE#         66
  C:47D6H         LINE#         84
  C:47E9H         LINE#         87
  C:47EBH         LINE#         88
  -------         ENDPROC       MAIN
  -------         ENDMOD        MAIN

  -------         MODULE        INITIAL
  C:4A28H         SEGMENT       ?PR?INITEXT?INITIAL
  C:4762H         SEGMENT       ?PR?INITISDDEBUG?INITIAL
  C:4A97H         SEGMENT       ?PR?INITBREAKPOINT?INITIAL
  C:4A65H         SEGMENT       ?PR?EPWMOUTPUTDISABLE?INITIAL
  C:4A72H         SEGMENT       ?PR?EPWMOUTPUTENABLE?INITIAL
  C:3FD2H         SEGMENT       ?PR?INITADC?INITIAL
  C:28F6H         SEGMENT       ?PR?INITEPWM?INITIAL
BL51 BANKED LINKER/LOCATER V6.22                                                      05/14/2019  21:59:46  PAGE 6


  C:3E24H         SEGMENT       ?PR?INITCOMPARATOR?INITIAL
  C:4A47H         SEGMENT       ?PR?INITWATCHDOG?INITIAL
  C:3A87H         SEGMENT       ?PR?INITGPIO?INITIAL
  C:49E3H         SEGMENT       ?PR?INITTIMER01?INITIAL
  C:4962H         SEGMENT       ?PR?INITTIMER3?INITIAL
  C:498FH         SEGMENT       ?PR?INITTIMER4?INITIAL
  C:48F6H         SEGMENT       ?PR?INITTIMER5?INITIAL
  C:492DH         SEGMENT       ?PR?INITTIMER6?INITIAL
  C:44F3H         SEGMENT       ?PR?SYSTEMCLOCK?INITIAL
  C:4A7FH         SEGMENT       ?PR?SINITUART1?INITIAL
  C:4AA1H         SEGMENT       ?PR?SINITUART2?INITIAL
  C:4830H         SEGMENT       ?PR?INITDAC?INITIAL
  C:4A65H         PUBLIC        EPWMOUTPUTDISABLE
  C:4A72H         PUBLIC        EPWMOUTPUTENABLE
  C:3FD2H         PUBLIC        INITADC
  C:4A97H         PUBLIC        INITBREAKPOINT
  C:3E24H         PUBLIC        INITCOMPARATOR
  C:4830H         PUBLIC        INITDAC
  C:28F6H         PUBLIC        INITEPWM
  C:4A28H         PUBLIC        INITEXT
  C:3A87H         PUBLIC        INITGPIO
  C:4762H         PUBLIC        INITISDDEBUG
  C:49E3H         PUBLIC        INITTIMER01
  C:4962H         PUBLIC        INITTIMER3
  C:498FH         PUBLIC        INITTIMER4
  C:48F6H         PUBLIC        INITTIMER5
  C:492DH         PUBLIC        INITTIMER6
  C:4A47H         PUBLIC        INITWATCHDOG
  C:4A7FH         PUBLIC        SINITUART1
  C:4AA1H         PUBLIC        SINITUART2
  C:44F3H         PUBLIC        SYSTEMCLOCK
  C:4A46H         SYMBOL        ?C0001
  C:477BH         SYMBOL        ?C0002
  C:479BH         SYMBOL        ?C0003
  C:4792H         SYMBOL        ?C0004
  C:4792H         SYMBOL        ?C0005
  C:478FH         SYMBOL        ?C0006
  C:4792H         SYMBOL        ?C0007
  C:4799H         SYMBOL        ?C0008
  C:47A7H         SYMBOL        ?C0009
  C:4AA0H         SYMBOL        ?C0010
  C:4A71H         SYMBOL        ?C0011
  C:4A7EH         SYMBOL        ?C0012
  C:406EH         SYMBOL        ?C0013
  C:3069H         SYMBOL        ?C0014
  C:3F2FH         SYMBOL        ?C0015
  C:4A64H         SYMBOL        ?C0016
  C:3BF4H         SYMBOL        ?C0017
  C:4A05H         SYMBOL        ?C0018
  C:498EH         SYMBOL        ?C0019
  C:49BBH         SYMBOL        ?C0020
  C:492CH         SYMBOL        ?C0021
  C:4961H         SYMBOL        ?C0022
  C:4557H         SYMBOL        ?C0023
  C:4A8BH         SYMBOL        ?C0024
  C:4AAAH         SYMBOL        ?C0025
  C:4872H         SYMBOL        ?C0026
BL51 BANKED LINKER/LOCATER V6.22                                                      05/14/2019  21:59:46  PAGE 7


  D:00E0H         SYMBOL        ACC
  D:00EFH         SYMBOL        ARCON
  D:00F0H         SYMBOL        B
  D:0093H         SYMBOL        BPCTRL
  D:0095H         SYMBOL        BREAKH
  D:0094H         SYMBOL        BREAKL
  D:00ABH         SYMBOL        BSHCTL
  D:00ACH         SYMBOL        BSHI
  D:00ACH         SYMBOL        BSHI_0
  D:00ADH         SYMBOL        BSHI_1
  D:00AEH         SYMBOL        BSHI_2
  D:00AFH         SYMBOL        BSHI_3
  D:00BCH         SYMBOL        BSHO
  D:00BCH         SYMBOL        BSHO_0
  D:00BDH         SYMBOL        BSHO_1
  D:00BEH         SYMBOL        BSHO_2
  D:00BFH         SYMBOL        BSHO_3
  D:008EH         SYMBOL        CKCON
  D:0091H         SYMBOL        CLK_DIV
  D:008FH         SYMBOL        CLK_PD_CON
  D:0083H         SYMBOL        DPH
  D:0085H         SYMBOL        DPH1
  D:0082H         SYMBOL        DPL
  D:0084H         SYMBOL        DPL1
  D:0092H         SYMBOL        DPS
  B:00B8H.0       SYMBOL        EADC
  B:00A8H.7       SYMBOL        EAL
  B:00A8H.4       SYMBOL        ES
  B:00A8H.4       SYMBOL        ES0
  B:00A8H.1       SYMBOL        ET0
  B:00A8H.3       SYMBOL        ET1
  B:00A8H.0       SYMBOL        EX0
  B:00A8H.2       SYMBOL        EX1
  B:00B8H.1       SYMBOL        EX2
  B:00B8H.2       SYMBOL        EX3
  B:00B8H.3       SYMBOL        EX4
  B:00B8H.4       SYMBOL        EX5
  B:00B8H.5       SYMBOL        EX6
  B:00C8H.5       SYMBOL        I2FR
  B:00C8H.6       SYMBOL        I3FR
  B:00C0H.0       SYMBOL        IADC
  D:00A8H         SYMBOL        IE
  B:0088H.1       SYMBOL        IE0
  B:0088H.3       SYMBOL        IE1
  D:00A8H         SYMBOL        IEN0
  D:00B8H         SYMBOL        IEN1
  D:009AH         SYMBOL        IEN2
  B:00C0H.1       SYMBOL        IEX2
  B:00C0H.2       SYMBOL        IEX3
  B:00C0H.3       SYMBOL        IEX4
  B:00C0H.4       SYMBOL        IEX5
  B:00C0H.5       SYMBOL        IEX6
  N:0000H         SYMBOL        INITIAL
  D:00F9H         SYMBOL        INT_REG1
  D:00FAH         SYMBOL        INT_REG2
  D:00FDH         SYMBOL        INT_REG3
  D:00FEH         SYMBOL        INT_REG4
BL51 BANKED LINKER/LOCATER V6.22                                                      05/14/2019  21:59:46  PAGE 8


  D:00A9H         SYMBOL        IP0
  D:00B9H         SYMBOL        IP1
  D:00C0H         SYMBOL        IRCON
  B:0088H.0       SYMBOL        IT0
  B:0088H.2       SYMBOL        IT1
  D:00E9H         SYMBOL        MD0
  D:00EAH         SYMBOL        MD1
  D:00EBH         SYMBOL        MD2
  D:00ECH         SYMBOL        MD3
  D:00EDH         SYMBOL        MD4
  D:00EEH         SYMBOL        MD5
  D:00E8H         SYMBOL        MEM_CONFIG
  D:0080H         SYMBOL        P0
  B:0080H.0       SYMBOL        P00
  B:0080H.1       SYMBOL        P01
  B:0080H.2       SYMBOL        P02
  B:0080H.3       SYMBOL        P03
  B:0080H.4       SYMBOL        P04
  B:0080H.5       SYMBOL        P05
  B:0080H.6       SYMBOL        P06
  B:0080H.7       SYMBOL        P07
  D:0090H         SYMBOL        P1
  B:0090H.0       SYMBOL        P10
  B:0090H.1       SYMBOL        P11
  B:0090H.2       SYMBOL        P12
  B:0090H.3       SYMBOL        P13
  B:0090H.4       SYMBOL        P14
  B:0090H.5       SYMBOL        P15
  B:0090H.6       SYMBOL        P16
  B:0090H.7       SYMBOL        P17
  D:00B1H         SYMBOL        P1AQCSFRC
  D:00A7H         SYMBOL        P1AQSFRC
  D:00A3H         SYMBOL        P1CMPA
  D:00A4H         SYMBOL        P1CMPA_H
  D:00A3H         SYMBOL        P1CMPA_L
  D:00A5H         SYMBOL        P1CMPB
  D:00A6H         SYMBOL        P1CMPB_H
  D:00A5H         SYMBOL        P1CMPB_L
  D:00B6H         SYMBOL        P1ETCLR
  D:00B5H         SYMBOL        P1ETFLG
  D:00B7H         SYMBOL        P1ETFRC
  D:00A1H         SYMBOL        P1TBPRD
  D:00A2H         SYMBOL        P1TBPRD_H
  D:00A1H         SYMBOL        P1TBPRD_L
  D:00B3H         SYMBOL        P1TZCLR
  D:00B2H         SYMBOL        P1TZFLG
  D:00B4H         SYMBOL        P1TZFRC
  D:00A0H         SYMBOL        P2
  B:00A0H.0       SYMBOL        P20
  B:00A0H.1       SYMBOL        P21
  B:00A0H.2       SYMBOL        P22
  B:00A0H.3       SYMBOL        P23
  B:00A0H.4       SYMBOL        P24
  B:00A0H.5       SYMBOL        P25
  B:00A0H.6       SYMBOL        P26
  B:00A0H.7       SYMBOL        P27
  D:00C9H         SYMBOL        P2AQCSFRC
BL51 BANKED LINKER/LOCATER V6.22                                                      05/14/2019  21:59:46  PAGE 9


  D:00C7H         SYMBOL        P2AQSFRC
  D:00C3H         SYMBOL        P2CMPA
  D:00C4H         SYMBOL        P2CMPA_H
  D:00C3H         SYMBOL        P2CMPA_L
  D:00C5H         SYMBOL        P2CMPB
  D:00C6H         SYMBOL        P2CMPB_H
  D:00C5H         SYMBOL        P2CMPB_L
  D:00CEH         SYMBOL        P2ETCLR
  D:00CDH         SYMBOL        P2ETFLG
  D:00CFH         SYMBOL        P2ETFRC
  D:00C1H         SYMBOL        P2TBPRD
  D:00C2H         SYMBOL        P2TBPRD_H
  D:00C1H         SYMBOL        P2TBPRD_L
  D:00CBH         SYMBOL        P2TZCLR
  D:00CAH         SYMBOL        P2TZFLG
  D:00CCH         SYMBOL        P2TZFRC
  D:00B0H         SYMBOL        P3
  B:00B0H.0       SYMBOL        P30
  B:00B0H.1       SYMBOL        P31
  B:00B0H.2       SYMBOL        P32
  B:00B0H.3       SYMBOL        P33
  B:00B0H.4       SYMBOL        P34
  B:00B0H.5       SYMBOL        P35
  B:00B0H.6       SYMBOL        P36
  B:00B0H.7       SYMBOL        P37
  D:00D9H         SYMBOL        P3AQCSFRC
  D:00D7H         SYMBOL        P3AQSFRC
  D:00D3H         SYMBOL        P3CMPA
  D:00D4H         SYMBOL        P3CMPA_H
  D:00D3H         SYMBOL        P3CMPA_L
  D:00D5H         SYMBOL        P3CMPB
  D:00D6H         SYMBOL        P3CMPB_H
  D:00D5H         SYMBOL        P3CMPB_L
  D:00DEH         SYMBOL        P3ETCLR
  D:00DDH         SYMBOL        P3ETFLG
  D:00DFH         SYMBOL        P3ETFRC
  D:00D1H         SYMBOL        P3TBPRD
  D:00D2H         SYMBOL        P3TBPRD_H
  D:00D1H         SYMBOL        P3TBPRD_L
  D:00DBH         SYMBOL        P3TZCLR
  D:00DAH         SYMBOL        P3TZFLG
  D:00DCH         SYMBOL        P3TZFRC
  D:00F1H         SYMBOL        P4AQCSFRC
  D:00E7H         SYMBOL        P4AQSFRC
  D:00E3H         SYMBOL        P4CMPA
  D:00E4H         SYMBOL        P4CMPA_H
  D:00E3H         SYMBOL        P4CMPA_L
  D:00E5H         SYMBOL        P4CMPB
  D:00E6H         SYMBOL        P4CMPB_H
  D:00E5H         SYMBOL        P4CMPB_L
  D:00F6H         SYMBOL        P4ETCLR
  D:00F5H         SYMBOL        P4ETFLG
  D:00F7H         SYMBOL        P4ETFRC
  D:00E1H         SYMBOL        P4TBPRD
  D:00E2H         SYMBOL        P4TBPRD_H
  D:00E1H         SYMBOL        P4TBPRD_L
  D:00F3H         SYMBOL        P4TZCLR
BL51 BANKED LINKER/LOCATER V6.22                                                      05/14/2019  21:59:46  PAGE 10


  D:00F2H         SYMBOL        P4TZFLG
  D:00F4H         SYMBOL        P4TZFRC
  D:0087H         SYMBOL        PCON
  D:0097H         SYMBOL        POWER_CON
  D:00D0H         SYMBOL        PSW
  B:0098H.2       SYMBOL        RB80
  B:0098H.4       SYMBOL        REN0
  B:0098H.0       SYMBOL        RI
  B:0098H.0       SYMBOL        RI0
  D:0099H         SYMBOL        S0BUF
  D:0098H         SYMBOL        S0CON
  D:00BAH         SYMBOL        S0RELH
  D:00AAH         SYMBOL        S0RELL
  D:009CH         SYMBOL        S1BUF
  D:009BH         SYMBOL        S1CON
  D:00BBH         SYMBOL        S1RELH
  D:009DH         SYMBOL        S1RELL
  D:0099H         SYMBOL        SBUF
  B:0098H.7       SYMBOL        SM0
  B:0098H.6       SYMBOL        SM1
  B:0098H.5       SYMBOL        SM20
  D:0081H         SYMBOL        SP
  D:00F8H         SYMBOL        SRAM_CON
  B:00B8H.6       SYMBOL        SWDT
  D:00C8H         SYMBOL        T2CON
  B:0098H.3       SYMBOL        TB80
  D:0088H         SYMBOL        TCON
  B:0088H.5       SYMBOL        TF0
  B:0088H.7       SYMBOL        TF1
  D:008CH         SYMBOL        TH0
  D:008DH         SYMBOL        TH1
  B:0098H.1       SYMBOL        TI0
  D:008AH         SYMBOL        TL0
  D:008BH         SYMBOL        TL1
  D:0089H         SYMBOL        TMOD
  B:0088H.4       SYMBOL        TR0
  B:0088H.6       SYMBOL        TR1
  D:00D8H         SYMBOL        WDCON
  B:00D8H.7       SYMBOL        WDCON_7
  B:00A8H.6       SYMBOL        WDT
  D:0086H         SYMBOL        WDTREL
  C:4A28H         LINE#         284
  C:4A2BH         LINE#         285
  C:4A2DH         LINE#         286
  C:4A2EH         LINE#         294
  C:4A31H         LINE#         295
  C:4A32H         LINE#         296
  C:4A33H         LINE#         297
  C:4A34H         LINE#         298
  C:4A36H         LINE#         299
  C:4A37H         LINE#         300
  C:4A38H         LINE#         301
  C:4A3AH         LINE#         302
  C:4A3BH         LINE#         303
  C:4A3CH         LINE#         304
  C:4A3DH         LINE#         307
  C:4A3FH         LINE#         310
BL51 BANKED LINKER/LOCATER V6.22                                                      05/14/2019  21:59:46  PAGE 11


  C:4A41H         LINE#         313
  C:4A43H         LINE#         316
  C:4A46H         LINE#         321
  C:4762H         LINE#         336
  C:4764H         LINE#         341
  C:4767H         LINE#         344
  C:476AH         LINE#         348
  C:476DH         LINE#         351
  C:4770H         LINE#         354
  C:4772H         LINE#         357
  C:4774H         LINE#         360
  C:4776H         LINE#         363
  C:4778H         LINE#         366
  C:4779H         LINE#         369
  C:477AH         LINE#         372
  C:477BH         LINE#         380
  C:477DH         LINE#         383
  C:477FH         LINE#         386
  C:4782H         LINE#         387
  C:4785H         LINE#         388
  C:4787H         LINE#         389
  C:4789H         LINE#         390
  C:478BH         LINE#         391
  C:478DH         LINE#         392
  C:478FH         LINE#         394
  C:4792H         LINE#         400
  C:4794H         LINE#         401
  C:4797H         LINE#         402
  C:4799H         LINE#         406
  C:479BH         LINE#         410
  C:479CH         LINE#         413
  C:479DH         LINE#         416
  C:479EH         LINE#         419
  C:47A0H         LINE#         422
  C:47A2H         LINE#         425
  C:47A3H         LINE#         428
  C:47A4H         LINE#         431
  C:47A5H         LINE#         436
  C:47A7H         LINE#         440
  C:4A97H         LINE#         457
  C:4A9AH         LINE#         460
  C:4A9DH         LINE#         463
  C:4AA0H         LINE#         467
  C:4A65H         LINE#         480
  C:4A68H         LINE#         483
  C:4A6BH         LINE#         486
  C:4A6EH         LINE#         489
  C:4A71H         LINE#         493
  C:4A72H         LINE#         506
  C:4A75H         LINE#         509
  C:4A78H         LINE#         512
  C:4A7BH         LINE#         515
  C:4A7EH         LINE#         519
  C:3FD2H         LINE#         534
  C:3FD5H         LINE#         535
  C:3FD6H         LINE#         536
  C:3FD7H         LINE#         539
BL51 BANKED LINKER/LOCATER V6.22                                                      05/14/2019  21:59:46  PAGE 12


  C:3FDAH         LINE#         540
  C:3FDBH         LINE#         541
  C:3FDCH         LINE#         542
  C:3FDDH         LINE#         543
  C:3FDFH         LINE#         544
  C:3FE0H         LINE#         545
  C:3FE1H         LINE#         546
  C:3FE2H         LINE#         549
  C:3FE5H         LINE#         550
  C:3FE6H         LINE#         551
  C:3FE7H         LINE#         552
  C:3FE8H         LINE#         553
  C:3FEAH         LINE#         554
  C:3FEBH         LINE#         555
  C:3FECH         LINE#         556
  C:3FEDH         LINE#         559
  C:3FF0H         LINE#         560
  C:3FF2H         LINE#         561
  C:3FF3H         LINE#         567
  C:3FF6H         LINE#         568
  C:3FF7H         LINE#         569
  C:3FF8H         LINE#         570
  C:3FF9H         LINE#         571
  C:3FFBH         LINE#         572
  C:3FFCH         LINE#         573
  C:3FFDH         LINE#         574
  C:3FFEH         LINE#         577
  C:4001H         LINE#         578
  C:4002H         LINE#         579
  C:4003H         LINE#         580
  C:4004H         LINE#         581
  C:4006H         LINE#         582
  C:4007H         LINE#         583
  C:4008H         LINE#         584
  C:4009H         LINE#         590
  C:400CH         LINE#         591
  C:400DH         LINE#         592
  C:400EH         LINE#         593
  C:400FH         LINE#         594
  C:4011H         LINE#         595
  C:4012H         LINE#         596
  C:4013H         LINE#         597
  C:4015H         LINE#         598
  C:4016H         LINE#         599
  C:4017H         LINE#         600
  C:4018H         LINE#         603
  C:401BH         LINE#         604
  C:401CH         LINE#         605
  C:401DH         LINE#         606
  C:401EH         LINE#         607
  C:4020H         LINE#         608
  C:4021H         LINE#         609
  C:4022H         LINE#         610
  C:4024H         LINE#         611
  C:4025H         LINE#         612
  C:4026H         LINE#         613
  C:4027H         LINE#         616
BL51 BANKED LINKER/LOCATER V6.22                                                      05/14/2019  21:59:46  PAGE 13


  C:402AH         LINE#         617
  C:402BH         LINE#         618
  C:402CH         LINE#         619
  C:402DH         LINE#         620
  C:402FH         LINE#         621
  C:4030H         LINE#         622
  C:4031H         LINE#         623
  C:4033H         LINE#         624
  C:4034H         LINE#         625
  C:4035H         LINE#         626
  C:4036H         LINE#         631
  C:4039H         LINE#         632
  C:403AH         LINE#         633
  C:403BH         LINE#         634
  C:403CH         LINE#         635
  C:403EH         LINE#         636
  C:403FH         LINE#         637
  C:4040H         LINE#         638
  C:4041H         LINE#         641
  C:4044H         LINE#         642
  C:4045H         LINE#         643
  C:4046H         LINE#         644
  C:4047H         LINE#         645
  C:4049H         LINE#         646
  C:404AH         LINE#         647
  C:404BH         LINE#         648
  C:404CH         LINE#         652
  C:404FH         LINE#         653
  C:4050H         LINE#         654
  C:4051H         LINE#         655
  C:4052H         LINE#         656
  C:4054H         LINE#         657
  C:4055H         LINE#         658
  C:4056H         LINE#         659
  C:4057H         LINE#         662
  C:405AH         LINE#         663
  C:405BH         LINE#         664
  C:405CH         LINE#         665
  C:405DH         LINE#         666
  C:405FH         LINE#         667
  C:4060H         LINE#         668
  C:4061H         LINE#         669
  C:4062H         LINE#         672
  C:4065H         LINE#         673
  C:4066H         LINE#         674
  C:4067H         LINE#         675
  C:4068H         LINE#         676
  C:4069H         LINE#         677
  C:406AH         LINE#         683
  C:406CH         LINE#         686
  C:406EH         LINE#         691
  C:28F6H         LINE#         710
  C:28F9H         LINE#         711
  C:28FAH         LINE#         712
  C:28FBH         LINE#         713
  C:28FCH         LINE#         714
  C:28FEH         LINE#         715
BL51 BANKED LINKER/LOCATER V6.22                                                      05/14/2019  21:59:46  PAGE 14


  C:28FFH         LINE#         716
  C:2900H         LINE#         717
  C:2902H         LINE#         718
  C:2903H         LINE#         719
  C:2904H         LINE#         720
  C:2905H         LINE#         723
  C:2908H         LINE#         724
  C:2909H         LINE#         725
  C:290AH         LINE#         726
  C:290BH         LINE#         727
  C:290DH         LINE#         728
  C:290EH         LINE#         729
  C:290FH         LINE#         730
  C:2911H         LINE#         731
  C:2912H         LINE#         732
  C:2913H         LINE#         733
  C:2914H         LINE#         737
  C:2917H         LINE#         738
  C:2918H         LINE#         739
  C:2919H         LINE#         740
  C:291AH         LINE#         741
  C:291CH         LINE#         742
  C:291DH         LINE#         743
  C:291EH         LINE#         744
  C:2920H         LINE#         745
  C:2921H         LINE#         746
  C:2922H         LINE#         747
  C:2923H         LINE#         750
  C:2926H         LINE#         751
  C:2927H         LINE#         752
  C:2928H         LINE#         753
  C:2929H         LINE#         754
  C:292BH         LINE#         755
  C:292CH         LINE#         756
  C:292DH         LINE#         757
  C:292FH         LINE#         758
  C:2930H         LINE#         759
  C:2931H         LINE#         760
  C:2932H         LINE#         764
  C:2935H         LINE#         765
  C:2936H         LINE#         766
  C:2937H         LINE#         767
  C:2938H         LINE#         768
  C:293AH         LINE#         769
  C:293BH         LINE#         770
  C:293CH         LINE#         771
  C:293EH         LINE#         772
  C:293FH         LINE#         773
  C:2940H         LINE#         774
  C:2941H         LINE#         777
  C:2944H         LINE#         778
  C:2945H         LINE#         779
  C:2946H         LINE#         780
  C:2947H         LINE#         781
  C:2949H         LINE#         782
  C:294AH         LINE#         783
  C:294BH         LINE#         784
BL51 BANKED LINKER/LOCATER V6.22                                                      05/14/2019  21:59:46  PAGE 15


  C:294DH         LINE#         785
  C:294EH         LINE#         786
  C:294FH         LINE#         787
  C:2950H         LINE#         797
  C:2953H         LINE#         798
  C:2956H         LINE#         801
  C:2959H         LINE#         802
  C:295CH         LINE#         805
  C:295FH         LINE#         806
  C:2962H         LINE#         809
  C:2965H         LINE#         810
  C:2968H         LINE#         818
  C:296BH         LINE#         819
  C:296CH         LINE#         820
  C:296DH         LINE#         821
  C:296EH         LINE#         822
  C:2970H         LINE#         823
  C:2971H         LINE#         824
  C:2972H         LINE#         825
  C:2973H         LINE#         828
  C:2976H         LINE#         829
  C:2977H         LINE#         830
  C:2978H         LINE#         831
  C:2979H         LINE#         832
  C:297BH         LINE#         833
  C:297CH         LINE#         834
  C:297DH         LINE#         835
  C:297EH         LINE#         838
  C:2981H         LINE#         839
  C:2982H         LINE#         840
  C:2983H         LINE#         841
  C:2984H         LINE#         842
  C:2986H         LINE#         843
  C:2987H         LINE#         844
  C:2988H         LINE#         845
  C:2989H         LINE#         848
  C:298CH         LINE#         849
  C:298DH         LINE#         850
  C:298EH         LINE#         851
  C:298FH         LINE#         852
  C:2991H         LINE#         853
  C:2992H         LINE#         854
  C:2993H         LINE#         855
  C:2994H         LINE#         858
  C:2997H         LINE#         859
  C:2998H         LINE#         860
  C:2999H         LINE#         861
  C:299AH         LINE#         862
  C:299CH         LINE#         863
  C:299DH         LINE#         864
  C:299EH         LINE#         865
  C:299FH         LINE#         872
  C:29A2H         LINE#         873
  C:29A3H         LINE#         874
  C:29A4H         LINE#         875
  C:29A5H         LINE#         876
  C:29A7H         LINE#         877
BL51 BANKED LINKER/LOCATER V6.22                                                      05/14/2019  21:59:46  PAGE 16


  C:29A8H         LINE#         878
  C:29A9H         LINE#         879
  C:29ABH         LINE#         880
  C:29ACH         LINE#         881
  C:29ADH         LINE#         882
  C:29AEH         LINE#         885
  C:29B1H         LINE#         886
  C:29B2H         LINE#         887
  C:29B3H         LINE#         888
  C:29B4H         LINE#         889
  C:29B6H         LINE#         890
  C:29B7H         LINE#         891
  C:29B8H         LINE#         892
  C:29BAH         LINE#         893
  C:29BBH         LINE#         894
  C:29BCH         LINE#         895
  C:29BDH         LINE#         898
  C:29C0H         LINE#         899
  C:29C1H         LINE#         900
  C:29C2H         LINE#         901
  C:29C3H         LINE#         902
  C:29C5H         LINE#         903
  C:29C6H         LINE#         904
  C:29C7H         LINE#         905
  C:29C9H         LINE#         906
  C:29CAH         LINE#         907
  C:29CBH         LINE#         908
  C:29CCH         LINE#         911
  C:29CFH         LINE#         912
  C:29D0H         LINE#         913
  C:29D1H         LINE#         914
  C:29D2H         LINE#         915
  C:29D4H         LINE#         916
  C:29D5H         LINE#         917
  C:29D6H         LINE#         918
  C:29D8H         LINE#         919
  C:29D9H         LINE#         920
  C:29DAH         LINE#         921
  C:29DBH         LINE#         926
  C:29DEH         LINE#         927
  C:29DFH         LINE#         928
  C:29E0H         LINE#         929
  C:29E1H         LINE#         930
  C:29E3H         LINE#         931
  C:29E4H         LINE#         932
  C:29E5H         LINE#         933
  C:29E6H         LINE#         940
  C:29E9H         LINE#         941
  C:29EAH         LINE#         942
  C:29EBH         LINE#         943
  C:29ECH         LINE#         944
  C:29EEH         LINE#         945
  C:29EFH         LINE#         946
  C:29F0H         LINE#         947
  C:29F2H         LINE#         948
  C:29F3H         LINE#         949
  C:29F4H         LINE#         950
BL51 BANKED LINKER/LOCATER V6.22                                                      05/14/2019  21:59:46  PAGE 17


  C:29F5H         LINE#         953
  C:29F8H         LINE#         954
  C:29F9H         LINE#         955
  C:29FAH         LINE#         956
  C:29FBH         LINE#         957
  C:29FDH         LINE#         958
  C:29FEH         LINE#         959
  C:29FFH         LINE#         960
  C:2A01H         LINE#         961
  C:2A02H         LINE#         962
  C:2A03H         LINE#         963
  C:2A04H         LINE#         966
  C:2A07H         LINE#         967
  C:2A08H         LINE#         968
  C:2A09H         LINE#         969
  C:2A0AH         LINE#         970
  C:2A0CH         LINE#         971
  C:2A0DH         LINE#         972
  C:2A0EH         LINE#         973
  C:2A10H         LINE#         974
  C:2A11H         LINE#         975
  C:2A12H         LINE#         976
  C:2A13H         LINE#         979
  C:2A16H         LINE#         980
  C:2A17H         LINE#         981
  C:2A18H         LINE#         982
  C:2A19H         LINE#         983
  C:2A1BH         LINE#         984
  C:2A1CH         LINE#         985
  C:2A1DH         LINE#         986
  C:2A1FH         LINE#         987
  C:2A20H         LINE#         988
  C:2A21H         LINE#         989
  C:2A22H         LINE#         996
  C:2A25H         LINE#         997
  C:2A26H         LINE#         998
  C:2A27H         LINE#         999
  C:2A28H         LINE#         1000
  C:2A2AH         LINE#         1001
  C:2A2BH         LINE#         1002
  C:2A2CH         LINE#         1003
  C:2A2DH         LINE#         1006
  C:2A30H         LINE#         1007
  C:2A31H         LINE#         1008
  C:2A32H         LINE#         1009
  C:2A33H         LINE#         1010
  C:2A35H         LINE#         1011
  C:2A36H         LINE#         1012
  C:2A37H         LINE#         1013
  C:2A38H         LINE#         1016
  C:2A3BH         LINE#         1017
  C:2A3CH         LINE#         1018
  C:2A3DH         LINE#         1019
  C:2A3EH         LINE#         1020
  C:2A40H         LINE#         1021
  C:2A41H         LINE#         1022
  C:2A42H         LINE#         1023
BL51 BANKED LINKER/LOCATER V6.22                                                      05/14/2019  21:59:46  PAGE 18


  C:2A43H         LINE#         1026
  C:2A46H         LINE#         1027
  C:2A47H         LINE#         1028
  C:2A48H         LINE#         1029
  C:2A49H         LINE#         1030
  C:2A4BH         LINE#         1031
  C:2A4CH         LINE#         1032
  C:2A4DH         LINE#         1033
  C:2A4EH         LINE#         1037
  C:2A51H         LINE#         1038
  C:2A52H         LINE#         1039
  C:2A53H         LINE#         1040
  C:2A54H         LINE#         1041
  C:2A56H         LINE#         1042
  C:2A57H         LINE#         1043
  C:2A58H         LINE#         1044
  C:2A59H         LINE#         1047
  C:2A5CH         LINE#         1048
  C:2A5DH         LINE#         1049
  C:2A5EH         LINE#         1050
  C:2A5FH         LINE#         1051
  C:2A61H         LINE#         1052
  C:2A62H         LINE#         1053
  C:2A63H         LINE#         1054
  C:2A64H         LINE#         1057
  C:2A67H         LINE#         1058
  C:2A68H         LINE#         1059
  C:2A69H         LINE#         1060
  C:2A6AH         LINE#         1061
  C:2A6CH         LINE#         1062
  C:2A6DH         LINE#         1063
  C:2A6EH         LINE#         1064
  C:2A6FH         LINE#         1067
  C:2A72H         LINE#         1068
  C:2A73H         LINE#         1069
  C:2A74H         LINE#         1070
  C:2A75H         LINE#         1071
  C:2A77H         LINE#         1072
  C:2A78H         LINE#         1073
  C:2A79H         LINE#         1074
  C:2A7AH         LINE#         1078
  C:2A7DH         LINE#         1079
  C:2A7EH         LINE#         1080
  C:2A7FH         LINE#         1081
  C:2A80H         LINE#         1082
  C:2A82H         LINE#         1083
  C:2A83H         LINE#         1084
  C:2A84H         LINE#         1085
  C:2A85H         LINE#         1088
  C:2A88H         LINE#         1089
  C:2A89H         LINE#         1090
  C:2A8AH         LINE#         1091
  C:2A8BH         LINE#         1092
  C:2A8DH         LINE#         1093
  C:2A8EH         LINE#         1094
  C:2A8FH         LINE#         1095
  C:2A90H         LINE#         1098
BL51 BANKED LINKER/LOCATER V6.22                                                      05/14/2019  21:59:46  PAGE 19


  C:2A93H         LINE#         1099
  C:2A94H         LINE#         1100
  C:2A95H         LINE#         1101
  C:2A96H         LINE#         1102
  C:2A98H         LINE#         1103
  C:2A99H         LINE#         1104
  C:2A9AH         LINE#         1105
  C:2A9BH         LINE#         1108
  C:2A9EH         LINE#         1109
  C:2A9FH         LINE#         1110
  C:2AA0H         LINE#         1111
  C:2AA1H         LINE#         1112
  C:2AA3H         LINE#         1113
  C:2AA4H         LINE#         1114
  C:2AA5H         LINE#         1115
  C:2AA6H         LINE#         1119
  C:2AA9H         LINE#         1120
  C:2AAAH         LINE#         1121
  C:2AABH         LINE#         1122
  C:2AACH         LINE#         1123
  C:2AAEH         LINE#         1124
  C:2AAFH         LINE#         1125
  C:2AB0H         LINE#         1126
  C:2AB1H         LINE#         1129
  C:2AB4H         LINE#         1130
  C:2AB5H         LINE#         1131
  C:2AB6H         LINE#         1132
  C:2AB7H         LINE#         1133
  C:2AB9H         LINE#         1134
  C:2ABAH         LINE#         1135
  C:2ABBH         LINE#         1136
  C:2ABCH         LINE#         1139
  C:2ABFH         LINE#         1140
  C:2AC0H         LINE#         1141
  C:2AC1H         LINE#         1142
  C:2AC2H         LINE#         1143
  C:2AC4H         LINE#         1144
  C:2AC5H         LINE#         1145
  C:2AC6H         LINE#         1146
  C:2AC7H         LINE#         1149
  C:2ACAH         LINE#         1150
  C:2ACBH         LINE#         1151
  C:2ACCH         LINE#         1152
  C:2ACDH         LINE#         1153
  C:2ACFH         LINE#         1154
  C:2AD0H         LINE#         1155
  C:2AD1H         LINE#         1156
  C:2AD2H         LINE#         1166
  C:2AD5H         LINE#         1167
  C:2AD6H         LINE#         1168
  C:2AD7H         LINE#         1169
  C:2AD8H         LINE#         1170
  C:2ADAH         LINE#         1171
  C:2ADBH         LINE#         1172
  C:2ADCH         LINE#         1173
  C:2ADEH         LINE#         1174
  C:2ADFH         LINE#         1175
BL51 BANKED LINKER/LOCATER V6.22                                                      05/14/2019  21:59:46  PAGE 20


  C:2AE0H         LINE#         1176
  C:2AE1H         LINE#         1179
  C:2AE4H         LINE#         1180
  C:2AE5H         LINE#         1181
  C:2AE6H         LINE#         1182
  C:2AE7H         LINE#         1183
  C:2AE9H         LINE#         1184
  C:2AEAH         LINE#         1185
  C:2AEBH         LINE#         1186
  C:2AEDH         LINE#         1187
  C:2AEEH         LINE#         1188
  C:2AEFH         LINE#         1189
  C:2AF0H         LINE#         1192
  C:2AF3H         LINE#         1193
  C:2AF4H         LINE#         1194
  C:2AF5H         LINE#         1195
  C:2AF6H         LINE#         1196
  C:2AF8H         LINE#         1197
  C:2AF9H         LINE#         1198
  C:2AFAH         LINE#         1199
  C:2AFBH         LINE#         1202
  C:2AFEH         LINE#         1203
  C:2AFFH         LINE#         1204
  C:2B00H         LINE#         1205
  C:2B01H         LINE#         1206
  C:2B03H         LINE#         1207
  C:2B04H         LINE#         1208
  C:2B05H         LINE#         1209
  C:2B06H         LINE#         1212
  C:2B09H         LINE#         1213
  C:2B0AH         LINE#         1214
  C:2B0BH         LINE#         1215
  C:2B0CH         LINE#         1216
  C:2B0EH         LINE#         1217
  C:2B0FH         LINE#         1218
  C:2B10H         LINE#         1219
  C:2B11H         LINE#         1222
  C:2B14H         LINE#         1223
  C:2B15H         LINE#         1224
  C:2B16H         LINE#         1225
  C:2B17H         LINE#         1226
  C:2B19H         LINE#         1227
  C:2B1AH         LINE#         1228
  C:2B1BH         LINE#         1229
  C:2B1CH         LINE#         1233
  C:2B1FH         LINE#         1234
  C:2B20H         LINE#         1235
  C:2B21H         LINE#         1236
  C:2B22H         LINE#         1237
  C:2B24H         LINE#         1238
  C:2B25H         LINE#         1239
  C:2B26H         LINE#         1240
  C:2B28H         LINE#         1241
  C:2B29H         LINE#         1242
  C:2B2AH         LINE#         1243
  C:2B2BH         LINE#         1246
  C:2B2EH         LINE#         1247
BL51 BANKED LINKER/LOCATER V6.22                                                      05/14/2019  21:59:46  PAGE 21


  C:2B2FH         LINE#         1248
  C:2B30H         LINE#         1249
  C:2B31H         LINE#         1250
  C:2B33H         LINE#         1251
  C:2B34H         LINE#         1252
  C:2B35H         LINE#         1253
  C:2B37H         LINE#         1254
  C:2B38H         LINE#         1255
  C:2B39H         LINE#         1256
  C:2B3AH         LINE#         1259
  C:2B3DH         LINE#         1260
  C:2B3EH         LINE#         1261
  C:2B3FH         LINE#         1262
  C:2B40H         LINE#         1263
  C:2B42H         LINE#         1264
  C:2B43H         LINE#         1265
  C:2B44H         LINE#         1266
  C:2B45H         LINE#         1269
  C:2B48H         LINE#         1270
  C:2B49H         LINE#         1271
  C:2B4AH         LINE#         1272
  C:2B4BH         LINE#         1273
  C:2B4DH         LINE#         1274
  C:2B4EH         LINE#         1275
  C:2B4FH         LINE#         1276
  C:2B50H         LINE#         1279
  C:2B53H         LINE#         1280
  C:2B54H         LINE#         1281
  C:2B55H         LINE#         1282
  C:2B56H         LINE#         1283
  C:2B58H         LINE#         1284
  C:2B59H         LINE#         1285
  C:2B5AH         LINE#         1286
  C:2B5BH         LINE#         1289
  C:2B5EH         LINE#         1290
  C:2B5FH         LINE#         1291
  C:2B60H         LINE#         1292
  C:2B61H         LINE#         1293
  C:2B63H         LINE#         1294
  C:2B64H         LINE#         1295
  C:2B65H         LINE#         1296
  C:2B66H         LINE#         1301
  C:2B69H         LINE#         1302
  C:2B6AH         LINE#         1303
  C:2B6BH         LINE#         1304
  C:2B6CH         LINE#         1305
  C:2B6EH         LINE#         1306
  C:2B6FH         LINE#         1307
  C:2B70H         LINE#         1308
  C:2B72H         LINE#         1309
  C:2B73H         LINE#         1310
  C:2B74H         LINE#         1311
  C:2B75H         LINE#         1314
  C:2B78H         LINE#         1315
  C:2B79H         LINE#         1316
  C:2B7AH         LINE#         1317
  C:2B7BH         LINE#         1318
BL51 BANKED LINKER/LOCATER V6.22                                                      05/14/2019  21:59:46  PAGE 22


  C:2B7DH         LINE#         1319
  C:2B7EH         LINE#         1320
  C:2B7FH         LINE#         1321
  C:2B81H         LINE#         1322
  C:2B82H         LINE#         1323
  C:2B83H         LINE#         1324
  C:2B84H         LINE#         1327
  C:2B87H         LINE#         1328
  C:2B88H         LINE#         1329
  C:2B89H         LINE#         1330
  C:2B8AH         LINE#         1331
  C:2B8CH         LINE#         1332
  C:2B8DH         LINE#         1333
  C:2B8EH         LINE#         1334
  C:2B8FH         LINE#         1337
  C:2B92H         LINE#         1338
  C:2B93H         LINE#         1339
  C:2B94H         LINE#         1340
  C:2B95H         LINE#         1341
  C:2B97H         LINE#         1342
  C:2B98H         LINE#         1343
  C:2B99H         LINE#         1344
  C:2B9AH         LINE#         1347
  C:2B9DH         LINE#         1348
  C:2B9EH         LINE#         1349
  C:2B9FH         LINE#         1350
  C:2BA0H         LINE#         1351
  C:2BA2H         LINE#         1352
  C:2BA3H         LINE#         1353
  C:2BA4H         LINE#         1354
  C:2BA5H         LINE#         1357
  C:2BA8H         LINE#         1358
  C:2BA9H         LINE#         1359
  C:2BAAH         LINE#         1360
  C:2BABH         LINE#         1361
  C:2BADH         LINE#         1362
  C:2BAEH         LINE#         1363
  C:2BAFH         LINE#         1364
  C:2BB0H         LINE#         1369
  C:2BB3H         LINE#         1370
  C:2BB4H         LINE#         1371
  C:2BB5H         LINE#         1372
  C:2BB6H         LINE#         1373
  C:2BB8H         LINE#         1374
  C:2BB9H         LINE#         1375
  C:2BBAH         LINE#         1376
  C:2BBCH         LINE#         1377
  C:2BBDH         LINE#         1378
  C:2BBEH         LINE#         1379
  C:2BBFH         LINE#         1382
  C:2BC2H         LINE#         1383
  C:2BC3H         LINE#         1384
  C:2BC4H         LINE#         1385
  C:2BC5H         LINE#         1386
  C:2BC7H         LINE#         1387
  C:2BC8H         LINE#         1388
  C:2BC9H         LINE#         1389
BL51 BANKED LINKER/LOCATER V6.22                                                      05/14/2019  21:59:46  PAGE 23


  C:2BCBH         LINE#         1390
  C:2BCCH         LINE#         1391
  C:2BCDH         LINE#         1392
  C:2BCEH         LINE#         1395
  C:2BD1H         LINE#         1396
  C:2BD2H         LINE#         1397
  C:2BD3H         LINE#         1398
  C:2BD4H         LINE#         1399
  C:2BD6H         LINE#         1400
  C:2BD7H         LINE#         1401
  C:2BD8H         LINE#         1402
  C:2BD9H         LINE#         1405
  C:2BDCH         LINE#         1406
  C:2BDDH         LINE#         1407
  C:2BDEH         LINE#         1408
  C:2BDFH         LINE#         1409
  C:2BE1H         LINE#         1410
  C:2BE2H         LINE#         1411
  C:2BE3H         LINE#         1412
  C:2BE4H         LINE#         1415
  C:2BE7H         LINE#         1416
  C:2BE8H         LINE#         1417
  C:2BE9H         LINE#         1418
  C:2BEAH         LINE#         1419
  C:2BECH         LINE#         1420
  C:2BEDH         LINE#         1421
  C:2BEEH         LINE#         1422
  C:2BEFH         LINE#         1425
  C:2BF2H         LINE#         1426
  C:2BF3H         LINE#         1427
  C:2BF4H         LINE#         1428
  C:2BF5H         LINE#         1429
  C:2BF7H         LINE#         1430
  C:2BF8H         LINE#         1431
  C:2BF9H         LINE#         1432
  C:2BFAH         LINE#         1471
  C:2BFDH         LINE#         1472
  C:2BFEH         LINE#         1473
  C:2BFFH         LINE#         1474
  C:2C00H         LINE#         1475
  C:2C02H         LINE#         1476
  C:2C03H         LINE#         1477
  C:2C04H         LINE#         1478
  C:2C05H         LINE#         1481
  C:2C08H         LINE#         1482
  C:2C09H         LINE#         1483
  C:2C0AH         LINE#         1484
  C:2C0BH         LINE#         1485
  C:2C0DH         LINE#         1486
  C:2C0EH         LINE#         1487
  C:2C0FH         LINE#         1488
  C:2C11H         LINE#         1489
  C:2C12H         LINE#         1490
  C:2C13H         LINE#         1491
  C:2C14H         LINE#         1494
  C:2C17H         LINE#         1495
  C:2C18H         LINE#         1496
BL51 BANKED LINKER/LOCATER V6.22                                                      05/14/2019  21:59:46  PAGE 24


  C:2C19H         LINE#         1497
  C:2C1AH         LINE#         1498
  C:2C1CH         LINE#         1499
  C:2C1DH         LINE#         1500
  C:2C1EH         LINE#         1501
  C:2C1FH         LINE#         1505
  C:2C22H         LINE#         1506
  C:2C23H         LINE#         1507
  C:2C24H         LINE#         1508
  C:2C25H         LINE#         1509
  C:2C27H         LINE#         1510
  C:2C28H         LINE#         1511
  C:2C29H         LINE#         1512
  C:2C2AH         LINE#         1515
  C:2C2DH         LINE#         1516
  C:2C2EH         LINE#         1517
  C:2C2FH         LINE#         1518
  C:2C30H         LINE#         1519
  C:2C32H         LINE#         1520
  C:2C33H         LINE#         1521
  C:2C34H         LINE#         1522
  C:2C36H         LINE#         1523
  C:2C37H         LINE#         1524
  C:2C38H         LINE#         1525
  C:2C39H         LINE#         1528
  C:2C3CH         LINE#         1529
  C:2C3DH         LINE#         1530
  C:2C3EH         LINE#         1531
  C:2C3FH         LINE#         1532
  C:2C41H         LINE#         1533
  C:2C42H         LINE#         1534
  C:2C43H         LINE#         1535
  C:2C44H         LINE#         1539
  C:2C47H         LINE#         1540
  C:2C48H         LINE#         1541
  C:2C49H         LINE#         1542
  C:2C4AH         LINE#         1543
  C:2C4CH         LINE#         1544
  C:2C4DH         LINE#         1545
  C:2C4EH         LINE#         1546
  C:2C4FH         LINE#         1549
  C:2C52H         LINE#         1550
  C:2C53H         LINE#         1551
  C:2C54H         LINE#         1552
  C:2C55H         LINE#         1553
  C:2C57H         LINE#         1554
  C:2C58H         LINE#         1555
  C:2C59H         LINE#         1556
  C:2C5BH         LINE#         1557
  C:2C5CH         LINE#         1558
  C:2C5DH         LINE#         1559
  C:2C5EH         LINE#         1562
  C:2C61H         LINE#         1563
  C:2C62H         LINE#         1564
  C:2C63H         LINE#         1565
  C:2C64H         LINE#         1566
  C:2C66H         LINE#         1567
BL51 BANKED LINKER/LOCATER V6.22                                                      05/14/2019  21:59:46  PAGE 25


  C:2C67H         LINE#         1568
  C:2C68H         LINE#         1569
  C:2C69H         LINE#         1573
  C:2C6CH         LINE#         1574
  C:2C6DH         LINE#         1575
  C:2C6EH         LINE#         1576
  C:2C6FH         LINE#         1577
  C:2C71H         LINE#         1578
  C:2C72H         LINE#         1579
  C:2C73H         LINE#         1580
  C:2C74H         LINE#         1583
  C:2C77H         LINE#         1584
  C:2C78H         LINE#         1585
  C:2C79H         LINE#         1586
  C:2C7AH         LINE#         1587
  C:2C7CH         LINE#         1588
  C:2C7DH         LINE#         1589
  C:2C7EH         LINE#         1590
  C:2C80H         LINE#         1591
  C:2C81H         LINE#         1592
  C:2C82H         LINE#         1593
  C:2C83H         LINE#         1596
  C:2C86H         LINE#         1597
  C:2C87H         LINE#         1598
  C:2C88H         LINE#         1599
  C:2C89H         LINE#         1600
  C:2C8BH         LINE#         1601
  C:2C8CH         LINE#         1602
  C:2C8DH         LINE#         1603
  C:2C8EH         LINE#         1616
  C:2C91H         LINE#         1617
  C:2C92H         LINE#         1618
  C:2C93H         LINE#         1619
  C:2C94H         LINE#         1620
  C:2C96H         LINE#         1621
  C:2C97H         LINE#         1624
  C:2C9AH         LINE#         1625
  C:2C9BH         LINE#         1626
  C:2C9CH         LINE#         1627
  C:2C9DH         LINE#         1628
  C:2C9FH         LINE#         1629
  C:2CA0H         LINE#         1632
  C:2CA3H         LINE#         1633
  C:2CA4H         LINE#         1634
  C:2CA5H         LINE#         1635
  C:2CA6H         LINE#         1636
  C:2CA8H         LINE#         1637
  C:2CA9H         LINE#         1640
  C:2CACH         LINE#         1641
  C:2CADH         LINE#         1642
  C:2CAEH         LINE#         1643
  C:2CAFH         LINE#         1644
  C:2CB1H         LINE#         1645
  C:2CB2H         LINE#         1649
  C:2CB5H         LINE#         1650
  C:2CB6H         LINE#         1651
  C:2CB7H         LINE#         1652
BL51 BANKED LINKER/LOCATER V6.22                                                      05/14/2019  21:59:46  PAGE 26


  C:2CB8H         LINE#         1653
  C:2CBAH         LINE#         1654
  C:2CBBH         LINE#         1657
  C:2CBEH         LINE#         1658
  C:2CBFH         LINE#         1659
  C:2CC0H         LINE#         1660
  C:2CC1H         LINE#         1661
  C:2CC3H         LINE#         1662
  C:2CC4H         LINE#         1665
  C:2CC7H         LINE#         1666
  C:2CC8H         LINE#         1667
  C:2CC9H         LINE#         1668
  C:2CCAH         LINE#         1669
  C:2CCCH         LINE#         1670
  C:2CCDH         LINE#         1673
  C:2CD0H         LINE#         1674
  C:2CD1H         LINE#         1675
  C:2CD2H         LINE#         1676
  C:2CD3H         LINE#         1677
  C:2CD5H         LINE#         1678
  C:2CD6H         LINE#         1692
  C:2CD9H         LINE#         1693
  C:2CDAH         LINE#         1694
  C:2CDBH         LINE#         1695
  C:2CDCH         LINE#         1696
  C:2CDEH         LINE#         1697
  C:2CDFH         LINE#         1698
  C:2CE0H         LINE#         1699
  C:2CE1H         LINE#         1702
  C:2CE4H         LINE#         1703
  C:2CE5H         LINE#         1704
  C:2CE6H         LINE#         1705
  C:2CE7H         LINE#         1706
  C:2CE9H         LINE#         1707
  C:2CEAH         LINE#         1708
  C:2CEBH         LINE#         1709
  C:2CECH         LINE#         1713
  C:2CEFH         LINE#         1714
  C:2CF0H         LINE#         1715
  C:2CF1H         LINE#         1716
  C:2CF2H         LINE#         1717
  C:2CF4H         LINE#         1718
  C:2CF5H         LINE#         1719
  C:2CF6H         LINE#         1720
  C:2CF7H         LINE#         1723
  C:2CFAH         LINE#         1724
  C:2CFBH         LINE#         1725
  C:2CFCH         LINE#         1726
  C:2CFDH         LINE#         1727
  C:2CFFH         LINE#         1728
  C:2D00H         LINE#         1729
  C:2D01H         LINE#         1730
  C:2D02H         LINE#         1734
  C:2D05H         LINE#         1735
  C:2D06H         LINE#         1736
  C:2D07H         LINE#         1737
  C:2D08H         LINE#         1738
BL51 BANKED LINKER/LOCATER V6.22                                                      05/14/2019  21:59:46  PAGE 27


  C:2D0AH         LINE#         1739
  C:2D0BH         LINE#         1740
  C:2D0CH         LINE#         1741
  C:2D0DH         LINE#         1744
  C:2D10H         LINE#         1745
  C:2D11H         LINE#         1746
  C:2D12H         LINE#         1747
  C:2D13H         LINE#         1748
  C:2D15H         LINE#         1749
  C:2D16H         LINE#         1750
  C:2D17H         LINE#         1751
  C:2D18H         LINE#         1755
  C:2D1BH         LINE#         1756
  C:2D1CH         LINE#         1757
  C:2D1DH         LINE#         1758
  C:2D1EH         LINE#         1759
  C:2D20H         LINE#         1760
  C:2D21H         LINE#         1761
  C:2D22H         LINE#         1762
  C:2D23H         LINE#         1765
  C:2D26H         LINE#         1766
  C:2D27H         LINE#         1767
  C:2D28H         LINE#         1768
  C:2D29H         LINE#         1769
  C:2D2BH         LINE#         1770
  C:2D2CH         LINE#         1771
  C:2D2DH         LINE#         1772
  C:2D2EH         LINE#         1776
  C:2D31H         LINE#         1777
  C:2D32H         LINE#         1778
  C:2D33H         LINE#         1779
  C:2D34H         LINE#         1780
  C:2D36H         LINE#         1781
  C:2D37H         LINE#         1782
  C:2D38H         LINE#         1783
  C:2D39H         LINE#         1786
  C:2D3CH         LINE#         1787
  C:2D3DH         LINE#         1788
  C:2D3EH         LINE#         1789
  C:2D3FH         LINE#         1790
  C:2D41H         LINE#         1791
  C:2D42H         LINE#         1792
  C:2D43H         LINE#         1793
  C:2D44H         LINE#         1797
  C:2D47H         LINE#         1798
  C:2D48H         LINE#         1799
  C:2D49H         LINE#         1800
  C:2D4AH         LINE#         1801
  C:2D4CH         LINE#         1802
  C:2D4DH         LINE#         1803
  C:2D4EH         LINE#         1804
  C:2D4FH         LINE#         1807
  C:2D52H         LINE#         1808
  C:2D53H         LINE#         1809
  C:2D54H         LINE#         1810
  C:2D55H         LINE#         1811
  C:2D57H         LINE#         1812
BL51 BANKED LINKER/LOCATER V6.22                                                      05/14/2019  21:59:46  PAGE 28


  C:2D58H         LINE#         1813
  C:2D59H         LINE#         1814
  C:2D5AH         LINE#         1818
  C:2D5DH         LINE#         1819
  C:2D5EH         LINE#         1820
  C:2D5FH         LINE#         1821
  C:2D60H         LINE#         1822
  C:2D62H         LINE#         1823
  C:2D63H         LINE#         1824
  C:2D64H         LINE#         1825
  C:2D65H         LINE#         1828
  C:2D68H         LINE#         1829
  C:2D69H         LINE#         1830
  C:2D6AH         LINE#         1831
  C:2D6BH         LINE#         1832
  C:2D6DH         LINE#         1833
  C:2D6EH         LINE#         1834
  C:2D6FH         LINE#         1835
  C:2D70H         LINE#         1840
  C:2D73H         LINE#         1841
  C:2D74H         LINE#         1842
  C:2D75H         LINE#         1843
  C:2D76H         LINE#         1844
  C:2D78H         LINE#         1845
  C:2D79H         LINE#         1846
  C:2D7AH         LINE#         1847
  C:2D7BH         LINE#         1850
  C:2D7EH         LINE#         1851
  C:2D7FH         LINE#         1852
  C:2D80H         LINE#         1853
  C:2D81H         LINE#         1854
  C:2D83H         LINE#         1855
  C:2D84H         LINE#         1856
  C:2D85H         LINE#         1857
  C:2D86H         LINE#         1876
  C:2D89H         LINE#         1877
  C:2D8AH         LINE#         1878
  C:2D8BH         LINE#         1879
  C:2D8CH         LINE#         1880
  C:2D8EH         LINE#         1881
  C:2D8FH         LINE#         1882
  C:2D90H         LINE#         1883
  C:2D91H         LINE#         1886
  C:2D94H         LINE#         1887
  C:2D95H         LINE#         1888
  C:2D96H         LINE#         1889
  C:2D97H         LINE#         1890
  C:2D99H         LINE#         1891
  C:2D9AH         LINE#         1892
  C:2D9BH         LINE#         1893
  C:2D9DH         LINE#         1894
  C:2D9EH         LINE#         1895
  C:2D9FH         LINE#         1896
  C:2DA0H         LINE#         1899
  C:2DA3H         LINE#         1900
  C:2DA4H         LINE#         1901
  C:2DA5H         LINE#         1902
BL51 BANKED LINKER/LOCATER V6.22                                                      05/14/2019  21:59:46  PAGE 29


  C:2DA6H         LINE#         1903
  C:2DA8H         LINE#         1904
  C:2DA9H         LINE#         1905
  C:2DAAH         LINE#         1906
  C:2DABH         LINE#         1909
  C:2DAEH         LINE#         1910
  C:2DAFH         LINE#         1911
  C:2DB0H         LINE#         1912
  C:2DB1H         LINE#         1913
  C:2DB3H         LINE#         1914
  C:2DB4H         LINE#         1915
  C:2DB5H         LINE#         1916
  C:2DB7H         LINE#         1917
  C:2DB8H         LINE#         1918
  C:2DB9H         LINE#         1919
  C:2DBAH         LINE#         1922
  C:2DBDH         LINE#         1923
  C:2DBEH         LINE#         1924
  C:2DBFH         LINE#         1925
  C:2DC0H         LINE#         1926
  C:2DC2H         LINE#         1927
  C:2DC3H         LINE#         1928
  C:2DC4H         LINE#         1929
  C:2DC5H         LINE#         1932
  C:2DC8H         LINE#         1933
  C:2DC9H         LINE#         1934
  C:2DCAH         LINE#         1935
  C:2DCBH         LINE#         1936
  C:2DCDH         LINE#         1937
  C:2DCEH         LINE#         1938
  C:2DCFH         LINE#         1939
  C:2DD1H         LINE#         1940
  C:2DD2H         LINE#         1941
  C:2DD3H         LINE#         1942
  C:2DD4H         LINE#         1946
  C:2DD7H         LINE#         1947
  C:2DD8H         LINE#         1948
  C:2DD9H         LINE#         1949
  C:2DDAH         LINE#         1950
  C:2DDCH         LINE#         1951
  C:2DDDH         LINE#         1952
  C:2DDEH         LINE#         1953
  C:2DDFH         LINE#         1956
  C:2DE2H         LINE#         1957
  C:2DE3H         LINE#         1958
  C:2DE4H         LINE#         1959
  C:2DE5H         LINE#         1960
  C:2DE7H         LINE#         1961
  C:2DE8H         LINE#         1962
  C:2DE9H         LINE#         1963
  C:2DEBH         LINE#         1964
  C:2DECH         LINE#         1965
  C:2DEDH         LINE#         1966
  C:2DEEH         LINE#         1969
  C:2DF1H         LINE#         1970
  C:2DF2H         LINE#         1971
  C:2DF3H         LINE#         1972
BL51 BANKED LINKER/LOCATER V6.22                                                      05/14/2019  21:59:46  PAGE 30


  C:2DF4H         LINE#         1973
  C:2DF6H         LINE#         1974
  C:2DF7H         LINE#         1975
  C:2DF8H         LINE#         1976
  C:2DF9H         LINE#         1979
  C:2DFCH         LINE#         1980
  C:2DFDH         LINE#         1981
  C:2DFEH         LINE#         1982
  C:2DFFH         LINE#         1983
  C:2E01H         LINE#         1984
  C:2E02H         LINE#         1985
  C:2E03H         LINE#         1986
  C:2E05H         LINE#         1987
  C:2E06H         LINE#         1988
  C:2E07H         LINE#         1989
  C:2E08H         LINE#         1992
  C:2E0BH         LINE#         1993
  C:2E0CH         LINE#         1994
  C:2E0DH         LINE#         1995
  C:2E0EH         LINE#         1996
  C:2E10H         LINE#         1997
  C:2E11H         LINE#         1998
  C:2E12H         LINE#         1999
  C:2E13H         LINE#         2002
  C:2E16H         LINE#         2003
  C:2E17H         LINE#         2004
  C:2E18H         LINE#         2005
  C:2E19H         LINE#         2006
  C:2E1BH         LINE#         2007
  C:2E1CH         LINE#         2008
  C:2E1DH         LINE#         2009
  C:2E1FH         LINE#         2010
  C:2E20H         LINE#         2011
  C:2E21H         LINE#         2012
  C:2E22H         LINE#         2016
  C:2E25H         LINE#         2017
  C:2E26H         LINE#         2018
  C:2E27H         LINE#         2019
  C:2E28H         LINE#         2020
  C:2E2AH         LINE#         2021
  C:2E2BH         LINE#         2022
  C:2E2CH         LINE#         2023
  C:2E2DH         LINE#         2026
  C:2E30H         LINE#         2027
  C:2E31H         LINE#         2028
  C:2E32H         LINE#         2029
  C:2E33H         LINE#         2030
  C:2E35H         LINE#         2031
  C:2E36H         LINE#         2032
  C:2E37H         LINE#         2033
  C:2E39H         LINE#         2034
  C:2E3AH         LINE#         2035
  C:2E3BH         LINE#         2036
  C:2E3CH         LINE#         2039
  C:2E3FH         LINE#         2040
  C:2E40H         LINE#         2041
  C:2E41H         LINE#         2042
BL51 BANKED LINKER/LOCATER V6.22                                                      05/14/2019  21:59:46  PAGE 31


  C:2E42H         LINE#         2043
  C:2E44H         LINE#         2044
  C:2E45H         LINE#         2045
  C:2E46H         LINE#         2046
  C:2E47H         LINE#         2049
  C:2E4AH         LINE#         2050
  C:2E4BH         LINE#         2051
  C:2E4CH         LINE#         2052
  C:2E4DH         LINE#         2053
  C:2E4FH         LINE#         2054
  C:2E50H         LINE#         2055
  C:2E51H         LINE#         2056
  C:2E53H         LINE#         2057
  C:2E54H         LINE#         2058
  C:2E55H         LINE#         2059
  C:2E56H         LINE#         2062
  C:2E59H         LINE#         2063
  C:2E5AH         LINE#         2064
  C:2E5BH         LINE#         2065
  C:2E5CH         LINE#         2066
  C:2E5EH         LINE#         2067
  C:2E5FH         LINE#         2068
  C:2E60H         LINE#         2069
  C:2E61H         LINE#         2072
  C:2E64H         LINE#         2073
  C:2E65H         LINE#         2074
  C:2E66H         LINE#         2075
  C:2E67H         LINE#         2076
  C:2E69H         LINE#         2077
  C:2E6AH         LINE#         2078
  C:2E6BH         LINE#         2079
  C:2E6DH         LINE#         2080
  C:2E6EH         LINE#         2081
  C:2E6FH         LINE#         2082
  C:2E70H         LINE#         2086
  C:2E73H         LINE#         2087
  C:2E74H         LINE#         2088
  C:2E75H         LINE#         2089
  C:2E76H         LINE#         2090
  C:2E78H         LINE#         2091
  C:2E79H         LINE#         2092
  C:2E7AH         LINE#         2093
  C:2E7BH         LINE#         2096
  C:2E7EH         LINE#         2097
  C:2E7FH         LINE#         2098
  C:2E80H         LINE#         2099
  C:2E81H         LINE#         2100
  C:2E83H         LINE#         2101
  C:2E84H         LINE#         2102
  C:2E85H         LINE#         2103
  C:2E87H         LINE#         2104
  C:2E88H         LINE#         2105
  C:2E89H         LINE#         2106
  C:2E8AH         LINE#         2109
  C:2E8DH         LINE#         2110
  C:2E8EH         LINE#         2111
  C:2E8FH         LINE#         2112
BL51 BANKED LINKER/LOCATER V6.22                                                      05/14/2019  21:59:46  PAGE 32


  C:2E90H         LINE#         2113
  C:2E92H         LINE#         2114
  C:2E93H         LINE#         2115
  C:2E94H         LINE#         2116
  C:2E95H         LINE#         2119
  C:2E98H         LINE#         2120
  C:2E99H         LINE#         2121
  C:2E9AH         LINE#         2122
  C:2E9BH         LINE#         2123
  C:2E9DH         LINE#         2124
  C:2E9EH         LINE#         2125
  C:2E9FH         LINE#         2126
  C:2EA1H         LINE#         2127
  C:2EA2H         LINE#         2128
  C:2EA3H         LINE#         2129
  C:2EA4H         LINE#         2132
  C:2EA7H         LINE#         2133
  C:2EA8H         LINE#         2134
  C:2EA9H         LINE#         2135
  C:2EAAH         LINE#         2136
  C:2EACH         LINE#         2137
  C:2EADH         LINE#         2138
  C:2EAEH         LINE#         2139
  C:2EAFH         LINE#         2142
  C:2EB2H         LINE#         2143
  C:2EB3H         LINE#         2144
  C:2EB4H         LINE#         2145
  C:2EB5H         LINE#         2146
  C:2EB7H         LINE#         2147
  C:2EB8H         LINE#         2148
  C:2EB9H         LINE#         2149
  C:2EBBH         LINE#         2150
  C:2EBCH         LINE#         2151
  C:2EBDH         LINE#         2152
  C:2EBEH         LINE#         2160
  C:2EC1H         LINE#         2161
  C:2EC2H         LINE#         2162
  C:2EC3H         LINE#         2163
  C:2EC4H         LINE#         2164
  C:2EC6H         LINE#         2165
  C:2EC7H         LINE#         2166
  C:2EC8H         LINE#         2167
  C:2ECAH         LINE#         2168
  C:2ECBH         LINE#         2169
  C:2ECCH         LINE#         2170
  C:2ECDH         LINE#         2173
  C:2ED0H         LINE#         2174
  C:2ED1H         LINE#         2175
  C:2ED2H         LINE#         2176
  C:2ED3H         LINE#         2177
  C:2ED5H         LINE#         2178
  C:2ED6H         LINE#         2179
  C:2ED7H         LINE#         2180
  C:2ED9H         LINE#         2181
  C:2EDAH         LINE#         2182
  C:2EDBH         LINE#         2183
  C:2EDCH         LINE#         2186
BL51 BANKED LINKER/LOCATER V6.22                                                      05/14/2019  21:59:46  PAGE 33


  C:2EDFH         LINE#         2187
  C:2EE0H         LINE#         2188
  C:2EE1H         LINE#         2189
  C:2EE2H         LINE#         2190
  C:2EE4H         LINE#         2191
  C:2EE5H         LINE#         2192
  C:2EE6H         LINE#         2193
  C:2EE8H         LINE#         2194
  C:2EE9H         LINE#         2195
  C:2EEAH         LINE#         2196
  C:2EEBH         LINE#         2199
  C:2EEEH         LINE#         2200
  C:2EEFH         LINE#         2201
  C:2EF0H         LINE#         2202
  C:2EF1H         LINE#         2203
  C:2EF3H         LINE#         2204
  C:2EF4H         LINE#         2205
  C:2EF5H         LINE#         2206
  C:2EF7H         LINE#         2207
  C:2EF8H         LINE#         2208
  C:2EF9H         LINE#         2209
  C:2EFAH         LINE#         2212
  C:2EFDH         LINE#         2213
  C:2EFEH         LINE#         2214
  C:2EFFH         LINE#         2215
  C:2F00H         LINE#         2216
  C:2F02H         LINE#         2217
  C:2F03H         LINE#         2218
  C:2F04H         LINE#         2219
  C:2F05H         LINE#         2222
  C:2F08H         LINE#         2223
  C:2F09H         LINE#         2224
  C:2F0AH         LINE#         2225
  C:2F0BH         LINE#         2226
  C:2F0DH         LINE#         2227
  C:2F0EH         LINE#         2228
  C:2F0FH         LINE#         2229
  C:2F10H         LINE#         2233
  C:2F13H         LINE#         2234
  C:2F14H         LINE#         2235
  C:2F15H         LINE#         2236
  C:2F16H         LINE#         2237
  C:2F18H         LINE#         2238
  C:2F19H         LINE#         2239
  C:2F1AH         LINE#         2240
  C:2F1CH         LINE#         2241
  C:2F1DH         LINE#         2242
  C:2F1EH         LINE#         2243
  C:2F1FH         LINE#         2246
  C:2F22H         LINE#         2247
  C:2F23H         LINE#         2248
  C:2F24H         LINE#         2249
  C:2F25H         LINE#         2250
  C:2F27H         LINE#         2251
  C:2F28H         LINE#         2252
  C:2F29H         LINE#         2253
  C:2F2BH         LINE#         2254
BL51 BANKED LINKER/LOCATER V6.22                                                      05/14/2019  21:59:46  PAGE 34


  C:2F2CH         LINE#         2255
  C:2F2DH         LINE#         2256
  C:2F2EH         LINE#         2259
  C:2F31H         LINE#         2260
  C:2F32H         LINE#         2261
  C:2F33H         LINE#         2262
  C:2F34H         LINE#         2263
  C:2F36H         LINE#         2264
  C:2F37H         LINE#         2265
  C:2F38H         LINE#         2266
  C:2F3AH         LINE#         2267
  C:2F3BH         LINE#         2268
  C:2F3CH         LINE#         2269
  C:2F3DH         LINE#         2272
  C:2F40H         LINE#         2273
  C:2F41H         LINE#         2274
  C:2F42H         LINE#         2275
  C:2F43H         LINE#         2276
  C:2F45H         LINE#         2277
  C:2F46H         LINE#         2278
  C:2F47H         LINE#         2279
  C:2F49H         LINE#         2280
  C:2F4AH         LINE#         2281
  C:2F4BH         LINE#         2282
  C:2F4CH         LINE#         2285
  C:2F4FH         LINE#         2286
  C:2F50H         LINE#         2287
  C:2F51H         LINE#         2288
  C:2F52H         LINE#         2289
  C:2F54H         LINE#         2290
  C:2F55H         LINE#         2291
  C:2F56H         LINE#         2292
  C:2F57H         LINE#         2295
  C:2F5AH         LINE#         2296
  C:2F5BH         LINE#         2297
  C:2F5CH         LINE#         2298
  C:2F5DH         LINE#         2299
  C:2F5FH         LINE#         2300
  C:2F60H         LINE#         2301
  C:2F61H         LINE#         2302
  C:2F62H         LINE#         2306
  C:2F65H         LINE#         2307
  C:2F66H         LINE#         2308
  C:2F67H         LINE#         2309
  C:2F68H         LINE#         2310
  C:2F6AH         LINE#         2311
  C:2F6BH         LINE#         2312
  C:2F6CH         LINE#         2313
  C:2F6EH         LINE#         2314
  C:2F6FH         LINE#         2315
  C:2F70H         LINE#         2316
  C:2F71H         LINE#         2319
  C:2F74H         LINE#         2320
  C:2F75H         LINE#         2321
  C:2F76H         LINE#         2322
  C:2F77H         LINE#         2323
  C:2F79H         LINE#         2324
BL51 BANKED LINKER/LOCATER V6.22                                                      05/14/2019  21:59:46  PAGE 35


  C:2F7AH         LINE#         2325
  C:2F7BH         LINE#         2326
  C:2F7DH         LINE#         2327
  C:2F7EH         LINE#         2328
  C:2F7FH         LINE#         2329
  C:2F80H         LINE#         2332
  C:2F83H         LINE#         2333
  C:2F84H         LINE#         2334
  C:2F85H         LINE#         2335
  C:2F86H         LINE#         2336
  C:2F88H         LINE#         2337
[...]
  C:3180H         LINE#         422
  C:3181H         LINE#         423
  C:3182H         LINE#         424
  C:3183H         LINE#         425
  C:3185H         LINE#         426
BL51 BANKED LINKER/LOCATER V6.22                                                      05/14/2019  21:59:46  PAGE 66


  C:3186H         LINE#         427
  C:3187H         LINE#         428
  C:3189H         LINE#         429
  C:318CH         LINE#         431
  C:318EH         LINE#         432
  C:3190H         LINE#         435
  C:3192H         LINE#         436
  C:3194H         LINE#         438
  C:3197H         LINE#         440
  C:3198H         LINE#         444
  C:319BH         LINE#         444
  C:319DH         LINE#         444
  C:319FH         LINE#         445
  C:31A0H         LINE#         452
  C:31A2H         LINE#         453
  C:31A4H         LINE#         454
  C:31A6H         LINE#         455
  C:31A8H         LINE#         456
  C:31AAH         LINE#         457
  C:31ACH         LINE#         458
  C:31ADH         LINE#         459
  C:31AFH         LINE#         460
  C:31B1H         LINE#         461
  C:31B3H         LINE#         462
  C:31B5H         LINE#         463
  C:31B6H         LINE#         510
  C:31B8H         LINE#         515
  C:31BAH         LINE#         516
  C:31BCH         LINE#         548
  C:31BEH         LINE#         549
  C:31C0H         LINE#         550
  C:31C2H         LINE#         557
  C:31C4H         LINE#         558
  C:31C6H         LINE#         559
  C:31C8H         LINE#         566
  C:31CAH         LINE#         567
  C:31CCH         LINE#         574
  C:31CEH         LINE#         575
  C:31D0H         LINE#         599
  C:31D2H         LINE#         600
  C:31D4H         LINE#         601
  C:31D6H         LINE#         602
  C:31D8H         LINE#         603
  C:31DAH         LINE#         604
  C:31DCH         LINE#         605
  C:31DEH         LINE#         606
  C:31E0H         LINE#         614
  C:31E2H         LINE#         615
  C:31E4H         LINE#         616
  C:31E6H         LINE#         617
  C:31E8H         LINE#         618
  C:31EAH         LINE#         619
  C:31ECH         LINE#         620
  C:31EEH         LINE#         621
  C:31F0H         LINE#         629
  C:31F2H         LINE#         630
  C:31F4H         LINE#         631
BL51 BANKED LINKER/LOCATER V6.22                                                      05/14/2019  21:59:46  PAGE 67


  C:31F6H         LINE#         632
  C:31F8H         LINE#         633
  C:31FAH         LINE#         634
  C:31FCH         LINE#         635
  C:31FEH         LINE#         636
  C:3200H         LINE#         644
  C:3202H         LINE#         645
  C:3204H         LINE#         646
  C:3206H         LINE#         647
  C:3208H         LINE#         648
  C:320AH         LINE#         649
  C:320CH         LINE#         650
  C:320EH         LINE#         651
  C:3210H         LINE#         659
  C:3212H         LINE#         660
  C:3214H         LINE#         661
  C:3216H         LINE#         662
  C:3218H         LINE#         663
  C:321AH         LINE#         664
  C:321CH         LINE#         665
  C:321EH         LINE#         666
  C:3220H         LINE#         673
  C:3222H         LINE#         674
  C:3224H         LINE#         675
  C:3226H         LINE#         676
  C:3228H         LINE#         677
  C:322AH         LINE#         678
  C:322CH         LINE#         679
  C:322EH         LINE#         680
  C:3230H         LINE#         687
  C:3232H         LINE#         688
  C:3234H         LINE#         689
  C:3236H         LINE#         690
  C:3238H         LINE#         691
  C:323AH         LINE#         692
  C:323CH         LINE#         693
  C:323EH         LINE#         694
  C:3240H         LINE#         701
  C:3242H         LINE#         702
  C:3244H         LINE#         703
  C:3246H         LINE#         704
  C:3248H         LINE#         705
  C:324AH         LINE#         706
  C:324CH         LINE#         707
  C:324EH         LINE#         708
  C:3250H         LINE#         715
  C:3252H         LINE#         716
  C:3254H         LINE#         717
  C:3256H         LINE#         718
  C:3258H         LINE#         719
  C:325AH         LINE#         720
  C:325CH         LINE#         721
  C:325EH         LINE#         722
  C:3260H         LINE#         729
  C:3262H         LINE#         730
  C:3264H         LINE#         731
  C:3266H         LINE#         732
BL51 BANKED LINKER/LOCATER V6.22                                                      05/14/2019  21:59:46  PAGE 68


  C:3268H         LINE#         733
  C:326AH         LINE#         734
  C:326CH         LINE#         735
  C:326EH         LINE#         736
  C:3270H         LINE#         743
  C:3272H         LINE#         744
  C:3274H         LINE#         745
  C:3276H         LINE#         746
  C:3278H         LINE#         747
  C:327AH         LINE#         748
  C:327CH         LINE#         749
  C:327EH         LINE#         750
  C:3280H         LINE#         757
  C:3282H         LINE#         758
  C:3284H         LINE#         759
  C:3286H         LINE#         760
  C:3288H         LINE#         761
  C:328AH         LINE#         762
  C:328CH         LINE#         763
  C:328EH         LINE#         764
  C:3290H         LINE#         771
  C:3292H         LINE#         772
  C:3294H         LINE#         773
  C:3296H         LINE#         774
  C:3298H         LINE#         775
  C:329AH         LINE#         776
  C:329CH         LINE#         777
  C:329EH         LINE#         778
  C:32A0H         LINE#         785
  C:32A2H         LINE#         786
  C:32A4H         LINE#         787
  C:32A6H         LINE#         788
  C:32A8H         LINE#         789
  C:32AAH         LINE#         790
  C:32ACH         LINE#         791
  C:32AEH         LINE#         792
  C:32B0H         LINE#         799
  C:32B2H         LINE#         800
  C:32B4H         LINE#         801
  C:32B6H         LINE#         802
  C:32B8H         LINE#         803
  C:32BAH         LINE#         804
  C:32BCH         LINE#         805
  C:32BEH         LINE#         806
  C:32C0H         LINE#         813
  C:32C2H         LINE#         814
  C:32C4H         LINE#         815
  C:32C6H         LINE#         816
  C:32C8H         LINE#         817
  C:32CAH         LINE#         818
  C:32CCH         LINE#         819
  C:32CEH         LINE#         820
  C:32D0H         LINE#         827
  C:32D2H         LINE#         828
  C:32D4H         LINE#         829
  C:32D6H         LINE#         830
  C:32D8H         LINE#         831
BL51 BANKED LINKER/LOCATER V6.22                                                      05/14/2019  21:59:46  PAGE 69


  C:32DAH         LINE#         832
  C:32DCH         LINE#         833
  C:32DEH         LINE#         834
  C:32E0H         LINE#         841
  C:32E2H         LINE#         842
  C:32E4H         LINE#         843
  C:32E6H         LINE#         844
  C:32E8H         LINE#         845
  C:32EAH         LINE#         846
  C:32ECH         LINE#         847
  C:32EEH         LINE#         848
  C:32F0H         LINE#         855
  C:32F2H         LINE#         856
  C:32F4H         LINE#         857
  C:32F6H         LINE#         858
  C:32F8H         LINE#         859
  C:32FAH         LINE#         860
  C:32FCH         LINE#         861
  C:32FEH         LINE#         862
  C:3300H         LINE#         871
  C:3303H         LINE#         872
  C:3305H         LINE#         873
  C:3306H         LINE#         874
  C:3308H         LINE#         875
  C:330AH         LINE#         876
  C:330CH         LINE#         877
  C:330EH         LINE#         878
  C:3310H         LINE#         879
  C:3312H         LINE#         880
  C:3314H         LINE#         881
  C:3317H         LINE#         882
  C:3318H         LINE#         883
  C:331AH         LINE#         884
  C:331CH         LINE#         885
  C:331FH         LINE#         886
  C:3321H         LINE#         887
  C:3323H         LINE#         888
  C:3324H         LINE#         890
  C:3326H         LINE#         894
  C:3328H         LINE#         896
  C:332AH         LINE#         898
  C:332BH         LINE#         908
  C:332EH         LINE#         909
  C:3330H         LINE#         910
  C:3332H         LINE#         911
  C:3334H         LINE#         912
  C:3336H         LINE#         913
  C:3338H         LINE#         914
  C:3339H         LINE#         915
  C:333AH         LINE#         917
  C:333DH         LINE#         918
  C:333FH         LINE#         919
  C:3342H         LINE#         920
  C:3345H         LINE#         921
  C:3347H         LINE#         923
  C:3348H         LINE#         924
  C:334AH         LINE#         925
BL51 BANKED LINKER/LOCATER V6.22                                                      05/14/2019  21:59:46  PAGE 70


  C:334BH         LINE#         929
  C:334EH         LINE#         930
  C:3350H         LINE#         931
  C:3353H         LINE#         932
  C:3354H         LINE#         933
  C:3355H         LINE#         935
  C:3356H         LINE#         936
  C:3359H         LINE#         937
  C:335BH         LINE#         938
  C:335EH         LINE#         939
  C:3361H         LINE#         940
  C:3363H         LINE#         941
  C:3364H         LINE#         942
  C:3365H         LINE#         958
  C:3367H         LINE#         959
  C:3369H         LINE#         961
  C:336CH         LINE#         963
  C:336EH         LINE#         964
  C:336FH         LINE#         965
  -------         ENDMOD        ISD51_CONFIGURATION

  -------         MODULE        IQMATHLIB
  C:0000H         SYMBOL        _ICE_DUMMY_
  D:0080H         PUBLIC        P0
  D:0090H         PUBLIC        P1
  D:00A0H         PUBLIC        P2
  D:00B0H         PUBLIC        P3
  D:00A8H         PUBLIC        IEN0
  D:00B8H         PUBLIC        IEN1
  C:24F6H         PUBLIC        MagnitudeTable
  C:3F30H         PUBLIC        __IQ15mag
  D:0008H         PUBLIC        index
  C:3D0EH         PUBLIC        __IQ15sin
  C:35E8H         PUBLIC        __IQ15sqrt
  D:0088H         PUBLIC        TCON
  C:33AAH         PUBLIC        __IQ15atan2
  D:0009H         PUBLIC        dat
  C:3BF5H         PUBLIC        __IQmul
  D:000DH         PUBLIC        X
  D:0011H         PUBLIC        Y
  D:0015H         PUBLIC        Z
  D:0098H         PUBLIC        S0CON
  D:00C8H         PUBLIC        T2CON
  C:20F6H         PUBLIC        PolarTable
  D:00EFH         PUBLIC        ARCON
  D:00D8H         PUBLIC        WDCON
  D:00C0H         PUBLIC        IRCON
  -------         PROC          __IQMUL
  D:0021H         SYMBOL        A
  D:0025H         SYMBOL        B
  C:3BF5H         LINE#         122
  C:3BFDH         LINE#         123
  C:3BFDH         LINE#         126
  C:3C13H         LINE#         127
  C:3C29H         LINE#         128
  C:3C4AH         LINE#         129
  C:3C71H         LINE#         130
BL51 BANKED LINKER/LOCATER V6.22                                                      05/14/2019  21:59:46  PAGE 71


  C:3C98H         LINE#         131
  C:3D05H         LINE#         137
  C:3D0DH         LINE#         140
  -------         ENDPROC       __IQMUL
  -------         PROC          __IQ15SIN
  D:003EH         SYMBOL        A
  C:3D0EH         LINE#         164
  C:3D16H         LINE#         165
  C:3D16H         LINE#         167
  C:3D29H         LINE#         172
  C:3D3FH         LINE#         173
  C:3D3FH         LINE#         174
  C:3D58H         LINE#         175
  C:3D5AH         LINE#         180
  C:3D89H         LINE#         181
  C:3D9FH         LINE#         182
  C:3DC6H         LINE#         183
  C:3DDCH         LINE#         184
  C:3DF2H         LINE#         186
  C:3E1BH         LINE#         188
  C:3E23H         LINE#         190
  -------         ENDPROC       __IQ15SIN
  -------         PROC          __IQ15SQRT
  D:0042H         SYMBOL        A
  C:35E8H         LINE#         217
  C:35F0H         LINE#         219
  C:35F0H         LINE#         221
  C:360FH         LINE#         223
  C:3622H         LINE#         224
  C:3629H         LINE#         226
  C:3636H         LINE#         227
  C:3636H         LINE#         228
  C:364EH         LINE#         229
  C:3670H         LINE#         231
  C:369CH         LINE#         232
  C:369EH         LINE#         234
  C:369EH         LINE#         235
  C:36A0H         LINE#         237
  C:36B6H         LINE#         238
  C:36CEH         LINE#         239
  C:36FAH         LINE#         240
  C:36FAH         LINE#         241
  C:3710H         LINE#         242
  C:3726H         LINE#         246
  C:372FH         LINE#         247
  C:374FH         LINE#         248
  C:3771H         LINE#         250
  C:3779H         LINE#         251
  -------         ENDPROC       __IQ15SQRT
  -------         PROC          __IQ15ATAN2
  D:0029H         SYMBOL        A
  D:002DH         SYMBOL        B
  C:33AAH         LINE#         268
  C:33B2H         LINE#         269
  C:33B2H         LINE#         270
  C:33C5H         LINE#         271
  C:33D8H         LINE#         274
BL51 BANKED LINKER/LOCATER V6.22                                                      05/14/2019  21:59:46  PAGE 72


  C:33EEH         LINE#         275
  C:33EEH         LINE#         279
  C:3404H         LINE#         280
  C:341AH         LINE#         281
  C:3435H         LINE#         284
  C:3438H         LINE#         288
  C:343AH         LINE#         290
  C:343AH         LINE#         291
  C:3450H         LINE#         292
  C:3466H         LINE#         293
  C:3481H         LINE#         296
  C:3484H         LINE#         297
  C:3484H         LINE#         301
  C:34B0H         LINE#         302
  C:34CBH         LINE#         303
  C:34E1H         LINE#         304
  C:34F7H         LINE#         307
  C:3512H         LINE#         309
  C:353EH         LINE#         310
  C:3557H         LINE#         311
  C:3583H         LINE#         312
  C:359DH         LINE#         313
  C:35C9H         LINE#         314
  C:35DFH         LINE#         318
  C:35E7H         LINE#         319
  -------         ENDPROC       __IQ15ATAN2
  -------         PROC          __IQ15MAG
  D:0031H         SYMBOL        A
  D:0035H         SYMBOL        B
  C:3F30H         LINE#         322
  C:3F38H         LINE#         323
  C:3F38H         LINE#         324
  C:3FB6H         LINE#         325
  C:3FC9H         LINE#         326
  C:3FD1H         LINE#         328
  -------         ENDPROC       __IQ15MAG
  -------         ENDMOD        IQMATHLIB

  -------         MODULE        IQMATHASM
  C:206EH         SEGMENT       ?PR?_BARRELSHIFT?IQMATHASM
  D:0039H         SEGMENT       ?DT?_BARRELSHIFT?IQMATHASM
  C:4A06H         SEGMENT       ?PR?_NORMALIZE?IQMATHASM
  D:0046H         SEGMENT       ?DT?_NORMALIZE?IQMATHASM
  C:203BH         SEGMENT       ?PR?__IQABS?IQMATHASM
  D:004AH         SEGMENT       ?DT?__IQABS?IQMATHASM
  D:0039H         PUBLIC        ?_BARRELSHIFT?BYTE
  C:206EH         PUBLIC        _BARRELSHIFT
  C:4A06H         PUBLIC        _NORMALIZE
  C:203BH         PUBLIC        __IQABS
  C:4A11H         SYMBOL        ?C0002
  C:4A1FH         SYMBOL        ?C0003
  C:4A1AH         SYMBOL        ?C0004
  C:4A1CH         SYMBOL        ?C0005
  C:2042H         SYMBOL        ?C0007
  D:0046H         SYMBOL        ?_NORMALIZE?BYTE
  D:004AH         SYMBOL        ?__IQABS?BYTE
  D:0046H         SYMBOL        A?142
BL51 BANKED LINKER/LOCATER V6.22                                                      05/14/2019  21:59:46  PAGE 73


  D:004AH         SYMBOL        A?143
  D:00E0H         SYMBOL        ACC
  D:00EFH         SYMBOL        ARCON
  D:00ABH         SYMBOL        BSHCTL
  D:00ACH         SYMBOL        BSHI_0
  D:00ADH         SYMBOL        BSHI_1
  D:00AEH         SYMBOL        BSHI_2
  D:00AFH         SYMBOL        BSHI_3
  D:00BCH         SYMBOL        BSHO_0
  D:00BDH         SYMBOL        BSHO_1
  D:00BEH         SYMBOL        BSHO_2
  D:00BFH         SYMBOL        BSHO_3
  D:003DH         SYMBOL        CMD
  D:0039H         SYMBOL        IN?040
  D:00E9H         SYMBOL        MD0
  D:00EAH         SYMBOL        MD1
  D:00EBH         SYMBOL        MD2
  D:00ECH         SYMBOL        MD3
  C:206EH         LINE#         78
  C:2071H         LINE#         79
  C:2073H         LINE#         80
  C:2075H         LINE#         81
  C:2077H         LINE#         82
  C:2079H         LINE#         83
  C:207BH         LINE#         84
  C:207DH         LINE#         85
  C:207FH         LINE#         86
  C:2081H         LINE#         87
  C:4A06H         LINE#         112
  C:4A08H         LINE#         113
  C:4A0AH         LINE#         114
  C:4A0CH         LINE#         115
  C:4A0EH         LINE#         116
  C:4A11H         LINE#         119
  C:4A13H         LINE#         120
  C:4A16H         LINE#         121
  C:4A18H         LINE#         122
  C:4A1AH         LINE#         124
  C:4A1CH         LINE#         126
  C:4A1DH         LINE#         127
  C:4A1FH         LINE#         129
  C:4A21H         LINE#         130
  C:4A23H         LINE#         131
  C:4A25H         LINE#         132
  C:4A27H         LINE#         133
  C:203BH         LINE#         138
  C:203CH         LINE#         139
  C:203FH         LINE#         140
  C:2042H         LINE#         143
  -------         ENDMOD        IQMATHASM

  -------         MODULE        ?C?SCDIV
  C:3905H         PUBLIC        ?C?SCDIV
  -------         ENDMOD        ?C?SCDIV

  -------         MODULE        ?C?LMUL
  C:3927H         PUBLIC        ?C?LMUL
BL51 BANKED LINKER/LOCATER V6.22                                                      05/14/2019  21:59:46  PAGE 74


  -------         ENDMOD        ?C?LMUL

  -------         MODULE        ?C?SLDIV
  C:47ECH         PUBLIC        ?C?SLDIV
  -------         ENDMOD        ?C?SLDIV

  -------         MODULE        ?C?LNEG
  C:3976H         PUBLIC        ?C?LNEG
  -------         ENDMOD        ?C?LNEG

  -------         MODULE        ?C?SLCMP
  C:3984H         PUBLIC        ?C?SLCMP
  -------         ENDMOD        ?C?SLCMP

  -------         MODULE        ?C?LSHL
  C:399AH         PUBLIC        ?C?LSHL
  -------         ENDMOD        ?C?LSHL

  -------         MODULE        ?C?LSTXDATA
  C:39ADH         PUBLIC        ?C?LSTXDATA
  -------         ENDMOD        ?C?LSTXDATA

  -------         MODULE        ISD_CORE_FUNCTIONS
  N:0064H         PUBLIC        ?ISD?CORE
  C:3388H         PUBLIC        ?ISD?READCMEM
  C:3395H         PUBLIC        ?ISD?READIMEM
  C:3378H         PUBLIC        ?ISD?READXMEM
  C:33A6H         PUBLIC        ?ISD?WRITEIMEM
  C:339EH         PUBLIC        ?ISD?WRITEXMEM
  -------         ENDMOD        ISD_CORE_FUNCTIONS

  -------         MODULE        ?C?ULDIV
  C:39F5H         PUBLIC        ?C?ULDIV
  -------         ENDMOD        ?C?ULDIV



FUNCTION REGISTER MASKS


FUNCTION . . . . . . . REG MASK
-------------------------------

ADCINTERRUPT . . . . . @0xe303
COMP1INTERRUPT . . . . @0xe301
COMP234INTERRUPT . . . @0xf301
EFLASHINTERRUPT. . . . @0xf303
EPWM123INTERRUPT . . . @0xf001
EPWM4INTERRUPT . . . . @0xf303
EXT1234INTERRUPT . . . @0xf001
I2CINTERRUPT . . . . . @0xf303
LDV18INTERRUPT . . . . @0xe001
LDV33INTERRUPT . . . . @0xe001
RTCINTERRUPT . . . . . @0xe001
SPIINTERRUPT . . . . . @0xf303
TIMER0INTERRUPT. . . . @0xe301
TIMER1INTERRUPT. . . . @0xc000
BL51 BANKED LINKER/LOCATER V6.22                                                      05/14/2019  21:59:46  PAGE 75


TIMER4INTERRUPT. . . . @0xe301
TIMER5INTERRUPT. . . . @0xf303
TIMER6INTERRUPT. . . . @0xf303
UART1INTERRUPT . . . . @0xc000
UART2INTERRUPT . . . . @0xe000

Program Size: data=78.1 xdata=32 code=10819
LINK/LOCATE RUN COMPLETE.  0 WARNING(S),  0 ERROR(S)
