BL51 BANKED LINKER/LOCATER V6.22                                                        10/27/2018  14:10:04  PAGE 1


BL51 BANKED LINKER/LOCATER V6.22, INVOKED BY:
C:\KEIL_V5\C51\BIN\BL51.EXE .\OUTPUT\STARTUP.obj, .\OUTPUT\main.obj, .\OUTPUT\initial.obj, .\OUTPUT\interrupt.obj, .\OUT
>> PUT\lib.obj, .\OUTPUT\ISD51.obj TO .\OUTPUT\motor REGFILE (.\OUTPUT\motor.ORC) PRINT (.\files\motor.m51) DISABLEWARNI
>> NG (16) CODE (0X2000-0X9FFF) XDATA (0XA000-0XDFFF)


MEMORY MODEL: SMALL


INPUT MODULES INCLUDED:
  .\OUTPUT\STARTUP.obj (?C_STARTUP)
  .\OUTPUT\main.obj (MAIN)
  .\OUTPUT\initial.obj (INITIAL)
  .\OUTPUT\interrupt.obj (INTERRUPT)
  .\OUTPUT\lib.obj (LIB)
  .\OUTPUT\ISD51.obj (ISD51_CONFIGURATION)
  C:\KEIL_V5\C51\LIB\C51S.LIB (?C_INIT)
  C:\KEIL_V5\C51\LIB\C51S.LIB (?C?LSTXDATA)
  C:\KEIL_V5\C51\LIB\C51S.LIB (ISD_CORE_FUNCTIONS)


LINK MAP OF MODULE:  .\OUTPUT\motor (?C_STARTUP)


            TYPE    BASE      LENGTH    RELOCATION   SEGMENT NAME
            -----------------------------------------------------

            * * * * * * *   D A T A   M E M O R Y   * * * * * * *
            REG     0000H     0008H     ABSOLUTE     "REG BANK 0"
            DATA    0008H     0015H     UNIT         ?DT?MAIN
            DATA    001DH     0001H     UNIT         ?DT?_EE_READ?LIB
            DATA    001EH     0001H     UNIT         ?DT?ISD51
                    001FH     0001H                  *** GAP ***
            BIT     0020H.0   0000H.1   UNIT         ?BI?ISD51
                    0020H.1   0000H.7                *** GAP ***
            DATA    0021H     000AH     UNIT         ?DT?LIB
            DATA    002BH     0008H     UNIT         ?DT?_NORMALIZING_WRITE?LIB
            DATA    0033H     0005H     UNIT         ?DT?_EE_WRITE?LIB
            DATA    0038H     0004H     UNIT         ?DT?_SIN?LIB
            DATA    003CH     0004H     UNIT         ?DT?NORMALIZING_READ?LIB
            IDATA   0040H     0001H     UNIT         ?STACK

            * * * * * * *  X D A T A   M E M O R Y  * * * * * * *
                    0000H     A000H                  *** GAP ***
            XDATA   A000H     0005H     UNIT         ?XD?LIB

            * * * * * * *   C O D E   M E M O R Y   * * * * * * *
                    0000H     2000H                  *** GAP ***
            CODE    2000H     0003H     ABSOLUTE     
            CODE    2003H     0003H     ABSOLUTE     
            CODE    2006H     0003H     UNIT         ?PR?TIMER1INTERRUPT?INTERRUPT
                    2009H     0002H                  *** GAP ***
            CODE    200BH     0003H     ABSOLUTE     
                    200EH     0005H                  *** GAP ***
            CODE    2013H     0003H     ABSOLUTE     
                    2016H     0005H                  *** GAP ***
            CODE    201BH     0003H     ABSOLUTE     
                    201EH     0005H                  *** GAP ***
BL51 BANKED LINKER/LOCATER V6.22                                                      10/27/2018  14:10:04  PAGE 2


            CODE    2023H     0003H     ABSOLUTE     
            CODE    2026H     001DH     UNIT         ?PR?_SIN?LIB
            CODE    2043H     0003H     ABSOLUTE     
                    2046H     0005H                  *** GAP ***
            CODE    204BH     0003H     ABSOLUTE     
                    204EH     0005H                  *** GAP ***
            CODE    2053H     0003H     ABSOLUTE     
                    2056H     0005H                  *** GAP ***
            CODE    205BH     0003H     ABSOLUTE     
                    205EH     0005H                  *** GAP ***
            CODE    2063H     0003H     ABSOLUTE     
                    2066H     0005H                  *** GAP ***
            CODE    206BH     0003H     ABSOLUTE     
            CODE    206EH     0015H     UNIT         ?PR?UART2INTERRUPT?INTERRUPT
            CODE    2083H     0003H     ABSOLUTE     
                    2086H     0005H                  *** GAP ***
            CODE    208BH     0003H     ABSOLUTE     
            CODE    208EH     000FH     UNIT         ?PR?NORMALIZING_TEST?LIB
                    209DH     0006H                  *** GAP ***
            CODE    20A3H     0003H     ABSOLUTE     
                    20A6H     0005H                  *** GAP ***
            CODE    20ABH     0003H     ABSOLUTE     
                    20AEH     0005H                  *** GAP ***
            CODE    20B3H     0003H     ABSOLUTE     
                    20B6H     0005H                  *** GAP ***
            CODE    20BBH     0003H     ABSOLUTE     
                    20BEH     0005H                  *** GAP ***
            CODE    20C3H     0003H     ABSOLUTE     
                    20C6H     0005H                  *** GAP ***
            CODE    20CBH     0003H     ABSOLUTE     
                    20CEH     0005H                  *** GAP ***
            CODE    20D3H     0003H     ABSOLUTE     
                    20D6H     0005H                  *** GAP ***
            CODE    20DBH     0003H     ABSOLUTE     
                    20DEH     0005H                  *** GAP ***
            CODE    20E3H     0003H     ABSOLUTE     
                    20E6H     0005H                  *** GAP ***
            CODE    20EBH     0003H     ABSOLUTE     
                    20EEH     0005H                  *** GAP ***
            CODE    20F3H     0003H     ABSOLUTE     
            CODE    20F6H     0340H     INBLOCK      ?PR?ISD51
            CODE    2436H     01DBH     UNIT         ?PR?INITEPWM?INITIAL
            CODE    2611H     016EH     UNIT         ?PR?INITGPIO?INITIAL
            CODE    277FH     010CH     UNIT         ?PR?INITCOMPARATOR?INITIAL
            CODE    288BH     00EFH     UNIT         ?PR?TIMER3INTERRUPT?INTERRUPT
            CODE    297AH     0094H     UNIT         ?PR?EXT1234INTERRUPT?INTERRUPT
            CODE    2A0EH     0093H     UNIT         ?PR?TIMER6INTERRUPT?INTERRUPT
            CODE    2AA1H     0093H     UNIT         ?PR?COMP234INTERRUPT?INTERRUPT
            CODE    2B34H     008FH     UNIT         ?C_C51STARTUP
            CODE    2BC3H     007BH     UNIT         ?PR?I2CINTERRUPT?INTERRUPT
            CODE    2C3EH     007BH     UNIT         ?PR?SPIINTERRUPT?INTERRUPT
            CODE    2CB9H     007BH     UNIT         ?PR?EFLASHINTERRUPT?INTERRUPT
            CODE    2D34H     0077H     UNIT         ?PR?TIMER5INTERRUPT?INTERRUPT
            CODE    2DABH     0072H     UNIT         ?PR?EPWM123INTERRUPT?INTERRUPT
            CODE    2E1DH     0070H     UNIT         ?PR?INITADC?INITIAL
            CODE    2E8DH     0070H     UNIT         ?PR?TIMER4INTERRUPT?INTERRUPT
            CODE    2EFDH     0062H     UNIT         ?PR?EPWM4INTERRUPT?INTERRUPT
BL51 BANKED LINKER/LOCATER V6.22                                                      10/27/2018  14:10:04  PAGE 3


            CODE    2F5FH     005BH     UNIT         ?PR?RTCINTERRUPT?INTERRUPT
            CODE    2FBAH     005BH     UNIT         ?PR?LDV18INTERRUPT?INTERRUPT
            CODE    3015H     005BH     UNIT         ?PR?LDV33INTERRUPT?INTERRUPT
            CODE    3070H     0055H     UNIT         ?PR?INITTIMER3?INITIAL
            CODE    30C5H     0053H     UNIT         ?PR?SYSTEMCLOCK?INITIAL
            CODE    3118H     004CH     UNIT         ?PR?_EE_WRITE?LIB
            CODE    3164H     004BH     UNIT         ?PR?_EE_READ?LIB
            CODE    31AFH     0046H     UNIT         ?PR?INITISDDEBUG?INITIAL
            CODE    31F5H     0041H     UNIT         ?PR?COMP1INTERRUPT?INTERRUPT
            CODE    3236H     003DH     UNIT         ?PR?MAIN?MAIN
            CODE    3273H     0038H     UNIT         ?PR?ADCINTERRUPT?INTERRUPT
            CODE    32ABH     0037H     UNIT         ?PR?INITTIMER5?INITIAL
            CODE    32E2H     0035H     UNIT         ?PR?INITTIMER6?INITIAL
            CODE    3317H     002DH     UNIT         ?PR?INITTIMER4?INITIAL
            CODE    3344H     002DH     UNIT         ?PR?_NORMALIZING_WRITE?LIB
            CODE    3371H     0027H     UNIT         ?PR?TIMER0INTERRUPT?INTERRUPT
            CODE    3398H     0023H     UNIT         ?PR?INITTIMER01?INITIAL
            CODE    33BBH     001FH     UNIT         ?PR?INITEXT?INITIAL
            CODE    33DAH     001EH     UNIT         ?PR?INITWATCHDOG?INITIAL
            CODE    33F8H     000DH     UNIT         ?PR?EPWMOUTPUTDISABLE?INITIAL
            CODE    3405H     000DH     UNIT         ?PR?EPWMOUTPUTENABLE?INITIAL
            CODE    3412H     000DH     UNIT         ?PR?SINITUART1?INITIAL
            CODE    341FH     000DH     UNIT         ?PR?NORMALIZING_READ?LIB
            CODE    342CH     000DH     UNIT         ?C_INITSEG
            CODE    3439H     000CH     UNIT         ?C?LIB_CODE
            CODE    3445H     000BH     UNIT         ?PR?UART1INTERRUPT?INTERRUPT
            CODE    3450H     000AH     UNIT         ?PR?INITBREAKPOINT?INITIAL
            CODE    345AH     000AH     UNIT         ?PR?SINITUART2?INITIAL



OVERLAY MAP OF MODULE:   .\OUTPUT\motor (?C_STARTUP)


SEGMENT
  +--> CALLED SEGMENT
---------------------
?C_C51STARTUP
  +--> ?PR?MAIN?MAIN
  +--> ?C_INITSEG

?PR?MAIN?MAIN
  +--> ?PR?INITISDDEBUG?INITIAL
  +--> ?PR?INITTIMER3?INITIAL
  +--> ?PR?INITTIMER01?INITIAL
  +--> ?PR?INITGPIO?INITIAL
  +--> ?PR?INITCOMPARATOR?INITIAL
  +--> ?PR?ISD51

?PR?INITISDDEBUG?INITIAL
  +--> ?PR?INITBREAKPOINT?INITIAL
  +--> ?PR?SINITUART1?INITIAL
  +--> ?PR?ISD51



SYMBOL TABLE OF MODULE:  .\OUTPUT\motor (?C_STARTUP)
BL51 BANKED LINKER/LOCATER V6.22                                                      10/27/2018  14:10:04  PAGE 4



  VALUE           TYPE          NAME
  ----------------------------------

  -------         MODULE        ?C_STARTUP
  C:2B34H         SEGMENT       ?C_C51STARTUP
  I:0040H         SEGMENT       ?STACK
  C:2000H         PUBLIC        ?C_STARTUP
  D:00E0H         SYMBOL        ACC
  D:00F0H         SYMBOL        B
  D:0083H         SYMBOL        DPH
  D:0082H         SYMBOL        DPL
  N:0000H         SYMBOL        IBPSTACK
  N:0100H         SYMBOL        IBPSTACKTOP
  N:0080H         SYMBOL        IDATALEN
  C:2B37H         SYMBOL        IDATALOOP
  N:0000H         SYMBOL        PBPSTACK
  N:0100H         SYMBOL        PBPSTACKTOP
  N:0000H         SYMBOL        PDATALEN
  N:0000H         SYMBOL        PDATASTART
  N:0000H         SYMBOL        PPAGE
  N:0001H         SYMBOL        PPAGEENABLE
  D:00A0H         SYMBOL        PPAGE_SFR
  D:0081H         SYMBOL        SP
  C:2B34H         SYMBOL        STARTUP1
  N:0000H         SYMBOL        XBPSTACK
  N:0000H         SYMBOL        XBPSTACKTOP
  N:0000H         SYMBOL        XDATALEN
  N:0000H         SYMBOL        XDATASTART
  C:2000H         LINE#         127
  C:2B34H         LINE#         134
  C:2B36H         LINE#         135
  C:2B37H         LINE#         136
  C:2B38H         LINE#         137
  C:2B3AH         LINE#         156
  C:2B3DH         LINE#         186
  C:2B40H         LINE#         197
  -------         ENDMOD        ?C_STARTUP

  -------         MODULE        MAIN
  C:0000H         SYMBOL        _ICE_DUMMY_
  D:0080H         PUBLIC        P0
  D:0090H         PUBLIC        P1
  D:00A0H         PUBLIC        P2
  D:00B0H         PUBLIC        P3
  D:0008H         PUBLIC        EE_data
  D:00A8H         PUBLIC        IEN0
  D:00B8H         PUBLIC        IEN1
  D:000CH         PUBLIC        last_capture
  D:0010H         PUBLIC        this_capture
  B:00A8H.4       PUBLIC        ES
  B:0098H.0       PUBLIC        RI
  D:0014H         PUBLIC        data_value
  C:3236H         PUBLIC        main
  D:0016H         PUBLIC        ADresult
  D:0018H         PUBLIC        pwm_capture
  D:0099H         PUBLIC        SBUF
BL51 BANKED LINKER/LOCATER V6.22                                                      10/27/2018  14:10:04  PAGE 5


  D:0088H         PUBLIC        TCON
  D:001CH         PUBLIC        tmr3_ov
  B:00A8H.7       PUBLIC        EAL
  D:0098H         PUBLIC        S0CON
  D:00C8H         PUBLIC        T2CON
  D:00D8H         PUBLIC        WDCON
  D:00C0H         PUBLIC        IRCON
  -------         PROC          MAIN
  C:3236H         LINE#         21
  C:3236H         LINE#         22
  C:3236H         LINE#         26
  C:3239H         LINE#         27
  C:323CH         LINE#         29
  C:323FH         LINE#         34
  C:3242H         LINE#         36
  C:3245H         LINE#         38
  C:3247H         LINE#         39
  C:3247H         LINE#         40
  C:3247H         LINE#         51
  C:3257H         LINE#         52
  C:325DH         LINE#         56
  C:3270H         LINE#         59
  C:3272H         LINE#         60
  -------         ENDPROC       MAIN
  -------         ENDMOD        MAIN

  -------         MODULE        INITIAL
  C:33BBH         SEGMENT       ?PR?INITEXT?INITIAL
  C:31AFH         SEGMENT       ?PR?INITISDDEBUG?INITIAL
  C:3450H         SEGMENT       ?PR?INITBREAKPOINT?INITIAL
  C:33F8H         SEGMENT       ?PR?EPWMOUTPUTDISABLE?INITIAL
  C:3405H         SEGMENT       ?PR?EPWMOUTPUTENABLE?INITIAL
  C:2E1DH         SEGMENT       ?PR?INITADC?INITIAL
  C:2436H         SEGMENT       ?PR?INITEPWM?INITIAL
  C:277FH         SEGMENT       ?PR?INITCOMPARATOR?INITIAL
  C:33DAH         SEGMENT       ?PR?INITWATCHDOG?INITIAL
  C:2611H         SEGMENT       ?PR?INITGPIO?INITIAL
  C:3398H         SEGMENT       ?PR?INITTIMER01?INITIAL
  C:3070H         SEGMENT       ?PR?INITTIMER3?INITIAL
  C:3317H         SEGMENT       ?PR?INITTIMER4?INITIAL
  C:32ABH         SEGMENT       ?PR?INITTIMER5?INITIAL
  C:32E2H         SEGMENT       ?PR?INITTIMER6?INITIAL
  C:30C5H         SEGMENT       ?PR?SYSTEMCLOCK?INITIAL
  C:3412H         SEGMENT       ?PR?SINITUART1?INITIAL
  C:345AH         SEGMENT       ?PR?SINITUART2?INITIAL
  C:33F8H         PUBLIC        EPWMOUTPUTDISABLE
  C:3405H         PUBLIC        EPWMOUTPUTENABLE
  C:2E1DH         PUBLIC        INITADC
  C:3450H         PUBLIC        INITBREAKPOINT
  C:277FH         PUBLIC        INITCOMPARATOR
  C:2436H         PUBLIC        INITEPWM
  C:33BBH         PUBLIC        INITEXT
  C:2611H         PUBLIC        INITGPIO
  C:31AFH         PUBLIC        INITISDDEBUG
  C:3398H         PUBLIC        INITTIMER01
  C:3070H         PUBLIC        INITTIMER3
  C:3317H         PUBLIC        INITTIMER4
BL51 BANKED LINKER/LOCATER V6.22                                                      10/27/2018  14:10:04  PAGE 6


  C:32ABH         PUBLIC        INITTIMER5
  C:32E2H         PUBLIC        INITTIMER6
  C:33DAH         PUBLIC        INITWATCHDOG
  C:3412H         PUBLIC        SINITUART1
  C:345AH         PUBLIC        SINITUART2
  C:30C5H         PUBLIC        SYSTEMCLOCK
  C:33D9H         SYMBOL        ?C0001
  C:31C8H         SYMBOL        ?C0002
  C:31E8H         SYMBOL        ?C0003
  C:31DFH         SYMBOL        ?C0004
  C:31DFH         SYMBOL        ?C0005
  C:31DCH         SYMBOL        ?C0006
  C:31DFH         SYMBOL        ?C0007
  C:31E6H         SYMBOL        ?C0008
  C:31F4H         SYMBOL        ?C0009
  C:3459H         SYMBOL        ?C0010
  C:3404H         SYMBOL        ?C0011
  C:3411H         SYMBOL        ?C0012
  C:2E8CH         SYMBOL        ?C0013
  C:2610H         SYMBOL        ?C0014
  C:288AH         SYMBOL        ?C0015
  C:33F7H         SYMBOL        ?C0016
  C:277EH         SYMBOL        ?C0017
  C:33BAH         SYMBOL        ?C0018
  C:30C4H         SYMBOL        ?C0019
  C:3343H         SYMBOL        ?C0020
  C:32E1H         SYMBOL        ?C0021
  C:3316H         SYMBOL        ?C0022
  C:3117H         SYMBOL        ?C0023
  C:341EH         SYMBOL        ?C0024
  C:3463H         SYMBOL        ?C0025
  D:00E0H         SYMBOL        ACC
  D:00EFH         SYMBOL        ARCON
  D:00F0H         SYMBOL        B
  D:0093H         SYMBOL        BPCTRL
  D:0095H         SYMBOL        BREAKH
  D:0094H         SYMBOL        BREAKL
  D:00ABH         SYMBOL        BSHCTL
  D:00ACH         SYMBOL        BSHI_0
  D:00ADH         SYMBOL        BSHI_1
  D:00AEH         SYMBOL        BSHI_2
  D:00AFH         SYMBOL        BSHI_3
  D:00BCH         SYMBOL        BSHO_0
  D:00BDH         SYMBOL        BSHO_1
  D:00BEH         SYMBOL        BSHO_2
  D:00BFH         SYMBOL        BSHO_3
  D:008EH         SYMBOL        CKCON
  D:0091H         SYMBOL        CLK_DIV
  D:008FH         SYMBOL        CLK_PD_CON
  D:0083H         SYMBOL        DPH
  D:0085H         SYMBOL        DPH1
  D:0082H         SYMBOL        DPL
  D:0084H         SYMBOL        DPL1
  D:0092H         SYMBOL        DPS
  B:00B8H.0       SYMBOL        EADC
  B:00A8H.7       SYMBOL        EAL
  B:00A8H.4       SYMBOL        ES
BL51 BANKED LINKER/LOCATER V6.22                                                      10/27/2018  14:10:04  PAGE 7


  B:00A8H.4       SYMBOL        ES0
  B:00A8H.1       SYMBOL        ET0
  B:00A8H.3       SYMBOL        ET1
  B:00A8H.0       SYMBOL        EX0
  B:00A8H.2       SYMBOL        EX1
  B:00B8H.1       SYMBOL        EX2
  B:00B8H.2       SYMBOL        EX3
  B:00B8H.3       SYMBOL        EX4
  B:00B8H.4       SYMBOL        EX5
  B:00B8H.5       SYMBOL        EX6
  B:00C8H.5       SYMBOL        I2FR
  B:00C8H.6       SYMBOL        I3FR
  B:00C0H.0       SYMBOL        IADC
  D:00A8H         SYMBOL        IE
  B:0088H.1       SYMBOL        IE0
  B:0088H.3       SYMBOL        IE1
  D:00A8H         SYMBOL        IEN0
  D:00B8H         SYMBOL        IEN1
  D:009AH         SYMBOL        IEN2
  B:00C0H.1       SYMBOL        IEX2
  B:00C0H.2       SYMBOL        IEX3
  B:00C0H.3       SYMBOL        IEX4
  B:00C0H.4       SYMBOL        IEX5
  B:00C0H.5       SYMBOL        IEX6
  N:0000H         SYMBOL        INITIAL
  D:00F9H         SYMBOL        INT_REG1
  D:00FAH         SYMBOL        INT_REG2
  D:00FDH         SYMBOL        INT_REG3
  D:00FEH         SYMBOL        INT_REG4
  D:00A9H         SYMBOL        IP0
  D:00B9H         SYMBOL        IP1
  D:00C0H         SYMBOL        IRCON
  B:0088H.0       SYMBOL        IT0
  B:0088H.2       SYMBOL        IT1
  D:00E9H         SYMBOL        MD0
  D:00EAH         SYMBOL        MD1
  D:00EBH         SYMBOL        MD2
  D:00ECH         SYMBOL        MD3
  D:00EDH         SYMBOL        MD4
  D:00EEH         SYMBOL        MD5
  D:00E8H         SYMBOL        MEM_CONFIG
  D:0080H         SYMBOL        P0
  B:0080H.0       SYMBOL        P00
  B:0080H.1       SYMBOL        P01
  B:0080H.2       SYMBOL        P02
  B:0080H.3       SYMBOL        P03
  B:0080H.4       SYMBOL        P04
  B:0080H.5       SYMBOL        P05
  B:0080H.6       SYMBOL        P06
  B:0080H.7       SYMBOL        P07
  D:0090H         SYMBOL        P1
  B:0090H.0       SYMBOL        P10
  B:0090H.1       SYMBOL        P11
  B:0090H.2       SYMBOL        P12
  B:0090H.3       SYMBOL        P13
  B:0090H.4       SYMBOL        P14
  B:0090H.5       SYMBOL        P15
BL51 BANKED LINKER/LOCATER V6.22                                                      10/27/2018  14:10:04  PAGE 8


  B:0090H.6       SYMBOL        P16
  B:0090H.7       SYMBOL        P17
  D:00B1H         SYMBOL        P1AQCSFRC
  D:00A7H         SYMBOL        P1AQSFRC
  D:00A3H         SYMBOL        P1CMPA
  D:00A4H         SYMBOL        P1CMPA_H
  D:00A3H         SYMBOL        P1CMPA_L
  D:00A5H         SYMBOL        P1CMPB
  D:00A6H         SYMBOL        P1CMPB_H
  D:00A5H         SYMBOL        P1CMPB_L
  D:00B6H         SYMBOL        P1ETCLR
  D:00B5H         SYMBOL        P1ETFLG
  D:00B7H         SYMBOL        P1ETFRC
  D:00A1H         SYMBOL        P1TBPRD
  D:00A2H         SYMBOL        P1TBPRD_H
  D:00A1H         SYMBOL        P1TBPRD_L
  D:00B3H         SYMBOL        P1TZCLR
  D:00B2H         SYMBOL        P1TZFLG
  D:00B4H         SYMBOL        P1TZFRC
  D:00A0H         SYMBOL        P2
  B:00A0H.0       SYMBOL        P20
  B:00A0H.1       SYMBOL        P21
  B:00A0H.2       SYMBOL        P22
  B:00A0H.3       SYMBOL        P23
  B:00A0H.4       SYMBOL        P24
  B:00A0H.5       SYMBOL        P25
  B:00A0H.6       SYMBOL        P26
  B:00A0H.7       SYMBOL        P27
  D:00C9H         SYMBOL        P2AQCSFRC
  D:00C7H         SYMBOL        P2AQSFRC
  D:00C3H         SYMBOL        P2CMPA
  D:00C4H         SYMBOL        P2CMPA_H
  D:00C3H         SYMBOL        P2CMPA_L
  D:00C5H         SYMBOL        P2CMPB
  D:00C6H         SYMBOL        P2CMPB_H
  D:00C5H         SYMBOL        P2CMPB_L
  D:00CEH         SYMBOL        P2ETCLR
  D:00CDH         SYMBOL        P2ETFLG
  D:00CFH         SYMBOL        P2ETFRC
  D:00C1H         SYMBOL        P2TBPRD
  D:00C2H         SYMBOL        P2TBPRD_H
  D:00C1H         SYMBOL        P2TBPRD_L
  D:00CBH         SYMBOL        P2TZCLR
  D:00CAH         SYMBOL        P2TZFLG
  D:00CCH         SYMBOL        P2TZFRC
  D:00B0H         SYMBOL        P3
  B:00B0H.0       SYMBOL        P30
  B:00B0H.1       SYMBOL        P31
  B:00B0H.2       SYMBOL        P32
  B:00B0H.3       SYMBOL        P33
  B:00B0H.4       SYMBOL        P34
  B:00B0H.5       SYMBOL        P35
  B:00B0H.6       SYMBOL        P36
  B:00B0H.7       SYMBOL        P37
  D:00D9H         SYMBOL        P3AQCSFRC
  D:00D7H         SYMBOL        P3AQSFRC
  D:00D3H         SYMBOL        P3CMPA
BL51 BANKED LINKER/LOCATER V6.22                                                      10/27/2018  14:10:04  PAGE 9


  D:00D4H         SYMBOL        P3CMPA_H
  D:00D3H         SYMBOL        P3CMPA_L
  D:00D5H         SYMBOL        P3CMPB
  D:00D6H         SYMBOL        P3CMPB_H
  D:00D5H         SYMBOL        P3CMPB_L
  D:00DEH         SYMBOL        P3ETCLR
  D:00DDH         SYMBOL        P3ETFLG
  D:00DFH         SYMBOL        P3ETFRC
  D:00D1H         SYMBOL        P3TBPRD
  D:00D2H         SYMBOL        P3TBPRD_H
  D:00D1H         SYMBOL        P3TBPRD_L
  D:00DBH         SYMBOL        P3TZCLR
  D:00DAH         SYMBOL        P3TZFLG
  D:00DCH         SYMBOL        P3TZFRC
  D:00F1H         SYMBOL        P4AQCSFRC
  D:00E7H         SYMBOL        P4AQSFRC
  D:00E3H         SYMBOL        P4CMPA
  D:00E4H         SYMBOL        P4CMPA_H
  D:00E3H         SYMBOL        P4CMPA_L
  D:00E5H         SYMBOL        P4CMPB
  D:00E6H         SYMBOL        P4CMPB_H
  D:00E5H         SYMBOL        P4CMPB_L
  D:00F6H         SYMBOL        P4ETCLR
  D:00F5H         SYMBOL        P4ETFLG
  D:00F7H         SYMBOL        P4ETFRC
  D:00E1H         SYMBOL        P4TBPRD
  D:00E2H         SYMBOL        P4TBPRD_H
  D:00E1H         SYMBOL        P4TBPRD_L
  D:00F3H         SYMBOL        P4TZCLR
  D:00F2H         SYMBOL        P4TZFLG
  D:00F4H         SYMBOL        P4TZFRC
  D:0087H         SYMBOL        PCON
  D:0097H         SYMBOL        POWER_CON
  D:00D0H         SYMBOL        PSW
  B:0098H.2       SYMBOL        RB80
  B:0098H.4       SYMBOL        REN0
  B:0098H.0       SYMBOL        RI
  B:0098H.0       SYMBOL        RI0
  D:0099H         SYMBOL        S0BUF
  D:0098H         SYMBOL        S0CON
  D:00BAH         SYMBOL        S0RELH
  D:00AAH         SYMBOL        S0RELL
  D:009CH         SYMBOL        S1BUF
  D:009BH         SYMBOL        S1CON
  D:00BBH         SYMBOL        S1RELH
  D:009DH         SYMBOL        S1RELL
  D:0099H         SYMBOL        SBUF
  B:0098H.7       SYMBOL        SM0
  B:0098H.6       SYMBOL        SM1
  B:0098H.5       SYMBOL        SM20
  D:0081H         SYMBOL        SP
  D:00F8H         SYMBOL        SRAM_CON
  B:00B8H.6       SYMBOL        SWDT
  D:00C8H         SYMBOL        T2CON
  B:0098H.3       SYMBOL        TB80
  D:0088H         SYMBOL        TCON
  B:0088H.5       SYMBOL        TF0
BL51 BANKED LINKER/LOCATER V6.22                                                      10/27/2018  14:10:04  PAGE 10


  B:0088H.7       SYMBOL        TF1
  D:008CH         SYMBOL        TH0
  D:008DH         SYMBOL        TH1
  B:0098H.1       SYMBOL        TI0
  D:008AH         SYMBOL        TL0
  D:008BH         SYMBOL        TL1
  D:0089H         SYMBOL        TMOD
  B:0088H.4       SYMBOL        TR0
  B:0088H.6       SYMBOL        TR1
  D:00D8H         SYMBOL        WDCON
  B:00D8H.7       SYMBOL        WDCON_7
  B:00A8H.6       SYMBOL        WDT
  D:0086H         SYMBOL        WDTREL
  C:33BBH         LINE#         280
  C:33BEH         LINE#         281
  C:33C0H         LINE#         282
  C:33C1H         LINE#         290
  C:33C4H         LINE#         291
  C:33C5H         LINE#         292
  C:33C6H         LINE#         293
  C:33C7H         LINE#         294
  C:33C9H         LINE#         295
  C:33CAH         LINE#         296
  C:33CBH         LINE#         297
  C:33CDH         LINE#         298
  C:33CEH         LINE#         299
  C:33CFH         LINE#         300
  C:33D0H         LINE#         303
  C:33D2H         LINE#         306
  C:33D4H         LINE#         309
  C:33D6H         LINE#         312
  C:33D9H         LINE#         317
  C:31AFH         LINE#         332
  C:31B1H         LINE#         337
  C:31B4H         LINE#         340
  C:31B7H         LINE#         344
  C:31BAH         LINE#         347
  C:31BDH         LINE#         350
  C:31BFH         LINE#         353
  C:31C1H         LINE#         356
  C:31C3H         LINE#         359
  C:31C5H         LINE#         362
  C:31C6H         LINE#         365
  C:31C7H         LINE#         368
  C:31C8H         LINE#         376
  C:31CAH         LINE#         379
  C:31CCH         LINE#         382
  C:31CFH         LINE#         383
  C:31D2H         LINE#         384
  C:31D4H         LINE#         385
  C:31D6H         LINE#         386
  C:31D8H         LINE#         387
  C:31DAH         LINE#         388
  C:31DCH         LINE#         390
  C:31DFH         LINE#         396
  C:31E1H         LINE#         397
  C:31E4H         LINE#         398
BL51 BANKED LINKER/LOCATER V6.22                                                      10/27/2018  14:10:04  PAGE 11


  C:31E6H         LINE#         402
  C:31E8H         LINE#         406
  C:31E9H         LINE#         409
  C:31EAH         LINE#         412
  C:31EBH         LINE#         415
  C:31EDH         LINE#         418
  C:31EFH         LINE#         421
  C:31F0H         LINE#         424
  C:31F1H         LINE#         427
  C:31F2H         LINE#         432
  C:31F4H         LINE#         436
  C:3450H         LINE#         453
  C:3453H         LINE#         456
  C:3456H         LINE#         459
  C:3459H         LINE#         463
  C:33F8H         LINE#         476
  C:33FBH         LINE#         479
  C:33FEH         LINE#         482
  C:3401H         LINE#         485
  C:3404H         LINE#         489
  C:3405H         LINE#         502
  C:3408H         LINE#         505
  C:340BH         LINE#         508
  C:340EH         LINE#         511
  C:3411H         LINE#         515
  C:2E1DH         LINE#         530
  C:2E20H         LINE#         531
  C:2E21H         LINE#         532
  C:2E22H         LINE#         535
  C:2E25H         LINE#         536
  C:2E26H         LINE#         537
  C:2E27H         LINE#         538
  C:2E28H         LINE#         539
  C:2E2AH         LINE#         540
  C:2E2BH         LINE#         541
  C:2E2CH         LINE#         542
  C:2E2DH         LINE#         545
  C:2E30H         LINE#         546
  C:2E31H         LINE#         547
  C:2E32H         LINE#         548
  C:2E33H         LINE#         549
  C:2E35H         LINE#         550
  C:2E36H         LINE#         551
  C:2E37H         LINE#         552
  C:2E38H         LINE#         555
  C:2E3BH         LINE#         556
  C:2E3DH         LINE#         557
  C:2E3EH         LINE#         560
  C:2E41H         LINE#         561
  C:2E42H         LINE#         562
  C:2E43H         LINE#         563
  C:2E44H         LINE#         564
  C:2E46H         LINE#         565
  C:2E47H         LINE#         566
  C:2E48H         LINE#         567
  C:2E49H         LINE#         570
  C:2E4CH         LINE#         571
BL51 BANKED LINKER/LOCATER V6.22                                                      10/27/2018  14:10:04  PAGE 12


  C:2E4DH         LINE#         572
  C:2E4EH         LINE#         573
  C:2E4FH         LINE#         574
  C:2E51H         LINE#         575
  C:2E52H         LINE#         576
  C:2E53H         LINE#         577
  C:2E54H         LINE#         580
  C:2E57H         LINE#         581
  C:2E58H         LINE#         582
  C:2E59H         LINE#         583
  C:2E5AH         LINE#         584
  C:2E5CH         LINE#         585
  C:2E5DH         LINE#         586
  C:2E5EH         LINE#         587
  C:2E5FH         LINE#         590
  C:2E62H         LINE#         591
  C:2E63H         LINE#         592
  C:2E64H         LINE#         593
  C:2E65H         LINE#         594
  C:2E67H         LINE#         595
  C:2E68H         LINE#         596
  C:2E69H         LINE#         597
  C:2E6AH         LINE#         601
  C:2E6DH         LINE#         602
  C:2E6EH         LINE#         603
  C:2E6FH         LINE#         604
  C:2E70H         LINE#         605
  C:2E72H         LINE#         606
  C:2E73H         LINE#         607
  C:2E74H         LINE#         608
  C:2E75H         LINE#         611
  C:2E78H         LINE#         612
  C:2E79H         LINE#         613
  C:2E7AH         LINE#         614
  C:2E7BH         LINE#         615
  C:2E7DH         LINE#         616
  C:2E7EH         LINE#         617
  C:2E7FH         LINE#         618
  C:2E80H         LINE#         621
  C:2E83H         LINE#         622
  C:2E84H         LINE#         623
  C:2E85H         LINE#         624
  C:2E86H         LINE#         625
  C:2E87H         LINE#         626
  C:2E88H         LINE#         632
  C:2E8AH         LINE#         635
  C:2E8CH         LINE#         640
  C:2436H         LINE#         655
  C:2439H         LINE#         656
  C:243BH         LINE#         657
  C:243CH         LINE#         660
  C:243FH         LINE#         661
  C:2440H         LINE#         662
  C:2441H         LINE#         663
  C:2442H         LINE#         664
  C:2444H         LINE#         665
  C:2445H         LINE#         666
BL51 BANKED LINKER/LOCATER V6.22                                                      10/27/2018  14:10:04  PAGE 13


  C:2446H         LINE#         667
  C:2448H         LINE#         668
  C:2449H         LINE#         669
  C:244CH         LINE#         670
  C:244DH         LINE#         671
  C:244EH         LINE#         685
  C:2451H         LINE#         686
  C:2453H         LINE#         687
  C:2454H         LINE#         692
  C:2457H         LINE#         693
  C:2459H         LINE#         694
  C:245AH         LINE#         697
  C:245DH         LINE#         698
  C:245FH         LINE#         699
  C:2460H         LINE#         702
  C:2463H         LINE#         703
  C:2465H         LINE#         704
  C:2466H         LINE#         707
  C:2469H         LINE#         708
  C:246BH         LINE#         709
  C:246CH         LINE#         712
  C:246FH         LINE#         713
  C:2471H         LINE#         714
  C:2472H         LINE#         717
  C:2475H         LINE#         718
  C:2477H         LINE#         719
  C:2478H         LINE#         722
  C:247BH         LINE#         723
  C:247DH         LINE#         724
  C:247EH         LINE#         727
  C:2481H         LINE#         728
  C:2483H         LINE#         729
  C:2484H         LINE#         742
  C:2487H         LINE#         743
  C:2488H         LINE#         744
  C:2489H         LINE#         747
  C:248CH         LINE#         748
  C:248DH         LINE#         749
  C:248EH         LINE#         752
  C:2491H         LINE#         753
  C:2492H         LINE#         754
  C:2493H         LINE#         757
  C:2496H         LINE#         758
  C:2497H         LINE#         759
  C:2498H         LINE#         762
  C:249BH         LINE#         763
  C:249DH         LINE#         764
  C:249EH         LINE#         767
  C:24A1H         LINE#         768
  C:24A2H         LINE#         769
  C:24A3H         LINE#         772
  C:24A6H         LINE#         773
  C:24A8H         LINE#         774
  C:24A9H         LINE#         777
  C:24ACH         LINE#         778
  C:24ADH         LINE#         779
  C:24AEH         LINE#         782
BL51 BANKED LINKER/LOCATER V6.22                                                      10/27/2018  14:10:04  PAGE 14


  C:24B1H         LINE#         783
  C:24B3H         LINE#         784
  C:24B4H         LINE#         787
  C:24B7H         LINE#         788
  C:24B8H         LINE#         789
  C:24B9H         LINE#         792
  C:24BCH         LINE#         793
  C:24BEH         LINE#         794
  C:24BFH         LINE#         797
  C:24C2H         LINE#         798
  C:24C3H         LINE#         799
  C:24C4H         LINE#         802
  C:24C7H         LINE#         803
  C:24C8H         LINE#         804
  C:24C9H         LINE#         807
  C:24CCH         LINE#         808
  C:24CDH         LINE#         809
  C:24CEH         LINE#         812
  C:24D1H         LINE#         813
  C:24D2H         LINE#         814
  C:24D3H         LINE#         817
  C:24D6H         LINE#         818
  C:24D7H         LINE#         819
  C:24D8H         LINE#         822
  C:24DBH         LINE#         823
  C:24DCH         LINE#         824
  C:24DDH         LINE#         827
  C:24E0H         LINE#         828
  C:24E1H         LINE#         829
  C:24E2H         LINE#         832
  C:24E5H         LINE#         833
  C:24E6H         LINE#         834
  C:24E7H         LINE#         837
  C:24EAH         LINE#         838
  C:24EBH         LINE#         839
  C:24ECH         LINE#         860
  C:24EFH         LINE#         861
  C:24F1H         LINE#         862
  C:24F2H         LINE#         865
  C:24F5H         LINE#         866
  C:24F7H         LINE#         867
  C:24F8H         LINE#         870
  C:24FBH         LINE#         871
  C:24FDH         LINE#         872
  C:24FEH         LINE#         875
  C:2501H         LINE#         876
  C:2503H         LINE#         877
  C:2504H         LINE#         884
  C:2507H         LINE#         885
  C:2509H         LINE#         886
  C:250AH         LINE#         889
  C:250DH         LINE#         890
  C:250EH         LINE#         891
  C:250FH         LINE#         894
  C:2512H         LINE#         895
  C:2514H         LINE#         896
  C:2515H         LINE#         899
BL51 BANKED LINKER/LOCATER V6.22                                                      10/27/2018  14:10:04  PAGE 15


  C:2518H         LINE#         900
  C:2519H         LINE#         901
  C:251AH         LINE#         904
  C:251DH         LINE#         905
  C:251FH         LINE#         906
  C:2520H         LINE#         909
  C:2523H         LINE#         910
  C:2524H         LINE#         911
  C:2525H         LINE#         914
  C:2528H         LINE#         915
  C:252AH         LINE#         916
  C:252BH         LINE#         919
  C:252EH         LINE#         920
  C:252FH         LINE#         921
  C:2530H         LINE#         924
  C:2533H         LINE#         925
  C:2535H         LINE#         926
  C:2536H         LINE#         929
  C:2539H         LINE#         930
  C:253AH         LINE#         931
  C:253BH         LINE#         934
  C:253EH         LINE#         935
  C:2540H         LINE#         936
  C:2541H         LINE#         939
  C:2544H         LINE#         940
  C:2545H         LINE#         941
  C:2546H         LINE#         944
  C:2549H         LINE#         945
  C:254BH         LINE#         946
  C:254CH         LINE#         949
  C:254FH         LINE#         950
  C:2550H         LINE#         951
  C:2551H         LINE#         954
  C:2554H         LINE#         955
  C:2556H         LINE#         956
  C:2557H         LINE#         959
  C:255AH         LINE#         960
  C:255BH         LINE#         961
  C:255CH         LINE#         970
  C:255FH         LINE#         971
  C:2560H         LINE#         972
  C:2561H         LINE#         975
  C:2564H         LINE#         976
  C:2565H         LINE#         977
  C:2566H         LINE#         980
  C:2569H         LINE#         981
  C:256AH         LINE#         982
  C:256BH         LINE#         985
  C:256EH         LINE#         986
  C:256FH         LINE#         987
  C:2570H         LINE#         990
  C:2573H         LINE#         991
  C:2574H         LINE#         992
  C:2575H         LINE#         995
  C:2578H         LINE#         996
  C:2579H         LINE#         997
  C:257AH         LINE#         1000
BL51 BANKED LINKER/LOCATER V6.22                                                      10/27/2018  14:10:04  PAGE 16


  C:257DH         LINE#         1001
  C:257EH         LINE#         1002
  C:257FH         LINE#         1005
  C:2582H         LINE#         1006
  C:2583H         LINE#         1007
  C:2584H         LINE#         1041
  C:2587H         LINE#         1042
  C:2589H         LINE#         1043
  C:258AH         LINE#         1046
  C:258DH         LINE#         1047
  C:258FH         LINE#         1048
  C:2590H         LINE#         1051
  C:2593H         LINE#         1052
  C:2594H         LINE#         1053
  C:2595H         LINE#         1056
  C:2598H         LINE#         1057
  C:2599H         LINE#         1058
  C:259AH         LINE#         1061
  C:259DH         LINE#         1062
  C:259EH         LINE#         1063
  C:259FH         LINE#         1066
  C:25A2H         LINE#         1067
  C:25A3H         LINE#         1068
  C:25A4H         LINE#         1071
  C:25A7H         LINE#         1072
  C:25A8H         LINE#         1073
  C:25A9H         LINE#         1076
  C:25ACH         LINE#         1077
  C:25ADH         LINE#         1078
  C:25AEH         LINE#         1081
  C:25B1H         LINE#         1082
  C:25B3H         LINE#         1083
  C:25B4H         LINE#         1086
  C:25B7H         LINE#         1087
  C:25B9H         LINE#         1088
  C:25BAH         LINE#         1091
  C:25BDH         LINE#         1092
  C:25BEH         LINE#         1093
  C:25BFH         LINE#         1096
  C:25C2H         LINE#         1097
  C:25C3H         LINE#         1098
  C:25C4H         LINE#         1101
  C:25C7H         LINE#         1102
  C:25C8H         LINE#         1103
  C:25C9H         LINE#         1106
  C:25CCH         LINE#         1107
  C:25CDH         LINE#         1108
  C:25CEH         LINE#         1112
  C:25D1H         LINE#         1115
  C:25D4H         LINE#         1118
  C:25D7H         LINE#         1121
  C:25DAH         LINE#         1124
  C:25DDH         LINE#         1127
  C:25E0H         LINE#         1130
  C:25E3H         LINE#         1133
  C:25E6H         LINE#         1146
  C:25E9H         LINE#         1149
BL51 BANKED LINKER/LOCATER V6.22                                                      10/27/2018  14:10:04  PAGE 17


  C:25ECH         LINE#         1154
  C:25EFH         LINE#         1157
  C:25F2H         LINE#         1162
  C:25F5H         LINE#         1165
  C:25F8H         LINE#         1170
  C:25FBH         LINE#         1173
  C:25FEH         LINE#         1213
  C:2601H         LINE#         1214
  C:2602H         LINE#         1215
  C:2603H         LINE#         1216
  C:2604H         LINE#         1217
  C:2606H         LINE#         1218
  C:2607H         LINE#         1219
  C:2608H         LINE#         1220
  C:2609H         LINE#         1224
  C:260CH         LINE#         1227
  C:260EH         LINE#         1230
  C:2610H         LINE#         1235
  C:277FH         LINE#         1251
  C:2782H         LINE#         1252
  C:2783H         LINE#         1253
  C:2784H         LINE#         1254
  C:2785H         LINE#         1255
  C:2787H         LINE#         1256
  C:2788H         LINE#         1257
  C:2789H         LINE#         1258
  C:278BH         LINE#         1259
  C:278CH         LINE#         1260
  C:278DH         LINE#         1261
  C:278EH         LINE#         1264
  C:2791H         LINE#         1265
  C:2792H         LINE#         1266
  C:2793H         LINE#         1267
  C:2794H         LINE#         1268
  C:2796H         LINE#         1269
  C:2797H         LINE#         1270
  C:2798H         LINE#         1271
  C:279AH         LINE#         1272
  C:279BH         LINE#         1273
  C:279CH         LINE#         1274
  C:279DH         LINE#         1277
  C:27A0H         LINE#         1278
  C:27A1H         LINE#         1279
  C:27A2H         LINE#         1280
  C:27A3H         LINE#         1281
  C:27A5H         LINE#         1282
  C:27A6H         LINE#         1283
  C:27A7H         LINE#         1284
  C:27A9H         LINE#         1285
  C:27AAH         LINE#         1286
  C:27ABH         LINE#         1287
  C:27ACH         LINE#         1290
  C:27AFH         LINE#         1291
  C:27B0H         LINE#         1292
  C:27B1H         LINE#         1293
  C:27B2H         LINE#         1294
  C:27B4H         LINE#         1295
BL51 BANKED LINKER/LOCATER V6.22                                                      10/27/2018  14:10:04  PAGE 18


  C:27B5H         LINE#         1296
  C:27B6H         LINE#         1297
  C:27B8H         LINE#         1298
  C:27B9H         LINE#         1299
  C:27BAH         LINE#         1300
  C:27BBH         LINE#         1306
  C:27BEH         LINE#         1307
  C:27BFH         LINE#         1308
  C:27C0H         LINE#         1309
  C:27C1H         LINE#         1310
  C:27C3H         LINE#         1311
  C:27C4H         LINE#         1312
  C:27C5H         LINE#         1313
  C:27C7H         LINE#         1314
  C:27C8H         LINE#         1315
  C:27C9H         LINE#         1316
  C:27CAH         LINE#         1319
  C:27CDH         LINE#         1320
  C:27CEH         LINE#         1321
  C:27CFH         LINE#         1322
  C:27D0H         LINE#         1323
  C:27D2H         LINE#         1324
  C:27D3H         LINE#         1325
  C:27D4H         LINE#         1326
  C:27D6H         LINE#         1327
  C:27D7H         LINE#         1328
  C:27D8H         LINE#         1329
  C:27D9H         LINE#         1332
  C:27DCH         LINE#         1333
  C:27DDH         LINE#         1334
  C:27DEH         LINE#         1335
  C:27DFH         LINE#         1336
  C:27E1H         LINE#         1337
  C:27E2H         LINE#         1338
  C:27E3H         LINE#         1339
  C:27E5H         LINE#         1340
  C:27E6H         LINE#         1341
  C:27E7H         LINE#         1342
  C:27E8H         LINE#         1345
  C:27EBH         LINE#         1346
  C:27ECH         LINE#         1347
  C:27EDH         LINE#         1348
  C:27EEH         LINE#         1349
  C:27F0H         LINE#         1350
  C:27F1H         LINE#         1351
  C:27F2H         LINE#         1352
  C:27F3H         LINE#         1358
  C:27F6H         LINE#         1359
  C:27F7H         LINE#         1360
  C:27F8H         LINE#         1361
  C:27F9H         LINE#         1362
  C:27FBH         LINE#         1363
  C:27FCH         LINE#         1364
  C:27FDH         LINE#         1365
  C:27FEH         LINE#         1368
  C:2801H         LINE#         1369
  C:2802H         LINE#         1370
BL51 BANKED LINKER/LOCATER V6.22                                                      10/27/2018  14:10:04  PAGE 19


  C:2803H         LINE#         1371
  C:2804H         LINE#         1372
  C:2806H         LINE#         1373
  C:2807H         LINE#         1374
  C:2808H         LINE#         1375
  C:2809H         LINE#         1378
  C:280CH         LINE#         1379
  C:280DH         LINE#         1380
  C:280EH         LINE#         1381
  C:280FH         LINE#         1382
  C:2811H         LINE#         1383
  C:2812H         LINE#         1384
  C:2813H         LINE#         1385
  C:2814H         LINE#         1388
  C:2817H         LINE#         1389
  C:2818H         LINE#         1390
  C:2819H         LINE#         1391
  C:281AH         LINE#         1392
  C:281CH         LINE#         1393
  C:281DH         LINE#         1394
  C:281EH         LINE#         1395
  C:281FH         LINE#         1400
  C:2822H         LINE#         1401
  C:2823H         LINE#         1402
  C:2824H         LINE#         1403
  C:2825H         LINE#         1404
  C:2827H         LINE#         1405
  C:2828H         LINE#         1406
  C:2829H         LINE#         1407
  C:282AH         LINE#         1410
  C:282DH         LINE#         1411
  C:282EH         LINE#         1412
  C:282FH         LINE#         1413
  C:2830H         LINE#         1414
  C:2832H         LINE#         1415
  C:2833H         LINE#         1416
  C:2834H         LINE#         1417
  C:2835H         LINE#         1420
  C:2838H         LINE#         1421
  C:2839H         LINE#         1422
  C:283AH         LINE#         1423
  C:283BH         LINE#         1424
  C:283DH         LINE#         1425
  C:283EH         LINE#         1426
  C:283FH         LINE#         1427
  C:2840H         LINE#         1430
  C:2843H         LINE#         1431
  C:2844H         LINE#         1432
  C:2845H         LINE#         1433
  C:2846H         LINE#         1434
  C:2848H         LINE#         1435
  C:2849H         LINE#         1436
  C:284AH         LINE#         1437
  C:284BH         LINE#         1442
  C:284EH         LINE#         1443
  C:284FH         LINE#         1444
  C:2850H         LINE#         1445
BL51 BANKED LINKER/LOCATER V6.22                                                      10/27/2018  14:10:04  PAGE 20


  C:2851H         LINE#         1446
  C:2853H         LINE#         1447
  C:2854H         LINE#         1448
  C:2855H         LINE#         1449
  C:2856H         LINE#         1452
  C:2859H         LINE#         1453
  C:285AH         LINE#         1454
  C:285BH         LINE#         1455
  C:285CH         LINE#         1456
  C:285EH         LINE#         1457
  C:285FH         LINE#         1458
  C:2860H         LINE#         1459
  C:2861H         LINE#         1462
  C:2864H         LINE#         1463
  C:2865H         LINE#         1464
  C:2866H         LINE#         1465
  C:2867H         LINE#         1466
  C:2869H         LINE#         1467
  C:286AH         LINE#         1468
  C:286BH         LINE#         1469
  C:286CH         LINE#         1472
  C:286FH         LINE#         1473
  C:2870H         LINE#         1474
  C:2871H         LINE#         1475
  C:2872H         LINE#         1476
  C:2874H         LINE#         1477
  C:2875H         LINE#         1478
  C:2876H         LINE#         1479
  C:2877H         LINE#         1483
  C:287AH         LINE#         1484
  C:287BH         LINE#         1485
  C:287CH         LINE#         1486
  C:287DH         LINE#         1487
  C:287FH         LINE#         1488
  C:2880H         LINE#         1489
  C:2881H         LINE#         1490
  C:2882H         LINE#         1494
  C:2884H         LINE#         1497
  C:2886H         LINE#         1500
  C:2888H         LINE#         1503
  C:288AH         LINE#         1507
  C:33DAH         LINE#         1523
  C:33DDH         LINE#         1526
  C:33DFH         LINE#         1529
  C:33E1H         LINE#         1532
  C:33E4H         LINE#         1533
  C:33E5H         LINE#         1534
  C:33E6H         LINE#         1535
  C:33E7H         LINE#         1536
  C:33E9H         LINE#         1537
  C:33EAH         LINE#         1538
  C:33EBH         LINE#         1539
  C:33ECH         LINE#         1542
  C:33EFH         LINE#         1543
  C:33F0H         LINE#         1544
  C:33F1H         LINE#         1545
  C:33F2H         LINE#         1546
BL51 BANKED LINKER/LOCATER V6.22                                                      10/27/2018  14:10:04  PAGE 21


  C:33F4H         LINE#         1547
  C:33F5H         LINE#         1548
  C:33F6H         LINE#         1549
  C:33F7H         LINE#         1553
  C:2611H         LINE#         1568
  C:2614H         LINE#         1569
  C:2615H         LINE#         1570
  C:2616H         LINE#         1573
  C:2619H         LINE#         1574
  C:261AH         LINE#         1575
  C:261BH         LINE#         1578
  C:261EH         LINE#         1579
  C:261FH         LINE#         1580
  C:2620H         LINE#         1583
  C:2623H         LINE#         1584
  C:2625H         LINE#         1585
  C:2626H         LINE#         1588
  C:2629H         LINE#         1589
  C:262AH         LINE#         1590
  C:262BH         LINE#         1593
  C:262EH         LINE#         1594
  C:262FH         LINE#         1595
  C:2630H         LINE#         1599
  C:2633H         LINE#         1600
  C:2634H         LINE#         1601
  C:2635H         LINE#         1604
  C:2638H         LINE#         1605
  C:2639H         LINE#         1606
  C:263AH         LINE#         1609
  C:263DH         LINE#         1610
  C:263EH         LINE#         1611
  C:263FH         LINE#         1614
  C:2642H         LINE#         1615
  C:2644H         LINE#         1616
  C:2645H         LINE#         1619
  C:2648H         LINE#         1620
  C:2649H         LINE#         1621
  C:264AH         LINE#         1624
  C:264DH         LINE#         1625
  C:264EH         LINE#         1626
  C:264FH         LINE#         1630
  C:2652H         LINE#         1631
  C:2653H         LINE#         1632
  C:2654H         LINE#         1635
  C:2657H         LINE#         1636
  C:2658H         LINE#         1637
  C:2659H         LINE#         1640
  C:265CH         LINE#         1641
  C:265DH         LINE#         1642
  C:265EH         LINE#         1645
  C:2661H         LINE#         1646
  C:2663H         LINE#         1647
  C:2664H         LINE#         1650
  C:2667H         LINE#         1651
  C:2668H         LINE#         1652
  C:2669H         LINE#         1655
  C:266CH         LINE#         1656
BL51 BANKED LINKER/LOCATER V6.22                                                      10/27/2018  14:10:04  PAGE 22


  C:266DH         LINE#         1657
  C:266EH         LINE#         1663
  C:2671H         LINE#         1664
  C:2672H         LINE#         1665
  C:2673H         LINE#         1666
  C:2674H         LINE#         1667
  C:2676H         LINE#         1668
  C:2677H         LINE#         1669
  C:2678H         LINE#         1670
  C:2679H         LINE#         1673
  C:267CH         LINE#         1674
  C:267DH         LINE#         1675
  C:267EH         LINE#         1676
  C:267FH         LINE#         1677
  C:2681H         LINE#         1678
  C:2682H         LINE#         1679
  C:2683H         LINE#         1680
  C:2684H         LINE#         1683
  C:2687H         LINE#         1684
  C:2688H         LINE#         1685
  C:2689H         LINE#         1686
  C:268AH         LINE#         1687
  C:268CH         LINE#         1688
  C:268DH         LINE#         1689
  C:268EH         LINE#         1690
  C:268FH         LINE#         1693
  C:2692H         LINE#         1694
  C:2693H         LINE#         1695
  C:2694H         LINE#         1696
  C:2695H         LINE#         1697
  C:2697H         LINE#         1698
  C:2698H         LINE#         1699
  C:2699H         LINE#         1700
  C:269AH         LINE#         1710
  C:269DH         LINE#         1711
  C:269EH         LINE#         1712
  C:269FH         LINE#         1713
  C:26A0H         LINE#         1714
  C:26A2H         LINE#         1715
  C:26A3H         LINE#         1716
  C:26A4H         LINE#         1717
  C:26A6H         LINE#         1718
  C:26A7H         LINE#         1719
  C:26A8H         LINE#         1720
  C:26A9H         LINE#         1721
  C:26ACH         LINE#         1722
  C:26ADH         LINE#         1723
  C:26AEH         LINE#         1724
  C:26AFH         LINE#         1725
  C:26B1H         LINE#         1726
  C:26B2H         LINE#         1727
  C:26B3H         LINE#         1728
  C:26B4H         LINE#         1729
  C:26B7H         LINE#         1730
  C:26B8H         LINE#         1731
  C:26B9H         LINE#         1732
  C:26BAH         LINE#         1733
BL51 BANKED LINKER/LOCATER V6.22                                                      10/27/2018  14:10:04  PAGE 23


  C:26BCH         LINE#         1734
  C:26BDH         LINE#         1735
  C:26BEH         LINE#         1736
  C:26BFH         LINE#         1737
  C:26C2H         LINE#         1738
  C:26C3H         LINE#         1739
  C:26C4H         LINE#         1740
  C:26C5H         LINE#         1741
  C:26C7H         LINE#         1742
  C:26C8H         LINE#         1743
  C:26C9H         LINE#         1744
  C:26CAH         LINE#         1745
  C:26CDH         LINE#         1746
  C:26CEH         LINE#         1747
  C:26CFH         LINE#         1748
  C:26D0H         LINE#         1749
  C:26D2H         LINE#         1750
  C:26D3H         LINE#         1751
  C:26D4H         LINE#         1752
  C:26D5H         LINE#         1755
  C:26D8H         LINE#         1756
  C:26D9H         LINE#         1757
  C:26DAH         LINE#         1758
  C:26DBH         LINE#         1759
  C:26DDH         LINE#         1760
  C:26DEH         LINE#         1761
  C:26DFH         LINE#         1762
  C:26E1H         LINE#         1763
  C:26E2H         LINE#         1764
  C:26E3H         LINE#         1765
  C:26E4H         LINE#         1766
  C:26E7H         LINE#         1767
  C:26E8H         LINE#         1768
  C:26E9H         LINE#         1769
  C:26EAH         LINE#         1770
  C:26ECH         LINE#         1771
  C:26EDH         LINE#         1772
  C:26EEH         LINE#         1773
  C:26EFH         LINE#         1774
  C:26F2H         LINE#         1775
  C:26F3H         LINE#         1776
  C:26F4H         LINE#         1777
  C:26F5H         LINE#         1778
  C:26F7H         LINE#         1779
  C:26F8H         LINE#         1780
  C:26F9H         LINE#         1781
  C:26FAH         LINE#         1782
  C:26FDH         LINE#         1783
  C:26FEH         LINE#         1784
  C:26FFH         LINE#         1785
  C:2700H         LINE#         1786
  C:2702H         LINE#         1787
  C:2703H         LINE#         1788
  C:2704H         LINE#         1789
  C:2705H         LINE#         1790
  C:2708H         LINE#         1791
  C:2709H         LINE#         1792
BL51 BANKED LINKER/LOCATER V6.22                                                      10/27/2018  14:10:04  PAGE 24


  C:270AH         LINE#         1793
  C:270BH         LINE#         1794
  C:270DH         LINE#         1795
  C:270EH         LINE#         1796
  C:270FH         LINE#         1797
  C:2710H         LINE#         1800
  C:2713H         LINE#         1801
  C:2714H         LINE#         1802
  C:2715H         LINE#         1803
  C:2716H         LINE#         1804
  C:2718H         LINE#         1805
  C:2719H         LINE#         1806
  C:271AH         LINE#         1807
  C:271BH         LINE#         1808
  C:271EH         LINE#         1809
  C:271FH         LINE#         1810
  C:2720H         LINE#         1811
  C:2721H         LINE#         1812
  C:2723H         LINE#         1813
  C:2724H         LINE#         1814
  C:2725H         LINE#         1815
  C:2726H         LINE#         1816
  C:2729H         LINE#         1817
  C:272AH         LINE#         1818
  C:272BH         LINE#         1819
  C:272CH         LINE#         1820
  C:272EH         LINE#         1821
  C:272FH         LINE#         1822
  C:2730H         LINE#         1823
  C:2731H         LINE#         1824
  C:2734H         LINE#         1825
  C:2735H         LINE#         1826
  C:2736H         LINE#         1827
  C:2737H         LINE#         1828
  C:2739H         LINE#         1829
  C:273AH         LINE#         1830
  C:273BH         LINE#         1831
  C:273CH         LINE#         1832
  C:273FH         LINE#         1833
  C:2740H         LINE#         1834
  C:2741H         LINE#         1835
  C:2742H         LINE#         1836
  C:2744H         LINE#         1837
  C:2745H         LINE#         1838
  C:2746H         LINE#         1839
  C:2747H         LINE#         1842
  C:274AH         LINE#         1843
  C:274BH         LINE#         1844
  C:274CH         LINE#         1845
  C:274DH         LINE#         1846
  C:274FH         LINE#         1847
  C:2750H         LINE#         1848
  C:2751H         LINE#         1849
  C:2752H         LINE#         1850
  C:2755H         LINE#         1851
  C:2756H         LINE#         1852
  C:2757H         LINE#         1853
BL51 BANKED LINKER/LOCATER V6.22                                                      10/27/2018  14:10:04  PAGE 25


  C:2758H         LINE#         1854
  C:275AH         LINE#         1855
  C:275BH         LINE#         1856
  C:275CH         LINE#         1857
  C:275DH         LINE#         1858
  C:2760H         LINE#         1859
  C:2761H         LINE#         1860
  C:2762H         LINE#         1861
  C:2763H         LINE#         1862
  C:2765H         LINE#         1863
  C:2766H         LINE#         1864
  C:2767H         LINE#         1865
  C:2768H         LINE#         1866
  C:276BH         LINE#         1867
  C:276CH         LINE#         1868
  C:276DH         LINE#         1869
  C:276EH         LINE#         1870
  C:2770H         LINE#         1871
  C:2771H         LINE#         1872
  C:2772H         LINE#         1873
  C:2773H         LINE#         1874
  C:2776H         LINE#         1875
  C:2777H         LINE#         1876
  C:2778H         LINE#         1877
  C:2779H         LINE#         1878
  C:277BH         LINE#         1879
  C:277CH         LINE#         1880
  C:277DH         LINE#         1881
  C:277EH         LINE#         1886
  C:3398H         LINE#         1899
  C:339BH         LINE#         1900
  C:339DH         LINE#         1901
  C:339EH         LINE#         1904
  C:33A1H         LINE#         1905
  C:33A2H         LINE#         1906
  C:33A3H         LINE#         1909
  C:33A6H         LINE#         1912
  C:33A9H         LINE#         1915
  C:33ACH         LINE#         1919
  C:33AFH         LINE#         1922
  C:33B2H         LINE#         1927
  C:33B4H         LINE#         1930
  C:33B6H         LINE#         1933
  C:33B8H         LINE#         1936
  C:33BAH         LINE#         1940
  C:3070H         LINE#         1954
  C:3073H         LINE#         1955
  C:3074H         LINE#         1956
  C:3075H         LINE#         1959
  C:3078H         LINE#         1960
  C:3079H         LINE#         1961
  C:307AH         LINE#         1962
  C:307BH         LINE#         1963
  C:307DH         LINE#         1964
  C:307EH         LINE#         1967
  C:3081H         LINE#         1968
  C:3082H         LINE#         1969
BL51 BANKED LINKER/LOCATER V6.22                                                      10/27/2018  14:10:04  PAGE 26


  C:3083H         LINE#         1970
  C:3084H         LINE#         1971
  C:3086H         LINE#         1972
  C:3087H         LINE#         1973
  C:3088H         LINE#         1974
  C:3089H         LINE#         1977
  C:308CH         LINE#         1978
  C:308DH         LINE#         1979
  C:308EH         LINE#         1980
  C:308FH         LINE#         1981
  C:3091H         LINE#         1982
  C:3092H         LINE#         1983
  C:3093H         LINE#         1984
  C:3094H         LINE#         1988
  C:3097H         LINE#         1989
  C:3098H         LINE#         1990
  C:3099H         LINE#         1991
  C:309AH         LINE#         1992
  C:309CH         LINE#         1993
  C:309DH         LINE#         1994
  C:309EH         LINE#         1995
  C:309FH         LINE#         1998
  C:30A2H         LINE#         1999
  C:30A3H         LINE#         2000
  C:30A4H         LINE#         2001
  C:30A5H         LINE#         2002
  C:30A7H         LINE#         2003
  C:30A8H         LINE#         2004
  C:30A9H         LINE#         2005
  C:30AAH         LINE#         2008
  C:30ADH         LINE#         2009
  C:30AEH         LINE#         2010
  C:30AFH         LINE#         2011
  C:30B0H         LINE#         2012
  C:30B2H         LINE#         2013
  C:30B3H         LINE#         2014
  C:30B4H         LINE#         2015
  C:30B5H         LINE#         2018
  C:30B8H         LINE#         2019
  C:30B9H         LINE#         2020
  C:30BAH         LINE#         2021
  C:30BBH         LINE#         2022
  C:30BDH         LINE#         2023
  C:30BEH         LINE#         2024
  C:30BFH         LINE#         2025
  C:30C0H         LINE#         2028
  C:30C2H         LINE#         2031
  C:30C4H         LINE#         2035
  C:3317H         LINE#         2049
  C:331AH         LINE#         2050
  C:331BH         LINE#         2051
  C:331CH         LINE#         2054
  C:331FH         LINE#         2055
  C:3321H         LINE#         2056
  C:3322H         LINE#         2057
  C:3323H         LINE#         2058
  C:3325H         LINE#         2059
BL51 BANKED LINKER/LOCATER V6.22                                                      10/27/2018  14:10:04  PAGE 27


  C:3326H         LINE#         2063
  C:3329H         LINE#         2064
  C:332AH         LINE#         2065
  C:332BH         LINE#         2066
  C:332CH         LINE#         2067
  C:332EH         LINE#         2068
  C:332FH         LINE#         2069
  C:3330H         LINE#         2070
  C:3331H         LINE#         2073
  C:3334H         LINE#         2074
  C:3335H         LINE#         2075
  C:3336H         LINE#         2076
  C:3337H         LINE#         2077
  C:3339H         LINE#         2078
  C:333AH         LINE#         2079
  C:333BH         LINE#         2080
  C:333CH         LINE#         2083
  C:333FH         LINE#         2086
  C:3341H         LINE#         2089
  C:3343H         LINE#         2093
  C:32ABH         LINE#         2106
  C:32AEH         LINE#         2107
  C:32AFH         LINE#         2108
  C:32B0H         LINE#         2111
  C:32B3H         LINE#         2112
  C:32B5H         LINE#         2113
  C:32B6H         LINE#         2114
  C:32B7H         LINE#         2115
  C:32B9H         LINE#         2116
  C:32BAH         LINE#         2120
  C:32BDH         LINE#         2121
  C:32BEH         LINE#         2122
  C:32BFH         LINE#         2123
  C:32C0H         LINE#         2124
  C:32C2H         LINE#         2125
  C:32C3H         LINE#         2126
  C:32C4H         LINE#         2127
  C:32C5H         LINE#         2130
  C:32C8H         LINE#         2131
  C:32C9H         LINE#         2132
  C:32CAH         LINE#         2133
  C:32CBH         LINE#         2134
  C:32CDH         LINE#         2135
  C:32CEH         LINE#         2136
  C:32CFH         LINE#         2137
  C:32D0H         LINE#         2140
  C:32D3H         LINE#         2141
  C:32D4H         LINE#         2142
  C:32D5H         LINE#         2143
  C:32D6H         LINE#         2144
  C:32D8H         LINE#         2145
  C:32D9H         LINE#         2146
  C:32DAH         LINE#         2147
  C:32DBH         LINE#         2152
  C:32DDH         LINE#         2155
  C:32DFH         LINE#         2158
  C:32E1H         LINE#         2162
BL51 BANKED LINKER/LOCATER V6.22                                                      10/27/2018  14:10:04  PAGE 28


  C:32E2H         LINE#         2175
  C:32E5H         LINE#         2176
  C:32E6H         LINE#         2177
  C:32E7H         LINE#         2180
  C:32EAH         LINE#         2181
  C:32ECH         LINE#         2182
  C:32EDH         LINE#         2183
  C:32EEH         LINE#         2184
  C:32F0H         LINE#         2185
  C:32F1H         LINE#         2189
  C:32F4H         LINE#         2190
  C:32F5H         LINE#         2191
  C:32F6H         LINE#         2192
  C:32F7H         LINE#         2193
  C:32F9H         LINE#         2194
  C:32FAH         LINE#         2195
  C:32FBH         LINE#         2196
  C:32FCH         LINE#         2199
  C:32FFH         LINE#         2200
  C:3300H         LINE#         2201
  C:3301H         LINE#         2202
  C:3302H         LINE#         2203
  C:3304H         LINE#         2204
  C:3305H         LINE#         2205
  C:3306H         LINE#         2206
  C:3307H         LINE#         2209
  C:330AH         LINE#         2210
  C:330BH         LINE#         2211
  C:330CH         LINE#         2212
  C:330DH         LINE#         2213
  C:330FH         LINE#         2214
  C:3310H         LINE#         2215
  C:3311H         LINE#         2216
  C:3312H         LINE#         2222
  C:3314H         LINE#         2225
  C:3316H         LINE#         2229
  C:30C5H         LINE#         2242
  C:30C8H         LINE#         2243
  C:30CAH         LINE#         2244
  C:30CBH         LINE#         2247
  C:30CCH         LINE#         2249
  C:30CDH         LINE#         2251
  C:30CEH         LINE#         2253
  C:30CFH         LINE#         2255
  C:30D0H         LINE#         2257
  C:30D1H         LINE#         2259
  C:30D2H         LINE#         2261
  C:30D3H         LINE#         2263
  C:30D4H         LINE#         2265
  C:30D5H         LINE#         2267
  C:30D6H         LINE#         2269
  C:30D7H         LINE#         2271
  C:30D8H         LINE#         2273
  C:30D9H         LINE#         2275
  C:30DAH         LINE#         2277
  C:30DBH         LINE#         2279
  C:30DCH         LINE#         2281
BL51 BANKED LINKER/LOCATER V6.22                                                      10/27/2018  14:10:04  PAGE 29


  C:30DDH         LINE#         2283
  C:30DEH         LINE#         2285
  C:30DFH         LINE#         2287
  C:30E0H         LINE#         2289
  C:30E1H         LINE#         2291
  C:30E2H         LINE#         2293
  C:30E3H         LINE#         2295
  C:30E4H         LINE#         2297
  C:30E5H         LINE#         2299
  C:30E6H         LINE#         2301
  C:30E7H         LINE#         2303
  C:30E8H         LINE#         2305
  C:30E9H         LINE#         2307
  C:30EAH         LINE#         2309
  C:30EBH         LINE#         2311
  C:30ECH         LINE#         2316
  C:30EFH         LINE#         2317
  C:30F1H         LINE#         2318
  C:30F2H         LINE#         2321
  C:30F5H         LINE#         2322
  C:30F6H         LINE#         2323
  C:30F7H         LINE#         2327
  C:30F8H         LINE#         2329
  C:30F9H         LINE#         2331
  C:30FAH         LINE#         2333
  C:30FBH         LINE#         2335
  C:30FCH         LINE#         2337
  C:30FDH         LINE#         2339
  C:30FEH         LINE#         2341
  C:30FFH         LINE#         2343
  C:3100H         LINE#         2345
  C:3101H         LINE#         2347
  C:3102H         LINE#         2349
  C:3103H         LINE#         2351
  C:3104H         LINE#         2353
  C:3105H         LINE#         2355
  C:3106H         LINE#         2357
  C:3107H         LINE#         2359
  C:3108H         LINE#         2361
  C:3109H         LINE#         2363
  C:310AH         LINE#         2365
  C:310BH         LINE#         2367
  C:310CH         LINE#         2369
  C:310DH         LINE#         2371
  C:310EH         LINE#         2373
  C:310FH         LINE#         2375
  C:3110H         LINE#         2377
  C:3111H         LINE#         2379
  C:3112H         LINE#         2381
  C:3113H         LINE#         2383
  C:3114H         LINE#         2385
  C:3115H         LINE#         2387
  C:3116H         LINE#         2389
  C:3117H         LINE#         2394
  C:3412H         LINE#         2411
  C:3415H         LINE#         2414
  C:3418H         LINE#         2419
BL51 BANKED LINKER/LOCATER V6.22                                                      10/27/2018  14:10:04  PAGE 30


  C:341BH         LINE#         2422
  C:341EH         LINE#         2426
  C:345AH         LINE#         2439
  C:345DH         LINE#         2443
  C:3460H         LINE#         2446
  C:3463H         LINE#         2450
  -------         ENDMOD        INITIAL

  -------         MODULE        INTERRUPT
  C:0000H         SYMBOL        _ICE_DUMMY_
  C:2AA1H         PUBLIC        Comp234Interrupt
  D:0080H         PUBLIC        P0
  D:0090H         PUBLIC        P1
  D:00A0H         PUBLIC        P2
  D:00B0H         PUBLIC        P3
  C:3371H         PUBLIC        TIMER0Interrupt
  C:2006H         PUBLIC        TIMER1Interrupt
  C:288BH         PUBLIC        TIMER3Interrupt
  C:2E8DH         PUBLIC        TIMER4Interrupt
  C:2D34H         PUBLIC        TIMER5Interrupt
  D:00A8H         PUBLIC        IEN0
  C:2A0EH         PUBLIC        TIMER6Interrupt
  D:00B8H         PUBLIC        IEN1
  C:297AH         PUBLIC        EXT1234Interrupt
  B:00C0H.0       PUBLIC        IADC
  C:2BC3H         PUBLIC        I2CInterrupt
  C:31F5H         PUBLIC        Comp1Interrupt
  B:00C0H.1       PUBLIC        IEX2
  B:00C0H.2       PUBLIC        IEX3
  B:00C0H.3       PUBLIC        IEX4
  B:00C0H.4       PUBLIC        IEX5
  C:3273H         PUBLIC        ADCInterrupt
  B:00C0H.5       PUBLIC        IEX6
  C:3015H         PUBLIC        LDV33Interrupt
  C:2FBAH         PUBLIC        LDV18Interrupt
  C:2CB9H         PUBLIC        eFlashInterrupt
  B:0080H.4       PUBLIC        P04
  D:0088H         PUBLIC        TCON
  B:0090H.5       PUBLIC        P15
  B:00A0H.6       PUBLIC        P26
  C:2F5FH         PUBLIC        RTCInterrupt
  B:0088H.1       PUBLIC        IE0
  B:0088H.3       PUBLIC        IE1
  C:2C3EH         PUBLIC        SPIInterrupt
  C:3445H         PUBLIC        UART1Interrupt
  C:206EH         PUBLIC        UART2Interrupt
  C:2DABH         PUBLIC        ePWM123Interrupt
  D:0093H         PUBLIC        BPCTRL
  B:0088H.5       PUBLIC        TF0
  B:0098H.0       PUBLIC        RI0
  B:0088H.7       PUBLIC        TF1
  B:0098H.1       PUBLIC        TI0
  D:00F9H         PUBLIC        INT_REG1
  D:00FAH         PUBLIC        INT_REG2
  D:00FDH         PUBLIC        INT_REG3
  D:00FEH         PUBLIC        INT_REG4
  C:2EFDH         PUBLIC        ePWM4Interrupt
BL51 BANKED LINKER/LOCATER V6.22                                                      10/27/2018  14:10:04  PAGE 31


  D:0098H         PUBLIC        S0CON
  D:009BH         PUBLIC        S1CON
  D:00C8H         PUBLIC        T2CON
  D:00D8H         PUBLIC        WDCON
  D:00C0H         PUBLIC        IRCON
  -------         PROC          EXT1234INTERRUPT
  C:297AH         LINE#         37
  C:2983H         LINE#         40
  C:2992H         LINE#         41
  C:2992H         LINE#         43
  C:2995H         LINE#         44
  C:2995H         LINE#         47
  C:29A4H         LINE#         48
  C:29A4H         LINE#         49
  C:29A6H         LINE#         50
  C:29A9H         LINE#         51
  C:29A9H         LINE#         54
  C:29B8H         LINE#         55
  C:29B8H         LINE#         56
  C:29BBH         LINE#         57
  C:29BBH         LINE#         60
  C:29CAH         LINE#         61
  C:29CAH         LINE#         63
  C:29CDH         LINE#         64
  C:29CDH         LINE#         66
  C:2A05H         LINE#         67
  C:2A07H         LINE#         69
  -------         ENDPROC       EXT1234INTERRUPT
  -------         PROC          TIMER0INTERRUPT
  C:3371H         LINE#         80
  C:337EH         LINE#         83
  C:3380H         LINE#         84
  C:3382H         LINE#         87
  C:338DH         LINE#         91
  -------         ENDPROC       TIMER0INTERRUPT
  -------         PROC          TIMER1INTERRUPT
  C:2006H         LINE#         93
  C:2006H         LINE#         97
  C:2008H         LINE#         98
  -------         ENDPROC       TIMER1INTERRUPT
  -------         PROC          TIMER3INTERRUPT
  C:288BH         LINE#         100
  C:28A6H         LINE#         104
  C:28B7H         LINE#         105
  C:28B7H         LINE#         106
  C:28B9H         LINE#         107
  C:28C4H         LINE#         108
  C:28C4H         LINE#         110
  C:28D4H         LINE#         111
  C:28D4H         LINE#         112
  C:28DFH         LINE#         113
  C:28E2H         LINE#         114
  C:28E2H         LINE#         115
  C:28F5H         LINE#         116
  C:28F8H         LINE#         117
  C:28FAH         LINE#         119
  C:28FCH         LINE#         121
BL51 BANKED LINKER/LOCATER V6.22                                                      10/27/2018  14:10:04  PAGE 32


  C:28FCH         LINE#         123
  C:28FEH         LINE#         124
  C:2943H         LINE#         126
  C:2943H         LINE#         128
  C:2943H         LINE#         130
  C:295FH         LINE#         131
  C:2961H         LINE#         132
  -------         ENDPROC       TIMER3INTERRUPT
  -------         PROC          TIMER4INTERRUPT
  C:2E8DH         LINE#         134
  C:2E9AH         LINE#         139
  C:2EA5H         LINE#         141
  C:2EA8H         LINE#         144
  C:2EAAH         LINE#         146
  C:2EF0H         LINE#         147
  C:2EF2H         LINE#         151
  -------         ENDPROC       TIMER4INTERRUPT
  -------         PROC          TIMER5INTERRUPT
  C:2D34H         LINE#         153
  C:2D43H         LINE#         156
  C:2D4EH         LINE#         157
  C:2D59H         LINE#         160
  C:2D5BH         LINE#         161
  C:2D9CH         LINE#         162
  C:2D9EH         LINE#         165
  -------         ENDPROC       TIMER5INTERRUPT
  -------         PROC          TIMER6INTERRUPT
  C:2A0EH         LINE#         166
  C:2A1DH         LINE#         169
  C:2A28H         LINE#         170
  C:2A33H         LINE#         172
  C:2A90H         LINE#         173
  C:2A92H         LINE#         174
  C:2A94H         LINE#         176
  -------         ENDPROC       TIMER6INTERRUPT
  -------         PROC          EPWM123INTERRUPT
  C:2DABH         LINE#         183
  C:2DB4H         LINE#         185
  C:2DC3H         LINE#         186
  C:2DC3H         LINE#         190
  C:2DC6H         LINE#         191
  C:2DC6H         LINE#         194
  C:2DD5H         LINE#         195
  C:2DD5H         LINE#         201
  C:2DD8H         LINE#         202
  C:2DD8H         LINE#         205
  C:2DE7H         LINE#         206
  C:2DE7H         LINE#         208
  C:2DEAH         LINE#         209
  C:2DEAH         LINE#         211
  C:2E14H         LINE#         212
  C:2E16H         LINE#         214
  -------         ENDPROC       EPWM123INTERRUPT
  -------         PROC          EPWM4INTERRUPT
  C:2EFDH         LINE#         217
  C:2F0CH         LINE#         221
  C:2F0FH         LINE#         222
BL51 BANKED LINKER/LOCATER V6.22                                                      10/27/2018  14:10:04  PAGE 33


  C:2F50H         LINE#         223
  C:2F52H         LINE#         225
  -------         ENDPROC       EPWM4INTERRUPT
  -------         PROC          COMP1INTERRUPT
  C:31F5H         LINE#         233
  C:3202H         LINE#         239
  C:320DH         LINE#         241
  C:3229H         LINE#         242
  C:322BH         LINE#         243
  -------         ENDPROC       COMP1INTERRUPT
  -------         PROC          COMP234INTERRUPT
  C:2AA1H         LINE#         246
  C:2AAEH         LINE#         251
  C:2ABBH         LINE#         253
  C:2ABBH         LINE#         257
  C:2AC6H         LINE#         263
  C:2AC6H         LINE#         265
  C:2AD5H         LINE#         267
  C:2AD5H         LINE#         269
  C:2AE0H         LINE#         271
  C:2AE0H         LINE#         273
  C:2AF0H         LINE#         275
  C:2AF0H         LINE#         277
  C:2AFBH         LINE#         280
  C:2AFBH         LINE#         282
  C:2B27H         LINE#         283
  C:2B29H         LINE#         285
  -------         ENDPROC       COMP234INTERRUPT
  -------         PROC          I2CINTERRUPT
  C:2BC3H         LINE#         291
  C:2BD2H         LINE#         296
  C:2C2FH         LINE#         297
  C:2C31H         LINE#         298
  -------         ENDPROC       I2CINTERRUPT
  -------         PROC          SPIINTERRUPT
  C:2C3EH         LINE#         300
  C:2C4DH         LINE#         304
  C:2CAAH         LINE#         305
  C:2CACH         LINE#         306
  -------         ENDPROC       SPIINTERRUPT
  -------         PROC          EFLASHINTERRUPT
  C:2CB9H         LINE#         308
  C:2CC8H         LINE#         312
  C:2D25H         LINE#         313
  C:2D27H         LINE#         314
  -------         ENDPROC       EFLASHINTERRUPT
  -------         PROC          RTCINTERRUPT
  C:2F5FH         LINE#         319
  C:2F68H         LINE#         324
  C:2F6BH         LINE#         325
  C:2FB1H         LINE#         326
  C:2FB3H         LINE#         329
  -------         ENDPROC       RTCINTERRUPT
  -------         PROC          LDV18INTERRUPT
  C:2FBAH         LINE#         332
  C:2FC3H         LINE#         335
  C:2FC6H         LINE#         336
BL51 BANKED LINKER/LOCATER V6.22                                                      10/27/2018  14:10:04  PAGE 34


  C:300CH         LINE#         337
  C:300EH         LINE#         340
  -------         ENDPROC       LDV18INTERRUPT
  -------         PROC          LDV33INTERRUPT
  C:3015H         LINE#         342
  C:301EH         LINE#         345
  C:3021H         LINE#         347
  C:3067H         LINE#         348
  C:3069H         LINE#         350
  -------         ENDPROC       LDV33INTERRUPT
  -------         PROC          UART1INTERRUPT
  C:3445H         LINE#         359
  C:3445H         LINE#         360
  C:3445H         LINE#         361
  C:3448H         LINE#         362
  C:3448H         LINE#         363
  C:344AH         LINE#         364
  C:344AH         LINE#         366
  C:344DH         LINE#         367
  C:344DH         LINE#         368
  C:344FH         LINE#         369
  C:344FH         LINE#         370
  -------         ENDPROC       UART1INTERRUPT
  -------         PROC          UART2INTERRUPT
  C:206EH         LINE#         372
  C:2070H         LINE#         375
  C:2075H         LINE#         376
  C:2075H         LINE#         377
  C:2078H         LINE#         382
  C:2078H         LINE#         385
  C:207DH         LINE#         386
  C:207DH         LINE#         387
  C:2080H         LINE#         388
  C:2080H         LINE#         389
  -------         ENDPROC       UART2INTERRUPT
  -------         PROC          ADCINTERRUPT
  C:3273H         LINE#         391
  C:3280H         LINE#         395
  C:3289H         LINE#         396
  C:3289H         LINE#         397
  C:3294H         LINE#         398
  C:3296H         LINE#         399
  C:3296H         LINE#         401
  C:32A0H         LINE#         404
  -------         ENDPROC       ADCINTERRUPT
  -------         ENDMOD        INTERRUPT

  -------         MODULE        LIB
  C:3118H         SEGMENT       ?PR?_EE_WRITE?LIB
  D:0033H         SEGMENT       ?DT?_EE_WRITE?LIB
  C:3164H         SEGMENT       ?PR?_EE_READ?LIB
  D:001DH         SEGMENT       ?DT?_EE_READ?LIB
  C:2026H         SEGMENT       ?PR?_SIN?LIB
  D:0038H         SEGMENT       ?DT?_SIN?LIB
  C:3344H         SEGMENT       ?PR?_NORMALIZING_WRITE?LIB
  D:002BH         SEGMENT       ?DT?_NORMALIZING_WRITE?LIB
  C:341FH         SEGMENT       ?PR?NORMALIZING_READ?LIB
BL51 BANKED LINKER/LOCATER V6.22                                                      10/27/2018  14:10:04  PAGE 35


  D:003CH         SEGMENT       ?DT?NORMALIZING_READ?LIB
  C:208EH         SEGMENT       ?PR?NORMALIZING_TEST?LIB
  C:342CH         SEGMENT       ?C_INITSEG
  X:A000H         SEGMENT       ?XD?LIB
  D:0021H         SEGMENT       ?DT?LIB
  D:0033H         PUBLIC        ?_EE_WRITE?BYTE
  C:341FH         PUBLIC        NORMALIZING_READ
  C:208EH         PUBLIC        NORMALIZING_TEST
[...]
  C:236CH         PUBLIC        ?ISD?READSFR17
  C:237CH         PUBLIC        ?ISD?READSFR18
  C:222CH         PUBLIC        ?ISD?RESTART
  C:2224H         PUBLIC        ?ISD?SENDBYTE
  C:2195H         PUBLIC        ?ISD?SETHWBREAK
  N:00CDH         PUBLIC        ?ISD?VERSION
  C:2248H         PUBLIC        ?ISD?WRITESFR00
  C:224EH         PUBLIC        ?ISD?WRITESFR01
  C:2254H         PUBLIC        ?ISD?WRITESFR02
  C:2258H         PUBLIC        ?ISD?WRITESFR03
  C:23B7H         PUBLIC        _GETKEY
  D:001EH         PUBLIC        _ISD_CHAR
  C:23D7H         PUBLIC        _ISKEY
  C:238CH         PUBLIC        _PUTCHAR
  C:23F1H         PUBLIC        __ISD_INIT
  C:21EDH         SYMBOL        ?ISD?CMDLOOP2
  D:00E0H         SYMBOL        ACC
  D:008EH         SYMBOL        AUXR
  D:00F0H         SYMBOL        B
  D:0093H         SYMBOL        BPCTRL
  D:0095H         SYMBOL        BREAKH
  D:0094H         SYMBOL        BREAKL
  N:2000H         SYMBOL        BREAK_CODE
  N:E800H         SYMBOL        BREAK_XDATA
  C:2138H         SYMBOL        C1T3INTERRUPT
  C:21CBH         SYMBOL        CALLBREAK
  N:0010H         SYMBOL        CBLK
BL51 BANKED LINKER/LOCATER V6.22                                                      10/27/2018  14:10:04  PAGE 43


  C:2209H         SYMBOL        CHECKBREAK
  C:2215H         SYMBOL        CHECKBREAK1
  C:2202H         SYMBOL        CHECKBREAKS
  C:20F6H         SYMBOL        COMINTERRUPT
  D:0083H         SYMBOL        DPH
  D:0082H         SYMBOL        DPL
  B:00A8H.7       SYMBOL        EA
  C:211AH         SYMBOL        EFLASHINTERRUPT
  D:00C0H         SYMBOL        EICON
  C:2131H         SYMBOL        EPWM4INTERRUPT
  B:00A8H.4       SYMBOL        ES
  C:23D3H         SYMBOL        GK_CLRRI
  C:214FH         SYMBOL        HWBREAKENTRY
  C:217FH         SYMBOL        HWBREAKPOINT
  C:210CH         SYMBOL        I2CINTERRUPT
  D:00A8H         SYMBOL        IE
  C:23F0H         SYMBOL        IK_END
  C:23EFH         SYMBOL        IK_ON
  D:00F9H         SYMBOL        INT_REG1
  D:00FAH         SYMBOL        INT_REG2
  D:00FDH         SYMBOL        INT_REG3
  D:00FEH         SYMBOL        INT_REG4
  N:0000H         SYMBOL        ISD51_CONFIGURATION
  C:2171H         SYMBOL        LDV18INTERRUPT
  C:2178H         SYMBOL        LDV33INTERRUPT
  D:0096H         SYMBOL        MEMCTRL
  C:21C9H         SYMBOL        NOSERBREAK
  D:0080H         SYMBOL        P0
  D:0090H         SYMBOL        P1
  D:00A0H         SYMBOL        P2
  D:00B0H         SYMBOL        P3
  C:2121H         SYMBOL        P4T5INTERRUPT
  C:23A3H         SYMBOL        PC_CHAR
  C:23B4H         SYMBOL        PC_CHAR1
  C:23B6H         SYMBOL        PC_END
  B:00C0H.5       SYMBOL        PFI
  D:00E6H         SYMBOL        PH_FMADRL
  D:00E4H         SYMBOL        PH_FMCON
  D:00B8H         SYMBOL        PIREG
  D:00D0H         SYMBOL        PSW
  C:2246H         SYMBOL        RESTARTSS
  C:221AH         SYMBOL        RESTARTUSER
  C:221CH         SYMBOL        RETURNI
  B:0098H.0       SYMBOL        RI
  C:216AH         SYMBOL        RTCINTERRUPT
  B:0020H.0       SYMBOL        SAVEEAI
  D:0099H         SYMBOL        SBUF
  D:0098H         SYMBOL        SCON
  C:21A0H         SYMBOL        SELECTHWBP1
  C:21DBH         SYMBOL        SEND7BYTES
  C:21E6H         SYMBOL        SENDSTACKFRAME
  C:21AEH         SYMBOL        SERIALINTERRUPT
  N:2023H         SYMBOL        SINTRVEC
  C:21D9H         SYMBOL        SOFTBREAK
  D:0081H         SYMBOL        SP
  C:2113H         SYMBOL        SPIINTERRUPT
  C:2148H         SYMBOL        T3INTERRUPT
BL51 BANKED LINKER/LOCATER V6.22                                                      10/27/2018  14:10:04  PAGE 44


  B:0098H.1       SYMBOL        TI
  D:0000H         SYMBOL        UARTFLAG
  C:23C6H         SYMBOL        _GETKEY2
  C:23E1H         SYMBOL        _ISKEY2
  C:2023H         LINE#         126
  C:2013H         LINE#         163
  C:2053H         LINE#         167
  C:2063H         LINE#         170
  C:206BH         LINE#         174
  C:20F6H         LINE#         184
  C:20F8H         LINE#         185
  C:20FAH         LINE#         186
  C:20FCH         LINE#         187
  C:20FFH         LINE#         188
  C:2102H         LINE#         189
  C:2105H         LINE#         190
  C:2107H         LINE#         191
  C:2109H         LINE#         192
  C:210CH         LINE#         195
  C:210EH         LINE#         196
  C:2110H         LINE#         197
  C:2113H         LINE#         202
  C:2115H         LINE#         203
  C:2117H         LINE#         204
  C:211AH         LINE#         209
  C:211CH         LINE#         210
  C:211EH         LINE#         211
  C:2121H         LINE#         219
  C:2123H         LINE#         220
  C:2125H         LINE#         221
  C:2127H         LINE#         222
  C:212AH         LINE#         224
  C:212CH         LINE#         225
  C:212EH         LINE#         227
  C:2131H         LINE#         230
  C:2133H         LINE#         231
  C:2135H         LINE#         233
  C:2138H         LINE#         240
  C:213AH         LINE#         241
  C:213CH         LINE#         242
  C:213EH         LINE#         243
  C:2141H         LINE#         244
  C:2143H         LINE#         245
  C:2145H         LINE#         246
  C:2148H         LINE#         248
  C:214AH         LINE#         249
  C:214CH         LINE#         250
  C:214FH         LINE#         261
  C:2151H         LINE#         262
  C:2153H         LINE#         263
  C:2155H         LINE#         264
  C:2158H         LINE#         265
  C:215AH         LINE#         266
  C:215DH         LINE#         267
  C:2160H         LINE#         268
  C:2163H         LINE#         269
  C:2165H         LINE#         270
BL51 BANKED LINKER/LOCATER V6.22                                                      10/27/2018  14:10:04  PAGE 45


  C:2167H         LINE#         271
  C:216AH         LINE#         274
  C:216CH         LINE#         275
  C:216EH         LINE#         276
  C:2171H         LINE#         279
  C:2173H         LINE#         280
  C:2175H         LINE#         281
  C:2178H         LINE#         285
  C:217AH         LINE#         286
  C:217CH         LINE#         287
  C:217FH         LINE#         292
  C:2182H         LINE#         293
  C:2184H         LINE#         294
  C:2186H         LINE#         296
  C:2188H         LINE#         297
  C:2189H         LINE#         298
  C:218BH         LINE#         299
  C:218CH         LINE#         301
  C:218FH         LINE#         303
  C:2191H         LINE#         304
  C:2193H         LINE#         305
  C:2195H         LINE#         318
  C:2196H         LINE#         319
  C:2197H         LINE#         320
  C:219AH         LINE#         321
  C:219DH         LINE#         322
  C:21A0H         LINE#         323
  C:21A1H         LINE#         324
  C:21A4H         LINE#         325
  C:21A6H         LINE#         326
  C:21A8H         LINE#         327
  C:21AAH         LINE#         328
  C:21ACH         LINE#         329
  C:21AEH         LINE#         346
  C:21B0H         LINE#         347
  C:21B2H         LINE#         348
  C:21B5H         LINE#         349
  C:21B7H         LINE#         349
  C:21B9H         LINE#         351
  C:21BBH         LINE#         353
  C:21BEH         LINE#         355
  C:21C0H         LINE#         356
  C:21C3H         LINE#         357
  C:21C5H         LINE#         358
  C:21C7H         LINE#         359
  C:21C9H         LINE#         361
  C:21CBH         LINE#         362
  C:21CEH         LINE#         363
  C:21D0H         LINE#         364
  C:21D2H         LINE#         365
  C:21D4H         LINE#         367
  C:21D6H         LINE#         368
  C:21D9H         LINE#         387
  C:21DBH         LINE#         389
  C:21DEH         LINE#         389
  C:21E0H         LINE#         389
  C:21E2H         LINE#         390
BL51 BANKED LINKER/LOCATER V6.22                                                      10/27/2018  14:10:04  PAGE 46


  C:21E4H         LINE#         391
  C:21E6H         LINE#         392
  C:21E8H         LINE#         393
  C:21EAH         LINE#         394
  C:21ECH         LINE#         395
  C:21EDH         LINE#         396
  C:21EFH         LINE#         401
  C:21F1H         LINE#         402
  C:21F3H         LINE#         403
  C:21F5H         LINE#         404
  C:21F7H         LINE#         405
  C:21F9H         LINE#         406
  C:21FAH         LINE#         410
  C:21FDH         LINE#         410
  C:21FFH         LINE#         410
  C:2201H         LINE#         411
  C:2202H         LINE#         415
  C:2204H         LINE#         416
  C:2206H         LINE#         417
  C:2207H         LINE#         418
  C:2209H         LINE#         419
  C:220AH         LINE#         420
  C:220BH         LINE#         421
  C:220CH         LINE#         422
  C:220DH         LINE#         423
  C:220EH         LINE#         424
  C:220FH         LINE#         425
  C:2211H         LINE#         426
  C:2212H         LINE#         427
  C:2213H         LINE#         428
  C:2215H         LINE#         429
  C:2218H         LINE#         431
  C:221AH         LINE#         432
  C:221CH         LINE#         435
  C:221EH         LINE#         436
  C:2220H         LINE#         438
  C:2223H         LINE#         440
  C:2224H         LINE#         444
  C:2227H         LINE#         444
  C:2229H         LINE#         444
  C:222BH         LINE#         445
  C:222CH         LINE#         452
  C:222EH         LINE#         453
  C:2230H         LINE#         454
  C:2232H         LINE#         455
  C:2234H         LINE#         456
  C:2236H         LINE#         457
  C:2238H         LINE#         458
  C:2239H         LINE#         459
  C:223BH         LINE#         460
  C:223DH         LINE#         461
  C:223FH         LINE#         462
  C:2241H         LINE#         463
  C:2242H         LINE#         510
  C:2244H         LINE#         515
  C:2246H         LINE#         516
  C:2248H         LINE#         548
BL51 BANKED LINKER/LOCATER V6.22                                                      10/27/2018  14:10:04  PAGE 47


  C:224AH         LINE#         549
  C:224CH         LINE#         550
  C:224EH         LINE#         557
  C:2250H         LINE#         558
  C:2252H         LINE#         559
  C:2254H         LINE#         566
  C:2256H         LINE#         567
  C:2258H         LINE#         574
  C:225AH         LINE#         575
  C:225CH         LINE#         599
  C:225EH         LINE#         600
  C:2260H         LINE#         601
  C:2262H         LINE#         602
  C:2264H         LINE#         603
  C:2266H         LINE#         604
  C:2268H         LINE#         605
  C:226AH         LINE#         606
  C:226CH         LINE#         614
  C:226EH         LINE#         615
  C:2270H         LINE#         616
  C:2272H         LINE#         617
  C:2274H         LINE#         618
  C:2276H         LINE#         619
  C:2278H         LINE#         620
  C:227AH         LINE#         621
  C:227CH         LINE#         629
  C:227EH         LINE#         630
  C:2280H         LINE#         631
  C:2282H         LINE#         632
  C:2284H         LINE#         633
  C:2286H         LINE#         634
  C:2288H         LINE#         635
  C:228AH         LINE#         636
  C:228CH         LINE#         644
  C:228EH         LINE#         645
  C:2290H         LINE#         646
  C:2292H         LINE#         647
  C:2294H         LINE#         648
  C:2296H         LINE#         649
  C:2298H         LINE#         650
  C:229AH         LINE#         651
  C:229CH         LINE#         659
  C:229EH         LINE#         660
  C:22A0H         LINE#         661
  C:22A2H         LINE#         662
  C:22A4H         LINE#         663
  C:22A6H         LINE#         664
  C:22A8H         LINE#         665
  C:22AAH         LINE#         666
  C:22ACH         LINE#         673
  C:22AEH         LINE#         674
  C:22B0H         LINE#         675
  C:22B2H         LINE#         676
  C:22B4H         LINE#         677
  C:22B6H         LINE#         678
  C:22B8H         LINE#         679
  C:22BAH         LINE#         680
BL51 BANKED LINKER/LOCATER V6.22                                                      10/27/2018  14:10:04  PAGE 48


  C:22BCH         LINE#         687
  C:22BEH         LINE#         688
  C:22C0H         LINE#         689
  C:22C2H         LINE#         690
  C:22C4H         LINE#         691
  C:22C6H         LINE#         692
  C:22C8H         LINE#         693
  C:22CAH         LINE#         694
  C:22CCH         LINE#         701
  C:22CEH         LINE#         702
  C:22D0H         LINE#         703
  C:22D2H         LINE#         704
  C:22D4H         LINE#         705
  C:22D6H         LINE#         706
  C:22D8H         LINE#         707
  C:22DAH         LINE#         708
  C:22DCH         LINE#         715
  C:22DEH         LINE#         716
  C:22E0H         LINE#         717
  C:22E2H         LINE#         718
  C:22E4H         LINE#         719
  C:22E6H         LINE#         720
  C:22E8H         LINE#         721
  C:22EAH         LINE#         722
  C:22ECH         LINE#         729
  C:22EEH         LINE#         730
  C:22F0H         LINE#         731
  C:22F2H         LINE#         732
  C:22F4H         LINE#         733
  C:22F6H         LINE#         734
  C:22F8H         LINE#         735
  C:22FAH         LINE#         736
  C:22FCH         LINE#         743
  C:22FEH         LINE#         744
  C:2300H         LINE#         745
  C:2302H         LINE#         746
  C:2304H         LINE#         747
  C:2306H         LINE#         748
  C:2308H         LINE#         749
  C:230AH         LINE#         750
  C:230CH         LINE#         757
  C:230EH         LINE#         758
  C:2310H         LINE#         759
  C:2312H         LINE#         760
  C:2314H         LINE#         761
  C:2316H         LINE#         762
  C:2318H         LINE#         763
  C:231AH         LINE#         764
  C:231CH         LINE#         771
  C:231EH         LINE#         772
  C:2320H         LINE#         773
  C:2322H         LINE#         774
  C:2324H         LINE#         775
  C:2326H         LINE#         776
  C:2328H         LINE#         777
  C:232AH         LINE#         778
  C:232CH         LINE#         785
BL51 BANKED LINKER/LOCATER V6.22                                                      10/27/2018  14:10:04  PAGE 49


  C:232EH         LINE#         786
  C:2330H         LINE#         787
  C:2332H         LINE#         788
  C:2334H         LINE#         789
  C:2336H         LINE#         790
  C:2338H         LINE#         791
  C:233AH         LINE#         792
  C:233CH         LINE#         799
  C:233EH         LINE#         800
  C:2340H         LINE#         801
  C:2342H         LINE#         802
  C:2344H         LINE#         803
  C:2346H         LINE#         804
  C:2348H         LINE#         805
  C:234AH         LINE#         806
  C:234CH         LINE#         813
  C:234EH         LINE#         814
  C:2350H         LINE#         815
  C:2352H         LINE#         816
  C:2354H         LINE#         817
  C:2356H         LINE#         818
  C:2358H         LINE#         819
  C:235AH         LINE#         820
  C:235CH         LINE#         827
  C:235EH         LINE#         828
  C:2360H         LINE#         829
  C:2362H         LINE#         830
  C:2364H         LINE#         831
  C:2366H         LINE#         832
  C:2368H         LINE#         833
  C:236AH         LINE#         834
  C:236CH         LINE#         841
  C:236EH         LINE#         842
  C:2370H         LINE#         843
  C:2372H         LINE#         844
  C:2374H         LINE#         845
  C:2376H         LINE#         846
  C:2378H         LINE#         847
  C:237AH         LINE#         848
  C:237CH         LINE#         855
  C:237EH         LINE#         856
  C:2380H         LINE#         857
  C:2382H         LINE#         858
  C:2384H         LINE#         859
  C:2386H         LINE#         860
  C:2388H         LINE#         861
  C:238AH         LINE#         862
  C:238CH         LINE#         871
  C:238FH         LINE#         872
  C:2391H         LINE#         873
  C:2392H         LINE#         874
  C:2394H         LINE#         875
  C:2396H         LINE#         876
  C:2398H         LINE#         877
  C:239AH         LINE#         878
  C:239CH         LINE#         879
  C:239EH         LINE#         880
BL51 BANKED LINKER/LOCATER V6.22                                                      10/27/2018  14:10:04  PAGE 50


  C:23A0H         LINE#         881
  C:23A3H         LINE#         882
  C:23A4H         LINE#         883
  C:23A6H         LINE#         884
  C:23A8H         LINE#         885
  C:23ABH         LINE#         886
  C:23ADH         LINE#         887
  C:23AFH         LINE#         888
  C:23B0H         LINE#         890
  C:23B2H         LINE#         894
  C:23B4H         LINE#         896
  C:23B6H         LINE#         898
  C:23B7H         LINE#         908
  C:23BAH         LINE#         909
  C:23BCH         LINE#         910
  C:23BEH         LINE#         911
  C:23C0H         LINE#         912
  C:23C2H         LINE#         913
  C:23C4H         LINE#         914
  C:23C5H         LINE#         915
  C:23C6H         LINE#         917
  C:23C9H         LINE#         918
  C:23CBH         LINE#         919
  C:23CEH         LINE#         920
  C:23D1H         LINE#         921
  C:23D3H         LINE#         923
  C:23D4H         LINE#         924
  C:23D6H         LINE#         925
  C:23D7H         LINE#         929
  C:23DAH         LINE#         930
  C:23DCH         LINE#         931
  C:23DFH         LINE#         932
  C:23E0H         LINE#         933
  C:23E1H         LINE#         935
  C:23E2H         LINE#         936
  C:23E5H         LINE#         937
  C:23E7H         LINE#         938
  C:23EAH         LINE#         939
  C:23EDH         LINE#         940
  C:23EFH         LINE#         941
  C:23F0H         LINE#         942
  C:23F1H         LINE#         958
  C:23F3H         LINE#         959
  C:23F5H         LINE#         961
  C:23F8H         LINE#         963
  C:23FAH         LINE#         964
  C:23FBH         LINE#         965
  -------         ENDMOD        ISD51_CONFIGURATION

  -------         MODULE        ?C?LSTXDATA
  C:3439H         PUBLIC        ?C?LSTXDATA
  -------         ENDMOD        ?C?LSTXDATA

  -------         MODULE        ISD_CORE_FUNCTIONS
  N:0064H         PUBLIC        ?ISD?CORE
  C:2414H         PUBLIC        ?ISD?READCMEM
  C:2421H         PUBLIC        ?ISD?READIMEM
BL51 BANKED LINKER/LOCATER V6.22                                                      10/27/2018  14:10:04  PAGE 51


  C:2404H         PUBLIC        ?ISD?READXMEM
  C:2432H         PUBLIC        ?ISD?WRITEIMEM
  C:242AH         PUBLIC        ?ISD?WRITEXMEM
  -------         ENDMOD        ISD_CORE_FUNCTIONS



FUNCTION REGISTER MASKS


FUNCTION . . . . . . . REG MASK
-------------------------------

ADCINTERRUPT . . . . . @0xe301
COMP1INTERRUPT . . . . @0xe301
COMP234INTERRUPT . . . @0xf301
EFLASHINTERRUPT. . . . @0xf303
EPWM123INTERRUPT . . . @0xf001
EPWM4INTERRUPT . . . . @0xf303
EXT1234INTERRUPT . . . @0xf001
I2CINTERRUPT . . . . . @0xf303
LDV18INTERRUPT . . . . @0xe001
LDV33INTERRUPT . . . . @0xe001
RTCINTERRUPT . . . . . @0xe001
SPIINTERRUPT . . . . . @0xf303
TIMER0INTERRUPT. . . . @0xe301
TIMER1INTERRUPT. . . . @0xc000
TIMER3INTERRUPT. . . . @0xf3ff
TIMER4INTERRUPT. . . . @0xe301
TIMER5INTERRUPT. . . . @0xf303
TIMER6INTERRUPT. . . . @0xf303
UART1INTERRUPT . . . . @0xc000
UART2INTERRUPT . . . . @0xe000

Program Size: data=63.1 xdata=5 code=5117
LINK/LOCATE RUN COMPLETE.  0 WARNING(S),  0 ERROR(S)
